########## base :: AIP_yuno.dll ##########
[seed 1] reward=   238.62 ownHP=1.0000 tgtHP=1.0000 max time out
SUMMARY dealt=0.0000 taken=0.0000 mean_reward=238.62
[seed 4] reward=   102.46 ownHP=0.9165 tgtHP=1.0000 max time out
SUMMARY dealt=0.0000 taken=0.0835 mean_reward=102.46
[seed 7] reward=    -7.86 ownHP=0.9804 tgtHP=1.0000 max time out
SUMMARY dealt=0.0000 taken=0.0196 mean_reward=-7.86
[seed 10] reward=   487.10 ownHP=1.0000 tgtHP=1.0000 max time out
SUMMARY dealt=0.0000 taken=0.0000 mean_reward=487.10
[seed 13] reward=    -7.15 ownHP=0.9958 tgtHP=1.0000 max time out
SUMMARY dealt=0.0000 taken=0.0042 mean_reward=-7.15
[seed 16] reward=     7.62 ownHP=0.6801 tgtHP=0.9955 max time out
SUMMARY dealt=0.0045 taken=0.3199 mean_reward=7.62
[seed 19] reward=    32.37 ownHP=1.0000 tgtHP=1.0000 max time out
SUMMARY dealt=0.0000 taken=0.0000 mean_reward=32.37
[seed 22] reward=   -86.01 ownHP=1.0000 tgtHP=1.0000 max time out
SUMMARY dealt=0.0000 taken=0.0000 mean_reward=-86.01
[seed 25] reward=    32.21 ownHP=1.0000 tgtHP=1.0000 max time out
SUMMARY dealt=0.0000 taken=0.0000 mean_reward=32.21
[seed 28] reward=    41.79 ownHP=0.9744 tgtHP=1.0000 max time out
SUMMARY dealt=0.0000 taken=0.0256 mean_reward=41.79
[seed 31] reward=    -9.05 ownHP=1.0000 tgtHP=1.0000 max time out
SUMMARY dealt=0.0000 taken=0.0000 mean_reward=-9.05
[seed 34] reward=    27.68 ownHP=0.9728 tgtHP=0.9359 max time out
SUMMARY dealt=0.0641 taken=0.0272 mean_reward=27.68
[seed 37] reward=   126.69 ownHP=0.9840 tgtHP=1.0000 max time out
SUMMARY dealt=0.0000 taken=0.0160 mean_reward=126.69
[seed 40] reward=   111.81 ownHP=1.0000 tgtHP=1.0000 max time out
SUMMARY dealt=0.0000 taken=0.0000 mean_reward=111.81
[seed 43] reward=   104.65 ownHP=0.8138 tgtHP=1.0000 max time out
SUMMARY dealt=0.0000 taken=0.1862 mean_reward=104.65
########## base :: AIP_jung.dll ##########
runner:local/env:0	num_steps=[7873] | total rewards=[1029.8722] | termination= [target destroyed]
[seed 1] reward=  1029.87 ownHP=1.0000 tgtHP=-0.0015 target destroyed
SUMMARY dealt=1.0015 taken=0.0000 mean_reward=1029.87
runner:local/env:0	num_steps=[4769] | total rewards=[395.4608] | termination= [target destroyed]
[seed 4] reward=   395.46 ownHP=1.0000 tgtHP=-0.0012 target destroyed
SUMMARY dealt=1.0012 taken=0.0000 mean_reward=395.46
runner:local/env:0	num_steps=[9306] | total rewards=[815.5102] | termination= [target destroyed]
[seed 7] reward=   815.51 ownHP=1.0000 tgtHP=-0.0022 target destroyed
SUMMARY dealt=1.0022 taken=0.0000 mean_reward=815.51
runner:local/env:0	num_steps=[5368] | total rewards=[739.7687] | termination= [target destroyed]
[seed 10] reward=   739.77 ownHP=1.0000 tgtHP=-0.0036 target destroyed
SUMMARY dealt=1.0036 taken=0.0000 mean_reward=739.77
runner:local/env:0	num_steps=[11724] | total rewards=[1103.9890] | termination= [target destroyed]
[seed 13] reward=  1103.99 ownHP=1.0000 tgtHP=-0.0006 target destroyed
SUMMARY dealt=1.0006 taken=0.0000 mean_reward=1103.99
runner:local/env:0	num_steps=[6442] | total rewards=[907.5053] | termination= [target destroyed]
[seed 16] reward=   907.51 ownHP=1.0000 tgtHP=-0.0012 target destroyed
SUMMARY dealt=1.0012 taken=0.0000 mean_reward=907.51
[seed 19] reward=   988.42 ownHP=1.0000 tgtHP=0.6342 max time out
SUMMARY dealt=0.3658 taken=0.0000 mean_reward=988.42
[seed 22] reward=   -64.11 ownHP=1.0000 tgtHP=1.0000 max time out
SUMMARY dealt=0.0000 taken=0.0000 mean_reward=-64.11
runner:local/env:0	num_steps=[6702] | total rewards=[840.2803] | termination= [target destroyed]
[seed 25] reward=   840.28 ownHP=1.0000 tgtHP=-0.0010 target destroyed
SUMMARY dealt=1.0010 taken=0.0000 mean_reward=840.28
runner:local/env:0	num_steps=[11463] | total rewards=[1048.5068] | termination= [target destroyed]
[seed 28] reward=  1048.51 ownHP=1.0000 tgtHP=-0.0004 target destroyed
SUMMARY dealt=1.0004 taken=0.0000 mean_reward=1048.51
runner:local/env:0	num_steps=[7225] | total rewards=[812.0949] | termination= [target destroyed]
[seed 31] reward=   812.09 ownHP=1.0000 tgtHP=-0.0036 target destroyed
SUMMARY dealt=1.0036 taken=0.0000 mean_reward=812.09
runner:local/env:0	num_steps=[10311] | total rewards=[1197.6684] | termination= [target destroyed]
[seed 34] reward=  1197.67 ownHP=1.0000 tgtHP=-0.0033 target destroyed
SUMMARY dealt=1.0033 taken=0.0000 mean_reward=1197.67
[seed 37] reward=  1232.09 ownHP=1.0000 tgtHP=0.3333 max time out
SUMMARY dealt=0.6667 taken=0.0000 mean_reward=1232.09
runner:local/env:0	num_steps=[9978] | total rewards=[995.2609] | termination= [target destroyed]
[seed 40] reward=   995.26 ownHP=1.0000 tgtHP=-0.0022 target destroyed
SUMMARY dealt=1.0022 taken=0.0000 mean_reward=995.26
[seed 43] reward=   186.91 ownHP=1.0000 tgtHP=0.9824 max time out
SUMMARY dealt=0.0176 taken=0.0000 mean_reward=186.91
########## base :: AIP_jh2.dll ##########
runner:local/env:0	num_steps=[5446] | total rewards=[399.8675] | termination= [target altitude below min]
[seed 1] reward=   399.87 ownHP=1.0000 tgtHP=0.9536 target altitude below min
SUMMARY dealt=0.0464 taken=0.0000 mean_reward=399.87
runner:local/env:0	num_steps=[2262] | total rewards=[-7.0072] | termination= [target altitude below min]
[seed 4] reward=    -7.01 ownHP=1.0000 tgtHP=1.0000 target altitude below min
SUMMARY dealt=0.0000 taken=0.0000 mean_reward=-7.01
[seed 7] reward=   780.75 ownHP=1.0000 tgtHP=0.4962 max time out
SUMMARY dealt=0.5038 taken=0.0000 mean_reward=780.75
runner:local/env:0	num_steps=[4796] | total rewards=[665.1464] | termination= [target destroyed]
[seed 10] reward=   665.15 ownHP=1.0000 tgtHP=-0.0003 target destroyed
SUMMARY dealt=1.0003 taken=0.0000 mean_reward=665.15
runner:local/env:0	num_steps=[8630] | total rewards=[994.3339] | termination= [target destroyed]
[seed 13] reward=   994.33 ownHP=1.0000 tgtHP=-0.0003 target destroyed
SUMMARY dealt=1.0003 taken=0.0000 mean_reward=994.33
runner:local/env:0	num_steps=[6606] | total rewards=[917.3685] | termination= [target destroyed]
[seed 16] reward=   917.37 ownHP=1.0000 tgtHP=-0.0068 target destroyed
SUMMARY dealt=1.0068 taken=0.0000 mean_reward=917.37
[seed 19] reward=   893.96 ownHP=1.0000 tgtHP=0.4677 max time out
SUMMARY dealt=0.5323 taken=0.0000 mean_reward=893.96
runner:local/env:0	num_steps=[1892] | total rewards=[-17.8956] | termination= [target altitude below min]
[seed 22] reward=   -17.90 ownHP=1.0000 tgtHP=1.0000 target altitude below min
SUMMARY dealt=0.0000 taken=0.0000 mean_reward=-17.90
runner:local/env:0	num_steps=[7121] | total rewards=[833.1841] | termination= [target destroyed]
[seed 25] reward=   833.18 ownHP=1.0000 tgtHP=-0.0064 target destroyed
SUMMARY dealt=1.0064 taken=0.0000 mean_reward=833.18
runner:local/env:0	num_steps=[2817] | total rewards=[-42.2782] | termination= [target altitude below min]
[seed 28] reward=   -42.28 ownHP=1.0000 tgtHP=1.0000 target altitude below min
SUMMARY dealt=0.0000 taken=0.0000 mean_reward=-42.28
runner:local/env:0	num_steps=[10560] | total rewards=[1148.3687] | termination= [target destroyed]
[seed 31] reward=  1148.37 ownHP=1.0000 tgtHP=-0.0016 target destroyed
SUMMARY dealt=1.0016 taken=0.0000 mean_reward=1148.37
[seed 34] reward=  1300.92 ownHP=1.0000 tgtHP=0.0406 max time out
SUMMARY dealt=0.9594 taken=0.0000 mean_reward=1300.92
runner:local/env:0	num_steps=[2358] | total rewards=[-9.6640] | termination= [target altitude below min]
[seed 37] reward=    -9.66 ownHP=1.0000 tgtHP=1.0000 target altitude below min
SUMMARY dealt=0.0000 taken=0.0000 mean_reward=-9.66
[seed 40] reward=  1006.90 ownHP=1.0000 tgtHP=0.6882 max time out
SUMMARY dealt=0.3118 taken=0.0000 mean_reward=1006.90
runner:local/env:0	num_steps=[11050] | total rewards=[1089.7216] | termination= [target destroyed]
[seed 43] reward=  1089.72 ownHP=1.0000 tgtHP=-0.0084 target destroyed
SUMMARY dealt=1.0084 taken=0.0000 mean_reward=1089.72
########## divefree :: AIP_yuno.dll ##########
[seed 1] reward=    -1.06 ownHP=1.0000 tgtHP=1.0000 max time out
SUMMARY dealt=0.0000 taken=0.0000 mean_reward=-1.06
[seed 4] reward=    13.88 ownHP=0.9437 tgtHP=0.8499 max time out
SUMMARY dealt=0.1501 taken=0.0563 mean_reward=13.88
[seed 7] reward=   -82.45 ownHP=1.0000 tgtHP=1.0000 max time out
SUMMARY dealt=0.0000 taken=0.0000 mean_reward=-82.45
[seed 10] reward=   492.92 ownHP=1.0000 tgtHP=1.0000 max time out
SUMMARY dealt=0.0000 taken=0.0000 mean_reward=492.92
[seed 13] reward=    54.16 ownHP=0.9620 tgtHP=1.0000 max time out
SUMMARY dealt=0.0000 taken=0.0380 mean_reward=54.16
[seed 16] reward=   -81.83 ownHP=1.0000 tgtHP=1.0000 max time out
SUMMARY dealt=0.0000 taken=0.0000 mean_reward=-81.83
[seed 19] reward=   284.83 ownHP=1.0000 tgtHP=1.0000 max time out
SUMMARY dealt=0.0000 taken=0.0000 mean_reward=284.83
[seed 22] reward=   -64.37 ownHP=1.0000 tgtHP=1.0000 max time out
SUMMARY dealt=0.0000 taken=0.0000 mean_reward=-64.37
[seed 25] reward=   -28.18 ownHP=1.0000 tgtHP=1.0000 max time out
SUMMARY dealt=0.0000 taken=0.0000 mean_reward=-28.18
[seed 28] reward=    97.91 ownHP=0.9744 tgtHP=1.0000 max time out
SUMMARY dealt=0.0000 taken=0.0256 mean_reward=97.91
[seed 31] reward=   -77.13 ownHP=1.0000 tgtHP=1.0000 max time out
SUMMARY dealt=0.0000 taken=0.0000 mean_reward=-77.13
[seed 34] reward=    60.59 ownHP=0.5028 tgtHP=0.9353 max time out
SUMMARY dealt=0.0647 taken=0.4972 mean_reward=60.59
[seed 37] reward=    -7.44 ownHP=0.9839 tgtHP=1.0000 max time out
SUMMARY dealt=0.0000 taken=0.0161 mean_reward=-7.44
[seed 40] reward=   -20.74 ownHP=1.0000 tgtHP=1.0000 max time out
SUMMARY dealt=0.0000 taken=0.0000 mean_reward=-20.74
[seed 43] reward=   252.90 ownHP=0.9690 tgtHP=1.0000 max time out
SUMMARY dealt=0.0000 taken=0.0310 mean_reward=252.90
########## divefree :: AIP_jung.dll ##########
runner:local/env:0	num_steps=[9693] | total rewards=[1415.0491] | termination= [target destroyed]
[seed 1] reward=  1415.05 ownHP=1.0000 tgtHP=-0.0105 target destroyed
SUMMARY dealt=1.0105 taken=0.0000 mean_reward=1415.05
runner:local/env:0	num_steps=[9646] | total rewards=[504.5021] | termination= [target destroyed]
[seed 4] reward=   504.50 ownHP=1.0000 tgtHP=-0.0008 target destroyed
SUMMARY dealt=1.0008 taken=0.0000 mean_reward=504.50
runner:local/env:0	num_steps=[6348] | total rewards=[480.1544] | termination= [target destroyed]
[seed 7] reward=   480.15 ownHP=1.0000 tgtHP=-0.0006 target destroyed
SUMMARY dealt=1.0006 taken=0.0000 mean_reward=480.15
runner:local/env:0	num_steps=[5978] | total rewards=[853.9182] | termination= [target destroyed]
[seed 10] reward=   853.92 ownHP=1.0000 tgtHP=-0.0076 target destroyed
SUMMARY dealt=1.0076 taken=0.0000 mean_reward=853.92
runner:local/env:0	num_steps=[11277] | total rewards=[1162.3869] | termination= [target destroyed]
[seed 13] reward=  1162.39 ownHP=1.0000 tgtHP=-0.0020 target destroyed
SUMMARY dealt=1.0020 taken=0.0000 mean_reward=1162.39
