########## v32 vs AIP_v7.dll ##########


     JSBSim Flight Dynamics Model v1.0.0 May 27 2026 16:13:38
            [JSBSim-ML v2.0]

JSBSim startup beginning ...

total: 2
Behavior Tree Initialized Successfully
Behavior Tree Initialized Successfully
init ID:1 Lat37.92355643001773 Lon128.18188127777776 Alt(meter)7000.0785355893395 Speed(m/sec)300.0
init ID:1 Lat37.96855377446113 Lon128.18188127777776 Alt(meter)7002.8272734023885 Speed(m/sec)300.0
runner:local/env:0	num_steps=[11999] | total rewards=[1253.1088] | termination= [max time out]
[seed 0] reward=  1253.11 ownHP=1.0000 tgtHP=0.4205 max time out
total: 2
runner:local/env:0	num_steps=[11999] | total rewards=[1004.9427] | termination= [max time out]
[seed 1] reward=  1004.94 ownHP=1.0000 tgtHP=0.7064 max time out
total: 2
runner:local/env:0	num_steps=[11999] | total rewards=[96.3851] | termination= [max time out]
[seed 2] reward=    96.39 ownHP=1.0000 tgtHP=0.9785 max time out
total: 2
runner:local/env:0	num_steps=[11999] | total rewards=[139.7616] | termination= [max time out]
[seed 3] reward=   139.76 ownHP=1.0000 tgtHP=1.0000 max time out
total: 2
runner:local/env:0	num_steps=[11999] | total rewards=[1241.2666] | termination= [max time out]
[seed 4] reward=  1241.27 ownHP=1.0000 tgtHP=0.5878 max time out
total: 2
runner:local/env:0	num_steps=[11999] | total rewards=[149.4589] | termination= [max time out]
[seed 5] reward=   149.46 ownHP=1.0000 tgtHP=0.9946 max time out
total: 2
runner:local/env:0	num_steps=[11999] | total rewards=[1117.6302] | termination= [max time out]
[seed 6] reward=  1117.63 ownHP=1.0000 tgtHP=0.3971 max time out
total: 2
runner:local/env:0	num_steps=[11999] | total rewards=[664.6469] | termination= [max time out]
[seed 7] reward=   664.65 ownHP=1.0000 tgtHP=0.8166 max time out
total: 2
runner:local/env:0	num_steps=[11999] | total rewards=[997.1953] | termination= [max time out]
[seed 8] reward=   997.20 ownHP=1.0000 tgtHP=0.7776 max time out
total: 2
runner:local/env:0	num_steps=[11999] | total rewards=[237.5486] | termination= [max time out]
[seed 9] reward=   237.55 ownHP=1.0000 tgtHP=0.8485 max time out
total: 2
runner:local/env:0	num_steps=[11999] | total rewards=[52.2658] | termination= [max time out]
[seed 10] reward=    52.27 ownHP=1.0000 tgtHP=0.9719 max time out
total: 2
runner:local/env:0	num_steps=[11999] | total rewards=[1015.7763] | termination= [max time out]
[seed 11] reward=  1015.78 ownHP=1.0000 tgtHP=0.3247 max time out
total: 2
runner:local/env:0	num_steps=[11999] | total rewards=[983.0659] | termination= [max time out]
[seed 12] reward=   983.07 ownHP=1.0000 tgtHP=0.6725 max time out
total: 2
runner:local/env:0	num_steps=[11999] | total rewards=[962.8314] | termination= [max time out]
[seed 13] reward=   962.83 ownHP=1.0000 tgtHP=0.7951 max time out
total: 2
runner:local/env:0	num_steps=[11999] | total rewards=[1050.3950] | termination= [max time out]
[seed 14] reward=  1050.40 ownHP=1.0000 tgtHP=0.7013 max time out
Remove Space Complete.

[rehearsal own_rep=6 tgt_rep=6 seeds=15]
SUMMARY dealt=4.0069 taken=0.0000 mean_reward=731.09
tacview log saved (last episode)

########## ablate vs AIP_v7.dll ##########


     JSBSim Flight Dynamics Model v1.0.0 May 27 2026 16:13:38
            [JSBSim-ML v2.0]

JSBSim startup beginning ...

total: 2
Behavior Tree Initialized Successfully
Behavior Tree Initialized Successfully
init ID:1 Lat37.92355643001773 Lon128.18188127777776 Alt(meter)7000.0785355893395 Speed(m/sec)300.0
init ID:1 Lat37.96855377446113 Lon128.18188127777776 Alt(meter)7002.8272734023885 Speed(m/sec)300.0
runner:local/env:0	num_steps=[11999] | total rewards=[1253.1088] | termination= [max time out]
[seed 0] reward=  1253.11 ownHP=1.0000 tgtHP=0.4205 max time out
total: 2
runner:local/env:0	num_steps=[11999] | total rewards=[1004.9427] | termination= [max time out]
[seed 1] reward=  1004.94 ownHP=1.0000 tgtHP=0.7064 max time out
total: 2
runner:local/env:0	num_steps=[11999] | total rewards=[96.3851] | termination= [max time out]
[seed 2] reward=    96.39 ownHP=1.0000 tgtHP=0.9785 max time out
total: 2
runner:local/env:0	num_steps=[11999] | total rewards=[139.7616] | termination= [max time out]
[seed 3] reward=   139.76 ownHP=1.0000 tgtHP=1.0000 max time out
total: 2
runner:local/env:0	num_steps=[11999] | total rewards=[1241.2666] | termination= [max time out]
[seed 4] reward=  1241.27 ownHP=1.0000 tgtHP=0.5878 max time out
total: 2
runner:local/env:0	num_steps=[11999] | total rewards=[149.4589] | termination= [max time out]
[seed 5] reward=   149.46 ownHP=1.0000 tgtHP=0.9946 max time out
total: 2
runner:local/env:0	num_steps=[11999] | total rewards=[1117.6302] | termination= [max time out]
[seed 6] reward=  1117.63 ownHP=1.0000 tgtHP=0.3971 max time out
total: 2
runner:local/env:0	num_steps=[11999] | total rewards=[664.6469] | termination= [max time out]
[seed 7] reward=   664.65 ownHP=1.0000 tgtHP=0.8166 max time out
total: 2
runner:local/env:0	num_steps=[11999] | total rewards=[997.1953] | termination= [max time out]
[seed 8] reward=   997.20 ownHP=1.0000 tgtHP=0.7776 max time out
total: 2
runner:local/env:0	num_steps=[11999] | total rewards=[237.5486] | termination= [max time out]
[seed 9] reward=   237.55 ownHP=1.0000 tgtHP=0.8485 max time out
total: 2
runner:local/env:0	num_steps=[11999] | total rewards=[52.2658] | termination= [max time out]
[seed 10] reward=    52.27 ownHP=1.0000 tgtHP=0.9719 max time out
total: 2
runner:local/env:0	num_steps=[11999] | total rewards=[1015.7763] | termination= [max time out]
[seed 11] reward=  1015.78 ownHP=1.0000 tgtHP=0.3247 max time out
total: 2
runner:local/env:0	num_steps=[11999] | total rewards=[983.0659] | termination= [max time out]
[seed 12] reward=   983.07 ownHP=1.0000 tgtHP=0.6725 max time out
total: 2
runner:local/env:0	num_steps=[11999] | total rewards=[962.8314] | termination= [max time out]
[seed 13] reward=   962.83 ownHP=1.0000 tgtHP=0.7951 max time out
total: 2
runner:local/env:0	num_steps=[11999] | total rewards=[1050.3950] | termination= [max time out]
[seed 14] reward=  1050.40 ownHP=1.0000 tgtHP=0.7013 max time out
Remove Space Complete.

[rehearsal own_rep=6 tgt_rep=6 seeds=15]
SUMMARY dealt=4.0069 taken=0.0000 mean_reward=731.09
tacview log saved (last episode)

########## v32 vs STRAIGHT ##########


     JSBSim Flight Dynamics Model v1.0.0 May 27 2026 16:13:38
            [JSBSim-ML v2.0]

JSBSim startup beginning ...

total: 2
Behavior Tree Initialized Successfully
init ID:1 Lat37.92355643001773 Lon128.18188127777776 Alt(meter)7000.0785355893395 Speed(m/sec)300.0
init ID:1 Lat37.96855377446113 Lon128.18188127777776 Alt(meter)7002.8272734023885 Speed(m/sec)300.0
runner:local/env:0	num_steps=[11999] | total rewards=[8.2021] | termination= [max time out]
[seed 0] reward=     8.20 ownHP=1.0000 tgtHP=1.0000 max time out
total: 2
runner:local/env:0	num_steps=[11999] | total rewards=[-119.9900] | termination= [max time out]
[seed 1] reward=  -119.99 ownHP=1.0000 tgtHP=1.0000 max time out
total: 2
runner:local/env:0	num_steps=[7476] | total rewards=[365.9781] | termination= [target destroyed]
[seed 2] reward=   365.98 ownHP=1.0000 tgtHP=-0.0072 target destroyed
total: 2
runner:local/env:0	num_steps=[7651] | total rewards=[404.4130] | termination= [target destroyed]
[seed 3] reward=   404.41 ownHP=1.0000 tgtHP=-0.0058 target destroyed
total: 2
runner:local/env:0	num_steps=[8174] | total rewards=[470.6544] | termination= [target destroyed]
[seed 4] reward=   470.65 ownHP=1.0000 tgtHP=-0.0021 target destroyed
total: 2
runner:local/env:0	num_steps=[7630] | total rewards=[736.8905] | termination= [target destroyed]
[seed 5] reward=   736.89 ownHP=1.0000 tgtHP=-0.0001 target destroyed
total: 2
runner:local/env:0	num_steps=[10003] | total rewards=[445.9273] | termination= [target destroyed]
[seed 6] reward=   445.93 ownHP=1.0000 tgtHP=-0.0027 target destroyed
total: 2
runner:local/env:0	num_steps=[4941] | total rewards=[733.3009] | termination= [target destroyed]
[seed 7] reward=   733.30 ownHP=1.0000 tgtHP=-0.0036 target destroyed
total: 2
runner:local/env:0	num_steps=[5782] | total rewards=[755.0102] | termination= [target destroyed]
[seed 8] reward=   755.01 ownHP=1.0000 tgtHP=-0.0045 target destroyed
total: 2
runner:local/env:0	num_steps=[7782] | total rewards=[436.1412] | termination= [target destroyed]
[seed 9] reward=   436.14 ownHP=1.0000 tgtHP=-0.0036 target destroyed
total: 2
runner:local/env:0	num_steps=[8788] | total rewards=[418.7697] | termination= [target destroyed]
[seed 10] reward=   418.77 ownHP=1.0000 tgtHP=-0.0042 target destroyed
total: 2
runner:local/env:0	num_steps=[4443] | total rewards=[726.2870] | termination= [target destroyed]
[seed 11] reward=   726.29 ownHP=1.0000 tgtHP=-0.0001 target destroyed
total: 2
runner:local/env:0	num_steps=[5856] | total rewards=[555.4825] | termination= [target destroyed]
[seed 12] reward=   555.48 ownHP=1.0000 tgtHP=-0.0002 target destroyed
total: 2
runner:local/env:0	num_steps=[4525] | total rewards=[424.3372] | termination= [target destroyed]
[seed 13] reward=   424.34 ownHP=1.0000 tgtHP=-0.0040 target destroyed
total: 2
runner:local/env:0	num_steps=[3438] | total rewards=[461.9706] | termination= [target destroyed]
[seed 14] reward=   461.97 ownHP=1.0000 tgtHP=-0.0025 target destroyed
Remove Space Complete.

[rehearsal own_rep=6 tgt_rep=6 seeds=15]
SUMMARY dealt=13.0406 taken=0.0000 mean_reward=454.89
tacview log saved (last episode)

########## ablate vs STRAIGHT ##########


     JSBSim Flight Dynamics Model v1.0.0 May 27 2026 16:13:38
            [JSBSim-ML v2.0]

JSBSim startup beginning ...

total: 2
Behavior Tree Initialized Successfully
init ID:1 Lat37.92355643001773 Lon128.18188127777776 Alt(meter)7000.0785355893395 Speed(m/sec)300.0
init ID:1 Lat37.96855377446113 Lon128.18188127777776 Alt(meter)7002.8272734023885 Speed(m/sec)300.0
runner:local/env:0	num_steps=[11999] | total rewards=[8.2021] | termination= [max time out]
[seed 0] reward=     8.20 ownHP=1.0000 tgtHP=1.0000 max time out
total: 2
runner:local/env:0	num_steps=[11999] | total rewards=[-119.9900] | termination= [max time out]
[seed 1] reward=  -119.99 ownHP=1.0000 tgtHP=1.0000 max time out
total: 2
runner:local/env:0	num_steps=[7476] | total rewards=[365.9781] | termination= [target destroyed]
[seed 2] reward=   365.98 ownHP=1.0000 tgtHP=-0.0072 target destroyed
total: 2
runner:local/env:0	num_steps=[7651] | total rewards=[404.4130] | termination= [target destroyed]
[seed 3] reward=   404.41 ownHP=1.0000 tgtHP=-0.0058 target destroyed
total: 2
runner:local/env:0	num_steps=[8174] | total rewards=[470.6544] | termination= [target destroyed]
[seed 4] reward=   470.65 ownHP=1.0000 tgtHP=-0.0021 target destroyed
total: 2
runner:local/env:0	num_steps=[7630] | total rewards=[736.8905] | termination= [target destroyed]
[seed 5] reward=   736.89 ownHP=1.0000 tgtHP=-0.0001 target destroyed
total: 2
runner:local/env:0	num_steps=[10003] | total rewards=[445.9273] | termination= [target destroyed]
[seed 6] reward=   445.93 ownHP=1.0000 tgtHP=-0.0027 target destroyed
total: 2
runner:local/env:0	num_steps=[4941] | total rewards=[733.3009] | termination= [target destroyed]
[seed 7] reward=   733.30 ownHP=1.0000 tgtHP=-0.0036 target destroyed
total: 2
runner:local/env:0	num_steps=[5782] | total rewards=[755.0102] | termination= [target destroyed]
[seed 8] reward=   755.01 ownHP=1.0000 tgtHP=-0.0045 target destroyed
total: 2
runner:local/env:0	num_steps=[7782] | total rewards=[436.1412] | termination= [target destroyed]
[seed 9] reward=   436.14 ownHP=1.0000 tgtHP=-0.0036 target destroyed
total: 2
runner:local/env:0	num_steps=[8788] | total rewards=[418.7697] | termination= [target destroyed]
[seed 10] reward=   418.77 ownHP=1.0000 tgtHP=-0.0042 target destroyed
total: 2
runner:local/env:0	num_steps=[4443] | total rewards=[726.2870] | termination= [target destroyed]
[seed 11] reward=   726.29 ownHP=1.0000 tgtHP=-0.0001 target destroyed
total: 2
runner:local/env:0	num_steps=[5856] | total rewards=[555.4825] | termination= [target destroyed]
[seed 12] reward=   555.48 ownHP=1.0000 tgtHP=-0.0002 target destroyed
total: 2
runner:local/env:0	num_steps=[4525] | total rewards=[424.3372] | termination= [target destroyed]
[seed 13] reward=   424.34 ownHP=1.0000 tgtHP=-0.0040 target destroyed
total: 2
runner:local/env:0	num_steps=[3438] | total rewards=[461.9706] | termination= [target destroyed]
[seed 14] reward=   461.97 ownHP=1.0000 tgtHP=-0.0025 target destroyed
Remove Space Complete.

[rehearsal own_rep=6 tgt_rep=6 seeds=15]
SUMMARY dealt=13.0406 taken=0.0000 mean_reward=454.89
tacview log saved (last episode)

=== 대조군 완료 ===
[trap] ownship -> v32
