########## base :: AIP_jh2.dll ##########
runner:local/env:0	num_steps=[4940] | total rewards=[412.0437] | termination= [target altitude below min]
[seed 1] reward=   412.04 ownHP=1.0000 tgtHP=0.8298 target altitude below min
SUMMARY dealt=0.1702 taken=0.0000 mean_reward=412.04
runner:local/env:0	num_steps=[2233] | total rewards=[-17.1669] | termination= [target altitude below min]
[seed 4] reward=   -17.17 ownHP=1.0000 tgtHP=1.0000 target altitude below min
SUMMARY dealt=0.0000 taken=0.0000 mean_reward=-17.17
[seed 7] reward=   884.04 ownHP=1.0000 tgtHP=-0.0032 target destroyed
SUMMARY dealt=1.0032 taken=0.0000 mean_reward=884.04
[seed 10] reward=  1456.73 ownHP=1.0000 tgtHP=-0.0161 target destroyed
SUMMARY dealt=1.0161 taken=0.0000 mean_reward=1456.73
runner:local/env:0	num_steps=[5396] | total rewards=[292.8656] | termination= [target altitude below min]
[seed 13] reward=   292.87 ownHP=1.0000 tgtHP=1.0000 target altitude below min
SUMMARY dealt=0.0000 taken=0.0000 mean_reward=292.87
[seed 16] reward=   937.27 ownHP=1.0000 tgtHP=0.1176 max time out
SUMMARY dealt=0.8824 taken=0.0000 mean_reward=937.27
[seed 19] reward=   920.63 ownHP=1.0000 tgtHP=-0.0004 target destroyed
SUMMARY dealt=1.0004 taken=0.0000 mean_reward=920.63
runner:local/env:0	num_steps=[1898] | total rewards=[-11.9296] | termination= [target altitude below min]
[seed 22] reward=   -11.93 ownHP=1.0000 tgtHP=1.0000 target altitude below min
SUMMARY dealt=0.0000 taken=0.0000 mean_reward=-11.93
[seed 25] reward=  1076.07 ownHP=1.0000 tgtHP=-0.0030 target destroyed
SUMMARY dealt=1.0030 taken=0.0000 mean_reward=1076.07
[seed 28] reward=   818.51 ownHP=1.0000 tgtHP=-0.0008 target destroyed
SUMMARY dealt=1.0008 taken=0.0000 mean_reward=818.51
[seed 31] reward=   675.54 ownHP=1.0000 tgtHP=-0.0026 target destroyed
SUMMARY dealt=1.0026 taken=0.0000 mean_reward=675.54
[seed 34] reward=   882.24 ownHP=1.0000 tgtHP=-0.0029 target destroyed
SUMMARY dealt=1.0029 taken=0.0000 mean_reward=882.24
[seed 37] reward=   438.29 ownHP=1.0000 tgtHP=-0.0049 target destroyed
SUMMARY dealt=1.0049 taken=0.0000 mean_reward=438.29
[seed 40] reward=   984.58 ownHP=1.0000 tgtHP=-0.0037 target destroyed
SUMMARY dealt=1.0037 taken=0.0000 mean_reward=984.58
[seed 43] reward=   657.75 ownHP=1.0000 tgtHP=-0.0018 target destroyed
SUMMARY dealt=1.0018 taken=0.0000 mean_reward=657.75
########## aim15 :: AIP_jh2.dll ##########
[seed 1] reward=   657.75 ownHP=1.0000 tgtHP=-0.0002 target destroyed
SUMMARY dealt=1.0002 taken=0.0000 mean_reward=657.75
runner:local/env:0	num_steps=[2233] | total rewards=[-17.1669] | termination= [target altitude below min]
[seed 4] reward=   -17.17 ownHP=1.0000 tgtHP=1.0000 target altitude below min
SUMMARY dealt=0.0000 taken=0.0000 mean_reward=-17.17
[seed 7] reward=   886.34 ownHP=1.0000 tgtHP=-0.0002 target destroyed
SUMMARY dealt=1.0002 taken=0.0000 mean_reward=886.34
[seed 10] reward=   972.62 ownHP=1.0000 tgtHP=-0.0015 target destroyed
SUMMARY dealt=1.0015 taken=0.0000 mean_reward=972.62
runner:local/env:0	num_steps=[5396] | total rewards=[292.8656] | termination= [target altitude below min]
[seed 13] reward=   292.87 ownHP=1.0000 tgtHP=1.0000 target altitude below min
SUMMARY dealt=0.0000 taken=0.0000 mean_reward=292.87
[seed 16] reward=  1039.35 ownHP=1.0000 tgtHP=0.6373 max time out
SUMMARY dealt=0.3627 taken=0.0000 mean_reward=1039.35
[seed 19] reward=   930.05 ownHP=1.0000 tgtHP=-0.0013 target destroyed
SUMMARY dealt=1.0013 taken=0.0000 mean_reward=930.05
runner:local/env:0	num_steps=[1898] | total rewards=[-11.9296] | termination= [target altitude below min]
[seed 22] reward=   -11.93 ownHP=1.0000 tgtHP=1.0000 target altitude below min
SUMMARY dealt=0.0000 taken=0.0000 mean_reward=-11.93
[seed 25] reward=   774.04 ownHP=1.0000 tgtHP=-0.0026 target destroyed
SUMMARY dealt=1.0026 taken=0.0000 mean_reward=774.04
[seed 28] reward=  1065.86 ownHP=1.0000 tgtHP=0.2008 max time out
SUMMARY dealt=0.7992 taken=0.0000 mean_reward=1065.86
[seed 31] reward=   624.93 ownHP=1.0000 tgtHP=-0.0006 target destroyed
SUMMARY dealt=1.0006 taken=0.0000 mean_reward=624.93
[seed 34] reward=  1202.71 ownHP=1.0000 tgtHP=-0.0013 target destroyed
SUMMARY dealt=1.0013 taken=0.0000 mean_reward=1202.71
[seed 37] reward=   444.32 ownHP=1.0000 tgtHP=-0.0004 target destroyed
SUMMARY dealt=1.0004 taken=0.0000 mean_reward=444.32
[seed 40] reward=   906.59 ownHP=1.0000 tgtHP=-0.0036 target destroyed
SUMMARY dealt=1.0036 taken=0.0000 mean_reward=906.59
[seed 43] reward=   654.69 ownHP=1.0000 tgtHP=-0.0053 target destroyed
SUMMARY dealt=1.0053 taken=0.0000 mean_reward=654.69
########## aim20 :: AIP_jh2.dll ##########
[seed 1] reward=   619.31 ownHP=1.0000 tgtHP=-0.0027 target destroyed
SUMMARY dealt=1.0027 taken=0.0000 mean_reward=619.31
runner:local/env:0	num_steps=[2233] | total rewards=[-17.1669] | termination= [target altitude below min]
[seed 4] reward=   -17.17 ownHP=1.0000 tgtHP=1.0000 target altitude below min
SUMMARY dealt=0.0000 taken=0.0000 mean_reward=-17.17
[seed 7] reward=   913.81 ownHP=1.0000 tgtHP=-0.0002 target destroyed
SUMMARY dealt=1.0002 taken=0.0000 mean_reward=913.81
[seed 10] reward=   675.89 ownHP=1.0000 tgtHP=-0.0004 target destroyed
SUMMARY dealt=1.0004 taken=0.0000 mean_reward=675.89
runner:local/env:0	num_steps=[5396] | total rewards=[292.8656] | termination= [target altitude below min]
[seed 13] reward=   292.87 ownHP=1.0000 tgtHP=1.0000 target altitude below min
SUMMARY dealt=0.0000 taken=0.0000 mean_reward=292.87
[seed 16] reward=   964.95 ownHP=1.0000 tgtHP=-0.0008 target destroyed
SUMMARY dealt=1.0008 taken=0.0000 mean_reward=964.95
[seed 19] reward=   785.50 ownHP=1.0000 tgtHP=0.2367 max time out
SUMMARY dealt=0.7633 taken=0.0000 mean_reward=785.50
runner:local/env:0	num_steps=[1898] | total rewards=[-11.9296] | termination= [target altitude below min]
[seed 22] reward=   -11.93 ownHP=1.0000 tgtHP=1.0000 target altitude below min
SUMMARY dealt=0.0000 taken=0.0000 mean_reward=-11.93
[seed 25] reward=   644.58 ownHP=1.0000 tgtHP=-0.0014 target destroyed
SUMMARY dealt=1.0014 taken=0.0000 mean_reward=644.58
[seed 28] reward=   948.28 ownHP=1.0000 tgtHP=-0.0021 target destroyed
SUMMARY dealt=1.0021 taken=0.0000 mean_reward=948.28
[seed 31] reward=  1000.61 ownHP=1.0000 tgtHP=-0.0109 target destroyed
SUMMARY dealt=1.0109 taken=0.0000 mean_reward=1000.61
[seed 34] reward=  1224.55 ownHP=1.0000 tgtHP=-0.0044 target destroyed
SUMMARY dealt=1.0044 taken=0.0000 mean_reward=1224.55
[seed 37] reward=   513.80 ownHP=1.0000 tgtHP=-0.0055 target destroyed
SUMMARY dealt=1.0055 taken=0.0000 mean_reward=513.80
[seed 40] reward=  1056.24 ownHP=1.0000 tgtHP=-0.0111 target destroyed
SUMMARY dealt=1.0111 taken=0.0000 mean_reward=1056.24
[seed 43] reward=   652.75 ownHP=1.0000 tgtHP=-0.0034 target destroyed
SUMMARY dealt=1.0034 taken=0.0000 mean_reward=652.75
########## aim30 :: AIP_jh2.dll ##########
[seed 1] reward=   707.88 ownHP=1.0000 tgtHP=0.5045 max time out
SUMMARY dealt=0.4955 taken=0.0000 mean_reward=707.88
runner:local/env:0	num_steps=[2233] | total rewards=[-17.1669] | termination= [target altitude below min]
[seed 4] reward=   -17.17 ownHP=1.0000 tgtHP=1.0000 target altitude below min
SUMMARY dealt=0.0000 taken=0.0000 mean_reward=-17.17
[seed 7] reward=   874.91 ownHP=1.0000 tgtHP=-0.0023 target destroyed
SUMMARY dealt=1.0023 taken=0.0000 mean_reward=874.91
[seed 10] reward=   843.94 ownHP=1.0000 tgtHP=-0.0034 target destroyed
SUMMARY dealt=1.0034 taken=0.0000 mean_reward=843.94
runner:local/env:0	num_steps=[5396] | total rewards=[292.8656] | termination= [target altitude below min]
[seed 13] reward=   292.87 ownHP=1.0000 tgtHP=1.0000 target altitude below min
SUMMARY dealt=0.0000 taken=0.0000 mean_reward=292.87
[seed 16] reward=  1176.99 ownHP=1.0000 tgtHP=-0.0019 target destroyed
SUMMARY dealt=1.0019 taken=0.0000 mean_reward=1176.99
[seed 19] reward=   840.80 ownHP=1.0000 tgtHP=0.2597 max time out
SUMMARY dealt=0.7403 taken=0.0000 mean_reward=840.80
runner:local/env:0	num_steps=[1898] | total rewards=[-11.9296] | termination= [target altitude below min]
[seed 22] reward=   -11.93 ownHP=1.0000 tgtHP=1.0000 target altitude below min
SUMMARY dealt=0.0000 taken=0.0000 mean_reward=-11.93
[seed 25] reward=   843.37 ownHP=1.0000 tgtHP=-0.0013 target destroyed
SUMMARY dealt=1.0013 taken=0.0000 mean_reward=843.37
[seed 28] reward=   931.61 ownHP=1.0000 tgtHP=-0.0020 target destroyed
SUMMARY dealt=1.0020 taken=0.0000 mean_reward=931.61
[seed 31] reward=   644.52 ownHP=1.0000 tgtHP=-0.0008 target destroyed
SUMMARY dealt=1.0008 taken=0.0000 mean_reward=644.52
[seed 34] reward=  1263.05 ownHP=1.0000 tgtHP=-0.0033 target destroyed
SUMMARY dealt=1.0033 taken=0.0000 mean_reward=1263.05
[seed 37] reward=   513.32 ownHP=1.0000 tgtHP=-0.0054 target destroyed
SUMMARY dealt=1.0054 taken=0.0000 mean_reward=513.32
[seed 40] reward=   974.83 ownHP=1.0000 tgtHP=0.1028 max time out
SUMMARY dealt=0.8972 taken=0.0000 mean_reward=974.83
[seed 43] reward=   657.10 ownHP=1.0000 tgtHP=-0.0013 target destroyed
SUMMARY dealt=1.0013 taken=0.0000 mean_reward=657.10
########## DONE ##########
