########## base :: AIP_yuno.dll ##########
[seed 1] reward=    -1.06 ownHP=1.0000 tgtHP=1.0000 max time out
SUMMARY dealt=0.0000 taken=0.0000 mean_reward=-1.06
[seed 4] reward=    13.88 ownHP=0.9437 tgtHP=0.8499 max time out
SUMMARY dealt=0.1501 taken=0.0563 mean_reward=13.88
[seed 7] reward=   -82.45 ownHP=1.0000 tgtHP=1.0000 max time out
SUMMARY dealt=0.0000 taken=0.0000 mean_reward=-82.45
[seed 10] reward=   492.92 ownHP=1.0000 tgtHP=1.0000 max time out
SUMMARY dealt=0.0000 taken=0.0000 mean_reward=492.92
[seed 13] reward=    54.16 ownHP=0.9620 tgtHP=1.0000 max time out
SUMMARY dealt=0.0000 taken=0.0380 mean_reward=54.16
[seed 16] reward=   -81.83 ownHP=1.0000 tgtHP=1.0000 max time out
SUMMARY dealt=0.0000 taken=0.0000 mean_reward=-81.83
[seed 19] reward=   284.83 ownHP=1.0000 tgtHP=1.0000 max time out
SUMMARY dealt=0.0000 taken=0.0000 mean_reward=284.83
[seed 22] reward=   -64.37 ownHP=1.0000 tgtHP=1.0000 max time out
SUMMARY dealt=0.0000 taken=0.0000 mean_reward=-64.37
[seed 25] reward=   -28.18 ownHP=1.0000 tgtHP=1.0000 max time out
SUMMARY dealt=0.0000 taken=0.0000 mean_reward=-28.18
[seed 28] reward=    97.91 ownHP=0.9744 tgtHP=1.0000 max time out
SUMMARY dealt=0.0000 taken=0.0256 mean_reward=97.91
[seed 31] reward=   -77.13 ownHP=1.0000 tgtHP=1.0000 max time out
SUMMARY dealt=0.0000 taken=0.0000 mean_reward=-77.13
[seed 34] reward=    60.59 ownHP=0.5028 tgtHP=0.9353 max time out
SUMMARY dealt=0.0647 taken=0.4972 mean_reward=60.59
[seed 37] reward=    -7.44 ownHP=0.9839 tgtHP=1.0000 max time out
SUMMARY dealt=0.0000 taken=0.0161 mean_reward=-7.44
[seed 40] reward=   -20.74 ownHP=1.0000 tgtHP=1.0000 max time out
SUMMARY dealt=0.0000 taken=0.0000 mean_reward=-20.74
[seed 43] reward=   252.90 ownHP=0.9690 tgtHP=1.0000 max time out
SUMMARY dealt=0.0000 taken=0.0310 mean_reward=252.90
########## aim45 :: AIP_yuno.dll ##########
[seed 1] reward=    -4.06 ownHP=1.0000 tgtHP=1.0000 max time out
SUMMARY dealt=0.0000 taken=0.0000 mean_reward=-4.06
[seed 4] reward=     5.61 ownHP=0.9868 tgtHP=1.0000 max time out
SUMMARY dealt=0.0000 taken=0.0132 mean_reward=5.61
[seed 7] reward=   -82.45 ownHP=1.0000 tgtHP=1.0000 max time out
SUMMARY dealt=0.0000 taken=0.0000 mean_reward=-82.45
[seed 10] reward=   492.92 ownHP=1.0000 tgtHP=1.0000 max time out
SUMMARY dealt=0.0000 taken=0.0000 mean_reward=492.92
[seed 13] reward=    31.85 ownHP=0.9086 tgtHP=1.0000 max time out
SUMMARY dealt=0.0000 taken=0.0914 mean_reward=31.85
[seed 16] reward=   -81.83 ownHP=1.0000 tgtHP=1.0000 max time out
SUMMARY dealt=0.0000 taken=0.0000 mean_reward=-81.83
[seed 19] reward=   284.83 ownHP=1.0000 tgtHP=1.0000 max time out
SUMMARY dealt=0.0000 taken=0.0000 mean_reward=284.83
[seed 22] reward=   -64.37 ownHP=1.0000 tgtHP=1.0000 max time out
SUMMARY dealt=0.0000 taken=0.0000 mean_reward=-64.37
[seed 25] reward=     0.77 ownHP=1.0000 tgtHP=1.0000 max time out
SUMMARY dealt=0.0000 taken=0.0000 mean_reward=0.77
[seed 28] reward=   139.36 ownHP=0.9744 tgtHP=1.0000 max time out
SUMMARY dealt=0.0000 taken=0.0256 mean_reward=139.36
[seed 31] reward=   -77.13 ownHP=1.0000 tgtHP=1.0000 max time out
SUMMARY dealt=0.0000 taken=0.0000 mean_reward=-77.13
[seed 34] reward=    90.50 ownHP=0.5141 tgtHP=0.9353 max time out
SUMMARY dealt=0.0647 taken=0.4859 mean_reward=90.50
[seed 37] reward=   -48.00 ownHP=0.9839 tgtHP=1.0000 max time out
SUMMARY dealt=0.0000 taken=0.0161 mean_reward=-48.00
[seed 40] reward=   152.53 ownHP=1.0000 tgtHP=1.0000 max time out
SUMMARY dealt=0.0000 taken=0.0000 mean_reward=152.53
[seed 43] reward=    62.60 ownHP=0.9690 tgtHP=0.9082 max time out
SUMMARY dealt=0.0918 taken=0.0310 mean_reward=62.60
########## aim50 :: AIP_yuno.dll ##########
[seed 1] reward=    51.03 ownHP=1.0000 tgtHP=1.0000 max time out
SUMMARY dealt=0.0000 taken=0.0000 mean_reward=51.03
[seed 4] reward=    22.71 ownHP=0.9868 tgtHP=1.0000 max time out
SUMMARY dealt=0.0000 taken=0.0132 mean_reward=22.71
[seed 7] reward=   -82.45 ownHP=1.0000 tgtHP=1.0000 max time out
SUMMARY dealt=0.0000 taken=0.0000 mean_reward=-82.45
[seed 10] reward=   492.92 ownHP=1.0000 tgtHP=1.0000 max time out
SUMMARY dealt=0.0000 taken=0.0000 mean_reward=492.92
[seed 13] reward=    29.87 ownHP=0.9353 tgtHP=1.0000 max time out
SUMMARY dealt=0.0000 taken=0.0647 mean_reward=29.87
[seed 16] reward=   -81.83 ownHP=1.0000 tgtHP=1.0000 max time out
SUMMARY dealt=0.0000 taken=0.0000 mean_reward=-81.83
[seed 19] reward=   284.83 ownHP=1.0000 tgtHP=1.0000 max time out
SUMMARY dealt=0.0000 taken=0.0000 mean_reward=284.83
[seed 22] reward=   -64.37 ownHP=1.0000 tgtHP=1.0000 max time out
SUMMARY dealt=0.0000 taken=0.0000 mean_reward=-64.37
[seed 25] reward=    43.48 ownHP=1.0000 tgtHP=1.0000 max time out
SUMMARY dealt=0.0000 taken=0.0000 mean_reward=43.48
[seed 28] reward=    56.40 ownHP=0.9744 tgtHP=1.0000 max time out
SUMMARY dealt=0.0000 taken=0.0256 mean_reward=56.40
[seed 31] reward=   -77.13 ownHP=1.0000 tgtHP=1.0000 max time out
SUMMARY dealt=0.0000 taken=0.0000 mean_reward=-77.13
[seed 34] reward=    63.19 ownHP=0.4832 tgtHP=0.9353 max time out
SUMMARY dealt=0.0647 taken=0.5168 mean_reward=63.19
[seed 37] reward=   -48.59 ownHP=0.9839 tgtHP=1.0000 max time out
SUMMARY dealt=0.0000 taken=0.0161 mean_reward=-48.59
[seed 40] reward=   103.87 ownHP=1.0000 tgtHP=1.0000 max time out
SUMMARY dealt=0.0000 taken=0.0000 mean_reward=103.87
[seed 43] reward=    26.30 ownHP=0.9690 tgtHP=1.0000 max time out
SUMMARY dealt=0.0000 taken=0.0310 mean_reward=26.30
########## mergeslow :: AIP_yuno.dll ##########
[seed 1] reward=    -1.06 ownHP=1.0000 tgtHP=1.0000 max time out
SUMMARY dealt=0.0000 taken=0.0000 mean_reward=-1.06
[seed 4] reward=    14.32 ownHP=0.9437 tgtHP=0.8566 max time out
SUMMARY dealt=0.1434 taken=0.0563 mean_reward=14.32
[seed 7] reward=   165.47 ownHP=1.0000 tgtHP=1.0000 max time out
SUMMARY dealt=0.0000 taken=0.0000 mean_reward=165.47
[seed 10] reward=   492.92 ownHP=1.0000 tgtHP=1.0000 max time out
SUMMARY dealt=0.0000 taken=0.0000 mean_reward=492.92
[seed 13] reward=    45.49 ownHP=1.0000 tgtHP=1.0000 max time out
SUMMARY dealt=0.0000 taken=0.0000 mean_reward=45.49
[seed 16] reward=   -81.83 ownHP=1.0000 tgtHP=1.0000 max time out
SUMMARY dealt=0.0000 taken=0.0000 mean_reward=-81.83
[seed 19] reward=   284.83 ownHP=1.0000 tgtHP=1.0000 max time out
SUMMARY dealt=0.0000 taken=0.0000 mean_reward=284.83
[seed 22] reward=   -98.36 ownHP=1.0000 tgtHP=1.0000 max time out
SUMMARY dealt=0.0000 taken=0.0000 mean_reward=-98.36
[seed 25] reward=   -28.18 ownHP=1.0000 tgtHP=1.0000 max time out
SUMMARY dealt=0.0000 taken=0.0000 mean_reward=-28.18
[seed 28] reward=    97.91 ownHP=0.9744 tgtHP=1.0000 max time out
SUMMARY dealt=0.0000 taken=0.0256 mean_reward=97.91
[seed 31] reward=    37.33 ownHP=1.0000 tgtHP=1.0000 max time out
SUMMARY dealt=0.0000 taken=0.0000 mean_reward=37.33
[seed 34] reward=    63.03 ownHP=0.9121 tgtHP=0.9353 max time out
SUMMARY dealt=0.0647 taken=0.0879 mean_reward=63.03
[seed 37] reward=    -7.44 ownHP=0.9839 tgtHP=1.0000 max time out
SUMMARY dealt=0.0000 taken=0.0161 mean_reward=-7.44
[seed 40] reward=     2.47 ownHP=1.0000 tgtHP=1.0000 max time out
SUMMARY dealt=0.0000 taken=0.0000 mean_reward=2.47
[seed 43] reward=     0.15 ownHP=0.9850 tgtHP=0.7823 max time out
SUMMARY dealt=0.2177 taken=0.0150 mean_reward=0.15
########## DONE ##########
