########## base :: AIP_yuno.dll ##########
[seed 1] reward=    -1.06 ownHP=1.0000 tgtHP=1.0000 max time out
SUMMARY dealt=0.0000 taken=0.0000 mean_reward=-1.06
[seed 4] reward=    13.88 ownHP=0.9437 tgtHP=0.8499 max time out
SUMMARY dealt=0.1501 taken=0.0563 mean_reward=13.88
[seed 7] reward=   -82.45 ownHP=1.0000 tgtHP=1.0000 max time out
SUMMARY dealt=0.0000 taken=0.0000 mean_reward=-82.45
[seed 10] reward=   492.92 ownHP=1.0000 tgtHP=1.0000 max time out
SUMMARY dealt=0.0000 taken=0.0000 mean_reward=492.92
[seed 13] reward=    54.16 ownHP=0.9620 tgtHP=1.0000 max time out
SUMMARY dealt=0.0000 taken=0.0380 mean_reward=54.16
[seed 16] reward=   -81.83 ownHP=1.0000 tgtHP=1.0000 max time out
SUMMARY dealt=0.0000 taken=0.0000 mean_reward=-81.83
[seed 19] reward=   284.83 ownHP=1.0000 tgtHP=1.0000 max time out
SUMMARY dealt=0.0000 taken=0.0000 mean_reward=284.83
[seed 22] reward=   -64.37 ownHP=1.0000 tgtHP=1.0000 max time out
SUMMARY dealt=0.0000 taken=0.0000 mean_reward=-64.37
[seed 25] reward=   -28.18 ownHP=1.0000 tgtHP=1.0000 max time out
SUMMARY dealt=0.0000 taken=0.0000 mean_reward=-28.18
[seed 28] reward=    97.91 ownHP=0.9744 tgtHP=1.0000 max time out
SUMMARY dealt=0.0000 taken=0.0256 mean_reward=97.91
[seed 31] reward=   -77.13 ownHP=1.0000 tgtHP=1.0000 max time out
SUMMARY dealt=0.0000 taken=0.0000 mean_reward=-77.13
[seed 34] reward=    60.59 ownHP=0.5028 tgtHP=0.9353 max time out
SUMMARY dealt=0.0647 taken=0.4972 mean_reward=60.59
[seed 37] reward=    -7.44 ownHP=0.9839 tgtHP=1.0000 max time out
SUMMARY dealt=0.0000 taken=0.0161 mean_reward=-7.44
[seed 40] reward=   -20.74 ownHP=1.0000 tgtHP=1.0000 max time out
SUMMARY dealt=0.0000 taken=0.0000 mean_reward=-20.74
[seed 43] reward=   252.90 ownHP=0.9690 tgtHP=1.0000 max time out
SUMMARY dealt=0.0000 taken=0.0310 mean_reward=252.90
########## fastthr :: AIP_yuno.dll ##########
[seed 1] reward=   107.75 ownHP=0.9619 tgtHP=0.7886 max time out
SUMMARY dealt=0.2114 taken=0.0381 mean_reward=107.75
[seed 4] reward=   -44.68 ownHP=0.9867 tgtHP=1.0000 max time out
SUMMARY dealt=0.0000 taken=0.0133 mean_reward=-44.68
[seed 7] reward=   -20.51 ownHP=1.0000 tgtHP=1.0000 max time out
SUMMARY dealt=0.0000 taken=0.0000 mean_reward=-20.51
[seed 10] reward=   282.44 ownHP=1.0000 tgtHP=1.0000 max time out
SUMMARY dealt=0.0000 taken=0.0000 mean_reward=282.44
[seed 13] reward=    37.24 ownHP=1.0000 tgtHP=1.0000 max time out
SUMMARY dealt=0.0000 taken=0.0000 mean_reward=37.24
[seed 16] reward=   -82.13 ownHP=1.0000 tgtHP=1.0000 max time out
SUMMARY dealt=0.0000 taken=0.0000 mean_reward=-82.13
[seed 19] reward=   187.31 ownHP=1.0000 tgtHP=1.0000 max time out
SUMMARY dealt=0.0000 taken=0.0000 mean_reward=187.31
[seed 22] reward=   -79.12 ownHP=1.0000 tgtHP=1.0000 max time out
SUMMARY dealt=0.0000 taken=0.0000 mean_reward=-79.12
[seed 25] reward=    39.00 ownHP=1.0000 tgtHP=1.0000 max time out
SUMMARY dealt=0.0000 taken=0.0000 mean_reward=39.00
[seed 28] reward=   114.13 ownHP=0.9744 tgtHP=1.0000 max time out
SUMMARY dealt=0.0000 taken=0.0256 mean_reward=114.13
[seed 31] reward=   -32.19 ownHP=1.0000 tgtHP=1.0000 max time out
SUMMARY dealt=0.0000 taken=0.0000 mean_reward=-32.19
[seed 34] reward=   105.85 ownHP=0.9764 tgtHP=0.9358 max time out
SUMMARY dealt=0.0642 taken=0.0236 mean_reward=105.85
[seed 37] reward=   390.45 ownHP=0.9837 tgtHP=1.0000 max time out
SUMMARY dealt=0.0000 taken=0.0163 mean_reward=390.45
[seed 40] reward=    95.20 ownHP=1.0000 tgtHP=1.0000 max time out
SUMMARY dealt=0.0000 taken=0.0000 mean_reward=95.20
[seed 43] reward=     6.11 ownHP=0.9873 tgtHP=0.8289 max time out
SUMMARY dealt=0.1711 taken=0.0127 mean_reward=6.11
########## divebait :: AIP_yuno.dll ##########
[seed 1] reward=    -1.06 ownHP=1.0000 tgtHP=1.0000 max time out
SUMMARY dealt=0.0000 taken=0.0000 mean_reward=-1.06
runner:local/env:0	num_steps=[9103] | total rewards=[-63.6224] | termination= [ownship altitude below min]
[seed 4] reward=   -63.62 ownHP=0.9868 tgtHP=1.0000 ownship altitude below min
SUMMARY dealt=0.0000 taken=0.0132 mean_reward=-63.62
[seed 7] reward=   -82.45 ownHP=1.0000 tgtHP=1.0000 max time out
SUMMARY dealt=0.0000 taken=0.0000 mean_reward=-82.45
[seed 10] reward=   492.92 ownHP=1.0000 tgtHP=1.0000 max time out
SUMMARY dealt=0.0000 taken=0.0000 mean_reward=492.92
[seed 13] reward=    54.16 ownHP=0.9620 tgtHP=1.0000 max time out
SUMMARY dealt=0.0000 taken=0.0380 mean_reward=54.16
[seed 16] reward=   -81.83 ownHP=1.0000 tgtHP=1.0000 max time out
SUMMARY dealt=0.0000 taken=0.0000 mean_reward=-81.83
[seed 19] reward=   284.83 ownHP=1.0000 tgtHP=1.0000 max time out
SUMMARY dealt=0.0000 taken=0.0000 mean_reward=284.83
[seed 22] reward=   -64.37 ownHP=1.0000 tgtHP=1.0000 max time out
SUMMARY dealt=0.0000 taken=0.0000 mean_reward=-64.37
[seed 25] reward=   -28.18 ownHP=1.0000 tgtHP=1.0000 max time out
SUMMARY dealt=0.0000 taken=0.0000 mean_reward=-28.18
[seed 28] reward=    97.91 ownHP=0.9744 tgtHP=1.0000 max time out
SUMMARY dealt=0.0000 taken=0.0256 mean_reward=97.91
[seed 31] reward=   -77.13 ownHP=1.0000 tgtHP=1.0000 max time out
SUMMARY dealt=0.0000 taken=0.0000 mean_reward=-77.13
[seed 34] reward=    60.59 ownHP=0.5028 tgtHP=0.9353 max time out
SUMMARY dealt=0.0647 taken=0.4972 mean_reward=60.59
[seed 37] reward=    17.57 ownHP=0.9839 tgtHP=1.0000 max time out
SUMMARY dealt=0.0000 taken=0.0161 mean_reward=17.57
[seed 40] reward=   -20.74 ownHP=1.0000 tgtHP=1.0000 max time out
SUMMARY dealt=0.0000 taken=0.0000 mean_reward=-20.74
[seed 43] reward=   300.82 ownHP=0.9690 tgtHP=1.0000 max time out
SUMMARY dealt=0.0000 taken=0.0310 mean_reward=300.82
########## DONE ##########
