########## v32 vs AIP_v7.dll ##########


     JSBSim Flight Dynamics Model v1.0.0 May 27 2026 16:13:38
            [JSBSim-ML v2.0]

JSBSim startup beginning ...

total: 2
Behavior Tree Initialized Successfully
Behavior Tree Initialized Successfully
init ID:1 Lat37.92355643001773 Lon128.18188127777776 Alt(meter)7000.0785355893395 Speed(m/sec)300.0
init ID:1 Lat37.96855377446113 Lon128.18188127777776 Alt(meter)7002.8272734023885 Speed(m/sec)300.0
runner:local/env:0	num_steps=[11999] | total rewards=[1253.1088] | termination= [max time out]
[seed 0] reward=  1253.11 ownHP=1.0000 tgtHP=0.4205 max time out
total: 2
runner:local/env:0	num_steps=[11999] | total rewards=[1004.9427] | termination= [max time out]
[seed 1] reward=  1004.94 ownHP=1.0000 tgtHP=0.7064 max time out
total: 2
runner:local/env:0	num_steps=[11999] | total rewards=[96.3851] | termination= [max time out]
[seed 2] reward=    96.39 ownHP=1.0000 tgtHP=0.9785 max time out
total: 2
runner:local/env:0	num_steps=[11999] | total rewards=[139.7616] | termination= [max time out]
[seed 3] reward=   139.76 ownHP=1.0000 tgtHP=1.0000 max time out
total: 2
runner:local/env:0	num_steps=[11999] | total rewards=[1241.2666] | termination= [max time out]
[seed 4] reward=  1241.27 ownHP=1.0000 tgtHP=0.5878 max time out
total: 2
runner:local/env:0	num_steps=[11999] | total rewards=[149.4589] | termination= [max time out]
[seed 5] reward=   149.46 ownHP=1.0000 tgtHP=0.9946 max time out
total: 2
runner:local/env:0	num_steps=[11999] | total rewards=[1117.6302] | termination= [max time out]
[seed 6] reward=  1117.63 ownHP=1.0000 tgtHP=0.3971 max time out
total: 2
runner:local/env:0	num_steps=[11999] | total rewards=[664.6469] | termination= [max time out]
[seed 7] reward=   664.65 ownHP=1.0000 tgtHP=0.8166 max time out
total: 2
runner:local/env:0	num_steps=[11999] | total rewards=[997.1953] | termination= [max time out]
[seed 8] reward=   997.20 ownHP=1.0000 tgtHP=0.7776 max time out
total: 2
runner:local/env:0	num_steps=[11999] | total rewards=[237.5486] | termination= [max time out]
[seed 9] reward=   237.55 ownHP=1.0000 tgtHP=0.8485 max time out
total: 2
runner:local/env:0	num_steps=[11999] | total rewards=[52.2658] | termination= [max time out]
[seed 10] reward=    52.27 ownHP=1.0000 tgtHP=0.9719 max time out
total: 2
runner:local/env:0	num_steps=[11999] | total rewards=[1015.7763] | termination= [max time out]
[seed 11] reward=  1015.78 ownHP=1.0000 tgtHP=0.3247 max time out
total: 2
runner:local/env:0	num_steps=[11999] | total rewards=[983.0659] | termination= [max time out]
[seed 12] reward=   983.07 ownHP=1.0000 tgtHP=0.6725 max time out
total: 2
runner:local/env:0	num_steps=[11999] | total rewards=[962.8314] | termination= [max time out]
[seed 13] reward=   962.83 ownHP=1.0000 tgtHP=0.7951 max time out
total: 2
runner:local/env:0	num_steps=[11999] | total rewards=[1050.3950] | termination= [max time out]
[seed 14] reward=  1050.40 ownHP=1.0000 tgtHP=0.7013 max time out
Remove Space Complete.

[rehearsal own_rep=6 tgt_rep=6 seeds=15]
SUMMARY dealt=4.0069 taken=0.0000 mean_reward=731.09
tacview log saved (last episode)

########## divefix vs AIP_v7.dll ##########


     JSBSim Flight Dynamics Model v1.0.0 May 27 2026 16:13:38
            [JSBSim-ML v2.0]

JSBSim startup beginning ...

total: 2
Behavior Tree Initialized Successfully
Behavior Tree Initialized Successfully
init ID:1 Lat37.92355643001773 Lon128.18188127777776 Alt(meter)7000.0785355893395 Speed(m/sec)300.0
init ID:1 Lat37.96855377446113 Lon128.18188127777776 Alt(meter)7002.8272734023885 Speed(m/sec)300.0
runner:local/env:0	num_steps=[11999] | total rewards=[1253.1088] | termination= [max time out]
[seed 0] reward=  1253.11 ownHP=1.0000 tgtHP=0.4205 max time out
total: 2
runner:local/env:0	num_steps=[11999] | total rewards=[1004.9427] | termination= [max time out]
[seed 1] reward=  1004.94 ownHP=1.0000 tgtHP=0.7064 max time out
total: 2
runner:local/env:0	num_steps=[11999] | total rewards=[96.3851] | termination= [max time out]
[seed 2] reward=    96.39 ownHP=1.0000 tgtHP=0.9785 max time out
total: 2
runner:local/env:0	num_steps=[11999] | total rewards=[139.7616] | termination= [max time out]
[seed 3] reward=   139.76 ownHP=1.0000 tgtHP=1.0000 max time out
total: 2
runner:local/env:0	num_steps=[11999] | total rewards=[1241.2666] | termination= [max time out]
[seed 4] reward=  1241.27 ownHP=1.0000 tgtHP=0.5878 max time out
total: 2
runner:local/env:0	num_steps=[11999] | total rewards=[149.4589] | termination= [max time out]
[seed 5] reward=   149.46 ownHP=1.0000 tgtHP=0.9946 max time out
total: 2
runner:local/env:0	num_steps=[11999] | total rewards=[1117.6302] | termination= [max time out]
[seed 6] reward=  1117.63 ownHP=1.0000 tgtHP=0.3971 max time out
total: 2
runner:local/env:0	num_steps=[11999] | total rewards=[664.6469] | termination= [max time out]
[seed 7] reward=   664.65 ownHP=1.0000 tgtHP=0.8166 max time out
total: 2
runner:local/env:0	num_steps=[11999] | total rewards=[997.1953] | termination= [max time out]
[seed 8] reward=   997.20 ownHP=1.0000 tgtHP=0.7776 max time out
total: 2
runner:local/env:0	num_steps=[11999] | total rewards=[237.5486] | termination= [max time out]
[seed 9] reward=   237.55 ownHP=1.0000 tgtHP=0.8485 max time out
total: 2
runner:local/env:0	num_steps=[11999] | total rewards=[52.2658] | termination= [max time out]
[seed 10] reward=    52.27 ownHP=1.0000 tgtHP=0.9719 max time out
total: 2
runner:local/env:0	num_steps=[11999] | total rewards=[1015.7763] | termination= [max time out]
[seed 11] reward=  1015.78 ownHP=1.0000 tgtHP=0.3247 max time out
total: 2
runner:local/env:0	num_steps=[11999] | total rewards=[983.0659] | termination= [max time out]
[seed 12] reward=   983.07 ownHP=1.0000 tgtHP=0.6725 max time out
total: 2
runner:local/env:0	num_steps=[11999] | total rewards=[962.8314] | termination= [max time out]
[seed 13] reward=   962.83 ownHP=1.0000 tgtHP=0.7951 max time out
total: 2
runner:local/env:0	num_steps=[11999] | total rewards=[1050.3950] | termination= [max time out]
[seed 14] reward=  1050.40 ownHP=1.0000 tgtHP=0.7013 max time out
Remove Space Complete.

[rehearsal own_rep=6 tgt_rep=6 seeds=15]
SUMMARY dealt=4.0069 taken=0.0000 mean_reward=731.09
tacview log saved (last episode)

########## divefree vs AIP_jh2.dll ##########


     JSBSim Flight Dynamics Model v1.0.0 May 27 2026 16:13:38
            [JSBSim-ML v2.0]

JSBSim startup beginning ...

total: 2
Behavior Tree Initialized Successfully
Behavior Tree Initialized Successfully
init ID:1 Lat37.92355643001773 Lon128.18188127777776 Alt(meter)7000.0785355893395 Speed(m/sec)300.0
init ID:1 Lat37.96855377446113 Lon128.18188127777776 Alt(meter)7002.8272734023885 Speed(m/sec)300.0
runner:local/env:0	num_steps=[2720] | total rewards=[-135.6313] | termination= [ownship destroyed]
[seed 0] reward=  -135.63 ownHP=-0.0075 tgtHP=1.0000 ownship destroyed
total: 2
runner:local/env:0	num_steps=[11999] | total rewards=[591.4886] | termination= [max time out]
[seed 1] reward=   591.49 ownHP=1.0000 tgtHP=0.9055 max time out
total: 2
runner:local/env:0	num_steps=[6639] | total rewards=[-158.6741] | termination= [ownship destroyed]
[seed 2] reward=  -158.67 ownHP=-0.0026 tgtHP=1.0000 ownship destroyed
total: 2
runner:local/env:0	num_steps=[11464] | total rewards=[668.4385] | termination= [ownship destroyed]
[seed 3] reward=   668.44 ownHP=-0.0072 tgtHP=0.8597 ownship destroyed
total: 2
runner:local/env:0	num_steps=[4047] | total rewards=[-135.0125] | termination= [ownship destroyed]
[seed 4] reward=  -135.01 ownHP=-0.0027 tgtHP=1.0000 ownship destroyed
total: 2
runner:local/env:0	num_steps=[6810] | total rewards=[-181.7522] | termination= [ownship destroyed]
[seed 5] reward=  -181.75 ownHP=-0.0008 tgtHP=1.0000 ownship destroyed
total: 2
runner:local/env:0	num_steps=[2956] | total rewards=[-149.0028] | termination= [ownship destroyed]
[seed 6] reward=  -149.00 ownHP=-0.0063 tgtHP=1.0000 ownship destroyed
total: 2
runner:local/env:0	num_steps=[5783] | total rewards=[-129.3159] | termination= [ownship destroyed]
[seed 7] reward=  -129.32 ownHP=-0.0096 tgtHP=1.0000 ownship destroyed
total: 2
runner:local/env:0	num_steps=[3301] | total rewards=[-153.5171] | termination= [ownship destroyed]
[seed 8] reward=  -153.52 ownHP=-0.0105 tgtHP=1.0000 ownship destroyed
total: 2
runner:local/env:0	num_steps=[9650] | total rewards=[481.1172] | termination= [ownship destroyed]
[seed 9] reward=   481.12 ownHP=-0.0025 tgtHP=0.2984 ownship destroyed
total: 2
runner:local/env:0	num_steps=[5416] | total rewards=[109.4565] | termination= [ownship destroyed]
[seed 10] reward=   109.46 ownHP=-0.0080 tgtHP=1.0000 ownship destroyed
total: 2
runner:local/env:0	num_steps=[8275] | total rewards=[-188.9048] | termination= [ownship destroyed]
[seed 11] reward=  -188.90 ownHP=-0.0039 tgtHP=1.0000 ownship destroyed
total: 2
runner:local/env:0	num_steps=[8549] | total rewards=[-151.8421] | termination= [ownship destroyed]
[seed 12] reward=  -151.84 ownHP=-0.0039 tgtHP=1.0000 ownship destroyed
total: 2
runner:local/env:0	num_steps=[11382] | total rewards=[266.8368] | termination= [ownship destroyed]
[seed 13] reward=   266.84 ownHP=-0.0011 tgtHP=0.9989 ownship destroyed
total: 2
runner:local/env:0	num_steps=[6888] | total rewards=[-148.9424] | termination= [ownship destroyed]
[seed 14] reward=  -148.94 ownHP=-0.0000 tgtHP=1.0000 ownship destroyed
Remove Space Complete.

[rehearsal own_rep=6 tgt_rep=6 seeds=15]
SUMMARY dealt=0.9375 taken=14.0668 mean_reward=38.98
tacview log saved (last episode)

########## divefree vs ACE ##########


     JSBSim Flight Dynamics Model v1.0.0 May 27 2026 16:13:38
            [JSBSim-ML v2.0]

JSBSim startup beginning ...

total: 2
Behavior Tree Initialized Successfully
init ID:1 Lat37.92355643001773 Lon128.18188127777776 Alt(meter)7000.0785355893395 Speed(m/sec)300.0
init ID:1 Lat37.96855377446113 Lon128.18188127777776 Alt(meter)7002.8272734023885 Speed(m/sec)300.0
runner:local/env:0	num_steps=[11999] | total rewards=[266.4838] | termination= [max time out]
[seed 0] reward=   266.48 ownHP=1.0000 tgtHP=0.9841 max time out
total: 2
runner:local/env:0	num_steps=[11999] | total rewards=[267.5436] | termination= [max time out]
[seed 1] reward=   267.54 ownHP=0.9636 tgtHP=0.9451 max time out
total: 2
runner:local/env:0	num_steps=[11999] | total rewards=[424.9809] | termination= [max time out]
[seed 2] reward=   424.98 ownHP=1.0000 tgtHP=0.9299 max time out
total: 2
runner:local/env:0	num_steps=[11999] | total rewards=[428.3671] | termination= [max time out]
[seed 3] reward=   428.37 ownHP=1.0000 tgtHP=0.8879 max time out
total: 2
runner:local/env:0	num_steps=[11999] | total rewards=[298.7578] | termination= [max time out]
[seed 4] reward=   298.76 ownHP=1.0000 tgtHP=0.9180 max time out
total: 2
runner:local/env:0	num_steps=[11999] | total rewards=[283.7532] | termination= [max time out]
[seed 5] reward=   283.75 ownHP=0.9573 tgtHP=0.9405 max time out
total: 2
runner:local/env:0	num_steps=[11999] | total rewards=[479.9941] | termination= [max time out]
[seed 6] reward=   479.99 ownHP=1.0000 tgtHP=0.9391 max time out
total: 2
runner:local/env:0	num_steps=[11999] | total rewards=[533.6775] | termination= [max time out]
[seed 7] reward=   533.68 ownHP=1.0000 tgtHP=0.8772 max time out
total: 2
runner:local/env:0	num_steps=[11999] | total rewards=[282.0052] | termination= [max time out]
[seed 8] reward=   282.01 ownHP=0.9451 tgtHP=0.9863 max time out
total: 2
runner:local/env:0	num_steps=[11999] | total rewards=[481.3500] | termination= [max time out]
[seed 9] reward=   481.35 ownHP=1.0000 tgtHP=0.8977 max time out
total: 2
runner:local/env:0	num_steps=[11999] | total rewards=[499.9211] | termination= [max time out]
[seed 10] reward=   499.92 ownHP=1.0000 tgtHP=0.7095 max time out
total: 2
runner:local/env:0	num_steps=[11999] | total rewards=[192.2404] | termination= [max time out]
[seed 11] reward=   192.24 ownHP=0.9996 tgtHP=0.8977 max time out
total: 2
runner:local/env:0	num_steps=[11999] | total rewards=[481.9169] | termination= [max time out]
[seed 12] reward=   481.92 ownHP=1.0000 tgtHP=0.7792 max time out
total: 2
runner:local/env:0	num_steps=[11999] | total rewards=[380.6794] | termination= [max time out]
[seed 13] reward=   380.68 ownHP=1.0000 tgtHP=0.9540 max time out
total: 2
runner:local/env:0	num_steps=[11999] | total rewards=[137.1416] | termination= [max time out]
[seed 14] reward=   137.14 ownHP=0.9951 tgtHP=0.9927 max time out
Remove Space Complete.

[rehearsal own_rep=6 tgt_rep=6 seeds=15]
SUMMARY dealt=1.3611 taken=0.1393 mean_reward=362.59
tacview log saved (last episode)

########## divefree vs AIP_onecircle.dll ##########


     JSBSim Flight Dynamics Model v1.0.0 May 27 2026 16:13:38
            [JSBSim-ML v2.0]

JSBSim startup beginning ...

total: 2
Behavior Tree Initialized Successfully
Behavior Tree Initialized Successfully
init ID:1 Lat37.92355643001773 Lon128.18188127777776 Alt(meter)7000.0785355893395 Speed(m/sec)300.0
init ID:1 Lat37.96855377446113 Lon128.18188127777776 Alt(meter)7002.8272734023885 Speed(m/sec)300.0
runner:local/env:0	num_steps=[11999] | total rewards=[-48.0348] | termination= [max time out]
[seed 0] reward=   -48.03 ownHP=1.0000 tgtHP=1.0000 max time out
total: 2
runner:local/env:0	num_steps=[11999] | total rewards=[39.0145] | termination= [max time out]
[seed 1] reward=    39.01 ownHP=0.9983 tgtHP=0.9940 max time out
total: 2
runner:local/env:0	num_steps=[11999] | total rewards=[-89.6504] | termination= [max time out]
[seed 2] reward=   -89.65 ownHP=1.0000 tgtHP=1.0000 max time out
total: 2
runner:local/env:0	num_steps=[11999] | total rewards=[-119.7719] | termination= [max time out]
[seed 3] reward=  -119.77 ownHP=1.0000 tgtHP=1.0000 max time out
total: 2
runner:local/env:0	num_steps=[11999] | total rewards=[-93.3644] | termination= [max time out]
[seed 4] reward=   -93.36 ownHP=1.0000 tgtHP=1.0000 max time out
total: 2
runner:local/env:0	num_steps=[11999] | total rewards=[-65.4976] | termination= [max time out]
[seed 5] reward=   -65.50 ownHP=0.9935 tgtHP=1.0000 max time out
total: 2
runner:local/env:0	num_steps=[11999] | total rewards=[-119.9900] | termination= [max time out]
[seed 6] reward=  -119.99 ownHP=1.0000 tgtHP=1.0000 max time out
total: 2
runner:local/env:0	num_steps=[11999] | total rewards=[-74.2721] | termination= [max time out]
[seed 7] reward=   -74.27 ownHP=1.0000 tgtHP=1.0000 max time out
total: 2
runner:local/env:0	num_steps=[11999] | total rewards=[525.2679] | termination= [max time out]
[seed 8] reward=   525.27 ownHP=0.9430 tgtHP=0.9952 max time out
total: 2
runner:local/env:0	num_steps=[11999] | total rewards=[-66.1904] | termination= [max time out]
[seed 9] reward=   -66.19 ownHP=1.0000 tgtHP=1.0000 max time out
total: 2
runner:local/env:0	num_steps=[11999] | total rewards=[48.0604] | termination= [max time out]
[seed 10] reward=    48.06 ownHP=1.0000 tgtHP=0.9967 max time out
total: 2
runner:local/env:0	num_steps=[11999] | total rewards=[62.7067] | termination= [max time out]
[seed 11] reward=    62.71 ownHP=1.0000 tgtHP=1.0000 max time out
total: 2
runner:local/env:0	num_steps=[11999] | total rewards=[-119.9900] | termination= [max time out]
[seed 12] reward=  -119.99 ownHP=1.0000 tgtHP=1.0000 max time out
total: 2
runner:local/env:0	num_steps=[11999] | total rewards=[-54.1741] | termination= [max time out]
[seed 13] reward=   -54.17 ownHP=1.0000 tgtHP=1.0000 max time out
total: 2
runner:local/env:0	num_steps=[11999] | total rewards=[-85.1321] | termination= [max time out]
[seed 14] reward=   -85.13 ownHP=1.0000 tgtHP=1.0000 max time out
Remove Space Complete.

[rehearsal own_rep=6 tgt_rep=6 seeds=15]
SUMMARY dealt=0.0141 taken=0.0653 mean_reward=-17.40
tacview log saved (last episode)

########## divefree vs STRAIGHT ##########


     JSBSim Flight Dynamics Model v1.0.0 May 27 2026 16:13:38
            [JSBSim-ML v2.0]

JSBSim startup beginning ...

total: 2
Behavior Tree Initialized Successfully
init ID:1 Lat37.92355643001773 Lon128.18188127777776 Alt(meter)7000.0785355893395 Speed(m/sec)300.0
init ID:1 Lat37.96855377446113 Lon128.18188127777776 Alt(meter)7002.8272734023885 Speed(m/sec)300.0
runner:local/env:0	num_steps=[11999] | total rewards=[8.2021] | termination= [max time out]
[seed 0] reward=     8.20 ownHP=1.0000 tgtHP=1.0000 max time out
total: 2
runner:local/env:0	num_steps=[11999] | total rewards=[-119.9900] | termination= [max time out]
[seed 1] reward=  -119.99 ownHP=1.0000 tgtHP=1.0000 max time out
total: 2
runner:local/env:0	num_steps=[8055] | total rewards=[457.8495] | termination= [target destroyed]
[seed 2] reward=   457.85 ownHP=1.0000 tgtHP=-0.0063 target destroyed
total: 2
runner:local/env:0	num_steps=[6407] | total rewards=[539.8544] | termination= [target destroyed]
[seed 3] reward=   539.85 ownHP=1.0000 tgtHP=-0.0058 target destroyed
total: 2
runner:local/env:0	num_steps=[8864] | total rewards=[505.1992] | termination= [target destroyed]
[seed 4] reward=   505.20 ownHP=1.0000 tgtHP=-0.0009 target destroyed
total: 2
runner:local/env:0	num_steps=[6922] | total rewards=[744.0753] | termination= [target destroyed]
[seed 5] reward=   744.08 ownHP=1.0000 tgtHP=-0.0022 target destroyed
total: 2
runner:local/env:0	num_steps=[9047] | total rewards=[439.8103] | termination= [target destroyed]
[seed 6] reward=   439.81 ownHP=1.0000 tgtHP=-0.0004 target destroyed
total: 2
runner:local/env:0	num_steps=[4944] | total rewards=[732.8726] | termination= [target destroyed]
[seed 7] reward=   732.87 ownHP=1.0000 tgtHP=-0.0048 target destroyed
total: 2
runner:local/env:0	num_steps=[5735] | total rewards=[741.6580] | termination= [target destroyed]
[seed 8] reward=   741.66 ownHP=1.0000 tgtHP=-0.0024 target destroyed
total: 2
runner:local/env:0	num_steps=[7900] | total rewards=[458.0309] | termination= [target destroyed]
[seed 9] reward=   458.03 ownHP=1.0000 tgtHP=-0.0012 target destroyed
total: 2
runner:local/env:0	num_steps=[9088] | total rewards=[440.1482] | termination= [target destroyed]
[seed 10] reward=   440.15 ownHP=1.0000 tgtHP=-0.0060 target destroyed
total: 2
runner:local/env:0	num_steps=[4361] | total rewards=[705.5722] | termination= [target destroyed]
[seed 11] reward=   705.57 ownHP=1.0000 tgtHP=-0.0001 target destroyed
total: 2
runner:local/env:0	num_steps=[6015] | total rewards=[589.3712] | termination= [target destroyed]
[seed 12] reward=   589.37 ownHP=1.0000 tgtHP=-0.0032 target destroyed
total: 2
runner:local/env:0	num_steps=[5428] | total rewards=[584.7338] | termination= [target destroyed]
[seed 13] reward=   584.73 ownHP=1.0000 tgtHP=-0.0060 target destroyed
total: 2
runner:local/env:0	num_steps=[3409] | total rewards=[460.7624] | termination= [target destroyed]
[seed 14] reward=   460.76 ownHP=1.0000 tgtHP=-0.0061 target destroyed
Remove Space Complete.

[rehearsal own_rep=6 tgt_rep=6 seeds=15]
SUMMARY dealt=13.0454 taken=0.0000 mean_reward=485.88
tacview log saved (last episode)

=== divefree 완료 ===
