===== seed 1 =====
  [seed 1] reward=   352.86 ownHP=1.0000 tgtHP=1.0000 max time out SUMMARY dealt=0.0000 taken=0.0000 mean_reward=352.86 
틱 11999   사거리(152~914m) 체류 3893 (32.4%)
최소 ATA   우리   1.68도   상대  21.49도   (콘 1.0도)

사거리 안에서의 각도 분포                       우리           상대
  <= 1.0도 (득점)                  0   0.0%      0   0.0%
  1.0~2.0도 (아깝다)                0   0.0%      0   0.0%
  2.0~3.0도                      0   0.0%      0   0.0%
  > 3.0도 (멀다)                3893 100.0%   3893 100.0%

득점틱   우리 0   상대 0   동시(상쇄) 0
===== seed 4 =====
  [seed 4] reward=    60.14 ownHP=0.8609 tgtHP=1.0000 max time out SUMMARY dealt=0.0000 taken=0.1391 mean_reward=60.14 
틱 11999   사거리(152~914m) 체류 1682 (14.0%)
최소 ATA   우리   2.02도   상대   0.10도   (콘 1.0도)

사거리 안에서의 각도 분포                       우리           상대
  <= 1.0도 (득점)                  0   0.0%     20   1.2%
  1.0~2.0도 (아깝다)                0   0.0%     28   1.7%
  2.0~3.0도                      0   0.0%     25   1.5%
  > 3.0도 (멀다)                1682 100.0%   1609  95.7%

득점틱   우리 0   상대 20   동시(상쇄) 0
===== seed 7 =====
  [seed 7] reward=    60.47 ownHP=0.9650 tgtHP=0.9771 max time out SUMMARY dealt=0.0229 taken=0.0350 mean_reward=60.47 
틱 11999   사거리(152~914m) 체류 1668 (13.9%)
최소 ATA   우리   1.38도   상대   0.06도   (콘 1.0도)

사거리 안에서의 각도 분포                       우리           상대
  <= 1.0도 (득점)                  0   0.0%     13   0.8%
  1.0~2.0도 (아깝다)               14   0.8%     26   1.6%
  2.0~3.0도                     56   3.4%     14   0.8%
  > 3.0도 (멀다)                1598  95.8%   1615  96.8%

득점틱   우리 0   상대 13   동시(상쇄) 0
===== seed 10 =====
  [seed 10] reward=   485.01 ownHP=1.0000 tgtHP=1.0000 max time out SUMMARY dealt=0.0000 taken=0.0000 mean_reward=485.01 
틱 11999   사거리(152~914m) 체류 4324 (36.0%)
최소 ATA   우리   8.11도   상대  54.82도   (콘 1.0도)

사거리 안에서의 각도 분포                       우리           상대
  <= 1.0도 (득점)                  0   0.0%      0   0.0%
  1.0~2.0도 (아깝다)                0   0.0%      0   0.0%
  2.0~3.0도                      0   0.0%      0   0.0%
  > 3.0도 (멀다)                4324 100.0%   4324 100.0%

득점틱   우리 0   상대 0   동시(상쇄) 0
===== seed 13 =====
  [seed 13] reward=    35.59 ownHP=1.0000 tgtHP=1.0000 max time out SUMMARY dealt=0.0000 taken=0.0000 mean_reward=35.59 
틱 11999   사거리(152~914m) 체류 2094 (17.5%)
최소 ATA   우리   6.81도   상대   1.13도   (콘 1.0도)

사거리 안에서의 각도 분포                       우리           상대
  <= 1.0도 (득점)                  0   0.0%      0   0.0%
  1.0~2.0도 (아깝다)                0   0.0%     26   1.2%
  2.0~3.0도                      0   0.0%      3   0.1%
  > 3.0도 (멀다)                2094 100.0%   2065  98.6%

득점틱   우리 0   상대 0   동시(상쇄) 0
===== seed 16 =====
  [seed 16] reward=     8.93 ownHP=1.0000 tgtHP=1.0000 max time out SUMMARY dealt=0.0000 taken=0.0000 mean_reward=8.93 
틱 11999   사거리(152~914m) 체류 2502 (20.9%)
최소 ATA   우리   6.05도   상대   8.08도   (콘 1.0도)

사거리 안에서의 각도 분포                       우리           상대
  <= 1.0도 (득점)                  0   0.0%      0   0.0%
  1.0~2.0도 (아깝다)                0   0.0%      0   0.0%
  2.0~3.0도                      0   0.0%      0   0.0%
  > 3.0도 (멀다)                2502 100.0%   2502 100.0%

득점틱   우리 0   상대 0   동시(상쇄) 0
===== seed 19 =====
  [seed 19] reward=    31.96 ownHP=1.0000 tgtHP=1.0000 max time out SUMMARY dealt=0.0000 taken=0.0000 mean_reward=31.96 
틱 11999   사거리(152~914m) 체류 868 (7.2%)
최소 ATA   우리  17.51도   상대  49.85도   (콘 1.0도)

사거리 안에서의 각도 분포                       우리           상대
  <= 1.0도 (득점)                  0   0.0%      0   0.0%
  1.0~2.0도 (아깝다)                0   0.0%      0   0.0%
  2.0~3.0도                      0   0.0%      0   0.0%
  > 3.0도 (멀다)                 868 100.0%    868 100.0%

득점틱   우리 0   상대 0   동시(상쇄) 0
===== seed 22 =====
  [seed 22] reward=   -22.22 ownHP=1.0000 tgtHP=0.9883 max time out SUMMARY dealt=0.0117 taken=0.0000 mean_reward=-22.22 
틱 11999   사거리(152~914m) 체류 1485 (12.4%)
최소 ATA   우리   0.32도   상대   0.04도   (콘 1.0도)

사거리 안에서의 각도 분포                       우리           상대
  <= 1.0도 (득점)                  0   0.0%      0   0.0%
  1.0~2.0도 (아깝다)                9   0.6%      0   0.0%
  2.0~3.0도                     13   0.9%      0   0.0%
  > 3.0도 (멀다)                1463  98.5%   1485 100.0%

득점틱   우리 0   상대 0   동시(상쇄) 0
===== seed 25 =====
  [seed 25] reward=    37.68 ownHP=1.0000 tgtHP=1.0000 max time out SUMMARY dealt=0.0000 taken=0.0000 mean_reward=37.68 
틱 11999   사거리(152~914m) 체류 1241 (10.3%)
최소 ATA   우리   5.26도   상대  13.16도   (콘 1.0도)

사거리 안에서의 각도 분포                       우리           상대
  <= 1.0도 (득점)                  0   0.0%      0   0.0%
  1.0~2.0도 (아깝다)                0   0.0%      0   0.0%
  2.0~3.0도                      0   0.0%      0   0.0%
  > 3.0도 (멀다)                1241 100.0%   1241 100.0%

득점틱   우리 0   상대 0   동시(상쇄) 0
===== seed 28 =====
  [seed 28] reward=    84.11 ownHP=0.9744 tgtHP=1.0000 max time out SUMMARY dealt=0.0000 taken=0.0256 mean_reward=84.11 
틱 11999   사거리(152~914m) 체류 1602 (13.4%)
최소 ATA   우리   2.17도   상대   0.02도   (콘 1.0도)

사거리 안에서의 각도 분포                       우리           상대
  <= 1.0도 (득점)                  0   0.0%      8   0.5%
  1.0~2.0도 (아깝다)                0   0.0%     18   1.1%
  2.0~3.0도                      7   0.4%      5   0.3%
  > 3.0도 (멀다)                1595  99.6%   1571  98.1%

득점틱   우리 0   상대 8   동시(상쇄) 0
===== seed 31 =====
  [seed 31] reward=   -21.51 ownHP=1.0000 tgtHP=1.0000 max time out SUMMARY dealt=0.0000 taken=0.0000 mean_reward=-21.51 
틱 11999   사거리(152~914m) 체류 876 (7.3%)
최소 ATA   우리   0.86도   상대  27.34도   (콘 1.0도)

사거리 안에서의 각도 분포                       우리           상대
  <= 1.0도 (득점)                  0   0.0%      0   0.0%
  1.0~2.0도 (아깝다)                0   0.0%      0   0.0%
  2.0~3.0도                      0   0.0%      0   0.0%
  > 3.0도 (멀다)                 876 100.0%    876 100.0%

득점틱   우리 0   상대 0   동시(상쇄) 0
===== seed 34 =====
  [seed 34] reward=    70.99 ownHP=0.9729 tgtHP=0.9359 max time out SUMMARY dealt=0.0641 taken=0.0271 mean_reward=70.99 
틱 11999   사거리(152~914m) 체류 2028 (16.9%)
최소 ATA   우리   0.24도   상대   0.16도   (콘 1.0도)

사거리 안에서의 각도 분포                       우리           상대
  <= 1.0도 (득점)                  4   0.2%     14   0.7%
  1.0~2.0도 (아깝다)               11   0.5%      1   0.0%
  2.0~3.0도                      9   0.4%      2   0.1%
  > 3.0도 (멀다)                2004  98.8%   2011  99.2%

득점틱   우리 4   상대 14   동시(상쇄) 0
===== seed 37 =====
  [seed 37] reward=    66.81 ownHP=0.9840 tgtHP=0.9477 max time out SUMMARY dealt=0.0523 taken=0.0160 mean_reward=66.81 
틱 11999   사거리(152~914m) 체류 1854 (15.5%)
최소 ATA   우리   0.62도   상대   0.05도   (콘 1.0도)

사거리 안에서의 각도 분포                       우리           상대
  <= 1.0도 (득점)                  4   0.2%      6   0.3%
  1.0~2.0도 (아깝다)               16   0.9%      9   0.5%
  2.0~3.0도                     17   0.9%      4   0.2%
  > 3.0도 (멀다)                1817  98.0%   1835  99.0%

득점틱   우리 4   상대 6   동시(상쇄) 0
===== seed 40 =====
  [seed 40] reward=   104.67 ownHP=0.9483 tgtHP=1.0000 max time out SUMMARY dealt=0.0000 taken=0.0517 mean_reward=104.67 
틱 11999   사거리(152~914m) 체류 2273 (18.9%)
최소 ATA   우리   3.61도   상대   1.97도   (콘 1.0도)

사거리 안에서의 각도 분포                       우리           상대
  <= 1.0도 (득점)                  0   0.0%      0   0.0%
  1.0~2.0도 (아깝다)                0   0.0%      4   0.2%
  2.0~3.0도                      0   0.0%     31   1.4%
  > 3.0도 (멀다)                2273 100.0%   2238  98.5%

득점틱   우리 0   상대 0   동시(상쇄) 0
===== seed 43 =====
  [seed 43] reward=    15.57 ownHP=0.8132 tgtHP=1.0000 max time out SUMMARY dealt=0.0000 taken=0.1868 mean_reward=15.57 
틱 11999   사거리(152~914m) 체류 2619 (21.8%)
최소 ATA   우리   0.34도   상대   0.14도   (콘 1.0도)

사거리 안에서의 각도 분포                       우리           상대
  <= 1.0도 (득점)                  0   0.0%     21   0.8%
  1.0~2.0도 (아깝다)                3   0.1%     72   2.7%
  2.0~3.0도                     23   0.9%      8   0.3%
  > 3.0도 (멀다)                2593  99.0%   2518  96.1%

득점틱   우리 0   상대 21   동시(상쇄) 0
===== DONE AIP_yuno.dll =====
