===== seed 1 =====
  [seed 1] reward=   820.94 ownHP=1.0000 tgtHP=-0.0089 target destroyed SUMMARY dealt=1.0089 taken=0.0000 mean_reward=820.94 
틱 6367   사거리(152~914m) 체류 4201 (66.0%)
최소 ATA   우리   0.14도   상대  57.27도   (콘 1.0도)

사거리 안에서의 각도 분포                       우리           상대
  <= 1.0도 (득점)                156   3.7%      0   0.0%
  1.0~2.0도 (아깝다)              342   8.1%      0   0.0%
  2.0~3.0도                    409   9.7%      0   0.0%
  > 3.0도 (멀다)                3294  78.4%   4201 100.0%

득점틱   우리 156   상대 0   동시(상쇄) 0
===== seed 4 =====
  [seed 4] reward=   374.08 ownHP=1.0000 tgtHP=0.1292 target altitude below min SUMMARY dealt=0.8708 taken=0.0000 mean_reward=374.08 
틱 11999   사거리(152~914m) 체류 3893 (32.4%)
최소 ATA   우리   1.68도   상대  21.49도   (콘 1.0도)

사거리 안에서의 각도 분포                       우리           상대
  <= 1.0도 (득점)                  0   0.0%      0   0.0%
  1.0~2.0도 (아깝다)                0   0.0%      0   0.0%
  2.0~3.0도                      0   0.0%      0   0.0%
  > 3.0도 (멀다)                3893 100.0%   3893 100.0%

득점틱   우리 0   상대 0   동시(상쇄) 0
===== seed 7 =====
  [seed 7] reward=   847.61 ownHP=1.0000 tgtHP=0.3577 max time out SUMMARY dealt=0.6423 taken=0.0000 mean_reward=847.61 
틱 11999   사거리(152~914m) 체류 1996 (16.6%)
최소 ATA   우리   0.06도   상대  30.60도   (콘 1.0도)

사거리 안에서의 각도 분포                       우리           상대
  <= 1.0도 (득점)                210  10.5%      0   0.0%
  1.0~2.0도 (아깝다)              137   6.9%      0   0.0%
  2.0~3.0도                    211  10.6%      0   0.0%
  > 3.0도 (멀다)                1438  72.0%   1996 100.0%

득점틱   우리 210   상대 0   동시(상쇄) 0
===== seed 10 =====
  [seed 10] reward=   548.73 ownHP=1.0000 tgtHP=-0.0014 target destroyed SUMMARY dealt=1.0014 taken=0.0000 mean_reward=548.73 
틱 4260   사거리(152~914m) 체류 716 (16.8%)
최소 ATA   우리   0.02도   상대  57.49도   (콘 1.0도)

사거리 안에서의 각도 분포                       우리           상대
  <= 1.0도 (득점)                154  21.5%      0   0.0%
  1.0~2.0도 (아깝다)               54   7.5%      0   0.0%
  2.0~3.0도                     14   2.0%      0   0.0%
  > 3.0도 (멀다)                 494  69.0%    716 100.0%

득점틱   우리 154   상대 0   동시(상쇄) 0
===== seed 13 =====
  [seed 13] reward=   541.36 ownHP=1.0000 tgtHP=-0.0009 target destroyed SUMMARY dealt=1.0009 taken=0.0000 mean_reward=541.36 
틱 6186   사거리(152~914m) 체류 803 (13.0%)
최소 ATA   우리   0.00도   상대  32.92도   (콘 1.0도)

사거리 안에서의 각도 분포                       우리           상대
  <= 1.0도 (득점)                183  22.8%      0   0.0%
  1.0~2.0도 (아깝다)              152  18.9%      0   0.0%
  2.0~3.0도                     20   2.5%      0   0.0%
  > 3.0도 (멀다)                 448  55.8%    803 100.0%

득점틱   우리 183   상대 0   동시(상쇄) 0
===== seed 16 =====
  [seed 16] reward=   886.16 ownHP=1.0000 tgtHP=0.8472 max time out SUMMARY dealt=0.1528 taken=0.0000 mean_reward=886.16 
틱 11999   사거리(152~914m) 체류 7130 (59.4%)
최소 ATA   우리   0.07도   상대  18.75도   (콘 1.0도)

사거리 안에서의 각도 분포                       우리           상대
  <= 1.0도 (득점)                 12   0.2%      0   0.0%
  1.0~2.0도 (아깝다)               93   1.3%      0   0.0%
  2.0~3.0도                    163   2.3%      0   0.0%
  > 3.0도 (멀다)                6862  96.2%   7130 100.0%

득점틱   우리 12   상대 0   동시(상쇄) 0
===== seed 19 =====
  [seed 19] reward=  1033.38 ownHP=1.0000 tgtHP=-0.0001 target destroyed SUMMARY dealt=1.0001 taken=0.0000 mean_reward=1033.38 
틱 11027   사거리(152~914m) 체류 5810 (52.7%)
최소 ATA   우리   0.07도   상대  14.14도   (콘 1.0도)

사거리 안에서의 각도 분포                       우리           상대
  <= 1.0도 (득점)                 71   1.2%      0   0.0%
  1.0~2.0도 (아깝다)              216   3.7%      0   0.0%
  2.0~3.0도                    276   4.8%      0   0.0%
  > 3.0도 (멀다)                5247  90.3%   5810 100.0%

득점틱   우리 71   상대 0   동시(상쇄) 0
===== seed 22 =====
  [seed 22] reward=   667.64 ownHP=1.0000 tgtHP=-0.0038 target destroyed SUMMARY dealt=1.0038 taken=0.0000 mean_reward=667.64 
틱 10346   사거리(152~914m) 체류 3660 (35.4%)
최소 ATA   우리   0.05도   상대  22.30도   (콘 1.0도)

사거리 안에서의 각도 분포                       우리           상대
  <= 1.0도 (득점)                365  10.0%      0   0.0%
  1.0~2.0도 (아깝다)              146   4.0%      0   0.0%
  2.0~3.0도                    256   7.0%      0   0.0%
  > 3.0도 (멀다)                2893  79.0%   3660 100.0%

득점틱   우리 365   상대 0   동시(상쇄) 0
===== DONE AIP_jung.dll =====
