########## j1 / ë¼ìš´ë“œ2 / OBFM_RED / jh2 ##########


     JSBSim Flight Dynamics Model v1.0.0 May 27 2026 16:13:38
init ID:1 Lat37.92355643001773 Lon128.18188127777776 Alt(meter)7000.0785355893395 Speed(m/sec)300.0
init ID:1 Lat37.96855377446113 Lon128.18188127777776 Alt(meter)7002.8272734023885 Speed(m/sec)300.0
[match] seed 1 OBFM_RED round2 sep=762m alt=1546m spd=217m/s aoff=30deg
            [JSBSim-ML v2.0]

JSBSim startup beginning ...

total: 2
Behavior Tree Initialized Successfully
Behavior Tree Initialized Successfully
[DUTY] team=1 ticks=600 v27Á¾¸»Á¶ÁØ=0% v21¹ğÅ©¿¹Ãø=88.3333% v17±ËµµÁ¶°Ç=97.6667% v17½½·ÔÀû¿ë=0% »ó½ÂÅ¬·¥ÇÁ=0% °­ÇÏÅ¬·¥ÇÁ=0.5% v23bÁ¶°Ç=0% v23b½ÇÁ¦Àû¿ë=0% J±³¶õÀû¿ë=49.5%
[DUTY] team=1 ticks=1200 v27Á¾¸»Á¶ÁØ=0% v21¹ğÅ©¿¹Ãø=88.0833% v17±ËµµÁ¶°Ç=98.75% v17½½·ÔÀû¿ë=6.5% »ó½ÂÅ¬·¥ÇÁ=0% °­ÇÏÅ¬·¥ÇÁ=4.83333% v23bÁ¶°Ç=4.91667% v23b½ÇÁ¦Àû¿ë=4.58333% J±³¶õÀû¿ë=24.75%
[DUTY] team=1 ticks=1800 v27Á¾¸»Á¶ÁØ=0% v21¹ğÅ©¿¹Ãø=88.7222% v17±ËµµÁ¶°Ç=99.1111% v17½½·ÔÀû¿ë=4.38889% »ó½ÂÅ¬·¥ÇÁ=0% °­ÇÏÅ¬·¥ÇÁ=8.83333% v23bÁ¶°Ç=12% v23b½ÇÁ¦Àû¿ë=10.8889% J±³¶õÀû¿ë=16.5%
runner:local/env:0	num_steps=[11999] | total rewards=[-119.9482] | termination= [max time out]
[seed 1] reward=  -119.95 ownHP=0.9477 tgtHP=1.0000 max time out
Remove Space Complete.

[rehearsal own_rep=6 tgt_rep=6 seeds=1]
SUMMARY dealt=0.0000 taken=0.0523 mean_reward=-119.95
tacview log saved (last episode)
STAMP j1 ë¼ìš´ë“œ2 seed1 2026_8_13_16_59_25


     JSBSim Flight Dynamics Model v1.0.0 May 27 2026 16:13:38
init ID:1 Lat37.92355643001773 Lon128.18188127777776 Alt(meter)7000.0785355893395 Speed(m/sec)300.0
init ID:1 Lat37.96855377446113 Lon128.18188127777776 Alt(meter)7002.8272734023885 Speed(m/sec)300.0
[match] seed 4 OBFM_RED round2 sep=762m alt=6887m spd=297m/s aoff=30deg
            [JSBSim-ML v2.0]

JSBSim startup beginning ...

total: 2
Behavior Tree Initialized Successfully
Behavior Tree Initialized Successfully
[DUTY] team=1 ticks=600 v27Á¾¸»Á¶ÁØ=0% v21¹ğÅ©¿¹Ãø=86% v17±ËµµÁ¶°Ç=97.6667% v17½½·ÔÀû¿ë=2.5% »ó½ÂÅ¬·¥ÇÁ=0% °­ÇÏÅ¬·¥ÇÁ=2.66667% v23bÁ¶°Ç=20.1667% v23b½ÇÁ¦Àû¿ë=20.1667% J±³¶õÀû¿ë=53%
[DUTY] team=1 ticks=1200 v27Á¾¸»Á¶ÁØ=1.08333% v21¹ğÅ©¿¹Ãø=89.1667% v17±ËµµÁ¶°Ç=96.25% v17½½·ÔÀû¿ë=42.8333% »ó½ÂÅ¬·¥ÇÁ=0% °­ÇÏÅ¬·¥ÇÁ=8.16667% v23bÁ¶°Ç=19.5% v23b½ÇÁ¦Àû¿ë=19.5% J±³¶õÀû¿ë=26.5%
runner:local/env:0	num_steps=[9337] | total rewards=[546.3521] | termination= [target destroyed]
[seed 4] reward=   546.35 ownHP=0.6716 tgtHP=-0.0019 target destroyed
Remove Space Complete.

[rehearsal own_rep=6 tgt_rep=6 seeds=1]
SUMMARY dealt=1.0019 taken=0.3284 mean_reward=546.35
tacview log saved (last episode)
STAMP j1 ë¼ìš´ë“œ2 seed4 2026_8_13_16_59_48


     JSBSim Flight Dynamics Model v1.0.0 May 27 2026 16:13:38
init ID:1 Lat37.92355643001773 Lon128.18188127777776 Alt(meter)7000.0785355893395 Speed(m/sec)300.0
init ID:1 Lat37.96855377446113 Lon128.18188127777776 Alt(meter)7002.8272734023885 Speed(m/sec)300.0
[match] seed 7 OBFM_RED round2 sep=762m alt=9121m spd=249m/s aoff=30deg
            [JSBSim-ML v2.0]

JSBSim startup beginning ...

total: 2
Behavior Tree Initialized Successfully
Behavior Tree Initialized Successfully
runner:local/env:0	num_steps=[3733] | total rewards=[-157.9307] | termination= [ownship destroyed]
[seed 7] reward=  -157.93 ownHP=-0.0137 tgtHP=1.0000 ownship destroyed
Remove Space Complete.

[rehearsal own_rep=6 tgt_rep=6 seeds=1]
SUMMARY dealt=0.0000 taken=1.0137 mean_reward=-157.93
tacview log saved (last episode)
STAMP j1 ë¼ìš´ë“œ2 seed7 2026_8_13_17_0_0


     JSBSim Flight Dynamics Model v1.0.0 May 27 2026 16:13:38
init ID:1 Lat37.92355643001773 Lon128.18188127777776 Alt(meter)7000.0785355893395 Speed(m/sec)300.0
init ID:1 Lat37.96855377446113 Lon128.18188127777776 Alt(meter)7002.8272734023885 Speed(m/sec)300.0
[match] seed 10 OBFM_RED round2 sep=762m alt=3219m spd=234m/s aoff=30deg
            [JSBSim-ML v2.0]

JSBSim startup beginning ...

total: 2
Behavior Tree Initialized Successfully
Behavior Tree Initialized Successfully
[DUTY] team=1 ticks=600 v27Á¾¸»Á¶ÁØ=3% v21¹ğÅ©¿¹Ãø=83.5% v17±ËµµÁ¶°Ç=97.1667% v17½½·ÔÀû¿ë=42.1667% »ó½ÂÅ¬·¥ÇÁ=0% °­ÇÏÅ¬·¥ÇÁ=5.83333% v23bÁ¶°Ç=8.5% v23b½ÇÁ¦Àû¿ë=4% J±³¶õÀû¿ë=27%
[DUTY] team=1 ticks=1200 v27Á¾¸»Á¶ÁØ=1.66667% v21¹ğÅ©¿¹Ãø=75.1667% v17±ËµµÁ¶°Ç=86% v17½½·ÔÀû¿ë=54.5833% »ó½ÂÅ¬·¥ÇÁ=0% °­ÇÏÅ¬·¥ÇÁ=22.3333% v23bÁ¶°Ç=5.16667% v23b½ÇÁ¦Àû¿ë=2.91667% J±³¶õÀû¿ë=13.5%
runner:local/env:0	num_steps=[9249] | total rewards=[516.4709] | termination= [target altitude below min]
[seed 10] reward=   516.47 ownHP=1.0000 tgtHP=0.4152 target altitude below min
Remove Space Complete.

[rehearsal own_rep=6 tgt_rep=6 seeds=1]
SUMMARY dealt=0.5848 taken=0.0000 mean_reward=516.47
tacview log saved (last episode)
STAMP j1 ë¼ìš´ë“œ2 seed10 2026_8_13_17_0_23


     JSBSim Flight Dynamics Model v1.0.0 May 27 2026 16:13:38
init ID:1 Lat37.92355643001773 Lon128.18188127777776 Alt(meter)7000.0785355893395 Speed(m/sec)300.0
init ID:1 Lat37.96855377446113 Lon128.18188127777776 Alt(meter)7002.8272734023885 Speed(m/sec)300.0
[match] seed 13 OBFM_RED round2 sep=762m alt=5807m spd=237m/s aoff=30deg
            [JSBSim-ML v2.0]

JSBSim startup beginning ...

total: 2
Behavior Tree Initialized Successfully
Behavior Tree Initialized Successfully
[DUTY] team=1 ticks=600 v27Á¾¸»Á¶ÁØ=2.5% v21¹ğÅ©¿¹Ãø=88.1667% v17±ËµµÁ¶°Ç=97.8333% v17½½·ÔÀû¿ë=37.5% »ó½ÂÅ¬·¥ÇÁ=0% °­ÇÏÅ¬·¥ÇÁ=14.3333% v23bÁ¶°Ç=14.1667% v23b½ÇÁ¦Àû¿ë=14.1667% J±³¶õÀû¿ë=29%
[DUTY] team=1 ticks=1200 v27Á¾¸»Á¶ÁØ=3.25% v21¹ğÅ©¿¹Ãø=90.3333% v17±ËµµÁ¶°Ç=95.4167% v17½½·ÔÀû¿ë=62.5833% »ó½ÂÅ¬·¥ÇÁ=0% °­ÇÏÅ¬·¥ÇÁ=28% v23bÁ¶°Ç=13.1667% v23b½ÇÁ¦Àû¿ë=7.25% J±³¶õÀû¿ë=14.5%
[DUTY] team=1 ticks=1800 v27Á¾¸»Á¶ÁØ=22% v21¹ğÅ©¿¹Ãø=89.1667% v17±ËµµÁ¶°Ç=93.1111% v17½½·ÔÀû¿ë=71.2222% »ó½ÂÅ¬·¥ÇÁ=0% °­ÇÏÅ¬·¥ÇÁ=21.8333% v23bÁ¶°Ç=17.0556% v23b½ÇÁ¦Àû¿ë=13.1111% J±³¶õÀû¿ë=9.66667%
runner:local/env:0	num_steps=[11999] | total rewards=[778.6542] | termination= [max time out]
[seed 13] reward=   778.65 ownHP=0.7392 tgtHP=0.3578 max time out
Remove Space Complete.

[rehearsal own_rep=6 tgt_rep=6 seeds=1]
SUMMARY dealt=0.6422 taken=0.2608 mean_reward=778.65
tacview log saved (last episode)
STAMP j1 ë¼ìš´ë“œ2 seed13 2026_8_13_17_0_49


     JSBSim Flight Dynamics Model v1.0.0 May 27 2026 16:13:38
init ID:1 Lat37.92355643001773 Lon128.18188127777776 Alt(meter)7000.0785355893395 Speed(m/sec)300.0
init ID:1 Lat37.96855377446113 Lon128.18188127777776 Alt(meter)7002.8272734023885 Speed(m/sec)300.0
[match] seed 16 OBFM_RED round2 sep=762m alt=2265m spd=227m/s aoff=30deg
            [JSBSim-ML v2.0]

JSBSim startup beginning ...

total: 2
Behavior Tree Initialized Successfully
Behavior Tree Initialized Successfully
[DUTY] team=1 ticks=600 v27Á¾¸»Á¶ÁØ=2% v21¹ğÅ©¿¹Ãø=79.3333% v17±ËµµÁ¶°Ç=97.5% v17½½·ÔÀû¿ë=34.6667% »ó½ÂÅ¬·¥ÇÁ=0% °­ÇÏÅ¬·¥ÇÁ=3.66667% v23bÁ¶°Ç=0% v23b½ÇÁ¦Àû¿ë=0% J±³¶õÀû¿ë=27.6667%
[DUTY] team=1 ticks=1200 v27Á¾¸»Á¶ÁØ=1.41667% v21¹ğÅ©¿¹Ãø=87.9167% v17±ËµµÁ¶°Ç=88.8333% v17½½·ÔÀû¿ë=51.1667% »ó½ÂÅ¬·¥ÇÁ=0% °­ÇÏÅ¬·¥ÇÁ=22.1667% v23bÁ¶°Ç=7.75% v23b½ÇÁ¦Àû¿ë=7.75% J±³¶õÀû¿ë=13.8333%
runner:local/env:0	num_steps=[10106] | total rewards=[618.5109] | termination= [target destroyed]
[seed 16] reward=   618.51 ownHP=1.0000 tgtHP=-0.0018 target destroyed
Remove Space Complete.

[rehearsal own_rep=6 tgt_rep=6 seeds=1]
SUMMARY dealt=1.0018 taken=0.0000 mean_reward=618.51
tacview log saved (last episode)
STAMP j1 ë¼ìš´ë“œ2 seed16 2026_8_13_17_1_12


     JSBSim Flight Dynamics Model v1.0.0 May 27 2026 16:13:38
init ID:1 Lat37.92355643001773 Lon128.18188127777776 Alt(meter)7000.0785355893395 Speed(m/sec)300.0
init ID:1 Lat37.96855377446113 Lon128.18188127777776 Alt(meter)7002.8272734023885 Speed(m/sec)300.0
[match] seed 19 OBFM_RED round2 sep=762m alt=3204m spd=230m/s aoff=30deg
            [JSBSim-ML v2.0]

JSBSim startup beginning ...

total: 2
Behavior Tree Initialized Successfully
Behavior Tree Initialized Successfully
[DUTY] team=1 ticks=600 v27Á¾¸»Á¶ÁØ=2.33333% v21¹ğÅ©¿¹Ãø=79.6667% v17±ËµµÁ¶°Ç=97% v17½½·ÔÀû¿ë=44.6667% »ó½ÂÅ¬·¥ÇÁ=0% °­ÇÏÅ¬·¥ÇÁ=4.33333% v23bÁ¶°Ç=8.5% v23b½ÇÁ¦Àû¿ë=7.66667% J±³¶õÀû¿ë=31.8333%
[DUTY] team=1 ticks=1200 v27Á¾¸»Á¶ÁØ=2.16667% v21¹ğÅ©¿¹Ãø=87.4167% v17±ËµµÁ¶°Ç=98.0833% v17½½·ÔÀû¿ë=62.6667% »ó½ÂÅ¬·¥ÇÁ=0% °­ÇÏÅ¬·¥ÇÁ=14.4167% v23bÁ¶°Ç=13.25% v23b½ÇÁ¦Àû¿ë=12.8333% J±³¶õÀû¿ë=15.9167%
runner:local/env:0	num_steps=[8809] | total rewards=[368.2483] | termination= [target destroyed]
[seed 19] reward=   368.25 ownHP=0.6446 tgtHP=-0.0013 target destroyed
Remove Space Complete.

[rehearsal own_rep=6 tgt_rep=6 seeds=1]
SUMMARY dealt=1.0013 taken=0.3554 mean_reward=368.25
tacview log saved (last episode)
STAMP j1 ë¼ìš´ë“œ2 seed19 2026_8_13_17_1_32


     JSBSim Flight Dynamics Model v1.0.0 May 27 2026 16:13:38
init ID:1 Lat37.92355643001773 Lon128.18188127777776 Alt(meter)7000.0785355893395 Speed(m/sec)300.0
init ID:1 Lat37.96855377446113 Lon128.18188127777776 Alt(meter)7002.8272734023885 Speed(m/sec)300.0
[match] seed 22 OBFM_RED round2 sep=762m alt=7582m spd=260m/s aoff=30deg
            [JSBSim-ML v2.0]

JSBSim startup beginning ...

total: 2
Behavior Tree Initialized Successfully
Behavior Tree Initialized Successfully
runner:local/env:0	num_steps=[3452] | total rewards=[-155.0741] | termination= [ownship destroyed]
[seed 22] reward=  -155.07 ownHP=-0.0135 tgtHP=1.0000 ownship destroyed
Remove Space Complete.

[rehearsal own_rep=6 tgt_rep=6 seeds=1]
SUMMARY dealt=0.0000 taken=1.0135 mean_reward=-155.07
tacview log saved (last episode)
STAMP j1 ë¼ìš´ë“œ2 seed22 2026_8_13_17_1_43


     JSBSim Flight Dynamics Model v1.0.0 May 27 2026 16:13:38
init ID:1 Lat37.92355643001773 Lon128.18188127777776 Alt(meter)7000.0785355893395 Speed(m/sec)300.0
init ID:1 Lat37.96855377446113 Lon128.18188127777776 Alt(meter)7002.8272734023885 Speed(m/sec)300.0
[match] seed 25 OBFM_RED round2 sep=762m alt=5320m spd=222m/s aoff=30deg
            [JSBSim-ML v2.0]

JSBSim startup beginning ...

total: 2
Behavior Tree Initialized Successfully
Behavior Tree Initialized Successfully
[DUTY] team=1 ticks=600 v27Á¾¸»Á¶ÁØ=0.166667% v21¹ğÅ©¿¹Ãø=78.8333% v17±ËµµÁ¶°Ç=98% v17½½·ÔÀû¿ë=21.1667% »ó½ÂÅ¬·¥ÇÁ=0% °­ÇÏÅ¬·¥ÇÁ=10.5% v23bÁ¶°Ç=15.3333% v23b½ÇÁ¦Àû¿ë=15.3333% J±³¶õÀû¿ë=31.6667%
[DUTY] team=1 ticks=1200 v27Á¾¸»Á¶ÁØ=1% v21¹ğÅ©¿¹Ãø=87.8333% v17±ËµµÁ¶°Ç=98.75% v17½½·ÔÀû¿ë=48.75% »ó½ÂÅ¬·¥ÇÁ=0% °­ÇÏÅ¬·¥ÇÁ=27% v23bÁ¶°Ç=9.33333% v23b½ÇÁ¦Àû¿ë=8.16667% J±³¶õÀû¿ë=15.8333%
[DUTY] team=1 ticks=1800 v27Á¾¸»Á¶ÁØ=9.61111% v21¹ğÅ©¿¹Ãø=82.7778% v17±ËµµÁ¶°Ç=91.1111% v17½½·ÔÀû¿ë=57.7778% »ó½ÂÅ¬·¥ÇÁ=0% °­ÇÏÅ¬·¥ÇÁ=29.7778% v23bÁ¶°Ç=11.4444% v23b½ÇÁ¦Àû¿ë=10.6667% J±³¶õÀû¿ë=10.5556%
runner:local/env:0	num_steps=[11889] | total rewards=[696.6496] | termination= [target destroyed]
[seed 25] reward=   696.65 ownHP=0.9053 tgtHP=-0.0016 target destroyed
Remove Space Complete.

[rehearsal own_rep=6 tgt_rep=6 seeds=1]
SUMMARY dealt=1.0016 taken=0.0947 mean_reward=696.65
tacview log saved (last episode)
STAMP j1 ë¼ìš´ë“œ2 seed25 2026_8_13_17_2_9


     JSBSim Flight Dynamics Model v1.0.0 May 27 2026 16:13:38
init ID:1 Lat37.92355643001773 Lon128.18188127777776 Alt(meter)7000.0785355893395 Speed(m/sec)300.0
init ID:1 Lat37.96855377446113 Lon128.18188127777776 Alt(meter)7002.8272734023885 Speed(m/sec)300.0
[match] seed 28 OBFM_RED round2 sep=762m alt=8944m spd=211m/s aoff=30deg
            [JSBSim-ML v2.0]

JSBSim startup beginning ...

total: 2
Behavior Tree Initialized Successfully
Behavior Tree Initialized Successfully
[DUTY] team=1 ticks=600 v27Á¾¸»Á¶ÁØ=0.333333% v21¹ğÅ©¿¹Ãø=87.8333% v17±ËµµÁ¶°Ç=98% v17½½·ÔÀû¿ë=9.83333% »ó½ÂÅ¬·¥ÇÁ=0% °­ÇÏÅ¬·¥ÇÁ=6% v23bÁ¶°Ç=21.3333% v23b½ÇÁ¦Àû¿ë=21% J±³¶õÀû¿ë=51.3333%
[DUTY] team=1 ticks=1200 v27Á¾¸»Á¶ÁØ=2.08333% v21¹ğÅ©¿¹Ãø=92.25% v17±ËµµÁ¶°Ç=98.5833% v17½½·ÔÀû¿ë=47.6667% »ó½ÂÅ¬·¥ÇÁ=0% °­ÇÏÅ¬·¥ÇÁ=14.4167% v23bÁ¶°Ç=10.6667% v23b½ÇÁ¦Àû¿ë=10.5% J±³¶õÀû¿ë=25.6667%
runner:local/env:0	num_steps=[10297] | total rewards=[584.3224] | termination= [target destroyed]
[seed 28] reward=   584.32 ownHP=0.7117 tgtHP=-0.0004 target destroyed
Remove Space Complete.

[rehearsal own_rep=6 tgt_rep=6 seeds=1]
SUMMARY dealt=1.0004 taken=0.2883 mean_reward=584.32
tacview log saved (last episode)
STAMP j1 ë¼ìš´ë“œ2 seed28 2026_8_13_17_2_32


     JSBSim Flight Dynamics Model v1.0.0 May 27 2026 16:13:38
init ID:1 Lat37.92355643001773 Lon128.18188127777776 Alt(meter)7000.0785355893395 Speed(m/sec)300.0
init ID:1 Lat37.96855377446113 Lon128.18188127777776 Alt(meter)7002.8272734023885 Speed(m/sec)300.0
[match] seed 31 OBFM_RED round2 sep=762m alt=8199m spd=261m/s aoff=30deg
            [JSBSim-ML v2.0]

JSBSim startup beginning ...

total: 2
Behavior Tree Initialized Successfully
Behavior Tree Initialized Successfully
[DUTY] team=1 ticks=600 v27Á¾¸»Á¶ÁØ=0% v21¹ğÅ©¿¹Ãø=82.3333% v17±ËµµÁ¶°Ç=97.6667% v17½½·ÔÀû¿ë=0% »ó½ÂÅ¬·¥ÇÁ=0% °­ÇÏÅ¬·¥ÇÁ=5.5% v23bÁ¶°Ç=32.3333% v23b½ÇÁ¦Àû¿ë=23.8333% J±³¶õÀû¿ë=57.8333%
[DUTY] team=1 ticks=1200 v27Á¾¸»Á¶ÁØ=0.583333% v21¹ğÅ©¿¹Ãø=81.8333% v17±ËµµÁ¶°Ç=98.5833% v17½½·ÔÀû¿ë=11.5833% »ó½ÂÅ¬·¥ÇÁ=0% °­ÇÏÅ¬·¥ÇÁ=14.0833% v23bÁ¶°Ç=30.25% v23b½ÇÁ¦Àû¿ë=21.5% J±³¶õÀû¿ë=28.9167%
[DUTY] team=1 ticks=1800 v27Á¾¸»Á¶ÁØ=2.66667% v21¹ğÅ©¿¹Ãø=84.8889% v17±ËµµÁ¶°Ç=98.7778% v17½½·ÔÀû¿ë=38.7222% »ó½ÂÅ¬·¥ÇÁ=0% °­ÇÏÅ¬·¥ÇÁ=13.3889% v23bÁ¶°Ç=20.1667% v23b½ÇÁ¦Àû¿ë=14.3333% J±³¶õÀû¿ë=19.2778%
runner:local/env:0	num_steps=[11999] | total rewards=[94.5095] | termination= [max time out]
[seed 31] reward=    94.51 ownHP=0.2437 tgtHP=0.9490 max time out
Remove Space Complete.

[rehearsal own_rep=6 tgt_rep=6 seeds=1]
SUMMARY dealt=0.0510 taken=0.7563 mean_reward=94.51
tacview log saved (last episode)
STAMP j1 ë¼ìš´ë“œ2 seed31 2026_8_13_17_2_57


     JSBSim Flight Dynamics Model v1.0.0 May 27 2026 16:13:38
init ID:1 Lat37.92355643001773 Lon128.18188127777776 Alt(meter)7000.0785355893395 Speed(m/sec)300.0
init ID:1 Lat37.96855377446113 Lon128.18188127777776 Alt(meter)7002.8272734023885 Speed(m/sec)300.0
[match] seed 34 OBFM_RED round2 sep=762m alt=8102m spd=299m/s aoff=30deg
            [JSBSim-ML v2.0]

JSBSim startup beginning ...

total: 2
Behavior Tree Initialized Successfully
Behavior Tree Initialized Successfully
runner:local/env:0	num_steps=[3149] | total rewards=[-151.7951] | termination= [ownship destroyed]
[seed 34] reward=  -151.80 ownHP=-0.0011 tgtHP=1.0000 ownship destroyed
Remove Space Complete.

[rehearsal own_rep=6 tgt_rep=6 seeds=1]
SUMMARY dealt=0.0000 taken=1.0011 mean_reward=-151.80
tacview log saved (last episode)
STAMP j1 ë¼ìš´ë“œ2 seed34 2026_8_13_17_3_8


     JSBSim Flight Dynamics Model v1.0.0 May 27 2026 16:13:38
init ID:1 Lat37.92355643001773 Lon128.18188127777776 Alt(meter)7000.0785355893395 Speed(m/sec)300.0
init ID:1 Lat37.96855377446113 Lon128.18188127777776 Alt(meter)7002.8272734023885 Speed(m/sec)300.0
[match] seed 37 OBFM_RED round2 sep=762m alt=7453m spd=295m/s aoff=30deg
            [JSBSim-ML v2.0]

JSBSim startup beginning ...

total: 2
Behavior Tree Initialized Successfully
Behavior Tree Initialized Successfully
[DUTY] team=1 ticks=600 v27Á¾¸»Á¶ÁØ=0% v21¹ğÅ©¿¹Ãø=77.8333% v17±ËµµÁ¶°Ç=98% v17½½·ÔÀû¿ë=0% »ó½ÂÅ¬·¥ÇÁ=0% °­ÇÏÅ¬·¥ÇÁ=0% v23bÁ¶°Ç=0% v23b½ÇÁ¦Àû¿ë=0% J±³¶õÀû¿ë=75%
runner:local/env:0	num_steps=[4978] | total rewards=[-170.3228] | termination= [ownship destroyed]
[seed 37] reward=  -170.32 ownHP=-0.0110 tgtHP=1.0000 ownship destroyed
Remove Space Complete.

[rehearsal own_rep=6 tgt_rep=6 seeds=1]
SUMMARY dealt=0.0000 taken=1.0110 mean_reward=-170.32
tacview log saved (last episode)
STAMP j1 ë¼ìš´ë“œ2 seed37 2026_8_13_17_3_22


     JSBSim Flight Dynamics Model v1.0.0 May 27 2026 16:13:38
init ID:1 Lat37.92355643001773 Lon128.18188127777776 Alt(meter)7000.0785355893395 Speed(m/sec)300.0
init ID:1 Lat37.96855377446113 Lon128.18188127777776 Alt(meter)7002.8272734023885 Speed(m/sec)300.0
[match] seed 40 OBFM_RED round2 sep=762m alt=6516m spd=218m/s aoff=30deg
            [JSBSim-ML v2.0]

JSBSim startup beginning ...

total: 2
Behavior Tree Initialized Successfully
Behavior Tree Initialized Successfully
[DUTY] team=1 ticks=600 v27Á¾¸»Á¶ÁØ=0% v21¹ğÅ©¿¹Ãø=82.6667% v17±ËµµÁ¶°Ç=97.6667% v17½½·ÔÀû¿ë=2% »ó½ÂÅ¬·¥ÇÁ=0% °­ÇÏÅ¬·¥ÇÁ=8.5% v23bÁ¶°Ç=21.6667% v23b½ÇÁ¦Àû¿ë=15.1667% J±³¶õÀû¿ë=41.1667%
[DUTY] team=1 ticks=1200 v27Á¾¸»Á¶ÁØ=0.583333% v21¹ğÅ©¿¹Ãø=87.75% v17±ËµµÁ¶°Ç=98.75% v17½½·ÔÀû¿ë=24.25% »ó½ÂÅ¬·¥ÇÁ=0% °­ÇÏÅ¬·¥ÇÁ=23.25% v23bÁ¶°Ç=10.8333% v23b½ÇÁ¦Àû¿ë=7.58333% J±³¶õÀû¿ë=20.5833%
runner:local/env:0	num_steps=[10836] | total rewards=[285.1933] | termination= [target destroyed]
[seed 40] reward=   285.19 ownHP=0.9531 tgtHP=-0.0040 target destroyed
Remove Space Complete.

[rehearsal own_rep=6 tgt_rep=6 seeds=1]
SUMMARY dealt=1.0040 taken=0.0469 mean_reward=285.19
tacview log saved (last episode)
STAMP j1 ë¼ìš´ë“œ2 seed40 2026_8_13_17_3_46


     JSBSim Flight Dynamics Model v1.0.0 May 27 2026 16:13:38
init ID:1 Lat37.92355643001773 Lon128.18188127777776 Alt(meter)7000.0785355893395 Speed(m/sec)300.0
init ID:1 Lat37.96855377446113 Lon128.18188127777776 Alt(meter)7002.8272734023885 Speed(m/sec)300.0
[match] seed 43 OBFM_RED round2 sep=762m alt=8245m spd=239m/s aoff=30deg
            [JSBSim-ML v2.0]

JSBSim startup beginning ...

total: 2
Behavior Tree Initialized Successfully
Behavior Tree Initialized Successfully
[DUTY] team=1 ticks=600 v27Á¾¸»Á¶ÁØ=0% v21¹ğÅ©¿¹Ãø=74.3333% v17±ËµµÁ¶°Ç=97.8333% v17½½·ÔÀû¿ë=0% »ó½ÂÅ¬·¥ÇÁ=0% °­ÇÏÅ¬·¥ÇÁ=5% v23bÁ¶°Ç=18.8333% v23b½ÇÁ¦Àû¿ë=15.8333% J±³¶õÀû¿ë=48.6667%
[DUTY] team=1 ticks=1200 v27Á¾¸»Á¶ÁØ=2% v21¹ğÅ©¿¹Ãø=83% v17±ËµµÁ¶°Ç=97.4167% v17½½·ÔÀû¿ë=42.1667% »ó½ÂÅ¬·¥ÇÁ=0% °­ÇÏÅ¬·¥ÇÁ=15.6667% v23bÁ¶°Ç=9.41667% v23b½ÇÁ¦Àû¿ë=7.91667% J±³¶õÀû¿ë=24.3333%
[DUTY] team=1 ticks=1800 v27Á¾¸»Á¶ÁØ=2.61111% v21¹ğÅ©¿¹Ãø=77.3889% v17±ËµµÁ¶°Ç=96.2778% v17½½·ÔÀû¿ë=59.4444% »ó½ÂÅ¬·¥ÇÁ=0% °­ÇÏÅ¬·¥ÇÁ=20.0556% v23bÁ¶°Ç=9.33333% v23b½ÇÁ¦Àû¿ë=5.44444% J±³¶õÀû¿ë=16.2222%
runner:local/env:0	num_steps=[11999] | total rewards=[194.4543] | termination= [max time out]
[seed 43] reward=   194.45 ownHP=0.8867 tgtHP=0.9492 max time out
Remove Space Complete.

[rehearsal own_rep=6 tgt_rep=6 seeds=1]
SUMMARY dealt=0.0508 taken=0.1133 mean_reward=194.45
tacview log saved (last episode)
STAMP j1 ë¼ìš´ë“œ2 seed43 2026_8_13_17_4_13

########## j1 / ë¼ìš´ë“œ3 / OBFM_RED / jh2 ##########


     JSBSim Flight Dynamics Model v1.0.0 May 27 2026 16:13:38
init ID:1 Lat37.92355643001773 Lon128.18188127777776 Alt(meter)7000.0785355893395 Speed(m/sec)300.0
init ID:1 Lat37.96855377446113 Lon128.18188127777776 Alt(meter)7002.8272734023885 Speed(m/sec)300.0
[match] seed 2 OBFM_RED round3 sep=914m alt=7868m spd=241m/s aoff=30deg
            [JSBSim-ML v2.0]

JSBSim startup beginning ...

total: 2
Behavior Tree Initialized Successfully
Behavior Tree Initialized Successfully
[DUTY] team=1 ticks=600 v27Á¾¸»Á¶ÁØ=0.5% v21¹ğÅ©¿¹Ãø=91.6667% v17±ËµµÁ¶°Ç=98% v17½½·ÔÀû¿ë=14% »ó½ÂÅ¬·¥ÇÁ=0% °­ÇÏÅ¬·¥ÇÁ=15% v23bÁ¶°Ç=29.6667% v23b½ÇÁ¦Àû¿ë=27.6667% J±³¶õÀû¿ë=42.8333%
[DUTY] team=1 ticks=1200 v27Á¾¸»Á¶ÁØ=21.25% v21¹ğÅ©¿¹Ãø=89.75% v17±ËµµÁ¶°Ç=96.25% v17½½·ÔÀû¿ë=53.5% »ó½ÂÅ¬·¥ÇÁ=0% °­ÇÏÅ¬·¥ÇÁ=21.8333% v23bÁ¶°Ç=21.75% v23b½ÇÁ¦Àû¿ë=20.75% J±³¶õÀû¿ë=21.4167%
runner:local/env:0	num_steps=[8081] | total rewards=[617.7275] | termination= [target destroyed]
[seed 2] reward=   617.73 ownHP=0.9439 tgtHP=-0.0063 target destroyed
Remove Space Complete.

[rehearsal own_rep=6 tgt_rep=6 seeds=1]
SUMMARY dealt=1.0063 taken=0.0561 mean_reward=617.73
tacview log saved (last episode)
STAMP j1 ë¼ìš´ë“œ3 seed2 2026_8_13_17_4_33


     JSBSim Flight Dynamics Model v1.0.0 May 27 2026 16:13:38
init ID:1 Lat37.92355643001773 Lon128.18188127777776 Alt(meter)7000.0785355893395 Speed(m/sec)300.0
init ID:1 Lat37.96855377446113 Lon128.18188127777776 Alt(meter)7002.8272734023885 Speed(m/sec)300.0
[match] seed 5 OBFM_RED round3 sep=914m alt=7099m spd=277m/s aoff=30deg
            [JSBSim-ML v2.0]

JSBSim startup beginning ...

total: 2
Behavior Tree Initialized Successfully
Behavior Tree Initialized Successfully
[DUTY] team=1 ticks=600 v27Á¾¸»Á¶ÁØ=0% v21¹ğÅ©¿¹Ãø=79.1667% v17±ËµµÁ¶°Ç=97.5% v17½½·ÔÀû¿ë=0% »ó½ÂÅ¬·¥ÇÁ=0% °­ÇÏÅ¬·¥ÇÁ=1% v23bÁ¶°Ç=14.1667% v23b½ÇÁ¦Àû¿ë=14.1667% J±³¶õÀû¿ë=66.1667%
[DUTY] team=1 ticks=1200 v27Á¾¸»Á¶ÁØ=0% v21¹ğÅ©¿¹Ãø=84.3333% v17±ËµµÁ¶°Ç=98.25% v17½½·ÔÀû¿ë=0.583333% »ó½ÂÅ¬·¥ÇÁ=0% °­ÇÏÅ¬·¥ÇÁ=5.66667% v23bÁ¶°Ç=12.8333% v23b½ÇÁ¦Àû¿ë=10.6667% J±³¶õÀû¿ë=33.0833%
[DUTY] team=1 ticks=1800 v27Á¾¸»Á¶ÁØ=0.555556% v21¹ğÅ©¿¹Ãø=85.2778% v17±ËµµÁ¶°Ç=98.8333% v17½½·ÔÀû¿ë=13.6667% »ó½ÂÅ¬·¥ÇÁ=0% °­ÇÏÅ¬·¥ÇÁ=10.1111% v23bÁ¶°Ç=17.6111% v23b½ÇÁ¦Àû¿ë=15.9444% J±³¶õÀû¿ë=22.0556%
runner:local/env:0	num_steps=[11999] | total rewards=[-92.1503] | termination= [max time out]
[seed 5] reward=   -92.15 ownHP=0.1576 tgtHP=0.9726 max time out
Remove Space Complete.

[rehearsal own_rep=6 tgt_rep=6 seeds=1]
SUMMARY dealt=0.0274 taken=0.8424 mean_reward=-92.15
tacview log saved (last episode)
STAMP j1 ë¼ìš´ë“œ3 seed5 2026_8_13_17_4_59


     JSBSim Flight Dynamics Model v1.0.0 May 27 2026 16:13:38
init ID:1 Lat37.92355643001773 Lon128.18188127777776 Alt(meter)7000.0785355893395 Speed(m/sec)300.0
init ID:1 Lat37.96855377446113 Lon128.18188127777776 Alt(meter)7002.8272734023885 Speed(m/sec)300.0
[match] seed 8 OBFM_RED round3 sep=914m alt=1075m spd=265m/s aoff=30deg
            [JSBSim-ML v2.0]

JSBSim startup beginning ...

total: 2
Behavior Tree Initialized Successfully
Behavior Tree Initialized Successfully
[DUTY] team=1 ticks=600 v27Á¾¸»Á¶ÁØ=1.33333% v21¹ğÅ©¿¹Ãø=90% v17±ËµµÁ¶°Ç=97.3333% v17½½·ÔÀû¿ë=73.6667% »ó½ÂÅ¬·¥ÇÁ=0% °­ÇÏÅ¬·¥ÇÁ=0.833333% v23bÁ¶°Ç=0% v23b½ÇÁ¦Àû¿ë=0% J±³¶õÀû¿ë=1.83333%
[DUTY] team=1 ticks=1200 v27Á¾¸»Á¶ÁØ=1% v21¹ğÅ©¿¹Ãø=84.6667% v17±ËµµÁ¶°Ç=94% v17½½·ÔÀû¿ë=79.9167% »ó½ÂÅ¬·¥ÇÁ=0% °­ÇÏÅ¬·¥ÇÁ=21.75% v23bÁ¶°Ç=15.5833% v23b½ÇÁ¦Àû¿ë=14.0833% J±³¶õÀû¿ë=0.916667%
runner:local/env:0	num_steps=[11256] | total rewards=[720.2527] | termination= [target destroyed]
[seed 8] reward=   720.25 ownHP=1.0000 tgtHP=-0.0000 target destroyed
Remove Space Complete.

[rehearsal own_rep=6 tgt_rep=6 seeds=1]
SUMMARY dealt=1.0000 taken=0.0000 mean_reward=720.25
tacview log saved (last episode)
STAMP j1 ë¼ìš´ë“œ3 seed8 2026_8_13_17_5_24


     JSBSim Flight Dynamics Model v1.0.0 May 27 2026 16:13:38
init ID:1 Lat37.92355643001773 Lon128.18188127777776 Alt(meter)7000.0785355893395 Speed(m/sec)300.0
init ID:1 Lat37.96855377446113 Lon128.18188127777776 Alt(meter)7002.8272734023885 Speed(m/sec)300.0
[match] seed 11 OBFM_RED round3 sep=914m alt=4420m spd=280m/s aoff=30deg
            [JSBSim-ML v2.0]

JSBSim startup beginning ...

total: 2
Behavior Tree Initialized Successfully
Behavior Tree Initialized Successfully
[DUTY] team=1 ticks=600 v27Á¾¸»Á¶ÁØ=0% v21¹ğÅ©¿¹Ãø=77% v17±ËµµÁ¶°Ç=98% v17½½·ÔÀû¿ë=0% »ó½ÂÅ¬·¥ÇÁ=0% °­ÇÏÅ¬·¥ÇÁ=0.166667% v23bÁ¶°Ç=8.66667% v23b½ÇÁ¦Àû¿ë=8.66667% J±³¶õÀû¿ë=38%
[DUTY] team=1 ticks=1200 v27Á¾¸»Á¶ÁØ=0.25% v21¹ğÅ©¿¹Ãø=80.3333% v17±ËµµÁ¶°Ç=98.9167% v17½½·ÔÀû¿ë=8.5% »ó½ÂÅ¬·¥ÇÁ=0% °­ÇÏÅ¬·¥ÇÁ=15.25% v23bÁ¶°Ç=22.5% v23b½ÇÁ¦Àû¿ë=17.9167% J±³¶õÀû¿ë=19%
[DUTY] team=1 ticks=1800 v27Á¾¸»Á¶ÁØ=1.77778% v21¹ğÅ©¿¹Ãø=85.1667% v17±ËµµÁ¶°Ç=98.8333% v17½½·ÔÀû¿ë=29.3889% »ó½ÂÅ¬·¥ÇÁ=0% °­ÇÏÅ¬·¥ÇÁ=10.5556% v23bÁ¶°Ç=15% v23b½ÇÁ¦Àû¿ë=11.9444% J±³¶õÀû¿ë=12.6667%
runner:local/env:0	num_steps=[11999] | total rewards=[-11.3423] | termination= [max time out]
[seed 11] reward=   -11.34 ownHP=1.0000 tgtHP=0.8352 max time out
Remove Space Complete.

[rehearsal own_rep=6 tgt_rep=6 seeds=1]
SUMMARY dealt=0.1648 taken=0.0000 mean_reward=-11.34
tacview log saved (last episode)
STAMP j1 ë¼ìš´ë“œ3 seed11 2026_8_13_17_5_51


     JSBSim Flight Dynamics Model v1.0.0 May 27 2026 16:13:38
init ID:1 Lat37.92355643001773 Lon128.18188127777776 Alt(meter)7000.0785355893395 Speed(m/sec)300.0
init ID:1 Lat37.96855377446113 Lon128.18188127777776 Alt(meter)7002.8272734023885 Speed(m/sec)300.0
[match] seed 14 OBFM_RED round3 sep=914m alt=2843m spd=280m/s aoff=30deg
            [JSBSim-ML v2.0]

JSBSim startup beginning ...

total: 2
Behavior Tree Initialized Successfully
Behavior Tree Initialized Successfully
[DUTY] team=1 ticks=600 v27Á¾¸»Á¶ÁØ=2.16667% v21¹ğÅ©¿¹Ãø=79% v17±ËµµÁ¶°Ç=97.8333% v17½½·ÔÀû¿ë=44% »ó½ÂÅ¬·¥ÇÁ=0% °­ÇÏÅ¬·¥ÇÁ=16.6667% v23bÁ¶°Ç=7.83333% v23b½ÇÁ¦Àû¿ë=7.83333% J±³¶õÀû¿ë=23%
[DUTY] team=1 ticks=1200 v27Á¾¸»Á¶ÁØ=1.5% v21¹ğÅ©¿¹Ãø=88.6667% v17±ËµµÁ¶°Ç=98.25% v17½½·ÔÀû¿ë=65.1667% »ó½ÂÅ¬·¥ÇÁ=0% °­ÇÏÅ¬·¥ÇÁ=13.6667% v23bÁ¶°Ç=3.91667% v23b½ÇÁ¦Àû¿ë=3.91667% J±³¶õÀû¿ë=11.5%
runner:local/env:0	num_steps=[10895] | total rewards=[710.0515] | termination= [target destroyed]
[seed 14] reward=   710.05 ownHP=1.0000 tgtHP=-0.0022 target destroyed
Remove Space Complete.

[rehearsal own_rep=6 tgt_rep=6 seeds=1]
SUMMARY dealt=1.0022 taken=0.0000 mean_reward=710.05
tacview log saved (last episode)
STAMP j1 ë¼ìš´ë“œ3 seed14 2026_8_13_17_6_16


     JSBSim Flight Dynamics Model v1.0.0 May 27 2026 16:13:38
init ID:1 Lat37.92355643001773 Lon128.18188127777776 Alt(meter)7000.0785355893395 Speed(m/sec)300.0
init ID:1 Lat37.96855377446113 Lon128.18188127777776 Alt(meter)7002.8272734023885 Speed(m/sec)300.0
[match] seed 17 OBFM_RED round3 sep=914m alt=3486m spd=239m/s aoff=30deg
            [JSBSim-ML v2.0]

JSBSim startup beginning ...

total: 2
Behavior Tree Initialized Successfully
Behavior Tree Initialized Successfully
[DUTY] team=1 ticks=600 v27Á¾¸»Á¶ÁØ=3.33333% v21¹ğÅ©¿¹Ãø=89.5% v17±ËµµÁ¶°Ç=97.5% v17½½·ÔÀû¿ë=55.6667% »ó½ÂÅ¬·¥ÇÁ=0% °­ÇÏÅ¬·¥ÇÁ=4.33333% v23bÁ¶°Ç=9.33333% v23b½ÇÁ¦Àû¿ë=9.33333% J±³¶õÀû¿ë=5%
[DUTY] team=1 ticks=1200 v27Á¾¸»Á¶ÁØ=17.5833% v21¹ğÅ©¿¹Ãø=91.25% v17±ËµµÁ¶°Ç=96.3333% v17½½·ÔÀû¿ë=75.4167% »ó½ÂÅ¬·¥ÇÁ=0% °­ÇÏÅ¬·¥ÇÁ=2.16667% v23bÁ¶°Ç=4.66667% v23b½ÇÁ¦Àû¿ë=4.66667% J±³¶õÀû¿ë=2.5%
[DUTY] team=1 ticks=1800 v27Á¾¸»Á¶ÁØ=20.9444% v21¹ğÅ©¿¹Ãø=83.1667% v17±ËµµÁ¶°Ç=96.5556% v17½½·ÔÀû¿ë=82.6111% »ó½ÂÅ¬·¥ÇÁ=0% °­ÇÏÅ¬·¥ÇÁ=1.55556% v23bÁ¶°Ç=3.11111% v23b½ÇÁ¦Àû¿ë=3.11111% J±³¶õÀû¿ë=1.66667%
runner:local/env:0	num_steps=[11999] | total rewards=[861.0794] | termination= [max time out]
[seed 17] reward=   861.08 ownHP=1.0000 tgtHP=0.8250 max time out
Remove Space Complete.

[rehearsal own_rep=6 tgt_rep=6 seeds=1]
SUMMARY dealt=0.1750 taken=0.0000 mean_reward=861.08
tacview log saved (last episode)
STAMP j1 ë¼ìš´ë“œ3 seed17 2026_8_13_17_6_42


     JSBSim Flight Dynamics Model v1.0.0 May 27 2026 16:13:38
init ID:1 Lat37.92355643001773 Lon128.18188127777776 Alt(meter)7000.0785355893395 Speed(m/sec)300.0
init ID:1 Lat37.96855377446113 Lon128.18188127777776 Alt(meter)7002.8272734023885 Speed(m/sec)300.0
[match] seed 20 OBFM_RED round3 sep=914m alt=2493m spd=271m/s aoff=30deg
            [JSBSim-ML v2.0]

JSBSim startup beginning ...

total: 2
Behavior Tree Initialized Successfully
Behavior Tree Initialized Successfully
[DUTY] team=1 ticks=600 v27Á¾¸»Á¶ÁØ=0% v21¹ğÅ©¿¹Ãø=80% v17±ËµµÁ¶°Ç=98% v17½½·ÔÀû¿ë=0% »ó½ÂÅ¬·¥ÇÁ=0% °­ÇÏÅ¬·¥ÇÁ=1.16667% v23bÁ¶°Ç=20.3333% v23b½ÇÁ¦Àû¿ë=17.6667% J±³¶õÀû¿ë=27%
[DUTY] team=1 ticks=1200 v27Á¾¸»Á¶ÁØ=0.166667% v21¹ğÅ©¿¹Ãø=84.4167% v17±ËµµÁ¶°Ç=98.6667% v17½½·ÔÀû¿ë=16.4167% »ó½ÂÅ¬·¥ÇÁ=0% °­ÇÏÅ¬·¥ÇÁ=17.5% v23bÁ¶°Ç=10.1667% v23b½ÇÁ¦Àû¿ë=8.83333% J±³¶õÀû¿ë=13.5%
runner:local/env:0	num_steps=[10522] | total rewards=[339.5224] | termination= [target destroyed]
[seed 20] reward=   339.52 ownHP=1.0000 tgtHP=-0.0009 target destroyed
Remove Space Complete.

[rehearsal own_rep=6 tgt_rep=6 seeds=1]
SUMMARY dealt=1.0009 taken=0.0000 mean_reward=339.52
tacview log saved (last episode)
STAMP j1 ë¼ìš´ë“œ3 seed20 2026_8_13_17_7_6


     JSBSim Flight Dynamics Model v1.0.0 May 27 2026 16:13:38
init ID:1 Lat37.92355643001773 Lon128.18188127777776 Alt(meter)7000.0785355893395 Speed(m/sec)300.0
init ID:1 Lat37.96855377446113 Lon128.18188127777776 Alt(meter)7002.8272734023885 Speed(m/sec)300.0
[match] seed 23 OBFM_RED round3 sep=914m alt=4100m spd=238m/s aoff=30deg
            [JSBSim-ML v2.0]

JSBSim startup beginning ...

total: 2
Behavior Tree Initialized Successfully
Behavior Tree Initialized Successfully
[DUTY] team=1 ticks=600 v27Á¾¸»Á¶ÁØ=0% v21¹ğÅ©¿¹Ãø=85.1667% v17±ËµµÁ¶°Ç=98% v17½½·ÔÀû¿ë=1.83333% »ó½ÂÅ¬·¥ÇÁ=0% °­ÇÏÅ¬·¥ÇÁ=8.16667% v23bÁ¶°Ç=11.6667% v23b½ÇÁ¦Àû¿ë=11.6667% J±³¶õÀû¿ë=29.8333%
[DUTY] team=1 ticks=1200 v27Á¾¸»Á¶ÁØ=1% v21¹ğÅ©¿¹Ãø=83.75% v17±ËµµÁ¶°Ç=98.4167% v17½½·ÔÀû¿ë=18.5833% »ó½ÂÅ¬·¥ÇÁ=0% °­ÇÏÅ¬·¥ÇÁ=16.4167% v23bÁ¶°Ç=19% v23b½ÇÁ¦Àû¿ë=16.75% J±³¶õÀû¿ë=14.9167%
runner:local/env:0	num_steps=[10978] | total rewards=[291.8030] | termination= [target destroyed]
[seed 23] reward=   291.80 ownHP=0.9840 tgtHP=-0.0018 target destroyed
Remove Space Complete.

[rehearsal own_rep=6 tgt_rep=6 seeds=1]
SUMMARY dealt=1.0018 taken=0.0160 mean_reward=291.80
tacview log saved (last episode)
STAMP j1 ë¼ìš´ë“œ3 seed23 2026_8_13_17_7_33


     JSBSim Flight Dynamics Model v1.0.0 May 27 2026 16:13:38
init ID:1 Lat37.92355643001773 Lon128.18188127777776 Alt(meter)7000.0785355893395 Speed(m/sec)300.0
init ID:1 Lat37.96855377446113 Lon128.18188127777776 Alt(meter)7002.8272734023885 Speed(m/sec)300.0
[match] seed 26 OBFM_RED round3 sep=914m alt=8517m spd=292m/s aoff=30deg
            [JSBSim-ML v2.0]

JSBSim startup beginning ...

total: 2
Behavior Tree Initialized Successfully
Behavior Tree Initialized Successfully
runner:local/env:0	num_steps=[2975] | total rewards=[-150.0694] | termination= [ownship destroyed]
[seed 26] reward=  -150.07 ownHP=-0.0049 tgtHP=1.0000 ownship destroyed
Remove Space Complete.

[rehearsal own_rep=6 tgt_rep=6 seeds=1]
SUMMARY dealt=0.0000 taken=1.0049 mean_reward=-150.07
tacview log saved (last episode)
STAMP j1 ë¼ìš´ë“œ3 seed26 2026_8_13_17_7_43


     JSBSim Flight Dynamics Model v1.0.0 May 27 2026 16:13:38
init ID:1 Lat37.92355643001773 Lon128.18188127777776 Alt(meter)7000.0785355893395 Speed(m/sec)300.0
init ID:1 Lat37.96855377446113 Lon128.18188127777776 Alt(meter)7002.8272734023885 Speed(m/sec)300.0
[match] seed 29 OBFM_RED round3 sep=914m alt=4196m spd=210m/s aoff=30deg
            [JSBSim-ML v2.0]

JSBSim startup beginning ...

total: 2
Behavior Tree Initialized Successfully
Behavior Tree Initialized Successfully
[DUTY] team=1 ticks=600 v27Á¾¸»Á¶ÁØ=1.16667% v21¹ğÅ©¿¹Ãø=86.5% v17±ËµµÁ¶°Ç=96.8333% v17½½·ÔÀû¿ë=32.6667% »ó½ÂÅ¬·¥ÇÁ=0% °­ÇÏÅ¬·¥ÇÁ=17.5% v23bÁ¶°Ç=15.8333% v23b½ÇÁ¦Àû¿ë=15.8333% J±³¶õÀû¿ë=18.6667%
[DUTY] team=1 ticks=1200 v27Á¾¸»Á¶ÁØ=11.25% v21¹ğÅ©¿¹Ãø=85.0833% v17±ËµµÁ¶°Ç=91.9167% v17½½·ÔÀû¿ë=56.25% »ó½ÂÅ¬·¥ÇÁ=0% °­ÇÏÅ¬·¥ÇÁ=24.5% v23bÁ¶°Ç=7.91667% v23b½ÇÁ¦Àû¿ë=7.91667% J±³¶õÀû¿ë=9.33333%
runner:local/env:0	num_steps=[8815] | total rewards=[564.8500] | termination= [target destroyed]
[seed 29] reward=   564.85 ownHP=1.0000 tgtHP=-0.0022 target destroyed
Remove Space Complete.

[rehearsal own_rep=6 tgt_rep=6 seeds=1]
SUMMARY dealt=1.0022 taken=0.0000 mean_reward=564.85
tacview log saved (last episode)
STAMP j1 ë¼ìš´ë“œ3 seed29 2026_8_13_17_8_5


     JSBSim Flight Dynamics Model v1.0.0 May 27 2026 16:13:38
init ID:1 Lat37.92355643001773 Lon128.18188127777776 Alt(meter)7000.0785355893395 Speed(m/sec)300.0
init ID:1 Lat37.96855377446113 Lon128.18188127777776 Alt(meter)7002.8272734023885 Speed(m/sec)300.0
[match] seed 32 OBFM_RED round3 sep=914m alt=4878m spd=267m/s aoff=30deg
            [JSBSim-ML v2.0]

JSBSim startup beginning ...

total: 2
Behavior Tree Initialized Successfully
Behavior Tree Initialized Successfully
[DUTY] team=1 ticks=600 v27Á¾¸»Á¶ÁØ=0% v21¹ğÅ©¿¹Ãø=77.1667% v17±ËµµÁ¶°Ç=98% v17½½·ÔÀû¿ë=0% »ó½ÂÅ¬·¥ÇÁ=0% °­ÇÏÅ¬·¥ÇÁ=0.5% v23bÁ¶°Ç=16% v23b½ÇÁ¦Àû¿ë=16% J±³¶õÀû¿ë=65%
[DUTY] team=1 ticks=1200 v27Á¾¸»Á¶ÁØ=0.416667% v21¹ğÅ©¿¹Ãø=87.25% v17±ËµµÁ¶°Ç=98.9167% v17½½·ÔÀû¿ë=18.8333% »ó½ÂÅ¬·¥ÇÁ=0% °­ÇÏÅ¬·¥ÇÁ=7% v23bÁ¶°Ç=10% v23b½ÇÁ¦Àû¿ë=10% J±³¶õÀû¿ë=32.5%
[DUTY] team=1 ticks=1800 v27Á¾¸»Á¶ÁØ=1.33333% v21¹ğÅ©¿¹Ãø=90% v17±ËµµÁ¶°Ç=98.2222% v17½½·ÔÀû¿ë=39.2778% »ó½ÂÅ¬·¥ÇÁ=0% °­ÇÏÅ¬·¥ÇÁ=11.3889% v23bÁ¶°Ç=20.8333% v23b½ÇÁ¦Àû¿ë=20.8333% J±³¶õÀû¿ë=21.6667%
runner:local/env:0	num_steps=[11999] | total rewards=[67.9623] | termination= [max time out]
[seed 32] reward=    67.96 ownHP=0.4274 tgtHP=0.5773 max time out
Remove Space Complete.

[rehearsal own_rep=6 tgt_rep=6 seeds=1]
SUMMARY dealt=0.4227 taken=0.5726 mean_reward=67.96
tacview log saved (last episode)
STAMP j1 ë¼ìš´ë“œ3 seed32 2026_8_13_17_8_34


     JSBSim Flight Dynamics Model v1.0.0 May 27 2026 16:13:38
init ID:1 Lat37.92355643001773 Lon128.18188127777776 Alt(meter)7000.0785355893395 Speed(m/sec)300.0
init ID:1 Lat37.96855377446113 Lon128.18188127777776 Alt(meter)7002.8272734023885 Speed(m/sec)300.0
[match] seed 35 OBFM_RED round3 sep=914m alt=5611m spd=238m/s aoff=30deg
            [JSBSim-ML v2.0]

JSBSim startup beginning ...

total: 2
Behavior Tree Initialized Successfully
Behavior Tree Initialized Successfully
[DUTY] team=1 ticks=600 v27Á¾¸»Á¶ÁØ=2.16667% v21¹ğÅ©¿¹Ãø=83.6667% v17±ËµµÁ¶°Ç=98% v17½½·ÔÀû¿ë=31.8333% »ó½ÂÅ¬·¥ÇÁ=0% °­ÇÏÅ¬·¥ÇÁ=9.5% v23bÁ¶°Ç=14.5% v23b½ÇÁ¦Àû¿ë=14.5% J±³¶õÀû¿ë=21%
[DUTY] team=1 ticks=1200 v27Á¾¸»Á¶ÁØ=1.91667% v21¹ğÅ©¿¹Ãø=86.5% v17±ËµµÁ¶°Ç=94.6667% v17½½·ÔÀû¿ë=51.5833% »ó½ÂÅ¬·¥ÇÁ=0% °­ÇÏÅ¬·¥ÇÁ=25% v23bÁ¶°Ç=7.25% v23b½ÇÁ¦Àû¿ë=7.25% J±³¶õÀû¿ë=10.5%
[DUTY] team=1 ticks=1800 v27Á¾¸»Á¶ÁØ=1.27778% v21¹ğÅ©¿¹Ãø=86.1667% v17±ËµµÁ¶°Ç=87.5% v17½½·ÔÀû¿ë=58.4444% »ó½ÂÅ¬·¥ÇÁ=0% °­ÇÏÅ¬·¥ÇÁ=21.2222% v23bÁ¶°Ç=17.9444% v23b½ÇÁ¦Àû¿ë=17.9444% J±³¶õÀû¿ë=7%
runner:local/env:0	num_steps=[11999] | total rewards=[363.5245] | termination= [max time out]
[seed 35] reward=   363.52 ownHP=0.8841 tgtHP=0.9987 max time out
Remove Space Complete.

[rehearsal own_rep=6 tgt_rep=6 seeds=1]
SUMMARY dealt=0.0013 taken=0.1159 mean_reward=363.52
tacview log saved (last episode)
STAMP j1 ë¼ìš´ë“œ3 seed35 2026_8_13_17_9_3


     JSBSim Flight Dynamics Model v1.0.0 May 27 2026 16:13:38
init ID:1 Lat37.92355643001773 Lon128.18188127777776 Alt(meter)7000.0785355893395 Speed(m/sec)300.0
init ID:1 Lat37.96855377446113 Lon128.18188127777776 Alt(meter)7002.8272734023885 Speed(m/sec)300.0
[match] seed 38 OBFM_RED round3 sep=914m alt=5404m spd=289m/s aoff=30deg
            [JSBSim-ML v2.0]

JSBSim startup beginning ...

total: 2
Behavior Tree Initialized Successfully
Behavior Tree Initialized Successfully
runner:local/env:0	num_steps=[2622] | total rewards=[-146.4966] | termination= [ownship destroyed]
[seed 38] reward=  -146.50 ownHP=-0.0003 tgtHP=1.0000 ownship destroyed
Remove Space Complete.

[rehearsal own_rep=6 tgt_rep=6 seeds=1]
SUMMARY dealt=0.0000 taken=1.0003 mean_reward=-146.50
tacview log saved (last episode)
STAMP j1 ë¼ìš´ë“œ3 seed38 2026_8_13_17_9_13


     JSBSim Flight Dynamics Model v1.0.0 May 27 2026 16:13:38
init ID:1 Lat37.92355643001773 Lon128.18188127777776 Alt(meter)7000.0785355893395 Speed(m/sec)300.0
init ID:1 Lat37.96855377446113 Lon128.18188127777776 Alt(meter)7002.8272734023885 Speed(m/sec)300.0
[match] seed 41 OBFM_RED round3 sep=914m alt=5825m spd=239m/s aoff=30deg
            [JSBSim-ML v2.0]

JSBSim startup beginning ...

total: 2
Behavior Tree Initialized Successfully
Behavior Tree Initialized Successfully
[DUTY] team=1 ticks=600 v27Á¾¸»Á¶ÁØ=2.5% v21¹ğÅ©¿¹Ãø=81.8333% v17±ËµµÁ¶°Ç=97.8333% v17½½·ÔÀû¿ë=32% »ó½ÂÅ¬·¥ÇÁ=0% °­ÇÏÅ¬·¥ÇÁ=10.8333% v23bÁ¶°Ç=13.8333% v23b½ÇÁ¦Àû¿ë=13.8333% J±³¶õÀû¿ë=23.6667%
[DUTY] team=1 ticks=1200 v27Á¾¸»Á¶ÁØ=5.25% v21¹ğÅ©¿¹Ãø=88.0833% v17±ËµµÁ¶°Ç=98.8333% v17½½·ÔÀû¿ë=61.25% »ó½ÂÅ¬·¥ÇÁ=0% °­ÇÏÅ¬·¥ÇÁ=6.83333% v23bÁ¶°Ç=6.91667% v23b½ÇÁ¦Àû¿ë=6.91667% J±³¶õÀû¿ë=11.8333%
[DUTY] team=1 ticks=1800 v27Á¾¸»Á¶ÁØ=8.05556% v21¹ğÅ©¿¹Ãø=90.2778% v17±ËµµÁ¶°Ç=98.1111% v17½½·ÔÀû¿ë=73.0556% »ó½ÂÅ¬·¥ÇÁ=0% °­ÇÏÅ¬·¥ÇÁ=8.05556% v23bÁ¶°Ç=4.61111% v23b½ÇÁ¦Àû¿ë=4.61111% J±³¶õÀû¿ë=7.88889%
runner:local/env:0	num_steps=[11999] | total rewards=[403.9275] | termination= [max time out]
[seed 41] reward=   403.93 ownHP=0.5007 tgtHP=0.8821 max time out
Remove Space Complete.

[rehearsal own_rep=6 tgt_rep=6 seeds=1]
SUMMARY dealt=0.1179 taken=0.4993 mean_reward=403.93
tacview log saved (last episode)
STAMP j1 ë¼ìš´ë“œ3 seed41 2026_8_13_17_9_41


     JSBSim Flight Dynamics Model v1.0.0 May 27 2026 16:13:38
init ID:1 Lat37.92355643001773 Lon128.18188127777776 Alt(meter)7000.0785355893395 Speed(m/sec)300.0
init ID:1 Lat37.96855377446113 Lon128.18188127777776 Alt(meter)7002.8272734023885 Speed(m/sec)300.0
[match] seed 44 OBFM_RED round3 sep=914m alt=1894m spd=200m/s aoff=30deg
            [JSBSim-ML v2.0]

JSBSim startup beginning ...

total: 2
Behavior Tree Initialized Successfully
Behavior Tree Initialized Successfully
[DUTY] team=1 ticks=600 v27Á¾¸»Á¶ÁØ=2.5% v21¹ğÅ©¿¹Ãø=91.3333% v17±ËµµÁ¶°Ç=97% v17½½·ÔÀû¿ë=62.3333% »ó½ÂÅ¬·¥ÇÁ=0% °­ÇÏÅ¬·¥ÇÁ=23.1667% v23bÁ¶°Ç=0% v23b½ÇÁ¦Àû¿ë=0% J±³¶õÀû¿ë=3.83333%
[DUTY] team=1 ticks=1200 v27Á¾¸»Á¶ÁØ=24% v21¹ğÅ©¿¹Ãø=85.4167% v17±ËµµÁ¶°Ç=91% v17½½·ÔÀû¿ë=73.6667% »ó½ÂÅ¬·¥ÇÁ=0% °­ÇÏÅ¬·¥ÇÁ=11.5833% v23bÁ¶°Ç=21.0833% v23b½ÇÁ¦Àû¿ë=21.0833% J±³¶õÀû¿ë=1.91667%
runner:local/env:0	num_steps=[9810] | total rewards=[1004.8164] | termination= [target destroyed]
[seed 44] reward=  1004.82 ownHP=1.0000 tgtHP=-0.0026 target destroyed
Remove Space Complete.

[rehearsal own_rep=6 tgt_rep=6 seeds=1]
SUMMARY dealt=1.0026 taken=0.0000 mean_reward=1004.82
tacview log saved (last episode)
STAMP j1 ë¼ìš´ë“œ3 seed44 2026_8_13_17_10_6

=== j1 ì™„ë£Œ ===
