########## v32 vs AIP_kwon.dll ##########


     JSBSim Flight Dynamics Model v1.0.0 May 27 2026 16:13:38
            [JSBSim-ML v2.0]

JSBSim startup beginning ...

total: 2
Behavior Tree Initialized Successfully
Behavior Tree Initialized Successfully
init ID:1 Lat37.92355643001773 Lon128.18188127777776 Alt(meter)7000.0785355893395 Speed(m/sec)300.0
init ID:1 Lat37.96855377446113 Lon128.18188127777776 Alt(meter)7002.8272734023885 Speed(m/sec)300.0
runner:local/env:0	num_steps=[11999] | total rewards=[859.5012] | termination= [max time out]
[seed 0] reward=   859.50 ownHP=1.0000 tgtHP=0.0203 max time out
total: 2
runner:local/env:0	num_steps=[11011] | total rewards=[1079.3438] | termination= [target destroyed]
[seed 1] reward=  1079.34 ownHP=1.0000 tgtHP=-0.0010 target destroyed
total: 2
runner:local/env:0	num_steps=[11302] | total rewards=[951.9992] | termination= [target destroyed]
[seed 2] reward=   952.00 ownHP=1.0000 tgtHP=-0.0021 target destroyed
total: 2
runner:local/env:0	num_steps=[11999] | total rewards=[48.4014] | termination= [max time out]
[seed 3] reward=    48.40 ownHP=1.0000 tgtHP=1.0000 max time out
total: 2
runner:local/env:0	num_steps=[8731] | total rewards=[919.7554] | termination= [target destroyed]
[seed 4] reward=   919.76 ownHP=1.0000 tgtHP=-0.0011 target destroyed
total: 2
runner:local/env:0	num_steps=[9711] | total rewards=[676.6460] | termination= [target destroyed]
[seed 5] reward=   676.65 ownHP=1.0000 tgtHP=-0.0028 target destroyed
total: 2
runner:local/env:0	num_steps=[8972] | total rewards=[1176.5798] | termination= [target destroyed]
[seed 6] reward=  1176.58 ownHP=1.0000 tgtHP=-0.0008 target destroyed
total: 2
runner:local/env:0	num_steps=[10091] | total rewards=[979.0812] | termination= [target destroyed]
[seed 7] reward=   979.08 ownHP=1.0000 tgtHP=-0.0003 target destroyed
total: 2
runner:local/env:0	num_steps=[11999] | total rewards=[-91.5032] | termination= [max time out]
[seed 8] reward=   -91.50 ownHP=1.0000 tgtHP=1.0000 max time out
total: 2
runner:local/env:0	num_steps=[7976] | total rewards=[1056.0295] | termination= [target destroyed]
[seed 9] reward=  1056.03 ownHP=1.0000 tgtHP=-0.0007 target destroyed
total: 2
runner:local/env:0	num_steps=[11999] | total rewards=[0.5263] | termination= [max time out]
[seed 10] reward=     0.53 ownHP=1.0000 tgtHP=1.0000 max time out
total: 2
runner:local/env:0	num_steps=[11266] | total rewards=[671.7871] | termination= [target destroyed]
[seed 11] reward=   671.79 ownHP=1.0000 tgtHP=-0.0019 target destroyed
total: 2
runner:local/env:0	num_steps=[11999] | total rewards=[104.7651] | termination= [max time out]
[seed 12] reward=   104.77 ownHP=1.0000 tgtHP=1.0000 max time out
total: 2
runner:local/env:0	num_steps=[7088] | total rewards=[872.8806] | termination= [target destroyed]
[seed 13] reward=   872.88 ownHP=1.0000 tgtHP=-0.0003 target destroyed
total: 2
runner:local/env:0	num_steps=[6338] | total rewards=[556.3363] | termination= [target destroyed]
[seed 14] reward=   556.34 ownHP=1.0000 tgtHP=-0.0036 target destroyed
Remove Space Complete.

[rehearsal own_rep=6 tgt_rep=6 seeds=15]
SUMMARY dealt=10.9942 taken=0.0000 mean_reward=657.48
tacview log saved (last episode)
STAMP v32 AIP_kwon.dll 2026_8_9_15_2_28

########## lowfloor vs AIP_kwon.dll ##########


     JSBSim Flight Dynamics Model v1.0.0 May 27 2026 16:13:38
            [JSBSim-ML v2.0]

JSBSim startup beginning ...

total: 2
Behavior Tree Initialized Successfully
Behavior Tree Initialized Successfully
init ID:1 Lat37.92355643001773 Lon128.18188127777776 Alt(meter)7000.0785355893395 Speed(m/sec)300.0
init ID:1 Lat37.96855377446113 Lon128.18188127777776 Alt(meter)7002.8272734023885 Speed(m/sec)300.0
runner:local/env:0	num_steps=[11703] | total rewards=[1220.4677] | termination= [target destroyed]
[seed 0] reward=  1220.47 ownHP=1.0000 tgtHP=-0.0008 target destroyed
total: 2
runner:local/env:0	num_steps=[11999] | total rewards=[683.4633] | termination= [max time out]
[seed 1] reward=   683.46 ownHP=1.0000 tgtHP=1.0000 max time out
total: 2
runner:local/env:0	num_steps=[11999] | total rewards=[-28.3940] | termination= [max time out]
[seed 2] reward=   -28.39 ownHP=1.0000 tgtHP=1.0000 max time out
total: 2
runner:local/env:0	num_steps=[11999] | total rewards=[29.6497] | termination= [max time out]
[seed 3] reward=    29.65 ownHP=1.0000 tgtHP=1.0000 max time out
total: 2
runner:local/env:0	num_steps=[11999] | total rewards=[1058.4154] | termination= [max time out]
[seed 4] reward=  1058.42 ownHP=1.0000 tgtHP=0.2617 max time out
total: 2
runner:local/env:0	num_steps=[9918] | total rewards=[1071.2834] | termination= [target destroyed]
[seed 5] reward=  1071.28 ownHP=1.0000 tgtHP=-0.0067 target destroyed
total: 2
runner:local/env:0	num_steps=[5334] | total rewards=[731.5825] | termination= [target destroyed]
[seed 6] reward=   731.58 ownHP=1.0000 tgtHP=-0.0006 target destroyed
total: 2
runner:local/env:0	num_steps=[11999] | total rewards=[1402.3861] | termination= [max time out]
[seed 7] reward=  1402.39 ownHP=1.0000 tgtHP=1.0000 max time out
total: 2
runner:local/env:0	num_steps=[6377] | total rewards=[499.9675] | termination= [target destroyed]
[seed 8] reward=   499.97 ownHP=1.0000 tgtHP=-0.0022 target destroyed
total: 2
runner:local/env:0	num_steps=[11999] | total rewards=[39.6221] | termination= [max time out]
[seed 9] reward=    39.62 ownHP=1.0000 tgtHP=1.0000 max time out
total: 2
runner:local/env:0	num_steps=[11999] | total rewards=[-103.8904] | termination= [max time out]
[seed 10] reward=  -103.89 ownHP=1.0000 tgtHP=1.0000 max time out
total: 2
runner:local/env:0	num_steps=[5106] | total rewards=[239.7155] | termination= [target destroyed]
[seed 11] reward=   239.72 ownHP=1.0000 tgtHP=-0.0012 target destroyed
total: 2
runner:local/env:0	num_steps=[11229] | total rewards=[1126.7016] | termination= [target destroyed]
[seed 12] reward=  1126.70 ownHP=1.0000 tgtHP=-0.0003 target destroyed
total: 2
runner:local/env:0	num_steps=[11999] | total rewards=[-119.6707] | termination= [max time out]
[seed 13] reward=  -119.67 ownHP=1.0000 tgtHP=1.0000 max time out
total: 2
runner:local/env:0	num_steps=[11999] | total rewards=[1636.3364] | termination= [max time out]
[seed 14] reward=  1636.34 ownHP=1.0000 tgtHP=0.7331 max time out
Remove Space Complete.

[rehearsal own_rep=6 tgt_rep=6 seeds=15]
SUMMARY dealt=7.0171 taken=0.0000 mean_reward=632.51
tacview log saved (last episode)
STAMP lowfloor AIP_kwon.dll 2026_8_9_15_8_18

=== kwon probe 완료 ===
