@@@@@ AIP_v7.dll seed=3 t=60
BT(기준)                 971m/  3°      1095m/  6°        0.1°      976  0.5821  0.0000
  [창시작] 거리 1086m / 우리ATA 56도 / 고도차(상대-나) +1036m
우선회+당김                 233m/ 56°       879m/ 14°        0.3°      719  0.6008  0.0000
좌선회+당김                 270m/ 51°      1194m/ 21°        0.8°      617  0.1634  0.0000
우하강나선                  517m/  6°      1390m/ 38°        0.8°      500  0.1074  0.0000
좌하강나선                  469m/ 24°       793m/ 35°        0.3°      590  0.2239  0.0000
수직당김(상승)              1197m/ 32°       800m/  4°        0.6°     1171  0.0102  0.0000
이탈(수평전속)               203m/  6°      1015m/ 13°        0.8°      410  0.3278  0.0000
감속+당김                 1305m/ 47°       989m/ 37°        0.5°      752  0.3478  0.0000
  ★최종 순이득(준-받은) 순위: 우선회+당김(+0.601) > BT(기준)(+0.582) > 감속+당김(+0.348) > 이탈(수평전속)(+0.328)

@@@@@ AIP_v7.dll seed=3 t=120
BT(기준)                 612m/ 28°       766m/  5°        0.1°      586  0.5821  0.0000
  [창시작] 거리 560m / 우리ATA 20도 / 고도차(상대-나) -231m
우선회+당김                2721m/ 92°      1613m/103°        2.5°      189  0.0102  0.0000
좌선회+당김                2698m/ 67°      1762m/ 24°        0.1°      371  0.4118  0.0000
우하강나선                 2683m/ 60°      1064m/ 31°        0.5°      385  0.3722  0.0000
좌하강나선                 1267m/  7°      1106m/  7°        0.3°      346  0.4742  0.0000
수직당김(상승)               808m/ 49°       422m/ 23°        0.1°      703  0.3243  0.0000
이탈(수평전속)               690m/ 33°       796m/ 31°        4.7°      363  0.6357  0.0000
감속+당김                 1641m/ 51°      1214m/  4°        0.9°      418  0.1656  0.0000
  ★최종 순이득(준-받은) 순위: 이탈(수평전속)(+0.636) > BT(기준)(+0.582) > 좌하강나선(+0.474) > 좌선회+당김(+0.412)

@@@@@ AIP_v7.dll seed=6 t=60
BT(기준)                 582m/  8°       482m/ 19°        0.6°      842  0.2085  0.0000
  [창시작] 거리 908m / 우리ATA 4도 / 고도차(상대-나) +692m
우선회+당김                1167m/  7°      1134m/  6°        0.6°      635  0.4491  0.0000
좌선회+당김                1065m/  5°       983m/  4°        0.9°      517  0.4767  0.0000
우하강나선                 1382m/  5°      1045m/ 13°        1.8°      235  0.0162  0.0000
좌하강나선                 1251m/  5°      1038m/  7°        0.0°      637  0.4397  0.0000
수직당김(상승)              1109m/ 28°       676m/ 23°        0.8°      497  0.0348  0.0000
이탈(수평전속)               890m/ 18°       592m/  6°        0.2°     1072  0.3493  0.0000
감속+당김                 1956m/ 42°      2560m/ 91°        1.5°      601  0.1409  0.0000
  ★최종 순이득(준-받은) 순위: 좌선회+당김(+0.477) > 우선회+당김(+0.449) > 좌하강나선(+0.440) > 이탈(수평전속)(+0.349)

@@@@@ AIP_v7.dll seed=6 t=120
BT(기준)                 847m/ 42°      1075m/  5°        3.9°      242  0.2085  0.0000
  [창시작] 거리 750m / 우리ATA 11도 / 고도차(상대-나) -593m
우선회+당김                 493m/ 57°       340m/ 89°        2.3°      718  0.0116  0.0000
좌선회+당김                 686m/ 14°       802m/ 10°        0.7°      255  0.4421  0.0000
우하강나선                  890m/  5°      1005m/ 13°        0.9°      460  0.1446  0.0000
좌하강나선                  756m/ 50°      1220m/ 34°        0.5°      246  0.0136  0.0000
수직당김(상승)               857m/ 28°       921m/ 14°        9.7°       93  0.3390  0.0000
이탈(수평전속)               618m/ 20°       839m/ 30°        0.2°      539  0.2795  0.0000
감속+당김                  690m/ 43°      5585m/ 56°        1.8°      148  0.3077  0.0018
  ★최종 순이득(준-받은) 순위: 좌선회+당김(+0.442) > 수직당김(상승)(+0.339) > 감속+당김(+0.306) > 이탈(수평전속)(+0.279)

@@@@@ AIP_v7.dll seed=9 t=60
BT(기준)                1348m/  5°       866m/  2°        0.1°      788  0.2404  0.0000
  [창시작] 거리 1054m / 우리ATA 10도 / 고도차(상대-나) +187m
우선회+당김                1148m/ 31°      1115m/  3°        0.3°      469  0.3707  0.0000
좌선회+당김                1225m/ 10°       918m/  8°        0.2°      618  0.4310  0.0000
우하강나선                 1325m/ 13°      1210m/  7°        1.5°      668  0.0886  0.0000
좌하강나선                 1411m/  7°      1081m/  7°        0.3°      945  0.9683  0.0000
수직당김(상승)              1044m/ 27°      1275m/  8°        0.3°      579  0.6361  0.0000
이탈(수평전속)              1123m/  9°       972m/ 18°        0.5°      648  0.1598  0.0000
감속+당김                 1571m/ 14°      1226m/ 33°        0.5°      649  0.6514  0.0000
  ★최종 순이득(준-받은) 순위: 좌하강나선(+0.968) > 감속+당김(+0.651) > 수직당김(상승)(+0.636) > 좌선회+당김(+0.431)

@@@@@ AIP_v7.dll seed=9 t=120
BT(기준)                 707m/ 10°       825m/  2°        1.0°      395  0.2404  0.0000
  [창시작] 거리 746m / 우리ATA 3도 / 고도차(상대-나) +695m
우선회+당김                 415m/ 20°       783m/104°        5.7°      321  0.0424  0.0000
좌선회+당김                 936m/  6°       970m/  8°        1.9°      227  0.0976  0.0000
우하강나선                 1616m/ 42°      1164m/  5°        1.5°      315  0.1692  0.0000
좌하강나선                  866m/101°      1100m/  3°        0.7°      353  0.1189  0.0000
수직당김(상승)              2115m/ 56°      1379m/ 25°       11.5°       59  0.1502  0.0000
이탈(수평전속)              2609m/ 56°      1957m/ 16°        0.8°      292  0.1247  0.0000
감속+당김                 1251m/ 33°      1263m/  4°        0.5°      288  0.2309  0.0000
  ★최종 순이득(준-받은) 순위: BT(기준)(+0.240) > 감속+당김(+0.231) > 우하강나선(+0.169) > 수직당김(상승)(+0.150)

@@@@@ ACE seed=3 t=60
BT(기준)                 469m/ 64°       356m/ 20°        1.0°      945  0.0385  0.0000
  [창시작] 거리 86m / 우리ATA 98도 / 고도차(상대-나) +80m
우선회+당김                 611m/142°       432m/111°        0.2°      823  0.1953  0.0244
좌선회+당김                 330m/136°       528m/ 96°        0.3°     1096  0.1626  0.0270
우하강나선                  284m/147°       237m/105°        1.8°      836  0.0173  0.0270
좌하강나선                  282m/116°       565m/ 85°        0.7°      994  0.0502  0.0270
수직당김(상승)               628m/ 36°      1037m/ 51°        0.6°      871  0.1959  0.0270
이탈(수평전속)               785m/141°       531m/ 94°        3.2°     1162  0.0017  0.0000
감속+당김                 1067m/ 83°       850m/ 78°        0.2°      944  0.0337  0.0000
  ★최종 순이득(준-받은) 순위: 우선회+당김(+0.171) > 수직당김(상승)(+0.169) > 좌선회+당김(+0.136) > BT(기준)(+0.038)

@@@@@ ACE seed=3 t=120
BT(기준)                 898m/ 10°       758m/ 34°        1.0°      371  0.0385  0.0000
  [창시작] 거리 774m / 우리ATA 23도 / 고도차(상대-나) -13m
우선회+당김                1121m/  7°       989m/ 39°        0.7°      315  0.0413  0.0000
좌선회+당김                1147m/ 17°       873m/ 11°        0.1°      379  0.0453  0.0000
우하강나선                 1851m/ 45°       667m/ 13°        3.4°      333  0.0183  0.0000
좌하강나선                 1438m/  9°       907m/ 28°        0.7°      300  0.1651  0.0000
수직당김(상승)              1164m/ 23°       824m/ 49°        1.4°      381  0.0216  0.0000
이탈(수평전속)              1036m/ 12°       765m/ 42°        1.2°      454  0.0218  0.0000
감속+당김                 1148m/ 16°      1080m/ 28°        1.2°      369  0.0665  0.0000
  ★최종 순이득(준-받은) 순위: 좌하강나선(+0.165) > 감속+당김(+0.067) > 좌선회+당김(+0.045) > 우선회+당김(+0.041)

@@@@@ ACE seed=6 t=60
BT(기준)                 789m/ 78°       591m/  6°        0.4°      785  0.0562  0.0000
  [창시작] 거리 376m / 우리ATA 122도 / 고도차(상대-나) -354m
우선회+당김                 301m/168°       285m/ 84°        0.9°      942  0.0232  0.0000
좌선회+당김                 573m/ 38°      1227m/ 16°        1.0°      658  0.0250  0.0000
우하강나선                 1225m/ 62°      2067m/117°        2.3°      241  0.0075  0.0000
좌하강나선                  114m/ 81°       566m/ 75°        1.1°      788  0.0379  0.0000
수직당김(상승)               580m/ 82°        75m/ 62°        0.0°     1012  0.1304  0.0000
이탈(수평전속)               443m/ 89°       681m/135°        2.4°      921  0.0305  0.0204
감속+당김                  241m/103°        63m/ 89°        3.3°      978  0.0127  0.0148
  ★최종 순이득(준-받은) 순위: 수직당김(상승)(+0.130) > BT(기준)(+0.056) > 좌하강나선(+0.038) > 좌선회+당김(+0.025)

@@@@@ ACE seed=6 t=120
BT(기준)                 728m/ 32°       925m/  8°        0.4°      537  0.0562  0.0000
  [창시작] 거리 1202m / 우리ATA 3도 / 고도차(상대-나) -653m
우선회+당김                2307m/ 73°      2133m/ 43°        4.8°      231  0.0200  0.0000
좌선회+당김                2401m/ 66°      2765m/ 40°        5.8°      332  0.0085  0.0000
우하강나선                  516m/111°      1091m/  8°        2.0°      239  0.0078  0.0000
좌하강나선                  576m/111°      1225m/  5°        2.2°      178  0.0061  0.0000
수직당김(상승)              2238m/ 60°      3479m/ 69°       13.4°      104  0.0000  0.0000
이탈(수평전속)               490m/111°       566m/ 85°        4.2°      694  0.0000  0.0000
감속+당김                 2316m/ 50°      1749m/ 22°        3.3°      339  0.0140  0.0000
  ★최종 순이득(준-받은) 순위: BT(기준)(+0.056) > 우선회+당김(+0.020) > 감속+당김(+0.014) > 좌선회+당김(+0.008)

@@@@@ ACE seed=9 t=60
BT(기준)                 691m/ 10°       923m/ 27°        0.5°      999  0.0713  0.0099
  [창시작] 거리 944m / 우리ATA 26도 / 고도차(상대-나) -571m
우선회+당김                 583m/ 38°      1067m/ 12°        0.4°      730  0.0636  0.0099
좌선회+당김                1166m/  2°       905m/ 31°        0.7°      807  0.0380  0.0099
우하강나선                  738m/ 25°      1429m/  2°        1.0°      620  0.0558  0.0099
좌하강나선                  484m/ 79°       142m/ 74°        1.3°     1131  0.0326  0.0063
수직당김(상승)               885m/ 93°       987m/ 72°        2.1°      595  0.0121  0.0063
이탈(수평전속)               983m/ 36°      1114m/ 16°        0.7°      872  0.0732  0.0099
감속+당김                 1266m/ 43°      1801m/ 86°        1.3°      607  0.0619  0.0099
  ★최종 순이득(준-받은) 순위: 이탈(수평전속)(+0.063) > BT(기준)(+0.061) > 우선회+당김(+0.054) > 감속+당김(+0.052)

@@@@@ ACE seed=9 t=120
BT(기준)                1005m/ 51°       704m/ 28°        0.5°      564  0.0713  0.0099
  [창시작] 거리 748m / 우리ATA 40도 / 고도차(상대-나) +276m
우선회+당김                 659m/ 61°       651m/ 73°        1.7°      479  0.0543  0.0099
좌선회+당김                 370m/ 26°      1742m/ 98°        0.7°      347  0.0632  0.0099
우하강나선                 1236m/111°       641m/142°       27.9°      561  0.0414  0.0163
좌하강나선                  385m/ 20°      1053m/ 83°        5.3°      346  0.0052  0.0099
수직당김(상승)               981m/ 39°       687m/ 36°        0.5°      536  0.0551  0.0099
이탈(수평전속)               297m/ 35°      1254m/ 92°        1.5°      521  0.0601  0.0099
감속+당김                 1367m/ 39°       769m/ 25°        1.3°      366  0.0979  0.0063
  ★최종 순이득(준-받은) 순위: 감속+당김(+0.092) > BT(기준)(+0.061) > 좌선회+당김(+0.053) > 이탈(수평전속)(+0.050)

=== 완료 ===
