@@@@@ seed=3 t=40
BT(기준)                2114m/153°       825m/ 74°       35.7°       85  0.0000  0.0000
  [창시작] 거리 1993m / 우리ATA 78도 / 고도차(상대-나) -776m
감속+당김                 2097m/156°      2193m/ 37°        6.7°      698  0.0000  0.0000
@@@@@ seed=3 t=70
BT(기준)                1200m/142°      1296m/155°       94.5°       27  0.0000  0.0000
  [창시작] 거리 1420m / 우리ATA 119도 / 고도차(상대-나) -299m
감속+당김                  716m/142°       911m/175°       86.1°      189  0.0000  0.0187
@@@@@ seed=3 t=100
BT(기준)                1342m/153°      1327m/154°           -        0  0.0000  0.0000
  [창시작] 거리 1315m / 우리ATA 148도 / 고도차(상대-나) +127m
감속+당김                  818m/114°       602m/176°      108.4°      310  0.0000  0.3608
@@@@@ seed=3 t=130
BT(기준)                1334m/153°      1330m/148°           -        0  0.0000  0.0000
  [창시작] 거리 1310m / 우리ATA 148도 / 고도차(상대-나) +101m
감속+당김                 1090m/ 89°       545m/177°       85.8°      222  0.0000  0.3663
@@@@@ seed=3 t=160
BT(기준)                1349m/149°      1325m/144°           -        0  0.0000  0.0000
  [창시작] 거리 1351m / 우리ATA 156도 / 고도차(상대-나) +142m
감속+당김                 1361m/106°       795m/138°        1.2°      115  0.0208  0.0282
@@@@@ seed=6 t=40
BT(기준)                3799m/100°       976m/147°        6.2°      456  0.0000  0.0000
  [창시작] 거리 1097m / 우리ATA 71도 / 고도차(상대-나) +826m
감속+당김                 4345m/ 88°      1026m/  4°        6.8°       67  0.0000  0.0000
@@@@@ seed=6 t=70
BT(기준)                1273m/ 33°      4814m/106°       18.5°      429  0.0000  0.0000
  [창시작] 거리 3265m / 우리ATA 94도 / 고도차(상대-나) -1355m
감속+당김                 3739m/ 10°      3368m/116°        2.3°       98  0.0000  0.0000
@@@@@ seed=6 t=100
BT(기준)                1562m/103°      1674m/ 16°       18.5°      429  0.0000  0.0000
  [창시작] 거리 3496m / 우리ATA 60도 / 고도차(상대-나) +841m
감속+당김                 1232m/ 93°      1799m/ 72°       71.2°       64  0.0000  0.0000
@@@@@ seed=6 t=130
BT(기준)                1718m/ 72°       730m/ 27°       18.9°      368  0.0000  0.0000
  [창시작] 거리 1165m / 우리ATA 13도 / 고도차(상대-나) -94m
감속+당김                  886m/109°       434m/155°      105.2°      486  0.0000  0.2521
@@@@@ seed=6 t=160
BT(기준)                 859m/ 35°       872m/ 31°       18.9°      219  0.0000  0.0000
  [창시작] 거리 775m / 우리ATA 26도 / 고도차(상대-나) +288m
감속+당김                  735m/107°      1169m/ 39°       16.7°      162  0.0000  0.0000
@@@@@ seed=9 t=40
BT(기준)                1651m/ 26°      4698m/ 72°       11.0°      107  0.0000  0.0000
  [창시작] 거리 1375m / 우리ATA 75도 / 고도차(상대-나) -971m
감속+당김                 1734m/ 19°      3566m/ 62°       30.3°       53  0.0000  0.0000
@@@@@ seed=9 t=70
BT(기준)                1938m/104°      1097m/ 32°       16.1°       88  0.0000  0.0000
  [창시작] 거리 3461m / 우리ATA 16도 / 고도차(상대-나) +708m
감속+당김                  898m/146°       644m/ 79°        4.7°      252  0.0000  0.0000
@@@@@ seed=9 t=100
BT(기준)                 995m/ 15°      3608m/ 76°       22.3°       62  0.0000  0.0000
  [창시작] 거리 1653m / 우리ATA 76도 / 고도차(상대-나) -177m
감속+당김                 2098m/  1°      1564m/ 79°       18.9°       85  0.0000  0.0000
@@@@@ seed=9 t=130
BT(기준)                1549m/ 94°      1925m/ 39°       53.5°       25  0.0000  0.0000
  [창시작] 거리 2400m / 우리ATA 45도 / 고도차(상대-나) +981m
감속+당김                 1740m/ 73°      1214m/ 33°           -        0  0.0000  0.0000
@@@@@ seed=9 t=160
