@@@@@ seed=3 t=60
BT(기준)                1420m/119°      1151m/146°       74.4°       58  0.0000  0.0000
  [창시작] 거리 2779m / 우리ATA 75도 / 고도차(상대-나) +575m
우선회+당김                1863m/110°       950m/171°      121.4°       55  0.0000  0.0000
좌선회+당김                1334m/139°      1162m/153°           -        0  0.0000  0.0000
우하강나선                 1234m/122°      1102m/152°           -        0  0.0000  0.0000
좌하강나선                 1039m/139°       968m/126°      132.0°       97  0.0000  0.0488
수직당김(상승)              1661m/124°      1946m/132°       96.0°       13  0.0000  0.0000
이탈(수평전속)              1770m/111°      1377m/151°           -        0  0.0000  0.0000
감속+당김                  990m/139°      1569m/ 84°       51.6°      180  0.0000  0.1325
  +5초 ATA 순위 : 우선회+당김 > 이탈(수평전속) > BT(기준) > 우하강나선
  +20초 ATA 순위 : 감속+당김 > 좌하강나선 > 수직당김(상승) > BT(기준)
  창後 최소ATA 순위: 감속+당김(51.6°) > BT(기준)(74.4°) > 수직당김(상승)(96.0°) > 우선회+당김(121.4°)
  ★최종 순이득(준-받은) 순위: BT(기준)(+0.000) > 우선회+당김(+0.000) > 좌선회+당김(+0.000) > 우하강나선(+0.000)
  ※ 지평선마다 순위가 크게 다르면 그 구간 목표함수가 틀린 것이다 — 그 자체가 발견.

@@@@@ seed=3 t=120
BT(기준)                1310m/148°      1356m/144°           -        0  0.0000  0.0000
  [창시작] 거리 1307m / 우리ATA 150도 / 고도차(상대-나) +77m
우선회+당김                1681m/151°      1482m/151°           -        0  0.0000  0.0000
좌선회+당김                1459m/150°      1298m/145°           -        0  0.0000  0.0000
우하강나선                 1470m/144°      1303m/161°           -        0  0.0000  0.0000
좌하강나선                 1138m/122°       416m/ 17°        2.1°      201  0.0180  0.0000
수직당김(상승)              1339m/111°       710m/ 19°        0.7°      123  0.0135  0.0188
이탈(수평전속)              1485m/163°      1680m/134°           -        0  0.0000  0.0011
감속+당김                  935m/128°        66m/ 85°        0.7°      511  0.8169  0.0191
  +5초 ATA 순위 : 수직당김(상승) > 좌하강나선 > 감속+당김 > 우하강나선
  +20초 ATA 순위 : 좌하강나선 > 수직당김(상승) > 감속+당김 > 이탈(수평전속)
  창後 최소ATA 순위: 감속+당김(0.7°) > 수직당김(상승)(0.7°) > 좌하강나선(2.1°)
  ★최종 순이득(준-받은) 순위: 감속+당김(+0.798) > 좌하강나선(+0.018) > BT(기준)(+0.000) > 우선회+당김(+0.000)
  ※ 지평선마다 순위가 크게 다르면 그 구간 목표함수가 틀린 것이다 — 그 자체가 발견.

@@@@@ seed=6 t=60
BT(기준)                3265m/ 94°      2334m/154°       18.5°      429  0.0000  0.0000
  [창시작] 거리 2269m / 우리ATA 17도 / 고도차(상대-나) +219m
우선회+당김                2845m/119°      1207m/161°      108.9°       28  0.0000  0.0000
좌선회+당김                3227m/119°      2371m/149°       15.3°      138  0.0000  0.0000
우하강나선                 3193m/117°      1531m/115°       58.9°       34  0.0000  0.0000
좌하강나선                 3074m/115°      2360m/139°        1.1°      600  0.0660  0.0000
수직당김(상승)              2523m/ 94°      1844m/126°       93.6°       15  0.0000  0.0000
이탈(수평전속)              3270m/115°      1920m/125°       46.8°       31  0.0000  0.0000
감속+당김                 2581m/115°      2425m/141°       11.5°      426  0.0000  0.0000
  +5초 ATA 순위 : BT(기준) > 수직당김(상승) > 이탈(수평전속) > 감속+당김
  +20초 ATA 순위 : 우하강나선 > 이탈(수평전속) > 수직당김(상승) > 좌하강나선
  창後 최소ATA 순위: 좌하강나선(1.1°) > 감속+당김(11.5°) > 좌선회+당김(15.3°) > BT(기준)(18.5°)
  ★최종 순이득(준-받은) 순위: 좌하강나선(+0.066) > BT(기준)(+0.000) > 우선회+당김(+0.000) > 좌선회+당김(+0.000)
  ※ 지평선마다 순위가 크게 다르면 그 구간 목표함수가 틀린 것이다 — 그 자체가 발견.

@@@@@ seed=6 t=120
BT(기준)                1165m/ 13°      1807m/ 39°       18.5°      400  0.0000  0.0000
  [창시작] 거리 1752m / 우리ATA 34도 / 고도차(상대-나) -1573m
우선회+당김                2137m/ 88°      1245m/ 44°        1.5°      181  0.0133  0.0000
좌선회+당김                2508m/ 87°      1884m/ 87°           -        0  0.0000  0.0000
우하강나선                 1432m/121°       195m/ 53°        1.3°      293  0.3884  0.0000
좌하강나선                 1808m/ 45°      1614m/ 92°           -        0  0.0000  0.0000
수직당김(상승)              3319m/ 62°      2426m/139°       39.4°       85  0.0000  0.0000
이탈(수평전속)              2807m/124°      1856m/ 56°       42.7°       34  0.0000  0.0000
감속+당김                 1529m/ 42°      1834m/ 63°           -        0  0.0000  0.0000
  +5초 ATA 순위 : BT(기준) > 감속+당김 > 좌하강나선 > 수직당김(상승)
  +20초 ATA 순위 : BT(기준) > 우선회+당김 > 우하강나선 > 이탈(수평전속)
  창後 최소ATA 순위: 우하강나선(1.3°) > 우선회+당김(1.5°) > BT(기준)(18.5°) > 수직당김(상승)(39.4°)
  ★최종 순이득(준-받은) 순위: 우하강나선(+0.388) > 우선회+당김(+0.013) > BT(기준)(+0.000) > 좌선회+당김(+0.000)
  ※ 지평선마다 순위가 크게 다르면 그 구간 목표함수가 틀린 것이다 — 그 자체가 발견.

@@@@@ seed=9 t=60
BT(기준)                3461m/ 16°      2308m/ 41°       11.0°       92  0.0000  0.0000
  [창시작] 거리 3199m / 우리ATA 105도 / 고도차(상대-나) -184m
우선회+당김                5976m/101°      1794m/155°        2.3°      109  0.0000  0.0000
좌선회+당김                3737m/ 94°      2257m/124°       59.1°       31  0.0000  0.0000
우하강나선                 6660m/ 99°       735m/146°        2.7°       55  0.0000  0.0000
좌하강나선                 3913m/ 89°      3137m/127°       35.7°       59  0.0000  0.0000
수직당김(상승)              1371m/ 15°      4987m/113°        2.2°      598  0.0088  0.0000
이탈(수평전속)              4555m/ 90°      2996m/149°       27.6°       53  0.0000  0.0000
감속+당김                 2529m/ 15°      2490m/ 55°       19.1°       65  0.0000  0.0000
  +5초 ATA 순위 : 수직당김(상승) > 감속+당김 > BT(기준) > 좌하강나선
  +20초 ATA 순위 : BT(기준) > 감속+당김 > 수직당김(상승) > 좌선회+당김
  창後 최소ATA 순위: 수직당김(상승)(2.2°) > 우선회+당김(2.3°) > 우하강나선(2.7°) > BT(기준)(11.0°)
  ★최종 순이득(준-받은) 순위: 수직당김(상승)(+0.009) > BT(기준)(+0.000) > 우선회+당김(+0.000) > 좌선회+당김(+0.000)
  ※ 지평선마다 순위가 크게 다르면 그 구간 목표함수가 틀린 것이다 — 그 자체가 발견.

@@@@@ seed=9 t=120
BT(기준)                2400m/ 45°      2026m/ 61°       37.4°       35  0.0000  0.0000
  [창시작] 거리 3443m / 우리ATA 104도 / 고도차(상대-나) +497m
우선회+당김                4047m/100°      1666m/121°       10.7°      357  0.0000  0.1918
좌선회+당김                 695m/ 43°      2143m/128°       33.1°      141  0.0000  0.0000
우하강나선                 1791m/110°       966m/ 53°        9.8°      188  0.0000  0.0000
좌하강나선                 3433m/ 77°      2006m/146°       47.8°       30  0.0000  0.0000
수직당김(상승)              2155m/ 78°      2711m/ 83°           -        0  0.0000  0.0000
이탈(수평전속)              2608m/ 78°      2022m/ 25°       11.1°       72  0.0000  0.0000
감속+당김                 1260m/ 10°       960m/ 19°       14.6°      261  0.0000  0.0147
  +5초 ATA 순위 : 감속+당김 > 좌선회+당김 > BT(기준) > 좌하강나선
  +20초 ATA 순위 : 감속+당김 > 이탈(수평전속) > 우하강나선 > BT(기준)
  창後 최소ATA 순위: 우하강나선(9.8°) > 우선회+당김(10.7°) > 이탈(수평전속)(11.1°) > 감속+당김(14.6°)
  ★최종 순이득(준-받은) 순위: BT(기준)(+0.000) > 좌선회+당김(+0.000) > 우하강나선(+0.000) > 좌하강나선(+0.000)
  ※ 지평선마다 순위가 크게 다르면 그 구간 목표함수가 틀린 것이다 — 그 자체가 발견.

@@@@@ seed=12 t=60
BT(기준)                2229m/ 99°      1379m/152°           -        0  0.0000  0.1613
  [창시작] 거리 2366m / 우리ATA 136도 / 고도차(상대-나) +826m
우선회+당김                         --               --           -        0  0.0000  0.0755
좌선회+당김                         --               --           -        0  0.0000  0.0814
우하강나선                          --               --           -        0  0.0000  0.0814
좌하강나선                          --               --           -        0  0.0000  0.0814
수직당김(상승)              1009m/108°       418m/131°        1.3°      311  0.0148  0.0814
이탈(수평전속)                       --               --           -        0  0.0000  0.0814
감속+당김                  862m/ 91°       289m/ 98°        0.2°      760  1.0062  0.0814
  +5초 ATA 순위 : 감속+당김 > BT(기준) > 수직당김(상승)
  +20초 ATA 순위 : 감속+당김 > 수직당김(상승) > BT(기준)
  창後 최소ATA 순위: 감속+당김(0.2°) > 수직당김(상승)(1.3°)
  ★최종 순이득(준-받은) 순위: 감속+당김(+0.925) > 수직당김(상승)(-0.067) > 우선회+당김(-0.075) > 좌선회+당김(-0.081)
  ※ 지평선마다 순위가 크게 다르면 그 구간 목표함수가 틀린 것이다 — 그 자체가 발견.

@@@@@ seed=12 t=120
BT(기준)                1354m/154°      1328m/149°           -        0  0.0000  0.1613
  [창시작] 거리 1300m / 우리ATA 153도 / 고도차(상대-나) +142m
우선회+당김                4868m/143°       447m/ 66°        7.3°       91  0.0000  0.0755
좌선회+당김                 883m/174°      1293m/173°      168.4°       61  0.0000  0.7033
우하강나선                 4635m/148°       436m/ 55°        7.9°       57  0.0000  0.0755
좌하강나선                          --               --      167.3°       30  0.0000  1.0019
수직당김(상승)              3217m/101°      1411m/134°       12.8°       71  0.0000  0.0755
이탈(수평전속)              4784m/137°       312m/ 53°        1.4°       59  0.0152  0.0755
감속+당김                  681m/ 77°       230m/ 13°        0.2°      309  1.0001  0.3546
  +5초 ATA 순위 : 감속+당김 > 수직당김(상승) > 이탈(수평전속) > 우선회+당김
  +20초 ATA 순위 : 감속+당김 > 이탈(수평전속) > 우하강나선 > 우선회+당김
  창後 최소ATA 순위: 감속+당김(0.2°) > 이탈(수평전속)(1.4°) > 우선회+당김(7.3°) > 우하강나선(7.9°)
  ★최종 순이득(준-받은) 순위: 감속+당김(+0.646) > 이탈(수평전속)(-0.060) > 우선회+당김(-0.075) > 우하강나선(-0.075)
  ※ 지평선마다 순위가 크게 다르면 그 구간 목표함수가 틀린 것이다 — 그 자체가 발견.

=== 완료 ===
