########## v42 / 라운드2 / HABFM / ACE ##########


     JSBSim Flight Dynamics Model v1.0.0 May 27 2026 16:13:38
init ID:1 Lat37.92355643001773 Lon128.18188127777776 Alt(meter)7000.0785355893395 Speed(m/sec)300.0
init ID:1 Lat37.96855377446113 Lon128.18188127777776 Alt(meter)7002.8272734023885 Speed(m/sec)300.0
[match] seed 1 HABFM round2 sep=762m alt=1546m spd=217m/s aoff=0deg
            [JSBSim-ML v2.0]

JSBSim startup beginning ...

total: 2
Behavior Tree Initialized Successfully
runner:local/env:0	num_steps=[11999] | total rewards=[625.6732] | termination= [max time out]
[seed 1] reward=   625.67 ownHP=1.0000 tgtHP=0.7970 max time out
Remove Space Complete.

[rehearsal own_rep=6 tgt_rep=6 seeds=1]
SUMMARY dealt=0.2030 taken=0.0000 mean_reward=625.67
tacview log saved (last episode)


     JSBSim Flight Dynamics Model v1.0.0 May 27 2026 16:13:38
init ID:1 Lat37.92355643001773 Lon128.18188127777776 Alt(meter)7000.0785355893395 Speed(m/sec)300.0
init ID:1 Lat37.96855377446113 Lon128.18188127777776 Alt(meter)7002.8272734023885 Speed(m/sec)300.0
[match] seed 4 HABFM round2 sep=762m alt=6887m spd=297m/s aoff=0deg
            [JSBSim-ML v2.0]

JSBSim startup beginning ...

total: 2
Behavior Tree Initialized Successfully
runner:local/env:0	num_steps=[11999] | total rewards=[452.4574] | termination= [max time out]
[seed 4] reward=   452.46 ownHP=1.0000 tgtHP=0.9462 max time out
Remove Space Complete.

[rehearsal own_rep=6 tgt_rep=6 seeds=1]
SUMMARY dealt=0.0538 taken=0.0000 mean_reward=452.46
tacview log saved (last episode)


     JSBSim Flight Dynamics Model v1.0.0 May 27 2026 16:13:38
init ID:1 Lat37.92355643001773 Lon128.18188127777776 Alt(meter)7000.0785355893395 Speed(m/sec)300.0
init ID:1 Lat37.96855377446113 Lon128.18188127777776 Alt(meter)7002.8272734023885 Speed(m/sec)300.0
[match] seed 7 HABFM round2 sep=762m alt=9121m spd=249m/s aoff=0deg
            [JSBSim-ML v2.0]

JSBSim startup beginning ...

total: 2
Behavior Tree Initialized Successfully
runner:local/env:0	num_steps=[11999] | total rewards=[455.8479] | termination= [max time out]
[seed 7] reward=   455.85 ownHP=1.0000 tgtHP=0.9243 max time out
Remove Space Complete.

[rehearsal own_rep=6 tgt_rep=6 seeds=1]
SUMMARY dealt=0.0757 taken=0.0000 mean_reward=455.85
tacview log saved (last episode)


     JSBSim Flight Dynamics Model v1.0.0 May 27 2026 16:13:38
init ID:1 Lat37.92355643001773 Lon128.18188127777776 Alt(meter)7000.0785355893395 Speed(m/sec)300.0
init ID:1 Lat37.96855377446113 Lon128.18188127777776 Alt(meter)7002.8272734023885 Speed(m/sec)300.0
[match] seed 10 HABFM round2 sep=762m alt=3219m spd=234m/s aoff=0deg
            [JSBSim-ML v2.0]

JSBSim startup beginning ...

total: 2
Behavior Tree Initialized Successfully
runner:local/env:0	num_steps=[11999] | total rewards=[628.1872] | termination= [max time out]
[seed 10] reward=   628.19 ownHP=1.0000 tgtHP=0.8791 max time out
Remove Space Complete.

[rehearsal own_rep=6 tgt_rep=6 seeds=1]
SUMMARY dealt=0.1209 taken=0.0000 mean_reward=628.19
tacview log saved (last episode)


     JSBSim Flight Dynamics Model v1.0.0 May 27 2026 16:13:38
init ID:1 Lat37.92355643001773 Lon128.18188127777776 Alt(meter)7000.0785355893395 Speed(m/sec)300.0
init ID:1 Lat37.96855377446113 Lon128.18188127777776 Alt(meter)7002.8272734023885 Speed(m/sec)300.0
[match] seed 13 HABFM round2 sep=762m alt=5807m spd=237m/s aoff=0deg
            [JSBSim-ML v2.0]

JSBSim startup beginning ...

total: 2
Behavior Tree Initialized Successfully
runner:local/env:0	num_steps=[11999] | total rewards=[577.1613] | termination= [max time out]
[seed 13] reward=   577.16 ownHP=1.0000 tgtHP=0.9209 max time out
Remove Space Complete.

[rehearsal own_rep=6 tgt_rep=6 seeds=1]
SUMMARY dealt=0.0791 taken=0.0000 mean_reward=577.16
tacview log saved (last episode)


     JSBSim Flight Dynamics Model v1.0.0 May 27 2026 16:13:38
init ID:1 Lat37.92355643001773 Lon128.18188127777776 Alt(meter)7000.0785355893395 Speed(m/sec)300.0
init ID:1 Lat37.96855377446113 Lon128.18188127777776 Alt(meter)7002.8272734023885 Speed(m/sec)300.0
[match] seed 16 HABFM round2 sep=762m alt=2265m spd=227m/s aoff=0deg
            [JSBSim-ML v2.0]

JSBSim startup beginning ...

total: 2
Behavior Tree Initialized Successfully
runner:local/env:0	num_steps=[11999] | total rewards=[506.1987] | termination= [max time out]
[seed 16] reward=   506.20 ownHP=1.0000 tgtHP=0.9018 max time out
Remove Space Complete.

[rehearsal own_rep=6 tgt_rep=6 seeds=1]
SUMMARY dealt=0.0982 taken=0.0000 mean_reward=506.20
tacview log saved (last episode)


     JSBSim Flight Dynamics Model v1.0.0 May 27 2026 16:13:38
init ID:1 Lat37.92355643001773 Lon128.18188127777776 Alt(meter)7000.0785355893395 Speed(m/sec)300.0
init ID:1 Lat37.96855377446113 Lon128.18188127777776 Alt(meter)7002.8272734023885 Speed(m/sec)300.0
[match] seed 19 HABFM round2 sep=762m alt=3204m spd=230m/s aoff=0deg
            [JSBSim-ML v2.0]

JSBSim startup beginning ...

total: 2
Behavior Tree Initialized Successfully
runner:local/env:0	num_steps=[11999] | total rewards=[606.3073] | termination= [max time out]
[seed 19] reward=   606.31 ownHP=1.0000 tgtHP=0.8764 max time out
Remove Space Complete.

[rehearsal own_rep=6 tgt_rep=6 seeds=1]
SUMMARY dealt=0.1236 taken=0.0000 mean_reward=606.31
tacview log saved (last episode)


     JSBSim Flight Dynamics Model v1.0.0 May 27 2026 16:13:38
init ID:1 Lat37.92355643001773 Lon128.18188127777776 Alt(meter)7000.0785355893395 Speed(m/sec)300.0
init ID:1 Lat37.96855377446113 Lon128.18188127777776 Alt(meter)7002.8272734023885 Speed(m/sec)300.0
[match] seed 22 HABFM round2 sep=762m alt=7582m spd=260m/s aoff=0deg
            [JSBSim-ML v2.0]

JSBSim startup beginning ...

total: 2
Behavior Tree Initialized Successfully
runner:local/env:0	num_steps=[11999] | total rewards=[461.7219] | termination= [max time out]
[seed 22] reward=   461.72 ownHP=1.0000 tgtHP=0.9227 max time out
Remove Space Complete.

[rehearsal own_rep=6 tgt_rep=6 seeds=1]
SUMMARY dealt=0.0773 taken=0.0000 mean_reward=461.72
tacview log saved (last episode)


     JSBSim Flight Dynamics Model v1.0.0 May 27 2026 16:13:38
init ID:1 Lat37.92355643001773 Lon128.18188127777776 Alt(meter)7000.0785355893395 Speed(m/sec)300.0
init ID:1 Lat37.96855377446113 Lon128.18188127777776 Alt(meter)7002.8272734023885 Speed(m/sec)300.0
[match] seed 25 HABFM round2 sep=762m alt=5320m spd=222m/s aoff=0deg
            [JSBSim-ML v2.0]

JSBSim startup beginning ...

total: 2
Behavior Tree Initialized Successfully
runner:local/env:0	num_steps=[11999] | total rewards=[538.4761] | termination= [max time out]
[seed 25] reward=   538.48 ownHP=1.0000 tgtHP=0.9379 max time out
Remove Space Complete.

[rehearsal own_rep=6 tgt_rep=6 seeds=1]
SUMMARY dealt=0.0621 taken=0.0000 mean_reward=538.48
tacview log saved (last episode)


     JSBSim Flight Dynamics Model v1.0.0 May 27 2026 16:13:38
init ID:1 Lat37.92355643001773 Lon128.18188127777776 Alt(meter)7000.0785355893395 Speed(m/sec)300.0
init ID:1 Lat37.96855377446113 Lon128.18188127777776 Alt(meter)7002.8272734023885 Speed(m/sec)300.0
[match] seed 28 HABFM round2 sep=762m alt=8944m spd=211m/s aoff=0deg
            [JSBSim-ML v2.0]

JSBSim startup beginning ...

total: 2
Behavior Tree Initialized Successfully
runner:local/env:0	num_steps=[11999] | total rewards=[484.8997] | termination= [max time out]
[seed 28] reward=   484.90 ownHP=1.0000 tgtHP=0.8854 max time out
Remove Space Complete.

[rehearsal own_rep=6 tgt_rep=6 seeds=1]
SUMMARY dealt=0.1146 taken=0.0000 mean_reward=484.90
tacview log saved (last episode)


     JSBSim Flight Dynamics Model v1.0.0 May 27 2026 16:13:38
init ID:1 Lat37.92355643001773 Lon128.18188127777776 Alt(meter)7000.0785355893395 Speed(m/sec)300.0
init ID:1 Lat37.96855377446113 Lon128.18188127777776 Alt(meter)7002.8272734023885 Speed(m/sec)300.0
[match] seed 31 HABFM round2 sep=762m alt=8199m spd=261m/s aoff=0deg
            [JSBSim-ML v2.0]

JSBSim startup beginning ...

total: 2
Behavior Tree Initialized Successfully
runner:local/env:0	num_steps=[11999] | total rewards=[506.8701] | termination= [max time out]
[seed 31] reward=   506.87 ownHP=1.0000 tgtHP=0.8676 max time out
Remove Space Complete.

[rehearsal own_rep=6 tgt_rep=6 seeds=1]
SUMMARY dealt=0.1324 taken=0.0000 mean_reward=506.87
tacview log saved (last episode)


     JSBSim Flight Dynamics Model v1.0.0 May 27 2026 16:13:38
init ID:1 Lat37.92355643001773 Lon128.18188127777776 Alt(meter)7000.0785355893395 Speed(m/sec)300.0
init ID:1 Lat37.96855377446113 Lon128.18188127777776 Alt(meter)7002.8272734023885 Speed(m/sec)300.0
[match] seed 34 HABFM round2 sep=762m alt=8102m spd=299m/s aoff=0deg
            [JSBSim-ML v2.0]

JSBSim startup beginning ...

total: 2
Behavior Tree Initialized Successfully
runner:local/env:0	num_steps=[11999] | total rewards=[476.6451] | termination= [max time out]
[seed 34] reward=   476.65 ownHP=1.0000 tgtHP=0.8791 max time out
Remove Space Complete.

[rehearsal own_rep=6 tgt_rep=6 seeds=1]
SUMMARY dealt=0.1209 taken=0.0000 mean_reward=476.65
tacview log saved (last episode)


     JSBSim Flight Dynamics Model v1.0.0 May 27 2026 16:13:38
init ID:1 Lat37.92355643001773 Lon128.18188127777776 Alt(meter)7000.0785355893395 Speed(m/sec)300.0
init ID:1 Lat37.96855377446113 Lon128.18188127777776 Alt(meter)7002.8272734023885 Speed(m/sec)300.0
[match] seed 37 HABFM round2 sep=762m alt=7453m spd=295m/s aoff=0deg
            [JSBSim-ML v2.0]

JSBSim startup beginning ...

total: 2
Behavior Tree Initialized Successfully
runner:local/env:0	num_steps=[11999] | total rewards=[406.6338] | termination= [max time out]
[seed 37] reward=   406.63 ownHP=1.0000 tgtHP=0.9366 max time out
Remove Space Complete.

[rehearsal own_rep=6 tgt_rep=6 seeds=1]
SUMMARY dealt=0.0634 taken=0.0000 mean_reward=406.63
tacview log saved (last episode)


     JSBSim Flight Dynamics Model v1.0.0 May 27 2026 16:13:38
init ID:1 Lat37.92355643001773 Lon128.18188127777776 Alt(meter)7000.0785355893395 Speed(m/sec)300.0
init ID:1 Lat37.96855377446113 Lon128.18188127777776 Alt(meter)7002.8272734023885 Speed(m/sec)300.0
[match] seed 40 HABFM round2 sep=762m alt=6516m spd=218m/s aoff=0deg
            [JSBSim-ML v2.0]

JSBSim startup beginning ...

total: 2
Behavior Tree Initialized Successfully
runner:local/env:0	num_steps=[11999] | total rewards=[490.0637] | termination= [max time out]
[seed 40] reward=   490.06 ownHP=1.0000 tgtHP=0.9427 max time out
Remove Space Complete.

[rehearsal own_rep=6 tgt_rep=6 seeds=1]
SUMMARY dealt=0.0573 taken=0.0000 mean_reward=490.06
tacview log saved (last episode)


     JSBSim Flight Dynamics Model v1.0.0 May 27 2026 16:13:38
init ID:1 Lat37.92355643001773 Lon128.18188127777776 Alt(meter)7000.0785355893395 Speed(m/sec)300.0
init ID:1 Lat37.96855377446113 Lon128.18188127777776 Alt(meter)7002.8272734023885 Speed(m/sec)300.0
[match] seed 43 HABFM round2 sep=762m alt=8245m spd=239m/s aoff=0deg
            [JSBSim-ML v2.0]

JSBSim startup beginning ...

total: 2
Behavior Tree Initialized Successfully
runner:local/env:0	num_steps=[11999] | total rewards=[444.6685] | termination= [max time out]
[seed 43] reward=   444.67 ownHP=1.0000 tgtHP=0.8767 max time out
Remove Space Complete.

[rehearsal own_rep=6 tgt_rep=6 seeds=1]
SUMMARY dealt=0.1233 taken=0.0000 mean_reward=444.67
tacview log saved (last episode)

########## v42 / 라운드2 / OBFM_BLUE / ACE ##########


     JSBSim Flight Dynamics Model v1.0.0 May 27 2026 16:13:38
init ID:1 Lat37.92355643001773 Lon128.18188127777776 Alt(meter)7000.0785355893395 Speed(m/sec)300.0
init ID:1 Lat37.96855377446113 Lon128.18188127777776 Alt(meter)7002.8272734023885 Speed(m/sec)300.0
[match] seed 1 OBFM_BLUE round2 sep=762m alt=1546m spd=217m/s aoff=30deg
            [JSBSim-ML v2.0]

JSBSim startup beginning ...

total: 2
Behavior Tree Initialized Successfully
runner:local/env:0	num_steps=[11999] | total rewards=[753.6163] | termination= [max time out]
[seed 1] reward=   753.62 ownHP=1.0000 tgtHP=0.8411 max time out
Remove Space Complete.

[rehearsal own_rep=6 tgt_rep=6 seeds=1]
SUMMARY dealt=0.1589 taken=0.0000 mean_reward=753.62
tacview log saved (last episode)


     JSBSim Flight Dynamics Model v1.0.0 May 27 2026 16:13:38
init ID:1 Lat37.92355643001773 Lon128.18188127777776 Alt(meter)7000.0785355893395 Speed(m/sec)300.0
init ID:1 Lat37.96855377446113 Lon128.18188127777776 Alt(meter)7002.8272734023885 Speed(m/sec)300.0
[match] seed 4 OBFM_BLUE round2 sep=762m alt=6887m spd=297m/s aoff=30deg
            [JSBSim-ML v2.0]

JSBSim startup beginning ...

total: 2
Behavior Tree Initialized Successfully
runner:local/env:0	num_steps=[11999] | total rewards=[653.6495] | termination= [max time out]
[seed 4] reward=   653.65 ownHP=1.0000 tgtHP=0.8567 max time out
Remove Space Complete.

[rehearsal own_rep=6 tgt_rep=6 seeds=1]
SUMMARY dealt=0.1433 taken=0.0000 mean_reward=653.65
tacview log saved (last episode)


     JSBSim Flight Dynamics Model v1.0.0 May 27 2026 16:13:38
init ID:1 Lat37.92355643001773 Lon128.18188127777776 Alt(meter)7000.0785355893395 Speed(m/sec)300.0
init ID:1 Lat37.96855377446113 Lon128.18188127777776 Alt(meter)7002.8272734023885 Speed(m/sec)300.0
[match] seed 7 OBFM_BLUE round2 sep=762m alt=9121m spd=249m/s aoff=30deg
            [JSBSim-ML v2.0]

JSBSim startup beginning ...

total: 2
Behavior Tree Initialized Successfully
runner:local/env:0	num_steps=[11999] | total rewards=[613.4777] | termination= [max time out]
[seed 7] reward=   613.48 ownHP=1.0000 tgtHP=0.9329 max time out
Remove Space Complete.

[rehearsal own_rep=6 tgt_rep=6 seeds=1]
SUMMARY dealt=0.0671 taken=0.0000 mean_reward=613.48
tacview log saved (last episode)


     JSBSim Flight Dynamics Model v1.0.0 May 27 2026 16:13:38
init ID:1 Lat37.92355643001773 Lon128.18188127777776 Alt(meter)7000.0785355893395 Speed(m/sec)300.0
init ID:1 Lat37.96855377446113 Lon128.18188127777776 Alt(meter)7002.8272734023885 Speed(m/sec)300.0
[match] seed 10 OBFM_BLUE round2 sep=762m alt=3219m spd=234m/s aoff=30deg
            [JSBSim-ML v2.0]

JSBSim startup beginning ...

total: 2
Behavior Tree Initialized Successfully
runner:local/env:0	num_steps=[11999] | total rewards=[641.0558] | termination= [max time out]
[seed 10] reward=   641.06 ownHP=1.0000 tgtHP=0.8461 max time out
Remove Space Complete.

[rehearsal own_rep=6 tgt_rep=6 seeds=1]
SUMMARY dealt=0.1539 taken=0.0000 mean_reward=641.06
tacview log saved (last episode)


     JSBSim Flight Dynamics Model v1.0.0 May 27 2026 16:13:38
init ID:1 Lat37.92355643001773 Lon128.18188127777776 Alt(meter)7000.0785355893395 Speed(m/sec)300.0
init ID:1 Lat37.96855377446113 Lon128.18188127777776 Alt(meter)7002.8272734023885 Speed(m/sec)300.0
[match] seed 13 OBFM_BLUE round2 sep=762m alt=5807m spd=237m/s aoff=30deg
            [JSBSim-ML v2.0]

JSBSim startup beginning ...

total: 2
Behavior Tree Initialized Successfully
runner:local/env:0	num_steps=[11999] | total rewards=[610.4210] | termination= [max time out]
[seed 13] reward=   610.42 ownHP=1.0000 tgtHP=0.9266 max time out
Remove Space Complete.

[rehearsal own_rep=6 tgt_rep=6 seeds=1]
SUMMARY dealt=0.0734 taken=0.0000 mean_reward=610.42
tacview log saved (last episode)


     JSBSim Flight Dynamics Model v1.0.0 May 27 2026 16:13:38
init ID:1 Lat37.92355643001773 Lon128.18188127777776 Alt(meter)7000.0785355893395 Speed(m/sec)300.0
init ID:1 Lat37.96855377446113 Lon128.18188127777776 Alt(meter)7002.8272734023885 Speed(m/sec)300.0
[match] seed 16 OBFM_BLUE round2 sep=762m alt=2265m spd=227m/s aoff=30deg
            [JSBSim-ML v2.0]

JSBSim startup beginning ...

total: 2
Behavior Tree Initialized Successfully
runner:local/env:0	num_steps=[11999] | total rewards=[671.1017] | termination= [max time out]
[seed 16] reward=   671.10 ownHP=1.0000 tgtHP=0.7876 max time out
Remove Space Complete.

[rehearsal own_rep=6 tgt_rep=6 seeds=1]
SUMMARY dealt=0.2124 taken=0.0000 mean_reward=671.10
tacview log saved (last episode)


     JSBSim Flight Dynamics Model v1.0.0 May 27 2026 16:13:38
init ID:1 Lat37.92355643001773 Lon128.18188127777776 Alt(meter)7000.0785355893395 Speed(m/sec)300.0
init ID:1 Lat37.96855377446113 Lon128.18188127777776 Alt(meter)7002.8272734023885 Speed(m/sec)300.0
[match] seed 19 OBFM_BLUE round2 sep=762m alt=3204m spd=230m/s aoff=30deg
            [JSBSim-ML v2.0]

JSBSim startup beginning ...

total: 2
Behavior Tree Initialized Successfully
runner:local/env:0	num_steps=[11999] | total rewards=[692.0164] | termination= [max time out]
[seed 19] reward=   692.02 ownHP=1.0000 tgtHP=0.7906 max time out
Remove Space Complete.

[rehearsal own_rep=6 tgt_rep=6 seeds=1]
SUMMARY dealt=0.2094 taken=0.0000 mean_reward=692.02
tacview log saved (last episode)


     JSBSim Flight Dynamics Model v1.0.0 May 27 2026 16:13:38
init ID:1 Lat37.92355643001773 Lon128.18188127777776 Alt(meter)7000.0785355893395 Speed(m/sec)300.0
init ID:1 Lat37.96855377446113 Lon128.18188127777776 Alt(meter)7002.8272734023885 Speed(m/sec)300.0
[match] seed 22 OBFM_BLUE round2 sep=762m alt=7582m spd=260m/s aoff=30deg
            [JSBSim-ML v2.0]

JSBSim startup beginning ...

total: 2
Behavior Tree Initialized Successfully
runner:local/env:0	num_steps=[11999] | total rewards=[656.4428] | termination= [max time out]
[seed 22] reward=   656.44 ownHP=1.0000 tgtHP=0.9221 max time out
Remove Space Complete.

[rehearsal own_rep=6 tgt_rep=6 seeds=1]
SUMMARY dealt=0.0779 taken=0.0000 mean_reward=656.44
tacview log saved (last episode)


     JSBSim Flight Dynamics Model v1.0.0 May 27 2026 16:13:38
init ID:1 Lat37.92355643001773 Lon128.18188127777776 Alt(meter)7000.0785355893395 Speed(m/sec)300.0
init ID:1 Lat37.96855377446113 Lon128.18188127777776 Alt(meter)7002.8272734023885 Speed(m/sec)300.0
[match] seed 25 OBFM_BLUE round2 sep=762m alt=5320m spd=222m/s aoff=30deg
            [JSBSim-ML v2.0]

JSBSim startup beginning ...

total: 2
Behavior Tree Initialized Successfully
runner:local/env:0	num_steps=[11999] | total rewards=[727.2206] | termination= [max time out]
[seed 25] reward=   727.22 ownHP=1.0000 tgtHP=0.6849 max time out
Remove Space Complete.

[rehearsal own_rep=6 tgt_rep=6 seeds=1]
SUMMARY dealt=0.3151 taken=0.0000 mean_reward=727.22
tacview log saved (last episode)


     JSBSim Flight Dynamics Model v1.0.0 May 27 2026 16:13:38
init ID:1 Lat37.92355643001773 Lon128.18188127777776 Alt(meter)7000.0785355893395 Speed(m/sec)300.0
init ID:1 Lat37.96855377446113 Lon128.18188127777776 Alt(meter)7002.8272734023885 Speed(m/sec)300.0
[match] seed 28 OBFM_BLUE round2 sep=762m alt=8944m spd=211m/s aoff=30deg
            [JSBSim-ML v2.0]

JSBSim startup beginning ...

total: 2
Behavior Tree Initialized Successfully
runner:local/env:0	num_steps=[11999] | total rewards=[554.2674] | termination= [max time out]
[seed 28] reward=   554.27 ownHP=1.0000 tgtHP=0.9136 max time out
Remove Space Complete.

[rehearsal own_rep=6 tgt_rep=6 seeds=1]
SUMMARY dealt=0.0864 taken=0.0000 mean_reward=554.27
tacview log saved (last episode)


     JSBSim Flight Dynamics Model v1.0.0 May 27 2026 16:13:38
init ID:1 Lat37.92355643001773 Lon128.18188127777776 Alt(meter)7000.0785355893395 Speed(m/sec)300.0
init ID:1 Lat37.96855377446113 Lon128.18188127777776 Alt(meter)7002.8272734023885 Speed(m/sec)300.0
[match] seed 31 OBFM_BLUE round2 sep=762m alt=8199m spd=261m/s aoff=30deg
            [JSBSim-ML v2.0]

JSBSim startup beginning ...

total: 2
Behavior Tree Initialized Successfully
runner:local/env:0	num_steps=[11999] | total rewards=[676.4429] | termination= [max time out]
[seed 31] reward=   676.44 ownHP=1.0000 tgtHP=0.8580 max time out
Remove Space Complete.

[rehearsal own_rep=6 tgt_rep=6 seeds=1]
SUMMARY dealt=0.1420 taken=0.0000 mean_reward=676.44
tacview log saved (last episode)


     JSBSim Flight Dynamics Model v1.0.0 May 27 2026 16:13:38
init ID:1 Lat37.92355643001773 Lon128.18188127777776 Alt(meter)7000.0785355893395 Speed(m/sec)300.0
init ID:1 Lat37.96855377446113 Lon128.18188127777776 Alt(meter)7002.8272734023885 Speed(m/sec)300.0
[match] seed 34 OBFM_BLUE round2 sep=762m alt=8102m spd=299m/s aoff=30deg
            [JSBSim-ML v2.0]

JSBSim startup beginning ...

total: 2
Behavior Tree Initialized Successfully
runner:local/env:0	num_steps=[11999] | total rewards=[710.1087] | termination= [max time out]
[seed 34] reward=   710.11 ownHP=1.0000 tgtHP=0.9209 max time out
Remove Space Complete.

[rehearsal own_rep=6 tgt_rep=6 seeds=1]
SUMMARY dealt=0.0791 taken=0.0000 mean_reward=710.11
tacview log saved (last episode)


     JSBSim Flight Dynamics Model v1.0.0 May 27 2026 16:13:38
init ID:1 Lat37.92355643001773 Lon128.18188127777776 Alt(meter)7000.0785355893395 Speed(m/sec)300.0
init ID:1 Lat37.96855377446113 Lon128.18188127777776 Alt(meter)7002.8272734023885 Speed(m/sec)300.0
[match] seed 37 OBFM_BLUE round2 sep=762m alt=7453m spd=295m/s aoff=30deg
            [JSBSim-ML v2.0]

JSBSim startup beginning ...

total: 2
Behavior Tree Initialized Successfully
runner:local/env:0	num_steps=[11999] | total rewards=[728.7046] | termination= [max time out]
[seed 37] reward=   728.70 ownHP=1.0000 tgtHP=0.8713 max time out
Remove Space Complete.

[rehearsal own_rep=6 tgt_rep=6 seeds=1]
SUMMARY dealt=0.1287 taken=0.0000 mean_reward=728.70
tacview log saved (last episode)


     JSBSim Flight Dynamics Model v1.0.0 May 27 2026 16:13:38
init ID:1 Lat37.92355643001773 Lon128.18188127777776 Alt(meter)7000.0785355893395 Speed(m/sec)300.0
init ID:1 Lat37.96855377446113 Lon128.18188127777776 Alt(meter)7002.8272734023885 Speed(m/sec)300.0
[match] seed 40 OBFM_BLUE round2 sep=762m alt=6516m spd=218m/s aoff=30deg
            [JSBSim-ML v2.0]

JSBSim startup beginning ...

total: 2
Behavior Tree Initialized Successfully
runner:local/env:0	num_steps=[11999] | total rewards=[692.9829] | termination= [max time out]
[seed 40] reward=   692.98 ownHP=1.0000 tgtHP=0.9048 max time out
Remove Space Complete.

[rehearsal own_rep=6 tgt_rep=6 seeds=1]
SUMMARY dealt=0.0952 taken=0.0000 mean_reward=692.98
tacview log saved (last episode)


     JSBSim Flight Dynamics Model v1.0.0 May 27 2026 16:13:38
init ID:1 Lat37.92355643001773 Lon128.18188127777776 Alt(meter)7000.0785355893395 Speed(m/sec)300.0
init ID:1 Lat37.96855377446113 Lon128.18188127777776 Alt(meter)7002.8272734023885 Speed(m/sec)300.0
[match] seed 43 OBFM_BLUE round2 sep=762m alt=8245m spd=239m/s aoff=30deg
            [JSBSim-ML v2.0]

JSBSim startup beginning ...

total: 2
Behavior Tree Initialized Successfully
runner:local/env:0	num_steps=[11999] | total rewards=[583.3941] | termination= [max time out]
[seed 43] reward=   583.39 ownHP=1.0000 tgtHP=0.9032 max time out
Remove Space Complete.

[rehearsal own_rep=6 tgt_rep=6 seeds=1]
SUMMARY dealt=0.0968 taken=0.0000 mean_reward=583.39
tacview log saved (last episode)

########## v42 / 라운드2 / OBFM_RED / ACE ##########


     JSBSim Flight Dynamics Model v1.0.0 May 27 2026 16:13:38
init ID:1 Lat37.92355643001773 Lon128.18188127777776 Alt(meter)7000.0785355893395 Speed(m/sec)300.0
init ID:1 Lat37.96855377446113 Lon128.18188127777776 Alt(meter)7002.8272734023885 Speed(m/sec)300.0
[match] seed 1 OBFM_RED round2 sep=762m alt=1546m spd=217m/s aoff=30deg
            [JSBSim-ML v2.0]

JSBSim startup beginning ...

total: 2
Behavior Tree Initialized Successfully
runner:local/env:0	num_steps=[11999] | total rewards=[625.6506] | termination= [max time out]
[seed 1] reward=   625.65 ownHP=1.0000 tgtHP=0.8861 max time out
Remove Space Complete.

[rehearsal own_rep=6 tgt_rep=6 seeds=1]
SUMMARY dealt=0.1139 taken=0.0000 mean_reward=625.65
tacview log saved (last episode)


     JSBSim Flight Dynamics Model v1.0.0 May 27 2026 16:13:38
init ID:1 Lat37.92355643001773 Lon128.18188127777776 Alt(meter)7000.0785355893395 Speed(m/sec)300.0
init ID:1 Lat37.96855377446113 Lon128.18188127777776 Alt(meter)7002.8272734023885 Speed(m/sec)300.0
[match] seed 4 OBFM_RED round2 sep=762m alt=6887m spd=297m/s aoff=30deg
            [JSBSim-ML v2.0]

JSBSim startup beginning ...

total: 2
Behavior Tree Initialized Successfully
runner:local/env:0	num_steps=[11999] | total rewards=[548.1305] | termination= [max time out]
[seed 4] reward=   548.13 ownHP=1.0000 tgtHP=0.9358 max time out
Remove Space Complete.

[rehearsal own_rep=6 tgt_rep=6 seeds=1]
SUMMARY dealt=0.0642 taken=0.0000 mean_reward=548.13
tacview log saved (last episode)


     JSBSim Flight Dynamics Model v1.0.0 May 27 2026 16:13:38
init ID:1 Lat37.92355643001773 Lon128.18188127777776 Alt(meter)7000.0785355893395 Speed(m/sec)300.0
init ID:1 Lat37.96855377446113 Lon128.18188127777776 Alt(meter)7002.8272734023885 Speed(m/sec)300.0
[match] seed 7 OBFM_RED round2 sep=762m alt=9121m spd=249m/s aoff=30deg
            [JSBSim-ML v2.0]

JSBSim startup beginning ...

total: 2
Behavior Tree Initialized Successfully
runner:local/env:0	num_steps=[11999] | total rewards=[457.3314] | termination= [max time out]
[seed 7] reward=   457.33 ownHP=1.0000 tgtHP=0.8477 max time out
Remove Space Complete.

[rehearsal own_rep=6 tgt_rep=6 seeds=1]
SUMMARY dealt=0.1523 taken=0.0000 mean_reward=457.33
tacview log saved (last episode)


     JSBSim Flight Dynamics Model v1.0.0 May 27 2026 16:13:38
init ID:1 Lat37.92355643001773 Lon128.18188127777776 Alt(meter)7000.0785355893395 Speed(m/sec)300.0
init ID:1 Lat37.96855377446113 Lon128.18188127777776 Alt(meter)7002.8272734023885 Speed(m/sec)300.0
[match] seed 10 OBFM_RED round2 sep=762m alt=3219m spd=234m/s aoff=30deg
            [JSBSim-ML v2.0]

JSBSim startup beginning ...

total: 2
Behavior Tree Initialized Successfully
runner:local/env:0	num_steps=[11999] | total rewards=[584.7901] | termination= [max time out]
[seed 10] reward=   584.79 ownHP=0.9652 tgtHP=0.9323 max time out
Remove Space Complete.

[rehearsal own_rep=6 tgt_rep=6 seeds=1]
SUMMARY dealt=0.0677 taken=0.0348 mean_reward=584.79
tacview log saved (last episode)


     JSBSim Flight Dynamics Model v1.0.0 May 27 2026 16:13:38
init ID:1 Lat37.92355643001773 Lon128.18188127777776 Alt(meter)7000.0785355893395 Speed(m/sec)300.0
init ID:1 Lat37.96855377446113 Lon128.18188127777776 Alt(meter)7002.8272734023885 Speed(m/sec)300.0
[match] seed 13 OBFM_RED round2 sep=762m alt=5807m spd=237m/s aoff=30deg
            [JSBSim-ML v2.0]

JSBSim startup beginning ...

total: 2
Behavior Tree Initialized Successfully
runner:local/env:0	num_steps=[11999] | total rewards=[587.4718] | termination= [max time out]
[seed 13] reward=   587.47 ownHP=0.9666 tgtHP=0.8639 max time out
Remove Space Complete.

[rehearsal own_rep=6 tgt_rep=6 seeds=1]
SUMMARY dealt=0.1361 taken=0.0334 mean_reward=587.47
tacview log saved (last episode)


     JSBSim Flight Dynamics Model v1.0.0 May 27 2026 16:13:38
init ID:1 Lat37.92355643001773 Lon128.18188127777776 Alt(meter)7000.0785355893395 Speed(m/sec)300.0
init ID:1 Lat37.96855377446113 Lon128.18188127777776 Alt(meter)7002.8272734023885 Speed(m/sec)300.0
[match] seed 16 OBFM_RED round2 sep=762m alt=2265m spd=227m/s aoff=30deg
            [JSBSim-ML v2.0]

JSBSim startup beginning ...

total: 2
Behavior Tree Initialized Successfully
runner:local/env:0	num_steps=[11999] | total rewards=[585.5180] | termination= [max time out]
[seed 16] reward=   585.52 ownHP=1.0000 tgtHP=0.9464 max time out
Remove Space Complete.

[rehearsal own_rep=6 tgt_rep=6 seeds=1]
SUMMARY dealt=0.0536 taken=0.0000 mean_reward=585.52
tacview log saved (last episode)


     JSBSim Flight Dynamics Model v1.0.0 May 27 2026 16:13:38
init ID:1 Lat37.92355643001773 Lon128.18188127777776 Alt(meter)7000.0785355893395 Speed(m/sec)300.0
init ID:1 Lat37.96855377446113 Lon128.18188127777776 Alt(meter)7002.8272734023885 Speed(m/sec)300.0
[match] seed 19 OBFM_RED round2 sep=762m alt=3204m spd=230m/s aoff=30deg
            [JSBSim-ML v2.0]

JSBSim startup beginning ...

total: 2
Behavior Tree Initialized Successfully
runner:local/env:0	num_steps=[11999] | total rewards=[505.6940] | termination= [max time out]
[seed 19] reward=   505.69 ownHP=0.9599 tgtHP=0.9142 max time out
Remove Space Complete.

[rehearsal own_rep=6 tgt_rep=6 seeds=1]
SUMMARY dealt=0.0858 taken=0.0401 mean_reward=505.69
tacview log saved (last episode)


     JSBSim Flight Dynamics Model v1.0.0 May 27 2026 16:13:38
init ID:1 Lat37.92355643001773 Lon128.18188127777776 Alt(meter)7000.0785355893395 Speed(m/sec)300.0
init ID:1 Lat37.96855377446113 Lon128.18188127777776 Alt(meter)7002.8272734023885 Speed(m/sec)300.0
[match] seed 22 OBFM_RED round2 sep=762m alt=7582m spd=260m/s aoff=30deg
            [JSBSim-ML v2.0]

JSBSim startup beginning ...

total: 2
Behavior Tree Initialized Successfully
runner:local/env:0	num_steps=[11999] | total rewards=[174.7462] | termination= [max time out]
[seed 22] reward=   174.75 ownHP=1.0000 tgtHP=0.9549 max time out
Remove Space Complete.

[rehearsal own_rep=6 tgt_rep=6 seeds=1]
SUMMARY dealt=0.0451 taken=0.0000 mean_reward=174.75
tacview log saved (last episode)


     JSBSim Flight Dynamics Model v1.0.0 May 27 2026 16:13:38
init ID:1 Lat37.92355643001773 Lon128.18188127777776 Alt(meter)7000.0785355893395 Speed(m/sec)300.0
init ID:1 Lat37.96855377446113 Lon128.18188127777776 Alt(meter)7002.8272734023885 Speed(m/sec)300.0
[match] seed 25 OBFM_RED round2 sep=762m alt=5320m spd=222m/s aoff=30deg
            [JSBSim-ML v2.0]

JSBSim startup beginning ...

total: 2
Behavior Tree Initialized Successfully
runner:local/env:0	num_steps=[11999] | total rewards=[653.2673] | termination= [max time out]
[seed 25] reward=   653.27 ownHP=0.9571 tgtHP=0.7592 max time out
Remove Space Complete.

[rehearsal own_rep=6 tgt_rep=6 seeds=1]
SUMMARY dealt=0.2408 taken=0.0429 mean_reward=653.27
tacview log saved (last episode)


     JSBSim Flight Dynamics Model v1.0.0 May 27 2026 16:13:38
init ID:1 Lat37.92355643001773 Lon128.18188127777776 Alt(meter)7000.0785355893395 Speed(m/sec)300.0
init ID:1 Lat37.96855377446113 Lon128.18188127777776 Alt(meter)7002.8272734023885 Speed(m/sec)300.0
[match] seed 28 OBFM_RED round2 sep=762m alt=8944m spd=211m/s aoff=30deg
            [JSBSim-ML v2.0]

JSBSim startup beginning ...

total: 2
Behavior Tree Initialized Successfully
runner:local/env:0	num_steps=[11999] | total rewards=[687.8226] | termination= [max time out]
[seed 28] reward=   687.82 ownHP=0.9514 tgtHP=0.9670 max time out
Remove Space Complete.

[rehearsal own_rep=6 tgt_rep=6 seeds=1]
SUMMARY dealt=0.0330 taken=0.0486 mean_reward=687.82
tacview log saved (last episode)


     JSBSim Flight Dynamics Model v1.0.0 May 27 2026 16:13:38
init ID:1 Lat37.92355643001773 Lon128.18188127777776 Alt(meter)7000.0785355893395 Speed(m/sec)300.0
init ID:1 Lat37.96855377446113 Lon128.18188127777776 Alt(meter)7002.8272734023885 Speed(m/sec)300.0
[match] seed 31 OBFM_RED round2 sep=762m alt=8199m spd=261m/s aoff=30deg
            [JSBSim-ML v2.0]

JSBSim startup beginning ...

total: 2
Behavior Tree Initialized Successfully
runner:local/env:0	num_steps=[11999] | total rewards=[604.0695] | termination= [max time out]
[seed 31] reward=   604.07 ownHP=1.0000 tgtHP=0.9172 max time out
Remove Space Complete.

[rehearsal own_rep=6 tgt_rep=6 seeds=1]
SUMMARY dealt=0.0828 taken=0.0000 mean_reward=604.07
tacview log saved (last episode)


     JSBSim Flight Dynamics Model v1.0.0 May 27 2026 16:13:38
init ID:1 Lat37.92355643001773 Lon128.18188127777776 Alt(meter)7000.0785355893395 Speed(m/sec)300.0
init ID:1 Lat37.96855377446113 Lon128.18188127777776 Alt(meter)7002.8272734023885 Speed(m/sec)300.0
[match] seed 34 OBFM_RED round2 sep=762m alt=8102m spd=299m/s aoff=30deg
            [JSBSim-ML v2.0]

JSBSim startup beginning ...

total: 2
Behavior Tree Initialized Successfully
runner:local/env:0	num_steps=[11999] | total rewards=[515.1716] | termination= [max time out]
[seed 34] reward=   515.17 ownHP=0.9689 tgtHP=0.9549 max time out
Remove Space Complete.

[rehearsal own_rep=6 tgt_rep=6 seeds=1]
SUMMARY dealt=0.0451 taken=0.0311 mean_reward=515.17
tacview log saved (last episode)


     JSBSim Flight Dynamics Model v1.0.0 May 27 2026 16:13:38
init ID:1 Lat37.92355643001773 Lon128.18188127777776 Alt(meter)7000.0785355893395 Speed(m/sec)300.0
init ID:1 Lat37.96855377446113 Lon128.18188127777776 Alt(meter)7002.8272734023885 Speed(m/sec)300.0
[match] seed 37 OBFM_RED round2 sep=762m alt=7453m spd=295m/s aoff=30deg
            [JSBSim-ML v2.0]

JSBSim startup beginning ...

total: 2
Behavior Tree Initialized Successfully
runner:local/env:0	num_steps=[11999] | total rewards=[637.2414] | termination= [max time out]
[seed 37] reward=   637.24 ownHP=1.0000 tgtHP=0.9263 max time out
Remove Space Complete.

[rehearsal own_rep=6 tgt_rep=6 seeds=1]
SUMMARY dealt=0.0737 taken=0.0000 mean_reward=637.24
tacview log saved (last episode)


     JSBSim Flight Dynamics Model v1.0.0 May 27 2026 16:13:38
init ID:1 Lat37.92355643001773 Lon128.18188127777776 Alt(meter)7000.0785355893395 Speed(m/sec)300.0
init ID:1 Lat37.96855377446113 Lon128.18188127777776 Alt(meter)7002.8272734023885 Speed(m/sec)300.0
[match] seed 40 OBFM_RED round2 sep=762m alt=6516m spd=218m/s aoff=30deg
            [JSBSim-ML v2.0]

JSBSim startup beginning ...

total: 2
Behavior Tree Initialized Successfully
runner:local/env:0	num_steps=[11999] | total rewards=[510.5572] | termination= [max time out]
[seed 40] reward=   510.56 ownHP=0.9511 tgtHP=0.9464 max time out
Remove Space Complete.

[rehearsal own_rep=6 tgt_rep=6 seeds=1]
SUMMARY dealt=0.0536 taken=0.0489 mean_reward=510.56
tacview log saved (last episode)


     JSBSim Flight Dynamics Model v1.0.0 May 27 2026 16:13:38
init ID:1 Lat37.92355643001773 Lon128.18188127777776 Alt(meter)7000.0785355893395 Speed(m/sec)300.0
init ID:1 Lat37.96855377446113 Lon128.18188127777776 Alt(meter)7002.8272734023885 Speed(m/sec)300.0
[match] seed 43 OBFM_RED round2 sep=762m alt=8245m spd=239m/s aoff=30deg
            [JSBSim-ML v2.0]

JSBSim startup beginning ...

total: 2
Behavior Tree Initialized Successfully
runner:local/env:0	num_steps=[11999] | total rewards=[514.9024] | termination= [max time out]
[seed 43] reward=   514.90 ownHP=0.9545 tgtHP=0.8443 max time out
Remove Space Complete.

[rehearsal own_rep=6 tgt_rep=6 seeds=1]
SUMMARY dealt=0.1557 taken=0.0455 mean_reward=514.90
tacview log saved (last episode)

########## v42 / 라운드3 / HABFM / ACE ##########


     JSBSim Flight Dynamics Model v1.0.0 May 27 2026 16:13:38
init ID:1 Lat37.92355643001773 Lon128.18188127777776 Alt(meter)7000.0785355893395 Speed(m/sec)300.0
init ID:1 Lat37.96855377446113 Lon128.18188127777776 Alt(meter)7002.8272734023885 Speed(m/sec)300.0
[match] seed 2 HABFM round3 sep=914m alt=7868m spd=241m/s aoff=0deg
            [JSBSim-ML v2.0]

JSBSim startup beginning ...

total: 2
Behavior Tree Initialized Successfully
runner:local/env:0	num_steps=[11999] | total rewards=[466.9493] | termination= [max time out]
[seed 2] reward=   466.95 ownHP=1.0000 tgtHP=0.8238 max time out
Remove Space Complete.

[rehearsal own_rep=6 tgt_rep=6 seeds=1]
SUMMARY dealt=0.1762 taken=0.0000 mean_reward=466.95
tacview log saved (last episode)


     JSBSim Flight Dynamics Model v1.0.0 May 27 2026 16:13:38
init ID:1 Lat37.92355643001773 Lon128.18188127777776 Alt(meter)7000.0785355893395 Speed(m/sec)300.0
init ID:1 Lat37.96855377446113 Lon128.18188127777776 Alt(meter)7002.8272734023885 Speed(m/sec)300.0
[match] seed 5 HABFM round3 sep=914m alt=7099m spd=277m/s aoff=0deg
            [JSBSim-ML v2.0]

JSBSim startup beginning ...

total: 2
Behavior Tree Initialized Successfully
runner:local/env:0	num_steps=[11999] | total rewards=[528.4589] | termination= [max time out]
[seed 5] reward=   528.46 ownHP=1.0000 tgtHP=0.9204 max time out
Remove Space Complete.

[rehearsal own_rep=6 tgt_rep=6 seeds=1]
SUMMARY dealt=0.0796 taken=0.0000 mean_reward=528.46
tacview log saved (last episode)


     JSBSim Flight Dynamics Model v1.0.0 May 27 2026 16:13:38
init ID:1 Lat37.92355643001773 Lon128.18188127777776 Alt(meter)7000.0785355893395 Speed(m/sec)300.0
init ID:1 Lat37.96855377446113 Lon128.18188127777776 Alt(meter)7002.8272734023885 Speed(m/sec)300.0
[match] seed 8 HABFM round3 sep=914m alt=1075m spd=265m/s aoff=0deg
            [JSBSim-ML v2.0]

JSBSim startup beginning ...

total: 2
Behavior Tree Initialized Successfully
runner:local/env:0	num_steps=[11999] | total rewards=[742.8437] | termination= [max time out]
[seed 8] reward=   742.84 ownHP=1.0000 tgtHP=0.7698 max time out
Remove Space Complete.

[rehearsal own_rep=6 tgt_rep=6 seeds=1]
SUMMARY dealt=0.2302 taken=0.0000 mean_reward=742.84
tacview log saved (last episode)


     JSBSim Flight Dynamics Model v1.0.0 May 27 2026 16:13:38
init ID:1 Lat37.92355643001773 Lon128.18188127777776 Alt(meter)7000.0785355893395 Speed(m/sec)300.0
init ID:1 Lat37.96855377446113 Lon128.18188127777776 Alt(meter)7002.8272734023885 Speed(m/sec)300.0
[match] seed 11 HABFM round3 sep=914m alt=4420m spd=280m/s aoff=0deg
            [JSBSim-ML v2.0]

JSBSim startup beginning ...

total: 2
Behavior Tree Initialized Successfully
runner:local/env:0	num_steps=[11999] | total rewards=[513.6983] | termination= [max time out]
[seed 11] reward=   513.70 ownHP=1.0000 tgtHP=0.9234 max time out
Remove Space Complete.

[rehearsal own_rep=6 tgt_rep=6 seeds=1]
SUMMARY dealt=0.0766 taken=0.0000 mean_reward=513.70
tacview log saved (last episode)


     JSBSim Flight Dynamics Model v1.0.0 May 27 2026 16:13:38
init ID:1 Lat37.92355643001773 Lon128.18188127777776 Alt(meter)7000.0785355893395 Speed(m/sec)300.0
init ID:1 Lat37.96855377446113 Lon128.18188127777776 Alt(meter)7002.8272734023885 Speed(m/sec)300.0
[match] seed 14 HABFM round3 sep=914m alt=2843m spd=280m/s aoff=0deg
            [JSBSim-ML v2.0]

JSBSim startup beginning ...

total: 2
Behavior Tree Initialized Successfully
runner:local/env:0	num_steps=[11999] | total rewards=[565.2501] | termination= [max time out]
[seed 14] reward=   565.25 ownHP=1.0000 tgtHP=0.9712 max time out
Remove Space Complete.

[rehearsal own_rep=6 tgt_rep=6 seeds=1]
SUMMARY dealt=0.0288 taken=0.0000 mean_reward=565.25
tacview log saved (last episode)


     JSBSim Flight Dynamics Model v1.0.0 May 27 2026 16:13:38
init ID:1 Lat37.92355643001773 Lon128.18188127777776 Alt(meter)7000.0785355893395 Speed(m/sec)300.0
init ID:1 Lat37.96855377446113 Lon128.18188127777776 Alt(meter)7002.8272734023885 Speed(m/sec)300.0
[match] seed 17 HABFM round3 sep=914m alt=3486m spd=239m/s aoff=0deg
            [JSBSim-ML v2.0]

JSBSim startup beginning ...

total: 2
Behavior Tree Initialized Successfully
runner:local/env:0	num_steps=[11999] | total rewards=[519.3360] | termination= [max time out]
[seed 17] reward=   519.34 ownHP=1.0000 tgtHP=0.9298 max time out
Remove Space Complete.

[rehearsal own_rep=6 tgt_rep=6 seeds=1]
SUMMARY dealt=0.0702 taken=0.0000 mean_reward=519.34
tacview log saved (last episode)


     JSBSim Flight Dynamics Model v1.0.0 May 27 2026 16:13:38
init ID:1 Lat37.92355643001773 Lon128.18188127777776 Alt(meter)7000.0785355893395 Speed(m/sec)300.0
init ID:1 Lat37.96855377446113 Lon128.18188127777776 Alt(meter)7002.8272734023885 Speed(m/sec)300.0
[match] seed 20 HABFM round3 sep=914m alt=2493m spd=271m/s aoff=0deg
            [JSBSim-ML v2.0]

JSBSim startup beginning ...

total: 2
Behavior Tree Initialized Successfully
runner:local/env:0	num_steps=[11999] | total rewards=[557.8498] | termination= [max time out]
[seed 20] reward=   557.85 ownHP=1.0000 tgtHP=0.8531 max time out
Remove Space Complete.

[rehearsal own_rep=6 tgt_rep=6 seeds=1]
SUMMARY dealt=0.1469 taken=0.0000 mean_reward=557.85
tacview log saved (last episode)


     JSBSim Flight Dynamics Model v1.0.0 May 27 2026 16:13:38
init ID:1 Lat37.92355643001773 Lon128.18188127777776 Alt(meter)7000.0785355893395 Speed(m/sec)300.0
init ID:1 Lat37.96855377446113 Lon128.18188127777776 Alt(meter)7002.8272734023885 Speed(m/sec)300.0
[match] seed 23 HABFM round3 sep=914m alt=4100m spd=238m/s aoff=0deg
            [JSBSim-ML v2.0]

JSBSim startup beginning ...

total: 2
Behavior Tree Initialized Successfully
runner:local/env:0	num_steps=[11999] | total rewards=[424.6174] | termination= [max time out]
[seed 23] reward=   424.62 ownHP=1.0000 tgtHP=0.9260 max time out
Remove Space Complete.

[rehearsal own_rep=6 tgt_rep=6 seeds=1]
SUMMARY dealt=0.0740 taken=0.0000 mean_reward=424.62
tacview log saved (last episode)


     JSBSim Flight Dynamics Model v1.0.0 May 27 2026 16:13:38
init ID:1 Lat37.92355643001773 Lon128.18188127777776 Alt(meter)7000.0785355893395 Speed(m/sec)300.0
init ID:1 Lat37.96855377446113 Lon128.18188127777776 Alt(meter)7002.8272734023885 Speed(m/sec)300.0
[match] seed 26 HABFM round3 sep=914m alt=8517m spd=292m/s aoff=0deg
            [JSBSim-ML v2.0]

JSBSim startup beginning ...

total: 2
Behavior Tree Initialized Successfully
runner:local/env:0	num_steps=[11999] | total rewards=[378.5860] | termination= [max time out]
[seed 26] reward=   378.59 ownHP=1.0000 tgtHP=0.9282 max time out
Remove Space Complete.

[rehearsal own_rep=6 tgt_rep=6 seeds=1]
SUMMARY dealt=0.0718 taken=0.0000 mean_reward=378.59
tacview log saved (last episode)


     JSBSim Flight Dynamics Model v1.0.0 May 27 2026 16:13:38
init ID:1 Lat37.92355643001773 Lon128.18188127777776 Alt(meter)7000.0785355893395 Speed(m/sec)300.0
init ID:1 Lat37.96855377446113 Lon128.18188127777776 Alt(meter)7002.8272734023885 Speed(m/sec)300.0
[match] seed 29 HABFM round3 sep=914m alt=4196m spd=210m/s aoff=0deg
            [JSBSim-ML v2.0]

JSBSim startup beginning ...

total: 2
Behavior Tree Initialized Successfully
runner:local/env:0	num_steps=[11999] | total rewards=[561.8762] | termination= [max time out]
[seed 29] reward=   561.88 ownHP=1.0000 tgtHP=0.9144 max time out
Remove Space Complete.

[rehearsal own_rep=6 tgt_rep=6 seeds=1]
SUMMARY dealt=0.0856 taken=0.0000 mean_reward=561.88
tacview log saved (last episode)


     JSBSim Flight Dynamics Model v1.0.0 May 27 2026 16:13:38
init ID:1 Lat37.92355643001773 Lon128.18188127777776 Alt(meter)7000.0785355893395 Speed(m/sec)300.0
init ID:1 Lat37.96855377446113 Lon128.18188127777776 Alt(meter)7002.8272734023885 Speed(m/sec)300.0
[match] seed 32 HABFM round3 sep=914m alt=4878m spd=267m/s aoff=0deg
            [JSBSim-ML v2.0]

JSBSim startup beginning ...

total: 2
Behavior Tree Initialized Successfully
runner:local/env:0	num_steps=[11999] | total rewards=[501.4206] | termination= [max time out]
[seed 32] reward=   501.42 ownHP=1.0000 tgtHP=0.8717 max time out
Remove Space Complete.

[rehearsal own_rep=6 tgt_rep=6 seeds=1]
SUMMARY dealt=0.1283 taken=0.0000 mean_reward=501.42
tacview log saved (last episode)


     JSBSim Flight Dynamics Model v1.0.0 May 27 2026 16:13:38
init ID:1 Lat37.92355643001773 Lon128.18188127777776 Alt(meter)7000.0785355893395 Speed(m/sec)300.0
init ID:1 Lat37.96855377446113 Lon128.18188127777776 Alt(meter)7002.8272734023885 Speed(m/sec)300.0
[match] seed 35 HABFM round3 sep=914m alt=5611m spd=238m/s aoff=0deg
            [JSBSim-ML v2.0]

JSBSim startup beginning ...

total: 2
Behavior Tree Initialized Successfully
runner:local/env:0	num_steps=[11999] | total rewards=[687.6632] | termination= [max time out]
[seed 35] reward=   687.66 ownHP=1.0000 tgtHP=0.7851 max time out
Remove Space Complete.

[rehearsal own_rep=6 tgt_rep=6 seeds=1]
SUMMARY dealt=0.2149 taken=0.0000 mean_reward=687.66
tacview log saved (last episode)


     JSBSim Flight Dynamics Model v1.0.0 May 27 2026 16:13:38
init ID:1 Lat37.92355643001773 Lon128.18188127777776 Alt(meter)7000.0785355893395 Speed(m/sec)300.0
init ID:1 Lat37.96855377446113 Lon128.18188127777776 Alt(meter)7002.8272734023885 Speed(m/sec)300.0
[match] seed 38 HABFM round3 sep=914m alt=5404m spd=289m/s aoff=0deg
            [JSBSim-ML v2.0]

JSBSim startup beginning ...

total: 2
Behavior Tree Initialized Successfully
runner:local/env:0	num_steps=[11999] | total rewards=[378.7576] | termination= [max time out]
[seed 38] reward=   378.76 ownHP=1.0000 tgtHP=0.8922 max time out
Remove Space Complete.

[rehearsal own_rep=6 tgt_rep=6 seeds=1]
SUMMARY dealt=0.1078 taken=0.0000 mean_reward=378.76
tacview log saved (last episode)


     JSBSim Flight Dynamics Model v1.0.0 May 27 2026 16:13:38
init ID:1 Lat37.92355643001773 Lon128.18188127777776 Alt(meter)7000.0785355893395 Speed(m/sec)300.0
init ID:1 Lat37.96855377446113 Lon128.18188127777776 Alt(meter)7002.8272734023885 Speed(m/sec)300.0
[match] seed 41 HABFM round3 sep=914m alt=5825m spd=239m/s aoff=0deg
            [JSBSim-ML v2.0]

JSBSim startup beginning ...

total: 2
Behavior Tree Initialized Successfully
runner:local/env:0	num_steps=[11999] | total rewards=[571.7146] | termination= [max time out]
[seed 41] reward=   571.71 ownHP=1.0000 tgtHP=0.8899 max time out
Remove Space Complete.

[rehearsal own_rep=6 tgt_rep=6 seeds=1]
SUMMARY dealt=0.1101 taken=0.0000 mean_reward=571.71
tacview log saved (last episode)


     JSBSim Flight Dynamics Model v1.0.0 May 27 2026 16:13:38
init ID:1 Lat37.92355643001773 Lon128.18188127777776 Alt(meter)7000.0785355893395 Speed(m/sec)300.0
init ID:1 Lat37.96855377446113 Lon128.18188127777776 Alt(meter)7002.8272734023885 Speed(m/sec)300.0
[match] seed 44 HABFM round3 sep=914m alt=1894m spd=200m/s aoff=0deg
            [JSBSim-ML v2.0]

JSBSim startup beginning ...

total: 2
Behavior Tree Initialized Successfully
runner:local/env:0	num_steps=[11999] | total rewards=[520.1782] | termination= [max time out]
[seed 44] reward=   520.18 ownHP=1.0000 tgtHP=0.9227 max time out
Remove Space Complete.

[rehearsal own_rep=6 tgt_rep=6 seeds=1]
SUMMARY dealt=0.0773 taken=0.0000 mean_reward=520.18
tacview log saved (last episode)

########## v42 / 라운드3 / OBFM_BLUE / ACE ##########


     JSBSim Flight Dynamics Model v1.0.0 May 27 2026 16:13:38
init ID:1 Lat37.92355643001773 Lon128.18188127777776 Alt(meter)7000.0785355893395 Speed(m/sec)300.0
init ID:1 Lat37.96855377446113 Lon128.18188127777776 Alt(meter)7002.8272734023885 Speed(m/sec)300.0
[match] seed 2 OBFM_BLUE round3 sep=914m alt=7868m spd=241m/s aoff=30deg
            [JSBSim-ML v2.0]

JSBSim startup beginning ...

total: 2
Behavior Tree Initialized Successfully
runner:local/env:0	num_steps=[11999] | total rewards=[554.1538] | termination= [max time out]
[seed 2] reward=   554.15 ownHP=1.0000 tgtHP=0.9229 max time out
Remove Space Complete.

[rehearsal own_rep=6 tgt_rep=6 seeds=1]
SUMMARY dealt=0.0771 taken=0.0000 mean_reward=554.15
tacview log saved (last episode)


     JSBSim Flight Dynamics Model v1.0.0 May 27 2026 16:13:38
init ID:1 Lat37.92355643001773 Lon128.18188127777776 Alt(meter)7000.0785355893395 Speed(m/sec)300.0
init ID:1 Lat37.96855377446113 Lon128.18188127777776 Alt(meter)7002.8272734023885 Speed(m/sec)300.0
[match] seed 5 OBFM_BLUE round3 sep=914m alt=7099m spd=277m/s aoff=30deg
            [JSBSim-ML v2.0]

JSBSim startup beginning ...

total: 2
Behavior Tree Initialized Successfully
runner:local/env:0	num_steps=[11999] | total rewards=[633.4827] | termination= [max time out]
[seed 5] reward=   633.48 ownHP=1.0000 tgtHP=0.9424 max time out
Remove Space Complete.

[rehearsal own_rep=6 tgt_rep=6 seeds=1]
SUMMARY dealt=0.0576 taken=0.0000 mean_reward=633.48
tacview log saved (last episode)


     JSBSim Flight Dynamics Model v1.0.0 May 27 2026 16:13:38
init ID:1 Lat37.92355643001773 Lon128.18188127777776 Alt(meter)7000.0785355893395 Speed(m/sec)300.0
init ID:1 Lat37.96855377446113 Lon128.18188127777776 Alt(meter)7002.8272734023885 Speed(m/sec)300.0
[match] seed 8 OBFM_BLUE round3 sep=914m alt=1075m spd=265m/s aoff=30deg
            [JSBSim-ML v2.0]

JSBSim startup beginning ...

total: 2
Behavior Tree Initialized Successfully
runner:local/env:0	num_steps=[11999] | total rewards=[806.5374] | termination= [max time out]
[seed 8] reward=   806.54 ownHP=1.0000 tgtHP=0.8053 max time out
Remove Space Complete.

[rehearsal own_rep=6 tgt_rep=6 seeds=1]
SUMMARY dealt=0.1947 taken=0.0000 mean_reward=806.54
tacview log saved (last episode)


     JSBSim Flight Dynamics Model v1.0.0 May 27 2026 16:13:38
init ID:1 Lat37.92355643001773 Lon128.18188127777776 Alt(meter)7000.0785355893395 Speed(m/sec)300.0
init ID:1 Lat37.96855377446113 Lon128.18188127777776 Alt(meter)7002.8272734023885 Speed(m/sec)300.0
[match] seed 11 OBFM_BLUE round3 sep=914m alt=4420m spd=280m/s aoff=30deg
            [JSBSim-ML v2.0]

JSBSim startup beginning ...

total: 2
Behavior Tree Initialized Successfully
runner:local/env:0	num_steps=[11999] | total rewards=[655.3742] | termination= [max time out]
[seed 11] reward=   655.37 ownHP=1.0000 tgtHP=0.8356 max time out
Remove Space Complete.

[rehearsal own_rep=6 tgt_rep=6 seeds=1]
SUMMARY dealt=0.1644 taken=0.0000 mean_reward=655.37
tacview log saved (last episode)


     JSBSim Flight Dynamics Model v1.0.0 May 27 2026 16:13:38
init ID:1 Lat37.92355643001773 Lon128.18188127777776 Alt(meter)7000.0785355893395 Speed(m/sec)300.0
init ID:1 Lat37.96855377446113 Lon128.18188127777776 Alt(meter)7002.8272734023885 Speed(m/sec)300.0
[match] seed 14 OBFM_BLUE round3 sep=914m alt=2843m spd=280m/s aoff=30deg
            [JSBSim-ML v2.0]

JSBSim startup beginning ...

total: 2
Behavior Tree Initialized Successfully
runner:local/env:0	num_steps=[11999] | total rewards=[616.0765] | termination= [max time out]
[seed 14] reward=   616.08 ownHP=1.0000 tgtHP=0.8763 max time out
Remove Space Complete.

[rehearsal own_rep=6 tgt_rep=6 seeds=1]
SUMMARY dealt=0.1237 taken=0.0000 mean_reward=616.08
tacview log saved (last episode)


     JSBSim Flight Dynamics Model v1.0.0 May 27 2026 16:13:38
init ID:1 Lat37.92355643001773 Lon128.18188127777776 Alt(meter)7000.0785355893395 Speed(m/sec)300.0
init ID:1 Lat37.96855377446113 Lon128.18188127777776 Alt(meter)7002.8272734023885 Speed(m/sec)300.0
[match] seed 17 OBFM_BLUE round3 sep=914m alt=3486m spd=239m/s aoff=30deg
            [JSBSim-ML v2.0]

JSBSim startup beginning ...

total: 2
Behavior Tree Initialized Successfully
runner:local/env:0	num_steps=[11999] | total rewards=[694.0441] | termination= [max time out]
[seed 17] reward=   694.04 ownHP=1.0000 tgtHP=0.8291 max time out
Remove Space Complete.

[rehearsal own_rep=6 tgt_rep=6 seeds=1]
SUMMARY dealt=0.1709 taken=0.0000 mean_reward=694.04
tacview log saved (last episode)


     JSBSim Flight Dynamics Model v1.0.0 May 27 2026 16:13:38
init ID:1 Lat37.92355643001773 Lon128.18188127777776 Alt(meter)7000.0785355893395 Speed(m/sec)300.0
init ID:1 Lat37.96855377446113 Lon128.18188127777776 Alt(meter)7002.8272734023885 Speed(m/sec)300.0
[match] seed 20 OBFM_BLUE round3 sep=914m alt=2493m spd=271m/s aoff=30deg
            [JSBSim-ML v2.0]

JSBSim startup beginning ...

total: 2
Behavior Tree Initialized Successfully
runner:local/env:0	num_steps=[11999] | total rewards=[603.6836] | termination= [max time out]
[seed 20] reward=   603.68 ownHP=1.0000 tgtHP=0.8939 max time out
Remove Space Complete.

[rehearsal own_rep=6 tgt_rep=6 seeds=1]
SUMMARY dealt=0.1061 taken=0.0000 mean_reward=603.68
tacview log saved (last episode)


     JSBSim Flight Dynamics Model v1.0.0 May 27 2026 16:13:38
init ID:1 Lat37.92355643001773 Lon128.18188127777776 Alt(meter)7000.0785355893395 Speed(m/sec)300.0
init ID:1 Lat37.96855377446113 Lon128.18188127777776 Alt(meter)7002.8272734023885 Speed(m/sec)300.0
[match] seed 23 OBFM_BLUE round3 sep=914m alt=4100m spd=238m/s aoff=30deg
            [JSBSim-ML v2.0]

JSBSim startup beginning ...

total: 2
Behavior Tree Initialized Successfully
runner:local/env:0	num_steps=[11999] | total rewards=[589.0070] | termination= [max time out]
[seed 23] reward=   589.01 ownHP=1.0000 tgtHP=0.9397 max time out
Remove Space Complete.

[rehearsal own_rep=6 tgt_rep=6 seeds=1]
SUMMARY dealt=0.0603 taken=0.0000 mean_reward=589.01
tacview log saved (last episode)


     JSBSim Flight Dynamics Model v1.0.0 May 27 2026 16:13:38
init ID:1 Lat37.92355643001773 Lon128.18188127777776 Alt(meter)7000.0785355893395 Speed(m/sec)300.0
init ID:1 Lat37.96855377446113 Lon128.18188127777776 Alt(meter)7002.8272734023885 Speed(m/sec)300.0
[match] seed 26 OBFM_BLUE round3 sep=914m alt=8517m spd=292m/s aoff=30deg
            [JSBSim-ML v2.0]

JSBSim startup beginning ...

total: 2
Behavior Tree Initialized Successfully
runner:local/env:0	num_steps=[11999] | total rewards=[636.9434] | termination= [max time out]
[seed 26] reward=   636.94 ownHP=1.0000 tgtHP=0.9140 max time out
Remove Space Complete.

[rehearsal own_rep=6 tgt_rep=6 seeds=1]
SUMMARY dealt=0.0860 taken=0.0000 mean_reward=636.94
tacview log saved (last episode)


     JSBSim Flight Dynamics Model v1.0.0 May 27 2026 16:13:38
init ID:1 Lat37.92355643001773 Lon128.18188127777776 Alt(meter)7000.0785355893395 Speed(m/sec)300.0
init ID:1 Lat37.96855377446113 Lon128.18188127777776 Alt(meter)7002.8272734023885 Speed(m/sec)300.0
[match] seed 29 OBFM_BLUE round3 sep=914m alt=4196m spd=210m/s aoff=30deg
            [JSBSim-ML v2.0]

JSBSim startup beginning ...

total: 2
Behavior Tree Initialized Successfully
runner:local/env:0	num_steps=[11999] | total rewards=[695.2083] | termination= [max time out]
[seed 29] reward=   695.21 ownHP=1.0000 tgtHP=0.8916 max time out
Remove Space Complete.

[rehearsal own_rep=6 tgt_rep=6 seeds=1]
SUMMARY dealt=0.1084 taken=0.0000 mean_reward=695.21
tacview log saved (last episode)


     JSBSim Flight Dynamics Model v1.0.0 May 27 2026 16:13:38
init ID:1 Lat37.92355643001773 Lon128.18188127777776 Alt(meter)7000.0785355893395 Speed(m/sec)300.0
init ID:1 Lat37.96855377446113 Lon128.18188127777776 Alt(meter)7002.8272734023885 Speed(m/sec)300.0
[match] seed 32 OBFM_BLUE round3 sep=914m alt=4878m spd=267m/s aoff=30deg
            [JSBSim-ML v2.0]

JSBSim startup beginning ...

total: 2
Behavior Tree Initialized Successfully
runner:local/env:0	num_steps=[11999] | total rewards=[596.8840] | termination= [max time out]
[seed 32] reward=   596.88 ownHP=1.0000 tgtHP=0.9253 max time out
Remove Space Complete.

[rehearsal own_rep=6 tgt_rep=6 seeds=1]
SUMMARY dealt=0.0747 taken=0.0000 mean_reward=596.88
tacview log saved (last episode)


     JSBSim Flight Dynamics Model v1.0.0 May 27 2026 16:13:38
init ID:1 Lat37.92355643001773 Lon128.18188127777776 Alt(meter)7000.0785355893395 Speed(m/sec)300.0
init ID:1 Lat37.96855377446113 Lon128.18188127777776 Alt(meter)7002.8272734023885 Speed(m/sec)300.0
[match] seed 35 OBFM_BLUE round3 sep=914m alt=5611m spd=238m/s aoff=30deg
            [JSBSim-ML v2.0]

JSBSim startup beginning ...

total: 2
Behavior Tree Initialized Successfully
runner:local/env:0	num_steps=[11999] | total rewards=[610.3962] | termination= [max time out]
[seed 35] reward=   610.40 ownHP=1.0000 tgtHP=0.8477 max time out
Remove Space Complete.

[rehearsal own_rep=6 tgt_rep=6 seeds=1]
SUMMARY dealt=0.1523 taken=0.0000 mean_reward=610.40
tacview log saved (last episode)


     JSBSim Flight Dynamics Model v1.0.0 May 27 2026 16:13:38
init ID:1 Lat37.92355643001773 Lon128.18188127777776 Alt(meter)7000.0785355893395 Speed(m/sec)300.0
init ID:1 Lat37.96855377446113 Lon128.18188127777776 Alt(meter)7002.8272734023885 Speed(m/sec)300.0
[match] seed 38 OBFM_BLUE round3 sep=914m alt=5404m spd=289m/s aoff=30deg
            [JSBSim-ML v2.0]

JSBSim startup beginning ...

total: 2
Behavior Tree Initialized Successfully
runner:local/env:0	num_steps=[11999] | total rewards=[663.1791] | termination= [max time out]
[seed 38] reward=   663.18 ownHP=1.0000 tgtHP=0.8358 max time out
Remove Space Complete.

[rehearsal own_rep=6 tgt_rep=6 seeds=1]
SUMMARY dealt=0.1642 taken=0.0000 mean_reward=663.18
tacview log saved (last episode)


     JSBSim Flight Dynamics Model v1.0.0 May 27 2026 16:13:38
init ID:1 Lat37.92355643001773 Lon128.18188127777776 Alt(meter)7000.0785355893395 Speed(m/sec)300.0
init ID:1 Lat37.96855377446113 Lon128.18188127777776 Alt(meter)7002.8272734023885 Speed(m/sec)300.0
[match] seed 41 OBFM_BLUE round3 sep=914m alt=5825m spd=239m/s aoff=30deg
            [JSBSim-ML v2.0]

JSBSim startup beginning ...

total: 2
Behavior Tree Initialized Successfully
runner:local/env:0	num_steps=[11999] | total rewards=[642.1578] | termination= [max time out]
[seed 41] reward=   642.16 ownHP=1.0000 tgtHP=0.8724 max time out
Remove Space Complete.

[rehearsal own_rep=6 tgt_rep=6 seeds=1]
SUMMARY dealt=0.1276 taken=0.0000 mean_reward=642.16
tacview log saved (last episode)


     JSBSim Flight Dynamics Model v1.0.0 May 27 2026 16:13:38
init ID:1 Lat37.92355643001773 Lon128.18188127777776 Alt(meter)7000.0785355893395 Speed(m/sec)300.0
init ID:1 Lat37.96855377446113 Lon128.18188127777776 Alt(meter)7002.8272734023885 Speed(m/sec)300.0
[match] seed 44 OBFM_BLUE round3 sep=914m alt=1894m spd=200m/s aoff=30deg
            [JSBSim-ML v2.0]

JSBSim startup beginning ...

total: 2
Behavior Tree Initialized Successfully
runner:local/env:0	num_steps=[11999] | total rewards=[667.9866] | termination= [max time out]
[seed 44] reward=   667.99 ownHP=1.0000 tgtHP=0.9444 max time out
Remove Space Complete.

[rehearsal own_rep=6 tgt_rep=6 seeds=1]
SUMMARY dealt=0.0556 taken=0.0000 mean_reward=667.99
tacview log saved (last episode)

########## v42 / 라운드3 / OBFM_RED / ACE ##########


     JSBSim Flight Dynamics Model v1.0.0 May 27 2026 16:13:38
init ID:1 Lat37.92355643001773 Lon128.18188127777776 Alt(meter)7000.0785355893395 Speed(m/sec)300.0
init ID:1 Lat37.96855377446113 Lon128.18188127777776 Alt(meter)7002.8272734023885 Speed(m/sec)300.0
[match] seed 2 OBFM_RED round3 sep=914m alt=7868m spd=241m/s aoff=30deg
            [JSBSim-ML v2.0]

JSBSim startup beginning ...

total: 2
Behavior Tree Initialized Successfully
runner:local/env:0	num_steps=[11999] | total rewards=[749.9038] | termination= [max time out]
[seed 2] reward=   749.90 ownHP=1.0000 tgtHP=0.8675 max time out
Remove Space Complete.

[rehearsal own_rep=6 tgt_rep=6 seeds=1]
SUMMARY dealt=0.1325 taken=0.0000 mean_reward=749.90
tacview log saved (last episode)


     JSBSim Flight Dynamics Model v1.0.0 May 27 2026 16:13:38
init ID:1 Lat37.92355643001773 Lon128.18188127777776 Alt(meter)7000.0785355893395 Speed(m/sec)300.0
init ID:1 Lat37.96855377446113 Lon128.18188127777776 Alt(meter)7002.8272734023885 Speed(m/sec)300.0
[match] seed 5 OBFM_RED round3 sep=914m alt=7099m spd=277m/s aoff=30deg
            [JSBSim-ML v2.0]

JSBSim startup beginning ...

total: 2
Behavior Tree Initialized Successfully
runner:local/env:0	num_steps=[11999] | total rewards=[525.8431] | termination= [max time out]
[seed 5] reward=   525.84 ownHP=1.0000 tgtHP=0.9074 max time out
Remove Space Complete.

[rehearsal own_rep=6 tgt_rep=6 seeds=1]
SUMMARY dealt=0.0926 taken=0.0000 mean_reward=525.84
tacview log saved (last episode)


     JSBSim Flight Dynamics Model v1.0.0 May 27 2026 16:13:38
init ID:1 Lat37.92355643001773 Lon128.18188127777776 Alt(meter)7000.0785355893395 Speed(m/sec)300.0
init ID:1 Lat37.96855377446113 Lon128.18188127777776 Alt(meter)7002.8272734023885 Speed(m/sec)300.0
[match] seed 8 OBFM_RED round3 sep=914m alt=1075m spd=265m/s aoff=30deg
            [JSBSim-ML v2.0]

JSBSim startup beginning ...

total: 2
Behavior Tree Initialized Successfully
runner:local/env:0	num_steps=[11999] | total rewards=[629.2113] | termination= [max time out]
[seed 8] reward=   629.21 ownHP=1.0000 tgtHP=0.8561 max time out
Remove Space Complete.

[rehearsal own_rep=6 tgt_rep=6 seeds=1]
SUMMARY dealt=0.1439 taken=0.0000 mean_reward=629.21
tacview log saved (last episode)


     JSBSim Flight Dynamics Model v1.0.0 May 27 2026 16:13:38
init ID:1 Lat37.92355643001773 Lon128.18188127777776 Alt(meter)7000.0785355893395 Speed(m/sec)300.0
init ID:1 Lat37.96855377446113 Lon128.18188127777776 Alt(meter)7002.8272734023885 Speed(m/sec)300.0
[match] seed 11 OBFM_RED round3 sep=914m alt=4420m spd=280m/s aoff=30deg
            [JSBSim-ML v2.0]

JSBSim startup beginning ...

total: 2
Behavior Tree Initialized Successfully
runner:local/env:0	num_steps=[11999] | total rewards=[537.5919] | termination= [max time out]
[seed 11] reward=   537.59 ownHP=1.0000 tgtHP=0.9540 max time out
Remove Space Complete.

[rehearsal own_rep=6 tgt_rep=6 seeds=1]
SUMMARY dealt=0.0460 taken=0.0000 mean_reward=537.59
tacview log saved (last episode)


     JSBSim Flight Dynamics Model v1.0.0 May 27 2026 16:13:38
init ID:1 Lat37.92355643001773 Lon128.18188127777776 Alt(meter)7000.0785355893395 Speed(m/sec)300.0
init ID:1 Lat37.96855377446113 Lon128.18188127777776 Alt(meter)7002.8272734023885 Speed(m/sec)300.0
[match] seed 14 OBFM_RED round3 sep=914m alt=2843m spd=280m/s aoff=30deg
            [JSBSim-ML v2.0]

JSBSim startup beginning ...

total: 2
Behavior Tree Initialized Successfully
runner:local/env:0	num_steps=[11999] | total rewards=[648.7036] | termination= [max time out]
[seed 14] reward=   648.70 ownHP=1.0000 tgtHP=0.8573 max time out
Remove Space Complete.

[rehearsal own_rep=6 tgt_rep=6 seeds=1]
SUMMARY dealt=0.1427 taken=0.0000 mean_reward=648.70
tacview log saved (last episode)


     JSBSim Flight Dynamics Model v1.0.0 May 27 2026 16:13:38
init ID:1 Lat37.92355643001773 Lon128.18188127777776 Alt(meter)7000.0785355893395 Speed(m/sec)300.0
init ID:1 Lat37.96855377446113 Lon128.18188127777776 Alt(meter)7002.8272734023885 Speed(m/sec)300.0
[match] seed 17 OBFM_RED round3 sep=914m alt=3486m spd=239m/s aoff=30deg
            [JSBSim-ML v2.0]

JSBSim startup beginning ...

total: 2
Behavior Tree Initialized Successfully
runner:local/env:0	num_steps=[11999] | total rewards=[514.3184] | termination= [max time out]
[seed 17] reward=   514.32 ownHP=0.9843 tgtHP=0.9216 max time out
Remove Space Complete.

[rehearsal own_rep=6 tgt_rep=6 seeds=1]
SUMMARY dealt=0.0784 taken=0.0157 mean_reward=514.32
tacview log saved (last episode)


     JSBSim Flight Dynamics Model v1.0.0 May 27 2026 16:13:38
init ID:1 Lat37.92355643001773 Lon128.18188127777776 Alt(meter)7000.0785355893395 Speed(m/sec)300.0
init ID:1 Lat37.96855377446113 Lon128.18188127777776 Alt(meter)7002.8272734023885 Speed(m/sec)300.0
[match] seed 20 OBFM_RED round3 sep=914m alt=2493m spd=271m/s aoff=30deg
            [JSBSim-ML v2.0]

JSBSim startup beginning ...

total: 2
Behavior Tree Initialized Successfully
runner:local/env:0	num_steps=[11999] | total rewards=[289.8973] | termination= [max time out]
[seed 20] reward=   289.90 ownHP=1.0000 tgtHP=0.9073 max time out
Remove Space Complete.

[rehearsal own_rep=6 tgt_rep=6 seeds=1]
SUMMARY dealt=0.0927 taken=0.0000 mean_reward=289.90
tacview log saved (last episode)


     JSBSim Flight Dynamics Model v1.0.0 May 27 2026 16:13:38
init ID:1 Lat37.92355643001773 Lon128.18188127777776 Alt(meter)7000.0785355893395 Speed(m/sec)300.0
init ID:1 Lat37.96855377446113 Lon128.18188127777776 Alt(meter)7002.8272734023885 Speed(m/sec)300.0
[match] seed 23 OBFM_RED round3 sep=914m alt=4100m spd=238m/s aoff=30deg
            [JSBSim-ML v2.0]

JSBSim startup beginning ...

total: 2
Behavior Tree Initialized Successfully
runner:local/env:0	num_steps=[11999] | total rewards=[516.3093] | termination= [max time out]
[seed 23] reward=   516.31 ownHP=0.9887 tgtHP=0.9358 max time out
Remove Space Complete.

[rehearsal own_rep=6 tgt_rep=6 seeds=1]
SUMMARY dealt=0.0642 taken=0.0113 mean_reward=516.31
tacview log saved (last episode)


     JSBSim Flight Dynamics Model v1.0.0 May 27 2026 16:13:38
init ID:1 Lat37.92355643001773 Lon128.18188127777776 Alt(meter)7000.0785355893395 Speed(m/sec)300.0
init ID:1 Lat37.96855377446113 Lon128.18188127777776 Alt(meter)7002.8272734023885 Speed(m/sec)300.0
[match] seed 26 OBFM_RED round3 sep=914m alt=8517m spd=292m/s aoff=30deg
            [JSBSim-ML v2.0]

JSBSim startup beginning ...

total: 2
Behavior Tree Initialized Successfully
runner:local/env:0	num_steps=[11999] | total rewards=[535.0143] | termination= [max time out]
[seed 26] reward=   535.01 ownHP=0.9732 tgtHP=0.8847 max time out
Remove Space Complete.

[rehearsal own_rep=6 tgt_rep=6 seeds=1]
SUMMARY dealt=0.1153 taken=0.0268 mean_reward=535.01
tacview log saved (last episode)


     JSBSim Flight Dynamics Model v1.0.0 May 27 2026 16:13:38
init ID:1 Lat37.92355643001773 Lon128.18188127777776 Alt(meter)7000.0785355893395 Speed(m/sec)300.0
init ID:1 Lat37.96855377446113 Lon128.18188127777776 Alt(meter)7002.8272734023885 Speed(m/sec)300.0
[match] seed 29 OBFM_RED round3 sep=914m alt=4196m spd=210m/s aoff=30deg
            [JSBSim-ML v2.0]

JSBSim startup beginning ...

total: 2
Behavior Tree Initialized Successfully
runner:local/env:0	num_steps=[11999] | total rewards=[571.2835] | termination= [max time out]
[seed 29] reward=   571.28 ownHP=1.0000 tgtHP=0.9423 max time out
Remove Space Complete.

[rehearsal own_rep=6 tgt_rep=6 seeds=1]
SUMMARY dealt=0.0577 taken=0.0000 mean_reward=571.28
tacview log saved (last episode)


     JSBSim Flight Dynamics Model v1.0.0 May 27 2026 16:13:38
init ID:1 Lat37.92355643001773 Lon128.18188127777776 Alt(meter)7000.0785355893395 Speed(m/sec)300.0
init ID:1 Lat37.96855377446113 Lon128.18188127777776 Alt(meter)7002.8272734023885 Speed(m/sec)300.0
[match] seed 32 OBFM_RED round3 sep=914m alt=4878m spd=267m/s aoff=30deg
            [JSBSim-ML v2.0]

JSBSim startup beginning ...

total: 2
Behavior Tree Initialized Successfully
runner:local/env:0	num_steps=[11999] | total rewards=[557.5147] | termination= [max time out]
[seed 32] reward=   557.51 ownHP=1.0000 tgtHP=0.9150 max time out
Remove Space Complete.

[rehearsal own_rep=6 tgt_rep=6 seeds=1]
SUMMARY dealt=0.0850 taken=0.0000 mean_reward=557.51
tacview log saved (last episode)


     JSBSim Flight Dynamics Model v1.0.0 May 27 2026 16:13:38
init ID:1 Lat37.92355643001773 Lon128.18188127777776 Alt(meter)7000.0785355893395 Speed(m/sec)300.0
init ID:1 Lat37.96855377446113 Lon128.18188127777776 Alt(meter)7002.8272734023885 Speed(m/sec)300.0
[match] seed 35 OBFM_RED round3 sep=914m alt=5611m spd=238m/s aoff=30deg
            [JSBSim-ML v2.0]

JSBSim startup beginning ...

total: 2
Behavior Tree Initialized Successfully
runner:local/env:0	num_steps=[11999] | total rewards=[504.3354] | termination= [max time out]
[seed 35] reward=   504.34 ownHP=0.9792 tgtHP=0.9110 max time out
Remove Space Complete.

[rehearsal own_rep=6 tgt_rep=6 seeds=1]
SUMMARY dealt=0.0890 taken=0.0208 mean_reward=504.34
tacview log saved (last episode)


     JSBSim Flight Dynamics Model v1.0.0 May 27 2026 16:13:38
init ID:1 Lat37.92355643001773 Lon128.18188127777776 Alt(meter)7000.0785355893395 Speed(m/sec)300.0
init ID:1 Lat37.96855377446113 Lon128.18188127777776 Alt(meter)7002.8272734023885 Speed(m/sec)300.0
[match] seed 38 OBFM_RED round3 sep=914m alt=5404m spd=289m/s aoff=30deg
            [JSBSim-ML v2.0]

JSBSim startup beginning ...

total: 2
Behavior Tree Initialized Successfully
runner:local/env:0	num_steps=[11999] | total rewards=[420.5326] | termination= [max time out]
[seed 38] reward=   420.53 ownHP=1.0000 tgtHP=0.9226 max time out
Remove Space Complete.

[rehearsal own_rep=6 tgt_rep=6 seeds=1]
SUMMARY dealt=0.0774 taken=0.0000 mean_reward=420.53
tacview log saved (last episode)


     JSBSim Flight Dynamics Model v1.0.0 May 27 2026 16:13:38
init ID:1 Lat37.92355643001773 Lon128.18188127777776 Alt(meter)7000.0785355893395 Speed(m/sec)300.0
init ID:1 Lat37.96855377446113 Lon128.18188127777776 Alt(meter)7002.8272734023885 Speed(m/sec)300.0
[match] seed 41 OBFM_RED round3 sep=914m alt=5825m spd=239m/s aoff=30deg
            [JSBSim-ML v2.0]

JSBSim startup beginning ...

total: 2
Behavior Tree Initialized Successfully
runner:local/env:0	num_steps=[11999] | total rewards=[509.9295] | termination= [max time out]
[seed 41] reward=   509.93 ownHP=0.9872 tgtHP=0.8756 max time out
Remove Space Complete.

[rehearsal own_rep=6 tgt_rep=6 seeds=1]
SUMMARY dealt=0.1244 taken=0.0128 mean_reward=509.93
tacview log saved (last episode)


     JSBSim Flight Dynamics Model v1.0.0 May 27 2026 16:13:38
init ID:1 Lat37.92355643001773 Lon128.18188127777776 Alt(meter)7000.0785355893395 Speed(m/sec)300.0
init ID:1 Lat37.96855377446113 Lon128.18188127777776 Alt(meter)7002.8272734023885 Speed(m/sec)300.0
[match] seed 44 OBFM_RED round3 sep=914m alt=1894m spd=200m/s aoff=30deg
            [JSBSim-ML v2.0]

JSBSim startup beginning ...

total: 2
Behavior Tree Initialized Successfully
runner:local/env:0	num_steps=[11999] | total rewards=[435.4321] | termination= [max time out]
[seed 44] reward=   435.43 ownHP=1.0000 tgtHP=0.9366 max time out
Remove Space Complete.

[rehearsal own_rep=6 tgt_rep=6 seeds=1]
SUMMARY dealt=0.0634 taken=0.0000 mean_reward=435.43
tacview log saved (last episode)

=== v42 x ACE 라운드2·3 완료 ===
