########## v32_HABFM vs AIP_jh2.dll ##########
[match] seed 0 HABFM round1 sep=610m alt=6057m spd=258m/s
[seed 0] reward=   -18.66 ownHP=0.6412 tgtHP=0.8015 target altitude below min
[match] seed 3 HABFM round1 sep=610m alt=1799m spd=270m/s
[seed 3] reward=   104.49 ownHP=-0.0116 tgtHP=0.2155 ownship destroyed
[match] seed 6 HABFM round1 sep=610m alt=4953m spd=256m/s
[seed 6] reward=   -16.89 ownHP=0.6420 tgtHP=0.8063 target altitude below min
[match] seed 9 HABFM round1 sep=610m alt=7962m spd=289m/s
[seed 9] reward=  -129.68 ownHP=-0.0097 tgtHP=0.7347 ownship destroyed
[match] seed 12 HABFM round1 sep=610m alt=5889m spd=248m/s
[seed 12] reward=  -131.92 ownHP=-0.0108 tgtHP=0.8144 ownship destroyed
[match] seed 15 HABFM round1 sep=610m alt=6004m spd=217m/s
[seed 15] reward=  -113.41 ownHP=-0.0085 tgtHP=0.7778 ownship destroyed
[match] seed 18 HABFM round1 sep=610m alt=6242m spd=272m/s
[seed 18] reward=  -152.08 ownHP=-0.0017 tgtHP=0.7757 ownship destroyed
[match] seed 21 HABFM round1 sep=610m alt=3325m spd=262m/s
[seed 21] reward=  -139.00 ownHP=-0.0013 tgtHP=0.8226 ownship destroyed
[match] seed 24 HABFM round1 sep=610m alt=4585m spd=280m/s
[seed 24] reward=  -137.48 ownHP=-0.0047 tgtHP=0.7971 ownship destroyed
[match] seed 27 HABFM round1 sep=610m alt=2472m spd=205m/s
[seed 27] reward=  -148.31 ownHP=-0.0041 tgtHP=0.8018 ownship destroyed
[match] seed 30 HABFM round1 sep=610m alt=2676m spd=228m/s
[seed 30] reward=  -156.99 ownHP=-0.0084 tgtHP=0.7968 ownship destroyed
[match] seed 33 HABFM round1 sep=610m alt=5743m spd=211m/s
[seed 33] reward=  -134.38 ownHP=-0.0078 tgtHP=0.7900 ownship destroyed
[match] seed 36 HABFM round1 sep=610m alt=1017m spd=299m/s
[seed 36] reward=   275.21 ownHP=-0.0012 tgtHP=0.5703 ownship destroyed
[match] seed 39 HABFM round1 sep=610m alt=4248m spd=230m/s
[seed 39] reward=   -14.52 ownHP=0.5882 tgtHP=0.7964 target altitude below min
[match] seed 42 HABFM round1 sep=610m alt=4792m spd=263m/s
[seed 42] reward=   -19.62 ownHP=0.6922 tgtHP=0.8117 target altitude below min

########## v32_HABFM vs ACE ##########
[match] seed 0 HABFM round1 sep=610m alt=6057m spd=258m/s
[seed 0] reward=   510.33 ownHP=0.5710 tgtHP=0.7004 max time out
[match] seed 3 HABFM round1 sep=610m alt=1799m spd=270m/s
[seed 3] reward=   515.43 ownHP=0.8833 tgtHP=0.8800 max time out
[match] seed 6 HABFM round1 sep=610m alt=4953m spd=256m/s
[seed 6] reward=   516.23 ownHP=0.5721 tgtHP=0.6917 max time out
[match] seed 9 HABFM round1 sep=610m alt=7962m spd=289m/s
[seed 9] reward=   498.07 ownHP=0.5366 tgtHP=0.5258 max time out
[match] seed 12 HABFM round1 sep=610m alt=5889m spd=248m/s
[seed 12] reward=   538.53 ownHP=0.5773 tgtHP=0.7082 max time out
[match] seed 15 HABFM round1 sep=610m alt=6004m spd=217m/s
[seed 15] reward=   549.15 ownHP=0.5559 tgtHP=0.6093 max time out
[match] seed 18 HABFM round1 sep=610m alt=6242m spd=272m/s
[seed 18] reward=   582.73 ownHP=0.5322 tgtHP=0.6363 max time out
[match] seed 21 HABFM round1 sep=610m alt=3325m spd=262m/s
[seed 21] reward=   427.69 ownHP=0.4607 tgtHP=0.6654 max time out
[match] seed 24 HABFM round1 sep=610m alt=4585m spd=280m/s
[seed 24] reward=   413.23 ownHP=0.4457 tgtHP=0.7350 max time out
[match] seed 27 HABFM round1 sep=610m alt=2472m spd=205m/s
[seed 27] reward=   569.07 ownHP=0.8612 tgtHP=0.7241 max time out
[match] seed 30 HABFM round1 sep=610m alt=2676m spd=228m/s
[seed 30] reward=   660.91 ownHP=0.8584 tgtHP=0.5633 max time out
[match] seed 33 HABFM round1 sep=610m alt=5743m spd=211m/s
[seed 33] reward=   533.38 ownHP=0.5467 tgtHP=0.7173 max time out
[match] seed 36 HABFM round1 sep=610m alt=1017m spd=299m/s
[seed 36] reward=   535.93 ownHP=0.8907 tgtHP=0.8685 max time out
[match] seed 39 HABFM round1 sep=610m alt=4248m spd=230m/s
[seed 39] reward=   565.26 ownHP=0.4080 tgtHP=0.6316 max time out
[match] seed 42 HABFM round1 sep=610m alt=4792m spd=263m/s
[seed 42] reward=   399.44 ownHP=0.4903 tgtHP=0.7383 max time out

########## v40_HABFM vs AIP_jh2.dll ##########
[match] seed 0 HABFM round1 sep=610m alt=6057m spd=258m/s
[seed 0] reward=   -18.66 ownHP=0.6412 tgtHP=0.8015 target altitude below min
[match] seed 3 HABFM round1 sep=610m alt=1799m spd=270m/s
[seed 3] reward=   933.52 ownHP=0.8832 tgtHP=-0.0054 target destroyed
[match] seed 6 HABFM round1 sep=610m alt=4953m spd=256m/s
[seed 6] reward=   -16.89 ownHP=0.6420 tgtHP=0.8063 target altitude below min
[match] seed 9 HABFM round1 sep=610m alt=7962m spd=289m/s
[seed 9] reward=  1106.80 ownHP=0.4557 tgtHP=-0.0002 target destroyed
[match] seed 12 HABFM round1 sep=610m alt=5889m spd=248m/s
[seed 12] reward=  -149.14 ownHP=-0.0133 tgtHP=0.8144 ownship destroyed
[match] seed 15 HABFM round1 sep=610m alt=6004m spd=217m/s
[seed 15] reward=   756.57 ownHP=0.5696 tgtHP=0.1039 max time out
[match] seed 18 HABFM round1 sep=610m alt=6242m spd=272m/s
[seed 18] reward=   -19.47 ownHP=0.5919 tgtHP=0.7757 target altitude below min
[match] seed 21 HABFM round1 sep=610m alt=3325m spd=262m/s
[seed 21] reward=   213.03 ownHP=-0.0099 tgtHP=0.5140 ownship destroyed
[match] seed 24 HABFM round1 sep=610m alt=4585m spd=280m/s
[seed 24] reward=   515.53 ownHP=0.6162 tgtHP=-0.0120 target destroyed
[match] seed 27 HABFM round1 sep=610m alt=2472m spd=205m/s
[seed 27] reward=   939.46 ownHP=0.9236 tgtHP=-0.0033 target destroyed
[match] seed 30 HABFM round1 sep=610m alt=2676m spd=228m/s
[seed 30] reward=   663.93 ownHP=0.5759 tgtHP=-0.0027 target destroyed
[match] seed 33 HABFM round1 sep=610m alt=5743m spd=211m/s
[seed 33] reward=   755.00 ownHP=0.5872 tgtHP=-0.0030 target destroyed
[match] seed 36 HABFM round1 sep=610m alt=1017m spd=299m/s
[seed 36] reward=   958.69 ownHP=0.9457 tgtHP=-0.0113 target destroyed
[match] seed 39 HABFM round1 sep=610m alt=4248m spd=230m/s
[seed 39] reward=   -14.55 ownHP=0.5882 tgtHP=0.7964 target altitude below min
[match] seed 42 HABFM round1 sep=610m alt=4792m spd=263m/s
[seed 42] reward=   597.00 ownHP=0.6922 tgtHP=0.3320 max time out

########## v40_HABFM vs ACE ##########
[match] seed 0 HABFM round1 sep=610m alt=6057m spd=258m/s
[seed 0] reward=   542.48 ownHP=0.5710 tgtHP=0.6465 max time out
[match] seed 3 HABFM round1 sep=610m alt=1799m spd=270m/s
[seed 3] reward=   564.68 ownHP=0.8833 tgtHP=0.8047 max time out
[match] seed 6 HABFM round1 sep=610m alt=4953m spd=256m/s
[seed 6] reward=   581.43 ownHP=0.5721 tgtHP=0.6049 max time out
[match] seed 9 HABFM round1 sep=610m alt=7962m spd=289m/s
[seed 9] reward=   425.33 ownHP=0.5366 tgtHP=0.6801 max time out
[match] seed 12 HABFM round1 sep=610m alt=5889m spd=248m/s
[seed 12] reward=   500.99 ownHP=0.5773 tgtHP=0.7398 max time out
[match] seed 15 HABFM round1 sep=610m alt=6004m spd=217m/s
[seed 15] reward=   512.27 ownHP=0.5559 tgtHP=0.7326 max time out
[match] seed 18 HABFM round1 sep=610m alt=6242m spd=272m/s
[seed 18] reward=   519.39 ownHP=0.5322 tgtHP=0.7115 max time out
[match] seed 21 HABFM round1 sep=610m alt=3325m spd=262m/s
[seed 21] reward=   594.97 ownHP=0.4607 tgtHP=0.6776 max time out
[match] seed 24 HABFM round1 sep=610m alt=4585m spd=280m/s
[seed 24] reward=   450.45 ownHP=0.4457 tgtHP=0.6468 max time out
[match] seed 27 HABFM round1 sep=610m alt=2472m spd=205m/s
[seed 27] reward=   569.07 ownHP=0.8612 tgtHP=0.7241 max time out
[match] seed 30 HABFM round1 sep=610m alt=2676m spd=228m/s
[seed 30] reward=   660.91 ownHP=0.8584 tgtHP=0.5633 max time out
[match] seed 33 HABFM round1 sep=610m alt=5743m spd=211m/s
[seed 33] reward=   574.94 ownHP=0.5467 tgtHP=0.6618 max time out
[match] seed 36 HABFM round1 sep=610m alt=1017m spd=299m/s
[seed 36] reward=   572.04 ownHP=0.8906 tgtHP=0.7058 max time out
[match] seed 39 HABFM round1 sep=610m alt=4248m spd=230m/s
[seed 39] reward=   548.67 ownHP=0.4080 tgtHP=0.7425 max time out
[match] seed 42 HABFM round1 sep=610m alt=4792m spd=263m/s
[seed 42] reward=   330.51 ownHP=0.4667 tgtHP=0.7850 max time out

########## v32_OBFM_BLUE vs AIP_jh2.dll ##########
[match] seed 0 OBFM_BLUE round1 sep=610m alt=6057m spd=258m/s
[seed 0] reward=   108.41 ownHP=-0.0005 tgtHP=0.2233 ownship destroyed
[match] seed 3 OBFM_BLUE round1 sep=610m alt=1799m spd=270m/s
[seed 3] reward=   102.45 ownHP=-0.0041 tgtHP=0.4944 ownship destroyed
[match] seed 6 OBFM_BLUE round1 sep=610m alt=4953m spd=256m/s
[seed 6] reward=    37.73 ownHP=-0.0011 tgtHP=0.3461 ownship destroyed
[match] seed 9 OBFM_BLUE round1 sep=610m alt=7962m spd=289m/s
[seed 9] reward=   267.34 ownHP=-0.0007 tgtHP=0.1559 ownship destroyed
[match] seed 12 OBFM_BLUE round1 sep=610m alt=5889m spd=248m/s
[seed 12] reward=   254.71 ownHP=1.0000 tgtHP=-0.0024 target destroyed
[match] seed 15 OBFM_BLUE round1 sep=610m alt=6004m spd=217m/s
[seed 15] reward=   482.35 ownHP=1.0000 tgtHP=-0.0044 target destroyed
[match] seed 18 OBFM_BLUE round1 sep=610m alt=6242m spd=272m/s
[seed 18] reward=   486.16 ownHP=1.0000 tgtHP=-0.0075 target destroyed
[match] seed 21 OBFM_BLUE round1 sep=610m alt=3325m spd=262m/s
[seed 21] reward=   -25.73 ownHP=-0.0127 tgtHP=0.3999 ownship destroyed
[match] seed 24 OBFM_BLUE round1 sep=610m alt=4585m spd=280m/s
[seed 24] reward=   387.46 ownHP=-0.0016 tgtHP=0.0863 ownship destroyed
[match] seed 27 OBFM_BLUE round1 sep=610m alt=2472m spd=205m/s
[seed 27] reward=    13.43 ownHP=-0.0029 tgtHP=0.1675 ownship destroyed
[match] seed 30 OBFM_BLUE round1 sep=610m alt=2676m spd=228m/s
[seed 30] reward=   -60.37 ownHP=-0.0014 tgtHP=0.3002 ownship destroyed
[match] seed 33 OBFM_BLUE round1 sep=610m alt=5743m spd=211m/s
[seed 33] reward=   541.18 ownHP=1.0000 tgtHP=-0.0011 target destroyed
[match] seed 36 OBFM_BLUE round1 sep=610m alt=1017m spd=299m/s
[seed 36] reward=  -178.25 ownHP=-0.0139 tgtHP=0.9533 ownship destroyed
[match] seed 39 OBFM_BLUE round1 sep=610m alt=4248m spd=230m/s
[seed 39] reward=    34.33 ownHP=-0.0053 tgtHP=0.2662 ownship destroyed
[match] seed 42 OBFM_BLUE round1 sep=610m alt=4792m spd=263m/s
[seed 42] reward=    53.37 ownHP=-0.0058 tgtHP=0.3218 ownship destroyed

########## v32_OBFM_BLUE vs ACE ##########
[match] seed 0 OBFM_BLUE round1 sep=610m alt=6057m spd=258m/s
[seed 0] reward=   656.03 ownHP=1.0000 tgtHP=0.0649 max time out
[match] seed 3 OBFM_BLUE round1 sep=610m alt=1799m spd=270m/s
[seed 3] reward=   669.03 ownHP=1.0000 tgtHP=0.8483 max time out
[match] seed 6 OBFM_BLUE round1 sep=610m alt=4953m spd=256m/s
[seed 6] reward=   608.78 ownHP=1.0000 tgtHP=0.1320 max time out
[match] seed 9 OBFM_BLUE round1 sep=610m alt=7962m spd=289m/s
[seed 9] reward=   157.60 ownHP=1.0000 tgtHP=-0.0011 target destroyed
[match] seed 15 OBFM_BLUE round1 sep=610m alt=6004m spd=217m/s
[seed 15] reward=   718.07 ownHP=1.0000 tgtHP=-0.0002 target destroyed
[match] seed 18 OBFM_BLUE round1 sep=610m alt=6242m spd=272m/s
[seed 18] reward=   155.46 ownHP=1.0000 tgtHP=-0.0039 target destroyed
[match] seed 21 OBFM_BLUE round1 sep=610m alt=3325m spd=262m/s
[seed 21] reward=   710.41 ownHP=1.0000 tgtHP=0.1069 max time out
[match] seed 24 OBFM_BLUE round1 sep=610m alt=4585m spd=280m/s
[seed 24] reward=   154.63 ownHP=1.0000 tgtHP=-0.0047 target destroyed
[match] seed 27 OBFM_BLUE round1 sep=610m alt=2472m spd=205m/s
[seed 27] reward=   803.94 ownHP=1.0000 tgtHP=0.1741 max time out
[match] seed 30 OBFM_BLUE round1 sep=610m alt=2676m spd=228m/s
[seed 30] reward=   726.13 ownHP=1.0000 tgtHP=0.3248 max time out
[match] seed 33 OBFM_BLUE round1 sep=610m alt=5743m spd=211m/s
[seed 33] reward=   704.57 ownHP=1.0000 tgtHP=0.1738 max time out
[match] seed 36 OBFM_BLUE round1 sep=610m alt=1017m spd=299m/s
[seed 36] reward=   637.34 ownHP=1.0000 tgtHP=0.7734 max time out
[match] seed 39 OBFM_BLUE round1 sep=610m alt=4248m spd=230m/s
[seed 39] reward=   588.59 ownHP=1.0000 tgtHP=0.2554 max time out
[match] seed 42 OBFM_BLUE round1 sep=610m alt=4792m spd=263m/s
[seed 42] reward=   624.74 ownHP=1.0000 tgtHP=0.0900 max time out

########## v40_OBFM_BLUE vs AIP_jh2.dll ##########
[match] seed 0 OBFM_BLUE round1 sep=610m alt=6057m spd=258m/s
[seed 0] reward=   574.01 ownHP=1.0000 tgtHP=-0.0007 target destroyed
[match] seed 3 OBFM_BLUE round1 sep=610m alt=1799m spd=270m/s
[seed 3] reward=   634.73 ownHP=1.0000 tgtHP=-0.0132 target destroyed
[match] seed 6 OBFM_BLUE round1 sep=610m alt=4953m spd=256m/s
[seed 6] reward=   649.17 ownHP=1.0000 tgtHP=-0.0018 target destroyed
[match] seed 9 OBFM_BLUE round1 sep=610m alt=7962m spd=289m/s
[seed 9] reward=   732.11 ownHP=1.0000 tgtHP=-0.0069 target destroyed
[match] seed 12 OBFM_BLUE round1 sep=610m alt=5889m spd=248m/s
[seed 12] reward=   254.71 ownHP=1.0000 tgtHP=-0.0024 target destroyed
[match] seed 15 OBFM_BLUE round1 sep=610m alt=6004m spd=217m/s
[seed 15] reward=   481.53 ownHP=1.0000 tgtHP=-0.0045 target destroyed
[match] seed 18 OBFM_BLUE round1 sep=610m alt=6242m spd=272m/s
[seed 18] reward=   486.16 ownHP=1.0000 tgtHP=-0.0075 target destroyed
[match] seed 21 OBFM_BLUE round1 sep=610m alt=3325m spd=262m/s
[seed 21] reward=   614.58 ownHP=1.0000 tgtHP=-0.0004 target destroyed
[match] seed 24 OBFM_BLUE round1 sep=610m alt=4585m spd=280m/s
[seed 24] reward=   702.18 ownHP=1.0000 tgtHP=-0.0038 target destroyed
[match] seed 27 OBFM_BLUE round1 sep=610m alt=2472m spd=205m/s
[seed 27] reward=   462.35 ownHP=1.0000 tgtHP=-0.0055 target destroyed
[match] seed 30 OBFM_BLUE round1 sep=610m alt=2676m spd=228m/s
[seed 30] reward=    37.43 ownHP=0.9902 tgtHP=0.2651 max time out
[match] seed 33 OBFM_BLUE round1 sep=610m alt=5743m spd=211m/s
[seed 33] reward=   806.81 ownHP=1.0000 tgtHP=-0.0015 target destroyed
[match] seed 36 OBFM_BLUE round1 sep=610m alt=1017m spd=299m/s
[seed 36] reward=   888.07 ownHP=1.0000 tgtHP=0.2351 max time out
[match] seed 39 OBFM_BLUE round1 sep=610m alt=4248m spd=230m/s
[seed 39] reward=   719.77 ownHP=1.0000 tgtHP=-0.0021 target destroyed
[match] seed 42 OBFM_BLUE round1 sep=610m alt=4792m spd=263m/s
[seed 42] reward=   749.74 ownHP=1.0000 tgtHP=-0.0004 target destroyed

########## v40_OBFM_BLUE vs ACE ##########
[match] seed 0 OBFM_BLUE round1 sep=610m alt=6057m spd=258m/s
[seed 0] reward=   655.18 ownHP=1.0000 tgtHP=0.1955 max time out
[match] seed 3 OBFM_BLUE round1 sep=610m alt=1799m spd=270m/s
[seed 3] reward=   720.10 ownHP=1.0000 tgtHP=0.3648 max time out
[match] seed 6 OBFM_BLUE round1 sep=610m alt=4953m spd=256m/s
[seed 6] reward=   675.65 ownHP=1.0000 tgtHP=0.2112 max time out
[match] seed 9 OBFM_BLUE round1 sep=610m alt=7962m spd=289m/s
[seed 9] reward=   157.60 ownHP=1.0000 tgtHP=-0.0011 target destroyed
[match] seed 12 OBFM_BLUE round1 sep=610m alt=5889m spd=248m/s
[seed 12] reward=   629.70 ownHP=1.0000 tgtHP=0.2559 max time out
[match] seed 15 OBFM_BLUE round1 sep=610m alt=6004m spd=217m/s
[seed 15] reward=   718.07 ownHP=1.0000 tgtHP=-0.0002 target destroyed
[match] seed 18 OBFM_BLUE round1 sep=610m alt=6242m spd=272m/s
[seed 18] reward=   155.46 ownHP=1.0000 tgtHP=-0.0039 target destroyed
[match] seed 21 OBFM_BLUE round1 sep=610m alt=3325m spd=262m/s
[seed 21] reward=   710.41 ownHP=1.0000 tgtHP=0.1069 max time out
[match] seed 24 OBFM_BLUE round1 sep=610m alt=4585m spd=280m/s
[seed 24] reward=   154.63 ownHP=1.0000 tgtHP=-0.0047 target destroyed
[match] seed 27 OBFM_BLUE round1 sep=610m alt=2472m spd=205m/s
[seed 27] reward=   803.94 ownHP=1.0000 tgtHP=0.1741 max time out
[match] seed 30 OBFM_BLUE round1 sep=610m alt=2676m spd=228m/s
[seed 30] reward=   726.13 ownHP=1.0000 tgtHP=0.3248 max time out
[match] seed 33 OBFM_BLUE round1 sep=610m alt=5743m spd=211m/s
[seed 33] reward=   694.00 ownHP=1.0000 tgtHP=0.2020 max time out
[match] seed 36 OBFM_BLUE round1 sep=610m alt=1017m spd=299m/s
[seed 36] reward=   861.35 ownHP=1.0000 tgtHP=0.3368 max time out
[match] seed 39 OBFM_BLUE round1 sep=610m alt=4248m spd=230m/s
[seed 39] reward=   588.59 ownHP=1.0000 tgtHP=0.2554 max time out
[match] seed 42 OBFM_BLUE round1 sep=610m alt=4792m spd=263m/s
[seed 42] reward=   664.53 ownHP=1.0000 tgtHP=0.1166 max time out

########## v32_OBFM_RED vs AIP_jh2.dll ##########
[match] seed 0 OBFM_RED round1 sep=610m alt=6057m spd=258m/s
[seed 0] reward=  -158.42 ownHP=-0.0069 tgtHP=1.0000 ownship destroyed
[match] seed 3 OBFM_RED round1 sep=610m alt=1799m spd=270m/s
[seed 3] reward=  -133.23 ownHP=-0.0048 tgtHP=1.0000 ownship destroyed
[match] seed 6 OBFM_RED round1 sep=610m alt=4953m spd=256m/s
[seed 6] reward=  -124.32 ownHP=-0.0061 tgtHP=1.0000 ownship destroyed
[match] seed 9 OBFM_RED round1 sep=610m alt=7962m spd=289m/s
[seed 9] reward=  -138.08 ownHP=-0.0064 tgtHP=1.0000 ownship destroyed
[match] seed 12 OBFM_RED round1 sep=610m alt=5889m spd=248m/s
[seed 12] reward=  -138.42 ownHP=-0.0042 tgtHP=1.0000 ownship destroyed
[match] seed 15 OBFM_RED round1 sep=610m alt=6004m spd=217m/s
[seed 15] reward=  -136.40 ownHP=-0.0067 tgtHP=1.0000 ownship destroyed
[match] seed 18 OBFM_RED round1 sep=610m alt=6242m spd=272m/s
[seed 18] reward=  -126.01 ownHP=-0.0046 tgtHP=1.0000 ownship destroyed
[match] seed 21 OBFM_RED round1 sep=610m alt=3325m spd=262m/s
[seed 21] reward=  -127.88 ownHP=-0.0016 tgtHP=1.0000 ownship destroyed
[match] seed 24 OBFM_RED round1 sep=610m alt=4585m spd=280m/s
[seed 24] reward=  -136.42 ownHP=-0.0088 tgtHP=1.0000 ownship destroyed
[match] seed 27 OBFM_RED round1 sep=610m alt=2472m spd=205m/s
[seed 27] reward=  -171.76 ownHP=-0.0024 tgtHP=1.0000 ownship destroyed
[match] seed 30 OBFM_RED round1 sep=610m alt=2676m spd=228m/s
[seed 30] reward=  -155.16 ownHP=-0.0084 tgtHP=1.0000 ownship destroyed
[match] seed 33 OBFM_RED round1 sep=610m alt=5743m spd=211m/s
[seed 33] reward=  -137.47 ownHP=-0.0049 tgtHP=1.0000 ownship destroyed
[match] seed 36 OBFM_RED round1 sep=610m alt=1017m spd=299m/s
[seed 36] reward=  -182.34 ownHP=-0.0131 tgtHP=1.0000 ownship destroyed
[match] seed 39 OBFM_RED round1 sep=610m alt=4248m spd=230m/s
[seed 39] reward=  -146.73 ownHP=-0.0119 tgtHP=1.0000 ownship destroyed
[match] seed 42 OBFM_RED round1 sep=610m alt=4792m spd=263m/s
[seed 42] reward=  -139.40 ownHP=-0.0076 tgtHP=1.0000 ownship destroyed

########## v32_OBFM_RED vs ACE ##########
[match] seed 0 OBFM_RED round1 sep=610m alt=6057m spd=258m/s
[seed 0] reward=   326.88 ownHP=0.1041 tgtHP=0.9669 max time out
[match] seed 3 OBFM_RED round1 sep=610m alt=1799m spd=270m/s
[seed 3] reward=   434.56 ownHP=0.9067 tgtHP=0.9205 max time out
[match] seed 6 OBFM_RED round1 sep=610m alt=4953m spd=256m/s
[seed 6] reward=   507.42 ownHP=0.1636 tgtHP=0.8762 max time out
[match] seed 9 OBFM_RED round1 sep=610m alt=7962m spd=289m/s
[seed 9] reward=   402.01 ownHP=0.0491 tgtHP=0.7986 max time out
[match] seed 12 OBFM_RED round1 sep=610m alt=5889m spd=248m/s
[seed 12] reward=   451.16 ownHP=0.0310 tgtHP=0.6439 max time out
[match] seed 15 OBFM_RED round1 sep=610m alt=6004m spd=217m/s
[seed 15] reward=   269.47 ownHP=0.0561 tgtHP=0.9788 max time out
[match] seed 18 OBFM_RED round1 sep=610m alt=6242m spd=272m/s
[seed 18] reward=   511.54 ownHP=0.1228 tgtHP=0.8855 max time out
[match] seed 21 OBFM_RED round1 sep=610m alt=3325m spd=262m/s
[seed 21] reward=   463.78 ownHP=0.2054 tgtHP=0.7756 max time out
[match] seed 24 OBFM_RED round1 sep=610m alt=4585m spd=280m/s
[seed 24] reward=   405.53 ownHP=0.2999 tgtHP=0.9151 max time out
[match] seed 27 OBFM_RED round1 sep=610m alt=2472m spd=205m/s
[seed 27] reward=   306.59 ownHP=0.8933 tgtHP=0.9251 max time out
[match] seed 30 OBFM_RED round1 sep=610m alt=2676m spd=228m/s
[seed 30] reward=   401.87 ownHP=0.8606 tgtHP=0.8345 max time out
[match] seed 33 OBFM_RED round1 sep=610m alt=5743m spd=211m/s
[seed 33] reward=   406.18 ownHP=0.0224 tgtHP=0.9368 max time out
[match] seed 36 OBFM_RED round1 sep=610m alt=1017m spd=299m/s
[seed 36] reward=   551.08 ownHP=0.9133 tgtHP=0.8625 max time out
[match] seed 39 OBFM_RED round1 sep=610m alt=4248m spd=230m/s
[seed 39] reward=   385.26 ownHP=0.1394 tgtHP=0.9703 max time out
[match] seed 42 OBFM_RED round1 sep=610m alt=4792m spd=263m/s
[seed 42] reward=   442.93 ownHP=0.1897 tgtHP=0.9391 max time out

########## v40_OBFM_RED vs AIP_jh2.dll ##########
[match] seed 0 OBFM_RED round1 sep=610m alt=6057m spd=258m/s
[seed 0] reward=  -200.64 ownHP=-0.0122 tgtHP=1.0000 ownship destroyed
[match] seed 3 OBFM_RED round1 sep=610m alt=1799m spd=270m/s
[seed 3] reward=  -137.69 ownHP=-0.0024 tgtHP=1.0000 ownship destroyed
[match] seed 6 OBFM_RED round1 sep=610m alt=4953m spd=256m/s
[seed 6] reward=  -124.32 ownHP=-0.0061 tgtHP=1.0000 ownship destroyed
[match] seed 9 OBFM_RED round1 sep=610m alt=7962m spd=289m/s
[seed 9] reward=  -150.26 ownHP=-0.0082 tgtHP=1.0000 ownship destroyed
[match] seed 12 OBFM_RED round1 sep=610m alt=5889m spd=248m/s
[seed 12] reward=   734.05 ownHP=0.5738 tgtHP=-0.0022 target destroyed
[match] seed 15 OBFM_RED round1 sep=610m alt=6004m spd=217m/s
[seed 15] reward=  -196.16 ownHP=-0.0043 tgtHP=1.0000 ownship destroyed
[match] seed 18 OBFM_RED round1 sep=610m alt=6242m spd=272m/s
[seed 18] reward=  -126.01 ownHP=-0.0046 tgtHP=1.0000 ownship destroyed
[match] seed 21 OBFM_RED round1 sep=610m alt=3325m spd=262m/s
[seed 21] reward=  -127.59 ownHP=-0.0020 tgtHP=1.0000 ownship destroyed
[match] seed 24 OBFM_RED round1 sep=610m alt=4585m spd=280m/s
[seed 24] reward=  -139.52 ownHP=-0.0019 tgtHP=1.0000 ownship destroyed
[match] seed 27 OBFM_RED round1 sep=610m alt=2472m spd=205m/s
[seed 27] reward=  -164.65 ownHP=-0.0035 tgtHP=1.0000 ownship destroyed
[match] seed 30 OBFM_RED round1 sep=610m alt=2676m spd=228m/s
[seed 30] reward=  -147.05 ownHP=-0.0113 tgtHP=1.0000 ownship destroyed
[match] seed 33 OBFM_RED round1 sep=610m alt=5743m spd=211m/s
[seed 33] reward=  -153.54 ownHP=-0.0129 tgtHP=1.0000 ownship destroyed
[match] seed 36 OBFM_RED round1 sep=610m alt=1017m spd=299m/s
[seed 36] reward=    85.52 ownHP=0.1300 tgtHP=0.9466 max time out
[match] seed 39 OBFM_RED round1 sep=610m alt=4248m spd=230m/s
[seed 39] reward=  -159.54 ownHP=-0.0058 tgtHP=1.0000 ownship destroyed
[match] seed 42 OBFM_RED round1 sep=610m alt=4792m spd=263m/s
[seed 42] reward=  -137.88 ownHP=-0.0059 tgtHP=1.0000 ownship destroyed

########## v40_OBFM_RED vs ACE ##########
[match] seed 0 OBFM_RED round1 sep=610m alt=6057m spd=258m/s
[seed 0] reward=   542.36 ownHP=0.1041 tgtHP=0.9319 max time out
[match] seed 3 OBFM_RED round1 sep=610m alt=1799m spd=270m/s
[seed 3] reward=   654.37 ownHP=0.9067 tgtHP=0.9166 max time out
[match] seed 6 OBFM_RED round1 sep=610m alt=4953m spd=256m/s
[seed 6] reward=   513.19 ownHP=0.1636 tgtHP=0.9439 max time out
[match] seed 9 OBFM_RED round1 sep=610m alt=7962m spd=289m/s
[seed 9] reward=   655.00 ownHP=0.0517 tgtHP=0.8973 max time out
[match] seed 12 OBFM_RED round1 sep=610m alt=5889m spd=248m/s
[seed 12] reward=   571.31 ownHP=0.0592 tgtHP=0.9338 max time out
[match] seed 15 OBFM_RED round1 sep=610m alt=6004m spd=217m/s
[seed 15] reward=   661.96 ownHP=0.0788 tgtHP=0.9348 max time out
[match] seed 18 OBFM_RED round1 sep=610m alt=6242m spd=272m/s
[seed 18] reward=   479.68 ownHP=0.1434 tgtHP=0.9468 max time out
[match] seed 21 OBFM_RED round1 sep=610m alt=3325m spd=262m/s
[seed 21] reward=   320.73 ownHP=0.2054 tgtHP=0.9370 max time out
[match] seed 24 OBFM_RED round1 sep=610m alt=4585m spd=280m/s
[seed 24] reward=   622.32 ownHP=0.2999 tgtHP=0.7179 max time out
[match] seed 27 OBFM_RED round1 sep=610m alt=2472m spd=205m/s
[seed 27] reward=   439.04 ownHP=0.8933 tgtHP=0.9468 max time out
[match] seed 30 OBFM_RED round1 sep=610m alt=2676m spd=228m/s
[seed 30] reward=   430.79 ownHP=0.8606 tgtHP=0.9318 max time out
[match] seed 33 OBFM_RED round1 sep=610m alt=5743m spd=211m/s
[seed 33] reward=   621.30 ownHP=0.0676 tgtHP=0.9252 max time out
[match] seed 36 OBFM_RED round1 sep=610m alt=1017m spd=299m/s
[seed 36] reward=   598.50 ownHP=0.9133 tgtHP=0.8040 max time out
[match] seed 39 OBFM_RED round1 sep=610m alt=4248m spd=230m/s
[seed 39] reward=   410.11 ownHP=0.1394 tgtHP=0.9374 max time out
[match] seed 42 OBFM_RED round1 sep=610m alt=4792m spd=263m/s
[seed 42] reward=   515.59 ownHP=0.1897 tgtHP=0.9232 max time out

=== S1 probe 완료 ===
########## v32_OBFM_BLUE vs ACE (보충) ##########
[match] seed 12 OBFM_BLUE round1 sep=610m alt=5889m spd=248m/s
[seed 12] reward=   571.44 ownHP=1.0000 tgtHP=0.2517 max time out
