########## base :: AIP_yuno.dll ##########
[seed 1] reward=    -1.06 ownHP=1.0000 tgtHP=1.0000 max time out
SUMMARY dealt=0.0000 taken=0.0000 mean_reward=-1.06
[seed 4] reward=    13.88 ownHP=0.9437 tgtHP=0.8499 max time out
SUMMARY dealt=0.1501 taken=0.0563 mean_reward=13.88
[seed 7] reward=   -82.45 ownHP=1.0000 tgtHP=1.0000 max time out
SUMMARY dealt=0.0000 taken=0.0000 mean_reward=-82.45
[seed 10] reward=   492.92 ownHP=1.0000 tgtHP=1.0000 max time out
SUMMARY dealt=0.0000 taken=0.0000 mean_reward=492.92
[seed 13] reward=    54.16 ownHP=0.9620 tgtHP=1.0000 max time out
SUMMARY dealt=0.0000 taken=0.0380 mean_reward=54.16
[seed 16] reward=   -81.83 ownHP=1.0000 tgtHP=1.0000 max time out
SUMMARY dealt=0.0000 taken=0.0000 mean_reward=-81.83
[seed 19] reward=   284.83 ownHP=1.0000 tgtHP=1.0000 max time out
SUMMARY dealt=0.0000 taken=0.0000 mean_reward=284.83
[seed 22] reward=   -64.37 ownHP=1.0000 tgtHP=1.0000 max time out
SUMMARY dealt=0.0000 taken=0.0000 mean_reward=-64.37
[seed 25] reward=   -28.18 ownHP=1.0000 tgtHP=1.0000 max time out
SUMMARY dealt=0.0000 taken=0.0000 mean_reward=-28.18
[seed 28] reward=    97.91 ownHP=0.9744 tgtHP=1.0000 max time out
SUMMARY dealt=0.0000 taken=0.0256 mean_reward=97.91
[seed 31] reward=   -77.13 ownHP=1.0000 tgtHP=1.0000 max time out
SUMMARY dealt=0.0000 taken=0.0000 mean_reward=-77.13
[seed 34] reward=    60.59 ownHP=0.5028 tgtHP=0.9353 max time out
SUMMARY dealt=0.0647 taken=0.4972 mean_reward=60.59
[seed 37] reward=    -7.44 ownHP=0.9839 tgtHP=1.0000 max time out
SUMMARY dealt=0.0000 taken=0.0161 mean_reward=-7.44
[seed 40] reward=   -20.74 ownHP=1.0000 tgtHP=1.0000 max time out
SUMMARY dealt=0.0000 taken=0.0000 mean_reward=-20.74
[seed 43] reward=   252.90 ownHP=0.9690 tgtHP=1.0000 max time out
SUMMARY dealt=0.0000 taken=0.0310 mean_reward=252.90
########## sixdive :: AIP_yuno.dll ##########
[seed 1] reward=    -1.06 ownHP=1.0000 tgtHP=1.0000 max time out
SUMMARY dealt=0.0000 taken=0.0000 mean_reward=-1.06
[seed 4] reward=    13.88 ownHP=0.9437 tgtHP=0.8499 max time out
SUMMARY dealt=0.1501 taken=0.0563 mean_reward=13.88
[seed 7] reward=   -82.45 ownHP=1.0000 tgtHP=1.0000 max time out
SUMMARY dealt=0.0000 taken=0.0000 mean_reward=-82.45
[seed 10] reward=   492.92 ownHP=1.0000 tgtHP=1.0000 max time out
SUMMARY dealt=0.0000 taken=0.0000 mean_reward=492.92
[seed 13] reward=    54.16 ownHP=0.9620 tgtHP=1.0000 max time out
SUMMARY dealt=0.0000 taken=0.0380 mean_reward=54.16
[seed 16] reward=   -81.83 ownHP=1.0000 tgtHP=1.0000 max time out
SUMMARY dealt=0.0000 taken=0.0000 mean_reward=-81.83
[seed 19] reward=   284.83 ownHP=1.0000 tgtHP=1.0000 max time out
SUMMARY dealt=0.0000 taken=0.0000 mean_reward=284.83
[seed 22] reward=   -64.37 ownHP=1.0000 tgtHP=1.0000 max time out
SUMMARY dealt=0.0000 taken=0.0000 mean_reward=-64.37
[seed 25] reward=   -28.18 ownHP=1.0000 tgtHP=1.0000 max time out
SUMMARY dealt=0.0000 taken=0.0000 mean_reward=-28.18
[seed 28] reward=    97.91 ownHP=0.9744 tgtHP=1.0000 max time out
SUMMARY dealt=0.0000 taken=0.0256 mean_reward=97.91
[seed 31] reward=   -77.13 ownHP=1.0000 tgtHP=1.0000 max time out
SUMMARY dealt=0.0000 taken=0.0000 mean_reward=-77.13
[seed 34] reward=    60.59 ownHP=0.5028 tgtHP=0.9353 max time out
SUMMARY dealt=0.0647 taken=0.4972 mean_reward=60.59
[seed 37] reward=    -7.44 ownHP=0.9839 tgtHP=1.0000 max time out
SUMMARY dealt=0.0000 taken=0.0161 mean_reward=-7.44
[seed 40] reward=   -20.74 ownHP=1.0000 tgtHP=1.0000 max time out
SUMMARY dealt=0.0000 taken=0.0000 mean_reward=-20.74
[seed 43] reward=   252.90 ownHP=0.9690 tgtHP=1.0000 max time out
SUMMARY dealt=0.0000 taken=0.0310 mean_reward=252.90
########## base :: AIP_jung.dll ##########
[seed 1] reward=  1415.05 ownHP=1.0000 tgtHP=-0.0105 target destroyed
SUMMARY dealt=1.0105 taken=0.0000 mean_reward=1415.05
[seed 4] reward=   504.50 ownHP=1.0000 tgtHP=-0.0008 target destroyed
SUMMARY dealt=1.0008 taken=0.0000 mean_reward=504.50
[seed 7] reward=   480.15 ownHP=1.0000 tgtHP=-0.0006 target destroyed
SUMMARY dealt=1.0006 taken=0.0000 mean_reward=480.15
[seed 10] reward=   853.92 ownHP=1.0000 tgtHP=-0.0076 target destroyed
SUMMARY dealt=1.0076 taken=0.0000 mean_reward=853.92
[seed 13] reward=  1162.39 ownHP=1.0000 tgtHP=-0.0020 target destroyed
SUMMARY dealt=1.0020 taken=0.0000 mean_reward=1162.39
[seed 16] reward=   907.51 ownHP=1.0000 tgtHP=-0.0012 target destroyed
SUMMARY dealt=1.0012 taken=0.0000 mean_reward=907.51
[seed 19] reward=  1278.57 ownHP=1.0000 tgtHP=-0.0017 target destroyed
SUMMARY dealt=1.0017 taken=0.0000 mean_reward=1278.57
[seed 22] reward=   946.82 ownHP=1.0000 tgtHP=-0.0066 target destroyed
SUMMARY dealt=1.0066 taken=0.0000 mean_reward=946.82
[seed 25] reward=   671.00 ownHP=1.0000 tgtHP=-0.0031 target destroyed
SUMMARY dealt=1.0031 taken=0.0000 mean_reward=671.00
[seed 28] reward=   811.99 ownHP=1.0000 tgtHP=-0.0039 target destroyed
SUMMARY dealt=1.0039 taken=0.0000 mean_reward=811.99
runner:local/env:0	num_steps=[2942] | total rewards=[-30.7422] | termination= [target altitude below min]
[seed 31] reward=   -30.74 ownHP=1.0000 tgtHP=1.0000 target altitude below min
SUMMARY dealt=0.0000 taken=0.0000 mean_reward=-30.74
[seed 34] reward=   729.28 ownHP=1.0000 tgtHP=-0.0017 target destroyed
SUMMARY dealt=1.0017 taken=0.0000 mean_reward=729.28
[seed 37] reward=   919.34 ownHP=1.0000 tgtHP=0.3840 max time out
SUMMARY dealt=0.6160 taken=0.0000 mean_reward=919.34
[seed 40] reward=  1169.40 ownHP=1.0000 tgtHP=-0.0035 target destroyed
SUMMARY dealt=1.0035 taken=0.0000 mean_reward=1169.40
[seed 43] reward=   480.68 ownHP=1.0000 tgtHP=-0.0118 target destroyed
SUMMARY dealt=1.0118 taken=0.0000 mean_reward=480.68
########## sixdive :: AIP_jung.dll ##########
[seed 1] reward=  1415.05 ownHP=1.0000 tgtHP=-0.0105 target destroyed
SUMMARY dealt=1.0105 taken=0.0000 mean_reward=1415.05
[seed 4] reward=   504.50 ownHP=1.0000 tgtHP=-0.0008 target destroyed
SUMMARY dealt=1.0008 taken=0.0000 mean_reward=504.50
[seed 7] reward=   480.15 ownHP=1.0000 tgtHP=-0.0006 target destroyed
SUMMARY dealt=1.0006 taken=0.0000 mean_reward=480.15
[seed 10] reward=   853.92 ownHP=1.0000 tgtHP=-0.0076 target destroyed
SUMMARY dealt=1.0076 taken=0.0000 mean_reward=853.92
[seed 13] reward=  1162.39 ownHP=1.0000 tgtHP=-0.0020 target destroyed
SUMMARY dealt=1.0020 taken=0.0000 mean_reward=1162.39
[seed 16] reward=   907.51 ownHP=1.0000 tgtHP=-0.0012 target destroyed
SUMMARY dealt=1.0012 taken=0.0000 mean_reward=907.51
[seed 19] reward=  1278.57 ownHP=1.0000 tgtHP=-0.0017 target destroyed
SUMMARY dealt=1.0017 taken=0.0000 mean_reward=1278.57
[seed 22] reward=   946.82 ownHP=1.0000 tgtHP=-0.0066 target destroyed
SUMMARY dealt=1.0066 taken=0.0000 mean_reward=946.82
[seed 25] reward=   671.00 ownHP=1.0000 tgtHP=-0.0031 target destroyed
SUMMARY dealt=1.0031 taken=0.0000 mean_reward=671.00
[seed 28] reward=   811.99 ownHP=1.0000 tgtHP=-0.0039 target destroyed
SUMMARY dealt=1.0039 taken=0.0000 mean_reward=811.99
runner:local/env:0	num_steps=[2942] | total rewards=[-30.7422] | termination= [target altitude below min]
[seed 31] reward=   -30.74 ownHP=1.0000 tgtHP=1.0000 target altitude below min
SUMMARY dealt=0.0000 taken=0.0000 mean_reward=-30.74
[seed 34] reward=   729.28 ownHP=1.0000 tgtHP=-0.0017 target destroyed
SUMMARY dealt=1.0017 taken=0.0000 mean_reward=729.28
[seed 37] reward=   919.34 ownHP=1.0000 tgtHP=0.3840 max time out
SUMMARY dealt=0.6160 taken=0.0000 mean_reward=919.34
[seed 40] reward=  1169.40 ownHP=1.0000 tgtHP=-0.0035 target destroyed
SUMMARY dealt=1.0035 taken=0.0000 mean_reward=1169.40
[seed 43] reward=   737.32 ownHP=1.0000 tgtHP=-0.0033 target destroyed
SUMMARY dealt=1.0033 taken=0.0000 mean_reward=737.32
########## base :: AIP_jh2.dll ##########
runner:local/env:0	num_steps=[4940] | total rewards=[412.0437] | termination= [target altitude below min]
[seed 1] reward=   412.04 ownHP=1.0000 tgtHP=0.8298 target altitude below min
SUMMARY dealt=0.1702 taken=0.0000 mean_reward=412.04
runner:local/env:0	num_steps=[2233] | total rewards=[-17.1669] | termination= [target altitude below min]
[seed 4] reward=   -17.17 ownHP=1.0000 tgtHP=1.0000 target altitude below min
SUMMARY dealt=0.0000 taken=0.0000 mean_reward=-17.17
[seed 7] reward=   884.04 ownHP=1.0000 tgtHP=-0.0032 target destroyed
SUMMARY dealt=1.0032 taken=0.0000 mean_reward=884.04
[seed 10] reward=  1456.73 ownHP=1.0000 tgtHP=-0.0161 target destroyed
SUMMARY dealt=1.0161 taken=0.0000 mean_reward=1456.73
runner:local/env:0	num_steps=[5396] | total rewards=[292.8656] | termination= [target altitude below min]
[seed 13] reward=   292.87 ownHP=1.0000 tgtHP=1.0000 target altitude below min
SUMMARY dealt=0.0000 taken=0.0000 mean_reward=292.87
[seed 16] reward=   937.27 ownHP=1.0000 tgtHP=0.1176 max time out
SUMMARY dealt=0.8824 taken=0.0000 mean_reward=937.27
[seed 19] reward=   920.63 ownHP=1.0000 tgtHP=-0.0004 target destroyed
SUMMARY dealt=1.0004 taken=0.0000 mean_reward=920.63
runner:local/env:0	num_steps=[1898] | total rewards=[-11.9296] | termination= [target altitude below min]
[seed 22] reward=   -11.93 ownHP=1.0000 tgtHP=1.0000 target altitude below min
SUMMARY dealt=0.0000 taken=0.0000 mean_reward=-11.93
[seed 25] reward=  1076.07 ownHP=1.0000 tgtHP=-0.0030 target destroyed
SUMMARY dealt=1.0030 taken=0.0000 mean_reward=1076.07
[seed 28] reward=   818.51 ownHP=1.0000 tgtHP=-0.0008 target destroyed
SUMMARY dealt=1.0008 taken=0.0000 mean_reward=818.51
[seed 31] reward=   675.54 ownHP=1.0000 tgtHP=-0.0026 target destroyed
SUMMARY dealt=1.0026 taken=0.0000 mean_reward=675.54
[seed 34] reward=   882.24 ownHP=1.0000 tgtHP=-0.0029 target destroyed
SUMMARY dealt=1.0029 taken=0.0000 mean_reward=882.24
[seed 37] reward=   438.29 ownHP=1.0000 tgtHP=-0.0049 target destroyed
SUMMARY dealt=1.0049 taken=0.0000 mean_reward=438.29
[seed 40] reward=   984.58 ownHP=1.0000 tgtHP=-0.0037 target destroyed
SUMMARY dealt=1.0037 taken=0.0000 mean_reward=984.58
[seed 43] reward=   657.75 ownHP=1.0000 tgtHP=-0.0018 target destroyed
SUMMARY dealt=1.0018 taken=0.0000 mean_reward=657.75
########## sixdive :: AIP_jh2.dll ##########
runner:local/env:0	num_steps=[4940] | total rewards=[412.0437] | termination= [target altitude below min]
[seed 1] reward=   412.04 ownHP=1.0000 tgtHP=0.8298 target altitude below min
SUMMARY dealt=0.1702 taken=0.0000 mean_reward=412.04
runner:local/env:0	num_steps=[2233] | total rewards=[-17.1669] | termination= [target altitude below min]
[seed 4] reward=   -17.17 ownHP=1.0000 tgtHP=1.0000 target altitude below min
SUMMARY dealt=0.0000 taken=0.0000 mean_reward=-17.17
[seed 7] reward=   884.04 ownHP=1.0000 tgtHP=-0.0032 target destroyed
SUMMARY dealt=1.0032 taken=0.0000 mean_reward=884.04
[seed 10] reward=  1456.73 ownHP=1.0000 tgtHP=-0.0161 target destroyed
SUMMARY dealt=1.0161 taken=0.0000 mean_reward=1456.73
runner:local/env:0	num_steps=[5396] | total rewards=[292.8656] | termination= [target altitude below min]
[seed 13] reward=   292.87 ownHP=1.0000 tgtHP=1.0000 target altitude below min
SUMMARY dealt=0.0000 taken=0.0000 mean_reward=292.87
[seed 16] reward=   936.34 ownHP=0.9535 tgtHP=0.1176 max time out
SUMMARY dealt=0.8824 taken=0.0465 mean_reward=936.34
[seed 19] reward=   920.63 ownHP=1.0000 tgtHP=-0.0004 target destroyed
SUMMARY dealt=1.0004 taken=0.0000 mean_reward=920.63
runner:local/env:0	num_steps=[1898] | total rewards=[-11.9296] | termination= [target altitude below min]
[seed 22] reward=   -11.93 ownHP=1.0000 tgtHP=1.0000 target altitude below min
SUMMARY dealt=0.0000 taken=0.0000 mean_reward=-11.93
[seed 25] reward=  1076.07 ownHP=1.0000 tgtHP=-0.0030 target destroyed
SUMMARY dealt=1.0030 taken=0.0000 mean_reward=1076.07
[seed 28] reward=   818.51 ownHP=1.0000 tgtHP=-0.0008 target destroyed
SUMMARY dealt=1.0008 taken=0.0000 mean_reward=818.51
[seed 31] reward=   675.54 ownHP=1.0000 tgtHP=-0.0026 target destroyed
SUMMARY dealt=1.0026 taken=0.0000 mean_reward=675.54
[seed 34] reward=   882.24 ownHP=1.0000 tgtHP=-0.0029 target destroyed
SUMMARY dealt=1.0029 taken=0.0000 mean_reward=882.24
[seed 37] reward=   438.29 ownHP=1.0000 tgtHP=-0.0049 target destroyed
SUMMARY dealt=1.0049 taken=0.0000 mean_reward=438.29
[seed 40] reward=   984.58 ownHP=1.0000 tgtHP=-0.0037 target destroyed
SUMMARY dealt=1.0037 taken=0.0000 mean_reward=984.58
[seed 43] reward=   657.75 ownHP=1.0000 tgtHP=-0.0018 target destroyed
SUMMARY dealt=1.0018 taken=0.0000 mean_reward=657.75
########## DONE ##########
