########## base :: AIP_yuno.dll ##########
[seed 1] reward=    -1.06 ownHP=1.0000 tgtHP=1.0000 max time out
SUMMARY dealt=0.0000 taken=0.0000 mean_reward=-1.06
[seed 4] reward=    13.88 ownHP=0.9437 tgtHP=0.8499 max time out
SUMMARY dealt=0.1501 taken=0.0563 mean_reward=13.88
[seed 7] reward=   -82.45 ownHP=1.0000 tgtHP=1.0000 max time out
SUMMARY dealt=0.0000 taken=0.0000 mean_reward=-82.45
[seed 10] reward=   492.92 ownHP=1.0000 tgtHP=1.0000 max time out
SUMMARY dealt=0.0000 taken=0.0000 mean_reward=492.92
[seed 13] reward=    54.16 ownHP=0.9620 tgtHP=1.0000 max time out
SUMMARY dealt=0.0000 taken=0.0380 mean_reward=54.16
[seed 16] reward=   -81.83 ownHP=1.0000 tgtHP=1.0000 max time out
SUMMARY dealt=0.0000 taken=0.0000 mean_reward=-81.83
[seed 19] reward=   284.83 ownHP=1.0000 tgtHP=1.0000 max time out
SUMMARY dealt=0.0000 taken=0.0000 mean_reward=284.83
[seed 22] reward=   -64.37 ownHP=1.0000 tgtHP=1.0000 max time out
SUMMARY dealt=0.0000 taken=0.0000 mean_reward=-64.37
[seed 25] reward=   -28.18 ownHP=1.0000 tgtHP=1.0000 max time out
SUMMARY dealt=0.0000 taken=0.0000 mean_reward=-28.18
[seed 28] reward=    97.91 ownHP=0.9744 tgtHP=1.0000 max time out
SUMMARY dealt=0.0000 taken=0.0256 mean_reward=97.91
[seed 31] reward=   -77.13 ownHP=1.0000 tgtHP=1.0000 max time out
SUMMARY dealt=0.0000 taken=0.0000 mean_reward=-77.13
[seed 34] reward=    60.59 ownHP=0.5028 tgtHP=0.9353 max time out
SUMMARY dealt=0.0647 taken=0.4972 mean_reward=60.59
[seed 37] reward=    -7.44 ownHP=0.9839 tgtHP=1.0000 max time out
SUMMARY dealt=0.0000 taken=0.0161 mean_reward=-7.44
[seed 40] reward=   -20.74 ownHP=1.0000 tgtHP=1.0000 max time out
SUMMARY dealt=0.0000 taken=0.0000 mean_reward=-20.74
[seed 43] reward=   252.90 ownHP=0.9690 tgtHP=1.0000 max time out
SUMMARY dealt=0.0000 taken=0.0310 mean_reward=252.90
########## unlockpitch :: AIP_yuno.dll ##########
[seed 1] reward=    -1.06 ownHP=1.0000 tgtHP=1.0000 max time out
SUMMARY dealt=0.0000 taken=0.0000 mean_reward=-1.06
[seed 4] reward=    11.53 ownHP=0.9462 tgtHP=0.7628 max time out
SUMMARY dealt=0.2372 taken=0.0538 mean_reward=11.53
[seed 7] reward=   -83.79 ownHP=1.0000 tgtHP=1.0000 max time out
SUMMARY dealt=0.0000 taken=0.0000 mean_reward=-83.79
[seed 10] reward=   492.92 ownHP=1.0000 tgtHP=1.0000 max time out
SUMMARY dealt=0.0000 taken=0.0000 mean_reward=492.92
[seed 13] reward=    32.39 ownHP=0.9620 tgtHP=1.0000 max time out
SUMMARY dealt=0.0000 taken=0.0380 mean_reward=32.39
[seed 16] reward=   -81.83 ownHP=1.0000 tgtHP=1.0000 max time out
SUMMARY dealt=0.0000 taken=0.0000 mean_reward=-81.83
[seed 19] reward=   284.83 ownHP=1.0000 tgtHP=1.0000 max time out
SUMMARY dealt=0.0000 taken=0.0000 mean_reward=284.83
[seed 22] reward=   -64.37 ownHP=1.0000 tgtHP=1.0000 max time out
SUMMARY dealt=0.0000 taken=0.0000 mean_reward=-64.37
[seed 25] reward=   -28.18 ownHP=1.0000 tgtHP=1.0000 max time out
SUMMARY dealt=0.0000 taken=0.0000 mean_reward=-28.18
[seed 28] reward=    98.01 ownHP=0.9744 tgtHP=1.0000 max time out
SUMMARY dealt=0.0000 taken=0.0256 mean_reward=98.01
[seed 31] reward=   -77.13 ownHP=1.0000 tgtHP=1.0000 max time out
SUMMARY dealt=0.0000 taken=0.0000 mean_reward=-77.13
[seed 34] reward=    81.44 ownHP=0.5448 tgtHP=0.9353 max time out
SUMMARY dealt=0.0647 taken=0.4552 mean_reward=81.44
[seed 37] reward=   -61.44 ownHP=0.9839 tgtHP=1.0000 max time out
SUMMARY dealt=0.0000 taken=0.0161 mean_reward=-61.44
[seed 40] reward=   -20.74 ownHP=1.0000 tgtHP=1.0000 max time out
SUMMARY dealt=0.0000 taken=0.0000 mean_reward=-20.74
[seed 43] reward=   201.85 ownHP=0.9690 tgtHP=1.0000 max time out
SUMMARY dealt=0.0000 taken=0.0310 mean_reward=201.85
########## base :: AIP_jung.dll ##########
[seed 1] reward=  1415.05 ownHP=1.0000 tgtHP=-0.0105 target destroyed
SUMMARY dealt=1.0105 taken=0.0000 mean_reward=1415.05
[seed 4] reward=   504.50 ownHP=1.0000 tgtHP=-0.0008 target destroyed
SUMMARY dealt=1.0008 taken=0.0000 mean_reward=504.50
[seed 7] reward=   480.15 ownHP=1.0000 tgtHP=-0.0006 target destroyed
SUMMARY dealt=1.0006 taken=0.0000 mean_reward=480.15
[seed 10] reward=   853.92 ownHP=1.0000 tgtHP=-0.0076 target destroyed
SUMMARY dealt=1.0076 taken=0.0000 mean_reward=853.92
[seed 13] reward=  1162.39 ownHP=1.0000 tgtHP=-0.0020 target destroyed
SUMMARY dealt=1.0020 taken=0.0000 mean_reward=1162.39
[seed 16] reward=   907.51 ownHP=1.0000 tgtHP=-0.0012 target destroyed
SUMMARY dealt=1.0012 taken=0.0000 mean_reward=907.51
[seed 19] reward=  1278.57 ownHP=1.0000 tgtHP=-0.0017 target destroyed
SUMMARY dealt=1.0017 taken=0.0000 mean_reward=1278.57
[seed 22] reward=   946.82 ownHP=1.0000 tgtHP=-0.0066 target destroyed
SUMMARY dealt=1.0066 taken=0.0000 mean_reward=946.82
[seed 25] reward=   671.00 ownHP=1.0000 tgtHP=-0.0031 target destroyed
SUMMARY dealt=1.0031 taken=0.0000 mean_reward=671.00
[seed 28] reward=   811.99 ownHP=1.0000 tgtHP=-0.0039 target destroyed
SUMMARY dealt=1.0039 taken=0.0000 mean_reward=811.99
runner:local/env:0	num_steps=[2942] | total rewards=[-30.7422] | termination= [target altitude below min]
[seed 31] reward=   -30.74 ownHP=1.0000 tgtHP=1.0000 target altitude below min
SUMMARY dealt=0.0000 taken=0.0000 mean_reward=-30.74
[seed 34] reward=   729.28 ownHP=1.0000 tgtHP=-0.0017 target destroyed
SUMMARY dealt=1.0017 taken=0.0000 mean_reward=729.28
[seed 37] reward=   919.34 ownHP=1.0000 tgtHP=0.3840 max time out
SUMMARY dealt=0.6160 taken=0.0000 mean_reward=919.34
[seed 40] reward=  1169.40 ownHP=1.0000 tgtHP=-0.0035 target destroyed
SUMMARY dealt=1.0035 taken=0.0000 mean_reward=1169.40
[seed 43] reward=   480.68 ownHP=1.0000 tgtHP=-0.0118 target destroyed
SUMMARY dealt=1.0118 taken=0.0000 mean_reward=480.68
########## unlockpitch :: AIP_jung.dll ##########
[seed 1] reward=   931.98 ownHP=1.0000 tgtHP=-0.0008 target destroyed
SUMMARY dealt=1.0008 taken=0.0000 mean_reward=931.98
[seed 4] reward=  1008.89 ownHP=1.0000 tgtHP=-0.0002 target destroyed
SUMMARY dealt=1.0002 taken=0.0000 mean_reward=1008.89
[seed 7] reward=   608.75 ownHP=1.0000 tgtHP=-0.0009 target destroyed
SUMMARY dealt=1.0009 taken=0.0000 mean_reward=608.75
[seed 10] reward=   846.46 ownHP=1.0000 tgtHP=-0.0028 target destroyed
SUMMARY dealt=1.0028 taken=0.0000 mean_reward=846.46
[seed 13] reward=  1161.80 ownHP=1.0000 tgtHP=0.4311 max time out
SUMMARY dealt=0.5689 taken=0.0000 mean_reward=1161.80
[seed 16] reward=  1093.98 ownHP=1.0000 tgtHP=-0.0009 target destroyed
SUMMARY dealt=1.0009 taken=0.0000 mean_reward=1093.98
[seed 19] reward=  1163.81 ownHP=1.0000 tgtHP=0.1524 max time out
SUMMARY dealt=0.8476 taken=0.0000 mean_reward=1163.81
[seed 22] reward=  1053.62 ownHP=1.0000 tgtHP=-0.0002 target destroyed
SUMMARY dealt=1.0002 taken=0.0000 mean_reward=1053.62
[seed 25] reward=  1120.74 ownHP=1.0000 tgtHP=0.1745 max time out
SUMMARY dealt=0.8255 taken=0.0000 mean_reward=1120.74
[seed 28] reward=  1141.88 ownHP=1.0000 tgtHP=-0.0135 target destroyed
SUMMARY dealt=1.0135 taken=0.0000 mean_reward=1141.88
runner:local/env:0	num_steps=[2942] | total rewards=[-30.7422] | termination= [target altitude below min]
[seed 31] reward=   -30.74 ownHP=1.0000 tgtHP=1.0000 target altitude below min
SUMMARY dealt=0.0000 taken=0.0000 mean_reward=-30.74
[seed 34] reward=   570.57 ownHP=1.0000 tgtHP=0.8657 max time out
SUMMARY dealt=0.1343 taken=0.0000 mean_reward=570.57
[seed 37] reward=   758.26 ownHP=1.0000 tgtHP=-0.0085 target destroyed
SUMMARY dealt=1.0085 taken=0.0000 mean_reward=758.26
[seed 40] reward=  1148.09 ownHP=1.0000 tgtHP=-0.0078 target destroyed
SUMMARY dealt=1.0078 taken=0.0000 mean_reward=1148.09
[seed 43] reward=   778.28 ownHP=1.0000 tgtHP=-0.0046 target destroyed
SUMMARY dealt=1.0046 taken=0.0000 mean_reward=778.28
########## base :: AIP_jh2.dll ##########
runner:local/env:0	num_steps=[4940] | total rewards=[412.0437] | termination= [target altitude below min]
[seed 1] reward=   412.04 ownHP=1.0000 tgtHP=0.8298 target altitude below min
SUMMARY dealt=0.1702 taken=0.0000 mean_reward=412.04
runner:local/env:0	num_steps=[2233] | total rewards=[-17.1669] | termination= [target altitude below min]
[seed 4] reward=   -17.17 ownHP=1.0000 tgtHP=1.0000 target altitude below min
SUMMARY dealt=0.0000 taken=0.0000 mean_reward=-17.17
[seed 7] reward=   884.04 ownHP=1.0000 tgtHP=-0.0032 target destroyed
SUMMARY dealt=1.0032 taken=0.0000 mean_reward=884.04
[seed 10] reward=  1456.73 ownHP=1.0000 tgtHP=-0.0161 target destroyed
SUMMARY dealt=1.0161 taken=0.0000 mean_reward=1456.73
runner:local/env:0	num_steps=[5396] | total rewards=[292.8656] | termination= [target altitude below min]
[seed 13] reward=   292.87 ownHP=1.0000 tgtHP=1.0000 target altitude below min
SUMMARY dealt=0.0000 taken=0.0000 mean_reward=292.87
[seed 16] reward=   937.27 ownHP=1.0000 tgtHP=0.1176 max time out
SUMMARY dealt=0.8824 taken=0.0000 mean_reward=937.27
[seed 19] reward=   920.63 ownHP=1.0000 tgtHP=-0.0004 target destroyed
SUMMARY dealt=1.0004 taken=0.0000 mean_reward=920.63
runner:local/env:0	num_steps=[1898] | total rewards=[-11.9296] | termination= [target altitude below min]
[seed 22] reward=   -11.93 ownHP=1.0000 tgtHP=1.0000 target altitude below min
SUMMARY dealt=0.0000 taken=0.0000 mean_reward=-11.93
[seed 25] reward=  1076.07 ownHP=1.0000 tgtHP=-0.0030 target destroyed
SUMMARY dealt=1.0030 taken=0.0000 mean_reward=1076.07
[seed 28] reward=   818.51 ownHP=1.0000 tgtHP=-0.0008 target destroyed
SUMMARY dealt=1.0008 taken=0.0000 mean_reward=818.51
[seed 31] reward=   675.54 ownHP=1.0000 tgtHP=-0.0026 target destroyed
SUMMARY dealt=1.0026 taken=0.0000 mean_reward=675.54
[seed 34] reward=   882.24 ownHP=1.0000 tgtHP=-0.0029 target destroyed
SUMMARY dealt=1.0029 taken=0.0000 mean_reward=882.24
[seed 37] reward=   438.29 ownHP=1.0000 tgtHP=-0.0049 target destroyed
SUMMARY dealt=1.0049 taken=0.0000 mean_reward=438.29
[seed 40] reward=   984.58 ownHP=1.0000 tgtHP=-0.0037 target destroyed
SUMMARY dealt=1.0037 taken=0.0000 mean_reward=984.58
[seed 43] reward=   657.75 ownHP=1.0000 tgtHP=-0.0018 target destroyed
SUMMARY dealt=1.0018 taken=0.0000 mean_reward=657.75
########## unlockpitch :: AIP_jh2.dll ##########
[seed 1] reward=   712.88 ownHP=1.0000 tgtHP=-0.0009 target destroyed
SUMMARY dealt=1.0009 taken=0.0000 mean_reward=712.88
runner:local/env:0	num_steps=[2233] | total rewards=[-17.1669] | termination= [target altitude below min]
[seed 4] reward=   -17.17 ownHP=1.0000 tgtHP=1.0000 target altitude below min
SUMMARY dealt=0.0000 taken=0.0000 mean_reward=-17.17
[seed 7] reward=   753.83 ownHP=1.0000 tgtHP=-0.0008 target destroyed
SUMMARY dealt=1.0008 taken=0.0000 mean_reward=753.83
runner:local/env:0	num_steps=[4156] | total rewards=[376.8061] | termination= [target altitude below min]
[seed 10] reward=   376.81 ownHP=1.0000 tgtHP=0.8720 target altitude below min
SUMMARY dealt=0.1280 taken=0.0000 mean_reward=376.81
runner:local/env:0	num_steps=[5396] | total rewards=[292.8656] | termination= [target altitude below min]
[seed 13] reward=   292.87 ownHP=1.0000 tgtHP=1.0000 target altitude below min
SUMMARY dealt=0.0000 taken=0.0000 mean_reward=292.87
runner:local/env:0	num_steps=[6963] | total rewards=[536.1930] | termination= [target altitude below min]
[seed 16] reward=   536.19 ownHP=1.0000 tgtHP=0.8408 target altitude below min
SUMMARY dealt=0.1592 taken=0.0000 mean_reward=536.19
[seed 19] reward=   856.78 ownHP=1.0000 tgtHP=0.4083 max time out
SUMMARY dealt=0.5917 taken=0.0000 mean_reward=856.78
runner:local/env:0	num_steps=[1898] | total rewards=[-11.9296] | termination= [target altitude below min]
[seed 22] reward=   -11.93 ownHP=1.0000 tgtHP=1.0000 target altitude below min
SUMMARY dealt=0.0000 taken=0.0000 mean_reward=-11.93
runner:local/env:0	num_steps=[7005] | total rewards=[542.6998] | termination= [target altitude below min]
[seed 25] reward=   542.70 ownHP=1.0000 tgtHP=0.9377 target altitude below min
SUMMARY dealt=0.0623 taken=0.0000 mean_reward=542.70
[seed 28] reward=   798.65 ownHP=1.0000 tgtHP=-0.0001 target destroyed
SUMMARY dealt=1.0001 taken=0.0000 mean_reward=798.65
[seed 31] reward=   618.91 ownHP=1.0000 tgtHP=-0.0052 target destroyed
SUMMARY dealt=1.0052 taken=0.0000 mean_reward=618.91
[seed 34] reward=   937.79 ownHP=1.0000 tgtHP=-0.0024 target destroyed
SUMMARY dealt=1.0024 taken=0.0000 mean_reward=937.79
[seed 37] reward=  1104.17 ownHP=1.0000 tgtHP=-0.0020 target destroyed
SUMMARY dealt=1.0020 taken=0.0000 mean_reward=1104.17
[seed 40] reward=  1034.47 ownHP=1.0000 tgtHP=-0.0003 target destroyed
SUMMARY dealt=1.0003 taken=0.0000 mean_reward=1034.47
[seed 43] reward=   826.94 ownHP=1.0000 tgtHP=0.1289 max time out
SUMMARY dealt=0.8711 taken=0.0000 mean_reward=826.94
########## DONE ##########
