########## v34 vs AIP_onecircle.dll ##########


     JSBSim Flight Dynamics Model v1.0.0 May 27 2026 16:13:38
            [JSBSim-ML v2.0]

JSBSim startup beginning ...

total: 2
Behavior Tree Initialized Successfully
Behavior Tree Initialized Successfully
init ID:1 Lat37.92355643001773 Lon128.18188127777776 Alt(meter)7000.0785355893395 Speed(m/sec)300.0
init ID:1 Lat37.96855377446113 Lon128.18188127777776 Alt(meter)7002.8272734023885 Speed(m/sec)300.0
runner:local/env:0	num_steps=[11999] | total rewards=[38.3837] | termination= [max time out]
[seed 0] reward=    38.38 ownHP=1.0000 tgtHP=1.0000 max time out
total: 2
runner:local/env:0	num_steps=[11999] | total rewards=[-87.8988] | termination= [max time out]
[seed 1] reward=   -87.90 ownHP=1.0000 tgtHP=1.0000 max time out
total: 2
runner:local/env:0	num_steps=[11999] | total rewards=[50.2632] | termination= [max time out]
[seed 2] reward=    50.26 ownHP=1.0000 tgtHP=1.0000 max time out
total: 2
runner:local/env:0	num_steps=[11999] | total rewards=[-112.2543] | termination= [max time out]
[seed 3] reward=  -112.25 ownHP=1.0000 tgtHP=1.0000 max time out
total: 2
runner:local/env:0	num_steps=[11999] | total rewards=[69.9000] | termination= [max time out]
[seed 4] reward=    69.90 ownHP=1.0000 tgtHP=1.0000 max time out
total: 2
runner:local/env:0	num_steps=[11999] | total rewards=[76.6642] | termination= [max time out]
[seed 5] reward=    76.66 ownHP=0.9922 tgtHP=1.0000 max time out
total: 2
runner:local/env:0	num_steps=[11999] | total rewards=[-82.9126] | termination= [max time out]
[seed 6] reward=   -82.91 ownHP=1.0000 tgtHP=1.0000 max time out
total: 2
runner:local/env:0	num_steps=[11999] | total rewards=[453.4805] | termination= [max time out]
[seed 7] reward=   453.48 ownHP=1.0000 tgtHP=1.0000 max time out
total: 2
runner:local/env:0	num_steps=[11999] | total rewards=[83.3744] | termination= [max time out]
[seed 8] reward=    83.37 ownHP=1.0000 tgtHP=1.0000 max time out
total: 2
runner:local/env:0	num_steps=[11999] | total rewards=[221.0136] | termination= [max time out]
[seed 9] reward=   221.01 ownHP=1.0000 tgtHP=1.0000 max time out
total: 2
runner:local/env:0	num_steps=[11999] | total rewards=[-16.8568] | termination= [max time out]
[seed 10] reward=   -16.86 ownHP=0.9942 tgtHP=0.9983 max time out
total: 2
runner:local/env:0	num_steps=[11999] | total rewards=[-0.6805] | termination= [max time out]
[seed 11] reward=    -0.68 ownHP=1.0000 tgtHP=1.0000 max time out
total: 2
runner:local/env:0	num_steps=[11999] | total rewards=[-119.9900] | termination= [max time out]
[seed 12] reward=  -119.99 ownHP=1.0000 tgtHP=1.0000 max time out
total: 2
runner:local/env:0	num_steps=[11999] | total rewards=[346.7756] | termination= [max time out]
[seed 13] reward=   346.78 ownHP=1.0000 tgtHP=0.9662 max time out
total: 2
runner:local/env:0	num_steps=[11999] | total rewards=[-40.1816] | termination= [max time out]
[seed 14] reward=   -40.18 ownHP=1.0000 tgtHP=1.0000 max time out
Remove Space Complete.

[rehearsal own_rep=6 tgt_rep=6 seeds=15]
SUMMARY dealt=0.0355 taken=0.0136 mean_reward=58.61
tacview log saved (last episode)

########## v34 vs ACE ##########


     JSBSim Flight Dynamics Model v1.0.0 May 27 2026 16:13:38
            [JSBSim-ML v2.0]

JSBSim startup beginning ...

total: 2
Behavior Tree Initialized Successfully
init ID:1 Lat37.92355643001773 Lon128.18188127777776 Alt(meter)7000.0785355893395 Speed(m/sec)300.0
init ID:1 Lat37.96855377446113 Lon128.18188127777776 Alt(meter)7002.8272734023885 Speed(m/sec)300.0
runner:local/env:0	num_steps=[11999] | total rewards=[316.7387] | termination= [max time out]
[seed 0] reward=   316.74 ownHP=1.0000 tgtHP=0.9336 max time out
total: 2
runner:local/env:0	num_steps=[11999] | total rewards=[539.7171] | termination= [max time out]
[seed 1] reward=   539.72 ownHP=1.0000 tgtHP=0.8836 max time out
total: 2
runner:local/env:0	num_steps=[11999] | total rewards=[398.1845] | termination= [max time out]
[seed 2] reward=   398.18 ownHP=1.0000 tgtHP=0.8958 max time out
total: 2
runner:local/env:0	num_steps=[11999] | total rewards=[92.6509] | termination= [max time out]
[seed 3] reward=    92.65 ownHP=1.0000 tgtHP=0.9712 max time out
total: 2
runner:local/env:0	num_steps=[11999] | total rewards=[278.9949] | termination= [max time out]
[seed 4] reward=   278.99 ownHP=1.0000 tgtHP=0.9521 max time out
total: 2
runner:local/env:0	num_steps=[11999] | total rewards=[103.6397] | termination= [max time out]
[seed 5] reward=   103.64 ownHP=0.9610 tgtHP=0.9510 max time out
total: 2
runner:local/env:0	num_steps=[11999] | total rewards=[467.5955] | termination= [max time out]
[seed 6] reward=   467.60 ownHP=1.0000 tgtHP=0.9402 max time out
total: 2
runner:local/env:0	num_steps=[11999] | total rewards=[372.3609] | termination= [max time out]
[seed 7] reward=   372.36 ownHP=1.0000 tgtHP=0.9176 max time out
total: 2
runner:local/env:0	num_steps=[11999] | total rewards=[384.6843] | termination= [max time out]
[seed 8] reward=   384.68 ownHP=1.0000 tgtHP=0.9611 max time out
total: 2
runner:local/env:0	num_steps=[11999] | total rewards=[409.5138] | termination= [max time out]
[seed 9] reward=   409.51 ownHP=1.0000 tgtHP=0.8441 max time out
total: 2
runner:local/env:0	num_steps=[11999] | total rewards=[569.8303] | termination= [max time out]
[seed 10] reward=   569.83 ownHP=1.0000 tgtHP=0.7975 max time out
total: 2
runner:local/env:0	num_steps=[11999] | total rewards=[427.2219] | termination= [max time out]
[seed 11] reward=   427.22 ownHP=1.0000 tgtHP=0.9556 max time out
total: 2
runner:local/env:0	num_steps=[11999] | total rewards=[472.6788] | termination= [max time out]
[seed 12] reward=   472.68 ownHP=1.0000 tgtHP=0.7908 max time out
total: 2
runner:local/env:0	num_steps=[11999] | total rewards=[441.0330] | termination= [max time out]
[seed 13] reward=   441.03 ownHP=1.0000 tgtHP=0.9614 max time out
total: 2
runner:local/env:0	num_steps=[11999] | total rewards=[378.7177] | termination= [max time out]
[seed 14] reward=   378.72 ownHP=1.0000 tgtHP=0.9689 max time out
Remove Space Complete.

[rehearsal own_rep=6 tgt_rep=6 seeds=15]
SUMMARY dealt=1.2754 taken=0.0390 mean_reward=376.90
tacview log saved (last episode)

########## v34 vs AIP_kwon.dll ##########


     JSBSim Flight Dynamics Model v1.0.0 May 27 2026 16:13:38
            [JSBSim-ML v2.0]

JSBSim startup beginning ...

total: 2
Behavior Tree Initialized Successfully
Behavior Tree Initialized Successfully
init ID:1 Lat37.92355643001773 Lon128.18188127777776 Alt(meter)7000.0785355893395 Speed(m/sec)300.0
init ID:1 Lat37.96855377446113 Lon128.18188127777776 Alt(meter)7002.8272734023885 Speed(m/sec)300.0
runner:local/env:0	num_steps=[11999] | total rewards=[833.9514] | termination= [max time out]
[seed 0] reward=   833.95 ownHP=1.0000 tgtHP=0.5904 max time out
total: 2
runner:local/env:0	num_steps=[11941] | total rewards=[1018.1800] | termination= [target destroyed]
[seed 1] reward=  1018.18 ownHP=1.0000 tgtHP=-0.0003 target destroyed
total: 2
runner:local/env:0	num_steps=[6852] | total rewards=[882.9527] | termination= [target destroyed]
[seed 2] reward=   882.95 ownHP=1.0000 tgtHP=-0.0011 target destroyed
total: 2
runner:local/env:0	num_steps=[11999] | total rewards=[-119.9900] | termination= [max time out]
[seed 3] reward=  -119.99 ownHP=1.0000 tgtHP=1.0000 max time out
total: 2
runner:local/env:0	num_steps=[10885] | total rewards=[677.2979] | termination= [target destroyed]
[seed 4] reward=   677.30 ownHP=1.0000 tgtHP=-0.0004 target destroyed
total: 2
runner:local/env:0	num_steps=[11999] | total rewards=[-119.9900] | termination= [max time out]
[seed 5] reward=  -119.99 ownHP=1.0000 tgtHP=1.0000 max time out
total: 2
runner:local/env:0	num_steps=[6713] | total rewards=[988.8097] | termination= [target destroyed]
[seed 6] reward=   988.81 ownHP=1.0000 tgtHP=-0.0030 target destroyed
total: 2
runner:local/env:0	num_steps=[11999] | total rewards=[487.3310] | termination= [max time out]
[seed 7] reward=   487.33 ownHP=1.0000 tgtHP=0.3373 max time out
total: 2
runner:local/env:0	num_steps=[11999] | total rewards=[837.1280] | termination= [max time out]
[seed 8] reward=   837.13 ownHP=1.0000 tgtHP=0.3363 max time out
total: 2
runner:local/env:0	num_steps=[11999] | total rewards=[1218.1734] | termination= [max time out]
[seed 9] reward=  1218.17 ownHP=1.0000 tgtHP=0.8680 max time out
total: 2
runner:local/env:0	num_steps=[11999] | total rewards=[827.0112] | termination= [max time out]
[seed 10] reward=   827.01 ownHP=1.0000 tgtHP=0.7957 max time out
total: 2
runner:local/env:0	num_steps=[11999] | total rewards=[575.2266] | termination= [max time out]
[seed 11] reward=   575.23 ownHP=0.3603 tgtHP=0.9152 max time out
total: 2
runner:local/env:0	num_steps=[10629] | total rewards=[707.3727] | termination= [target destroyed]
[seed 12] reward=   707.37 ownHP=1.0000 tgtHP=-0.0020 target destroyed
total: 2
runner:local/env:0	num_steps=[11999] | total rewards=[-93.8775] | termination= [max time out]
[seed 13] reward=   -93.88 ownHP=1.0000 tgtHP=1.0000 max time out
total: 2
runner:local/env:0	num_steps=[7714] | total rewards=[929.0730] | termination= [target destroyed]
[seed 14] reward=   929.07 ownHP=1.0000 tgtHP=-0.0002 target destroyed
Remove Space Complete.

[rehearsal own_rep=6 tgt_rep=6 seeds=15]
SUMMARY dealt=8.1640 taken=0.6397 mean_reward=643.24
tacview log saved (last episode)

########## v34 vs AIP_v7.dll ##########


     JSBSim Flight Dynamics Model v1.0.0 May 27 2026 16:13:38
            [JSBSim-ML v2.0]

JSBSim startup beginning ...

total: 2
Behavior Tree Initialized Successfully
Behavior Tree Initialized Successfully
init ID:1 Lat37.92355643001773 Lon128.18188127777776 Alt(meter)7000.0785355893395 Speed(m/sec)300.0
init ID:1 Lat37.96855377446113 Lon128.18188127777776 Alt(meter)7002.8272734023885 Speed(m/sec)300.0
runner:local/env:0	num_steps=[11999] | total rewards=[1253.1088] | termination= [max time out]
[seed 0] reward=  1253.11 ownHP=1.0000 tgtHP=0.4205 max time out
total: 2
runner:local/env:0	num_steps=[11999] | total rewards=[1004.9427] | termination= [max time out]
[seed 1] reward=  1004.94 ownHP=1.0000 tgtHP=0.7064 max time out
total: 2
runner:local/env:0	num_steps=[11999] | total rewards=[828.7575] | termination= [max time out]
[seed 2] reward=   828.76 ownHP=1.0000 tgtHP=0.6603 max time out
total: 2
runner:local/env:0	num_steps=[11999] | total rewards=[146.5522] | termination= [max time out]
[seed 3] reward=   146.55 ownHP=1.0000 tgtHP=1.0000 max time out
total: 2
runner:local/env:0	num_steps=[11999] | total rewards=[1168.5074] | termination= [max time out]
[seed 4] reward=  1168.51 ownHP=1.0000 tgtHP=0.2398 max time out
total: 2
runner:local/env:0	num_steps=[11999] | total rewards=[66.1916] | termination= [max time out]
[seed 5] reward=    66.19 ownHP=1.0000 tgtHP=1.0000 max time out
total: 2
runner:local/env:0	num_steps=[11999] | total rewards=[38.8696] | termination= [max time out]
[seed 6] reward=    38.87 ownHP=1.0000 tgtHP=0.9354 max time out
total: 2
runner:local/env:0	num_steps=[11999] | total rewards=[461.3765] | termination= [max time out]
[seed 7] reward=   461.38 ownHP=1.0000 tgtHP=0.6895 max time out
total: 2
runner:local/env:0	num_steps=[11999] | total rewards=[940.6918] | termination= [max time out]
[seed 8] reward=   940.69 ownHP=1.0000 tgtHP=0.8756 max time out
total: 2
runner:local/env:0	num_steps=[11999] | total rewards=[34.2121] | termination= [max time out]
[seed 9] reward=    34.21 ownHP=1.0000 tgtHP=0.9908 max time out
total: 2
runner:local/env:0	num_steps=[11999] | total rewards=[30.4256] | termination= [max time out]
[seed 10] reward=    30.43 ownHP=1.0000 tgtHP=1.0000 max time out
total: 2
runner:local/env:0	num_steps=[11999] | total rewards=[1062.2444] | termination= [max time out]
[seed 11] reward=  1062.24 ownHP=1.0000 tgtHP=0.5503 max time out
total: 2
runner:local/env:0	num_steps=[11999] | total rewards=[839.4511] | termination= [max time out]
[seed 12] reward=   839.45 ownHP=1.0000 tgtHP=0.7813 max time out
total: 2
runner:local/env:0	num_steps=[11999] | total rewards=[909.5283] | termination= [max time out]
[seed 13] reward=   909.53 ownHP=1.0000 tgtHP=0.7947 max time out
total: 2
runner:local/env:0	num_steps=[11999] | total rewards=[972.5070] | termination= [max time out]
[seed 14] reward=   972.51 ownHP=1.0000 tgtHP=0.4590 max time out
Remove Space Complete.

[rehearsal own_rep=6 tgt_rep=6 seeds=15]
SUMMARY dealt=3.8964 taken=0.0000 mean_reward=650.49
tacview log saved (last episode)

########## v34 vs AIP_sync.dll ##########


     JSBSim Flight Dynamics Model v1.0.0 May 27 2026 16:13:38
            [JSBSim-ML v2.0]

JSBSim startup beginning ...

total: 2
Behavior Tree Initialized Successfully
Behavior Tree Initialized Successfully
init ID:1 Lat37.92355643001773 Lon128.18188127777776 Alt(meter)7000.0785355893395 Speed(m/sec)300.0
init ID:1 Lat37.96855377446113 Lon128.18188127777776 Alt(meter)7002.8272734023885 Speed(m/sec)300.0
runner:local/env:0	num_steps=[11999] | total rewards=[-35.6698] | termination= [max time out]
[seed 0] reward=   -35.67 ownHP=1.0000 tgtHP=1.0000 max time out
total: 2
runner:local/env:0	num_steps=[11999] | total rewards=[209.5545] | termination= [max time out]
[seed 1] reward=   209.55 ownHP=1.0000 tgtHP=1.0000 max time out
total: 2
runner:local/env:0	num_steps=[11999] | total rewards=[1025.2599] | termination= [max time out]
[seed 2] reward=  1025.26 ownHP=1.0000 tgtHP=1.0000 max time out
total: 2
runner:local/env:0	num_steps=[11999] | total rewards=[491.0303] | termination= [max time out]
[seed 3] reward=   491.03 ownHP=1.0000 tgtHP=1.0000 max time out
total: 2
runner:local/env:0	num_steps=[11999] | total rewards=[130.6818] | termination= [max time out]
[seed 4] reward=   130.68 ownHP=1.0000 tgtHP=1.0000 max time out
total: 2
runner:local/env:0	num_steps=[11999] | total rewards=[208.7604] | termination= [max time out]
[seed 5] reward=   208.76 ownHP=1.0000 tgtHP=0.9742 max time out
total: 2
runner:local/env:0	num_steps=[11999] | total rewards=[589.8124] | termination= [max time out]
[seed 6] reward=   589.81 ownHP=1.0000 tgtHP=1.0000 max time out
total: 2
runner:local/env:0	num_steps=[11999] | total rewards=[45.6313] | termination= [max time out]
[seed 7] reward=    45.63 ownHP=1.0000 tgtHP=1.0000 max time out
total: 2
runner:local/env:0	num_steps=[11999] | total rewards=[1006.5559] | termination= [max time out]
[seed 8] reward=  1006.56 ownHP=1.0000 tgtHP=1.0000 max time out
total: 2
runner:local/env:0	num_steps=[11999] | total rewards=[362.2463] | termination= [max time out]
[seed 9] reward=   362.25 ownHP=1.0000 tgtHP=1.0000 max time out
total: 2
runner:local/env:0	num_steps=[11999] | total rewards=[109.7237] | termination= [max time out]
[seed 10] reward=   109.72 ownHP=1.0000 tgtHP=1.0000 max time out
total: 2
runner:local/env:0	num_steps=[11999] | total rewards=[294.3097] | termination= [max time out]
[seed 11] reward=   294.31 ownHP=1.0000 tgtHP=1.0000 max time out
total: 2
runner:local/env:0	num_steps=[11999] | total rewards=[-23.5506] | termination= [max time out]
[seed 12] reward=   -23.55 ownHP=1.0000 tgtHP=1.0000 max time out
total: 2
runner:local/env:0	num_steps=[11999] | total rewards=[-89.8889] | termination= [max time out]
[seed 13] reward=   -89.89 ownHP=1.0000 tgtHP=1.0000 max time out
total: 2
runner:local/env:0	num_steps=[11999] | total rewards=[261.5159] | termination= [max time out]
[seed 14] reward=   261.52 ownHP=1.0000 tgtHP=0.9982 max time out
Remove Space Complete.

[rehearsal own_rep=6 tgt_rep=6 seeds=15]
SUMMARY dealt=0.0275 taken=0.0000 mean_reward=305.73
tacview log saved (last episode)

########## v34 vs AIP_jink.dll ##########


     JSBSim Flight Dynamics Model v1.0.0 May 27 2026 16:13:38
            [JSBSim-ML v2.0]

JSBSim startup beginning ...

total: 2
Behavior Tree Initialized Successfully
Behavior Tree Initialized Successfully
[JINK] sign=-1 next=2.11667 dist=3216.17 spd=313.706
[JINK] sign=-1 next=6.84999 dist=3047.04 spd=351.62
[JINK] sign=-1 next=6.84999 dist=1804.52 spd=327.544
[JINK] sign=-1 next=11.3833 dist=1110.97 spd=332.38
[JINK] sign=-1 next=11.3833 dist=335.386 spd=294.465
[JINK] sign=-1 next=16.2166 dist=125.232 spd=326.618
[JINK] sign=-1 next=16.2166 dist=127.282 spd=298.735
[JINK] sign=1 next=18.1333 dist=83.4425 spd=300.69
[JINK] sign=-1 next=20.2499 dist=321.523 spd=323.634
init ID:1 Lat37.92355643001773 Lon128.18188127777776 Alt(meter)7000.0785355893395 Speed(m/sec)300.0
init ID:1 Lat37.96855377446113 Lon128.18188127777776 Alt(meter)7002.8272734023885 Speed(m/sec)300.0
runner:local/env:0	num_steps=[6989] | total rewards=[663.9275] | termination= [target destroyed]
[seed 0] reward=   663.93 ownHP=1.0000 tgtHP=-0.0011 target destroyed
total: 2
[JINK] sign=-1 next=21.9499 dist=2028.94 spd=309.847
[JINK] sign=1 next=23.2666 dist=4182.13 spd=362.269
[JINK] sign=-1 next=26.6832 dist=3227.01 spd=338.759
[JINK] sign=1 next=28.3999 dist=1093.08 spd=289.218
[JINK] sign=-1 next=31.2166 dist=76.0919 spd=264.731
[JINK] sign=1 next=32.3332 dist=602.618 spd=299.301
[JINK] sign=-1 next=36.0499 dist=793.249 spd=292.459
[JINK] sign=1 next=37.9665 dist=666.187 spd=287.521
[JINK] sign=-1 next=40.0832 dist=449.874 spd=328.161
[JINK] sign=-1 next=40.0832 dist=894.026 spd=287.984
[JINK] sign=-1 next=44.8165 dist=930.04 spd=309.281
[JINK] sign=-1 next=44.8165 dist=674.387 spd=282.325
[JINK] sign=1 next=46.5332 dist=440.714 spd=324.56
[JINK] sign=-1 next=49.3498 dist=132.473 spd=307.687
[JINK] sign=1 next=50.4665 dist=281.954 spd=316.432
[JINK] sign=-1 next=54.1831 dist=182.621 spd=294.26
runner:local/env:0	num_steps=[11999] | total rewards=[928.5678] | termination= [max time out]
[seed 1] reward=   928.57 ownHP=1.0000 tgtHP=0.3140 max time out
total: 2
[JINK] sign=-1 next=54.9831 dist=1090.83 spd=296.986
[JINK] sign=1 next=56.2998 dist=3268.52 spd=351.568
[JINK] sign=-1 next=59.7164 dist=1886.05 spd=349.768
[JINK] sign=1 next=61.4331 dist=564.422 spd=300.484
[JINK] sign=-1 next=64.2498 dist=695.484 spd=271.161
[JINK] sign=1 next=65.3664 dist=448.438 spd=295.443
[JINK] sign=-1 next=69.0831 dist=220.615 spd=293.848
[JINK] sign=-1 next=69.0831 dist=203.148 spd=289.167
[JINK] sign=1 next=70.9997 dist=1787.47 spd=286.286
[JINK] sign=-1 next=73.1164 dist=1829.1 spd=263.445
[JINK] sign=-1 next=77.8497 dist=1208.35 spd=304.857
[JINK] sign=-1 next=77.8497 dist=369.766 spd=292.974
[JINK] sign=1 next=79.5664 dist=663.154 spd=289.27
[JINK] sign=-1 next=82.383 dist=881.596 spd=260.564
[JINK] sign=1 next=83.4997 dist=662.634 spd=303.159
runner:local/env:0	num_steps=[11275] | total rewards=[981.1283] | termination= [target destroyed]
[seed 2] reward=   981.13 ownHP=1.0000 tgtHP=-0.0004 target destroyed
total: 2
[JINK] sign=-1 next=86.4663 dist=1626.45 spd=285.617
[JINK] sign=1 next=87.783 dist=4081.26 spd=332.328
[JINK] sign=-1 next=91.1996 dist=2466.21 spd=346.27
[JINK] sign=1 next=92.9163 dist=895.316 spd=316.535
[JINK] sign=-1 next=95.733 dist=454.736 spd=277.746
[JINK] sign=1 next=96.8496 dist=245.857 spd=291.79
[JINK] sign=-1 next=100.566 dist=242.248 spd=296.163
[JINK] sign=-1 next=100.566 dist=73.9241 spd=291.533
[JINK] sign=1 next=102.483 dist=477.51 spd=332.122
[JINK] sign=-1 next=104.6 dist=664.792 spd=295.289
[JINK] sign=-1 next=109.333 dist=510.034 spd=320.033
[JINK] sign=-1 next=109.333 dist=147.365 spd=294.002
[JINK] sign=1 next=111.05 dist=400.823 spd=301.256
[JINK] sign=-1 next=113.866 dist=955.794 spd=271.882
[JINK] sign=1 next=114.983 dist=921.109 spd=283.868
[JINK] sign=-1 next=118.7 dist=647.332 spd=291.533
runner:local/env:0	num_steps=[11642] | total rewards=[1006.4488] | termination= [target destroyed]
[seed 3] reward=  1006.45 ownHP=1.0000 tgtHP=-0.0019 target destroyed
total: 2
[JINK] sign=-1 next=118.55 dist=1186.98 spd=307.429
[JINK] sign=-1 next=123.283 dist=2545.36 spd=349.613
[JINK] sign=-1 next=123.283 dist=1168.09 spd=327.338
[JINK] sign=-1 next=127.816 dist=414.797 spd=331.299
[JINK] sign=-1 next=127.816 dist=121.301 spd=295.752
[JINK] sign=-1 next=132.649 dist=215.091 spd=323.583
[JINK] sign=-1 next=132.649 dist=554.186 spd=294.877
[JINK] sign=1 next=134.566 dist=156.582 spd=305.063
[JINK] sign=-1 next=136.683 dist=157.972 spd=322.605
[JINK] sign=1 next=137.999 dist=103.641 spd=311.339
[JINK] sign=-1 next=141.416 dist=291.068 spd=302.285
[JINK] sign=-1 next=141.416 dist=484.204 spd=270.904
[JINK] sign=-1 next=145.949 dist=535.922 spd=323.017
runner:local/env:0	num_steps=[10059] | total rewards=[1079.9026] | termination= [target destroyed]
[seed 4] reward=  1079.90 ownHP=1.0000 tgtHP=-0.0029 target destroyed
total: 2
[JINK] sign=-1 next=146.499 dist=2330.44 spd=294.414
[JINK] sign=1 next=147.816 dist=1722.35 spd=332.225
[JINK] sign=-1 next=151.233 dist=1510.35 spd=345.601
[JINK] sign=1 next=152.949 dist=1423.22 spd=328.007
[JINK] sign=-1 next=155.766 dist=711.397 spd=280.473
[JINK] sign=1 next=156.883 dist=306.803 spd=268.846
[JINK] sign=-1 next=160.599 dist=105.301 spd=299.147
[JINK] sign=-1 next=160.599 dist=179.729 spd=291.122
[JINK] sign=1 next=162.516 dist=1142.3 spd=275.534
[JINK] sign=-1 next=164.633 dist=1889.71 spd=247.909
[JINK] sign=1 next=165.949 dist=1022.69 spd=309.796
[JINK] sign=-1 next=169.366 dist=550.765 spd=288.035
runner:local/env:0	num_steps=[8583] | total rewards=[655.1944] | termination= [target destroyed]
[seed 5] reward=   655.19 ownHP=1.0000 tgtHP=-0.0014 target destroyed
total: 2
[JINK] sign=-1 next=170.349 dist=3227.43 spd=306.246
[JINK] sign=-1 next=175.083 dist=3881.32 spd=366.796
[JINK] sign=-1 next=175.083 dist=1677.28 spd=313.448
[JINK] sign=-1 next=179.616 dist=586.876 spd=332.74
[JINK] sign=-1 next=179.616 dist=207.966 spd=300.433
[JINK] sign=-1 next=184.449 dist=162.636 spd=318.85
[JINK] sign=-1 next=184.449 dist=271.455 spd=288.138
[JINK] sign=1 next=186.366 dist=51.2422 spd=298.478
[JINK] sign=-1 next=188.483 dist=251.428 spd=323.84
[JINK] sign=1 next=189.799 dist=133.365 spd=317.512
[JINK] sign=-1 next=193.216 dist=211.024 spd=287.418
[JINK] sign=-1 next=193.216 dist=153.053 spd=265.708
[JINK] sign=1 next=194.933 dist=277.569 spd=330.991
runner:local/env:0	num_steps=[9915] | total rewards=[879.1490] | termination= [target destroyed]
[seed 6] reward=   879.15 ownHP=1.0000 tgtHP=-0.0012 target destroyed
total: 2
[JINK] sign=-1 next=197.899 dist=661.78 spd=301.153
[JINK] sign=1 next=199.216 dist=2901.62 spd=353.369
[JINK] sign=-1 next=202.633 dist=1766.36 spd=334.952
[JINK] sign=1 next=204.349 dist=694.874 spd=327.801
[JINK] sign=-1 next=207.166 dist=595.496 spd=309.127
[JINK] sign=1 next=208.283 dist=256.802 spd=310.465
[JINK] sign=-1 next=211.999 dist=114.19 spd=303.622
[JINK] sign=-1 next=211.999 dist=149.743 spd=283.714
[JINK] sign=1 next=213.916 dist=206.088 spd=331.608
[JINK] sign=-1 next=216.032 dist=112.019 spd=301.153
[JINK] sign=-1 next=220.766 dist=152.542 spd=323.171
[JINK] sign=-1 next=220.766 dist=70.4049 spd=293.076
[JINK] sign=1 next=222.482 dist=190.685 spd=318.541
runner:local/env:0	num_steps=[9678] | total rewards=[822.5088] | termination= [target destroyed]
[seed 7] reward=   822.51 ownHP=1.0000 tgtHP=-0.0009 target destroyed
total: 2
[JINK] sign=-1 next=224.782 dist=1015.44 spd=299.816
[JINK] sign=1 next=226.099 dist=1530.07 spd=349.974
[JINK] sign=-1 next=229.516 dist=1575.38 spd=351.774
[JINK] sign=1 next=231.232 dist=698.006 spd=306.298
[JINK] sign=-1 next=234.049 dist=519.643 spd=272.036
[JINK] sign=1 next=235.166 dist=384.968 spd=273.271
[JINK] sign=-1 next=238.882 dist=194.433 spd=295.906
[JINK] sign=-1 next=238.882 dist=171.835 spd=289.115
[JINK] sign=1 next=240.799 dist=877.668 spd=326.155
[JINK] sign=-1 next=242.916 dist=1115.96 spd=303.983
[JINK] sign=-1 next=247.649 dist=820.185 spd=327.801
[JINK] sign=-1 next=247.649 dist=466.927 spd=294.157
[JINK] sign=1 next=249.366 dist=45.6484 spd=310.516
[JINK] sign=-1 next=252.182 dist=101.724 spd=314.117
[JINK] sign=1 next=253.299 dist=233.898 spd=297.604
[JINK] sign=-1 next=257.016 dist=168.502 spd=303.262
runner:local/env:0	num_steps=[11999] | total rewards=[1108.0817] | termination= [max time out]
[seed 8] reward=  1108.08 ownHP=1.0000 tgtHP=0.4202 max time out
total: 2
[JINK] sign=-1 next=258.116 dist=2291.18 spd=296.883
[JINK] sign=1 next=259.432 dist=3416.58 spd=323.891
[JINK] sign=-1 next=262.849 dist=2560.02 spd=354.655
[JINK] sign=1 next=264.566 dist=964.051 spd=317.152
[JINK] sign=-1 next=267.382 dist=505.203 spd=322.657
[JINK] sign=-1 next=267.382 dist=40.2938 spd=294.517
[JINK] sign=-1 next=272.216 dist=242.281 spd=316.586
[JINK] sign=-1 next=272.216 dist=382.718 spd=293.437
[JINK] sign=1 next=274.132 dist=77.8846 spd=310.722
[JINK] sign=-1 next=276.249 dist=162.367 spd=315.712
[JINK] sign=1 next=277.566 dist=239.527 spd=317.615
[JINK] sign=-1 next=280.982 dist=371.86 spd=301.41
[JINK] sign=1 next=282.699 dist=388.273 spd=271.676
[JINK] sign=-1 next=285.516 dist=559.852 spd=319.159
[JINK] sign=-1 next=285.516 dist=384.26 spd=290.247
[JINK] sign=-1 next=290.349 dist=121.66 spd=318.438
[JINK] sign=-1 next=290.349 dist=82.3056 spd=291.122
runner:local/env:0	num_steps=[11999] | total rewards=[1138.1092] | termination= [max time out]
[seed 9] reward=  1138.11 ownHP=1.0000 tgtHP=0.1437 max time out
total: 2
[JINK] sign=-1 next=291.449 dist=3192.44 spd=308.973
[JINK] sign=-1 next=296.182 dist=2332.02 spd=363.555
[JINK] sign=-1 next=296.182 dist=722.121 spd=312.677
[JINK] sign=-1 next=300.715 dist=246.331 spd=332.38
[JINK] sign=-1 next=300.715 dist=283.945 spd=299.919
[JINK] sign=-1 next=305.549 dist=759.315 spd=318.85
[JINK] sign=-1 next=305.549 dist=734.608 spd=289.064
[JINK] sign=1 next=307.465 dist=408.243 spd=296.678
runner:local/env:0	num_steps=[6619] | total rewards=[702.7808] | termination= [target destroyed]
[seed 10] reward=   702.78 ownHP=1.0000 tgtHP=-0.0095 target destroyed
total: 2
[JINK] sign=-1 next=309.849 dist=2329.28 spd=297.604
[JINK] sign=1 next=311.165 dist=2075.02 spd=321.165
[JINK] sign=-1 next=317.765 dist=2614.85 spd=251.561
[JINK] sign=1 next=319.082 dist=2690.49 spd=336.547
[JINK] sign=-1 next=322.499 dist=3550.82 spd=346.63
[JINK] sign=1 next=324.215 dist=1322.49 spd=299.661
[JINK] sign=-1 next=327.032 dist=563.992 spd=268.332
[JINK] sign=1 next=328.149 dist=616.776 spd=279.135
[JINK] sign=-1 next=331.865 dist=635.058 spd=295.289
[JINK] sign=-1 next=331.865 dist=282.977 spd=288.858
[JINK] sign=1 next=333.782 dist=144.689 spd=328.213
[JINK] sign=-1 next=335.899 dist=149.142 spd=301.668
[JINK] sign=-1 next=340.632 dist=311.004 spd=325.743
runner:local/env:0	num_steps=[11068] | total rewards=[649.6983] | termination= [target destroyed]
[seed 11] reward=   649.70 ownHP=1.0000 tgtHP=-0.0032 target destroyed
total: 2
[JINK] sign=-1 next=340.599 dist=4337.57 spd=303.211
[JINK] sign=1 next=341.915 dist=1513.93 spd=366.127
[JINK] sign=-1 next=345.332 dist=1519.33 spd=321.422
[JINK] sign=1 next=347.049 dist=697.667 spd=316.175
[JINK] sign=-1 next=349.865 dist=877.212 spd=307.841
[JINK] sign=1 next=350.982 dist=481.076 spd=301.205
[JINK] sign=-1 next=354.699 dist=236.897 spd=305.937
[JINK] sign=-1 next=354.699 dist=82.8057 spd=284.588
[JINK] sign=1 next=356.615 dist=220.924 spd=328.676
[JINK] sign=-1 next=358.732 dist=295.899 spd=307.995
[JINK] sign=-1 next=363.465 dist=367.504 spd=298.067
[JINK] sign=-1 next=363.465 dist=1620.9 spd=280.473
[JINK] sign=1 next=365.182 dist=966.569 spd=292.253
[JINK] sign=-1 next=367.999 dist=754.12 spd=304.651
runner:local/env:0	num_steps=[10702] | total rewards=[1144.8863] | termination= [target destroyed]
[seed 12] reward=  1144.89 ownHP=1.0000 tgtHP=-0.0010 target destroyed
total: 2
[JINK] sign=-1 next=370.449 dist=4498.87 spd=300.433
[JINK] sign=-1 next=370.449 dist=2825.95 spd=325.075
[JINK] sign=-1 next=375.182 dist=2923.02 spd=356.507
[JINK] sign=-1 next=375.182 dist=1016.43 spd=311.442
[JINK] sign=-1 next=379.715 dist=861.437 spd=331.299
[JINK] sign=-1 next=379.715 dist=763.859 spd=300.073
[JINK] sign=-1 next=384.548 dist=500.034 spd=318.49
[JINK] sign=-1 next=384.548 dist=115.915 spd=288.447
[JINK] sign=1 next=386.465 dist=326.874 spd=299.404
[JINK] sign=-1 next=388.582 dist=137.192 spd=324.457
[JINK] sign=1 next=389.898 dist=108.466 spd=313.551
[JINK] sign=-1 next=393.315 dist=150.252 spd=304.703
[JINK] sign=-1 next=393.315 dist=24.3777 spd=279.958
[JINK] sign=1 next=395.032 dist=303.216 spd=332.688
runner:local/env:0	num_steps=[9662] | total rewards=[712.1296] | termination= [target destroyed]
[seed 13] reward=   712.13 ownHP=1.0000 tgtHP=-0.0013 target destroyed
total: 2
[JINK] sign=-1 next=398.082 dist=1693.75 spd=302.131
[JINK] sign=-1 next=402.815 dist=2833.97 spd=351.98
[JINK] sign=-1 next=402.815 dist=1336.95 spd=336.547
[JINK] sign=-1 next=407.348 dist=746.198 spd=284.331
[JINK] sign=-1 next=407.348 dist=505.402 spd=264.165
[JINK] sign=-1 next=412.182 dist=353.646 spd=308.613
[JINK] sign=-1 next=412.182 dist=149.886 spd=292.048
[JINK] sign=1 next=414.098 dist=54.9785 spd=306.298
[JINK] sign=-1 next=416.215 dist=404.514 spd=315.506
[JINK] sign=1 next=417.532 dist=994.216 spd=301.873
[JINK] sign=-1 next=420.948 dist=891.63 spd=300.639
[JINK] sign=-1 next=420.948 dist=563.318 spd=276.769
runner:local/env:0	num_steps=[9899] | total rewards=[999.2858] | termination= [target destroyed]
[seed 14] reward=   999.29 ownHP=1.0000 tgtHP=-0.0071 target destroyed
Remove Space Complete.

[rehearsal own_rep=6 tgt_rep=6 seeds=15]
SUMMARY dealt=14.1539 taken=0.0000 mean_reward=898.12
tacview log saved (last episode)

=== 완료 ===
[trap] ownship을 현역 v32로 복구
