@@@ 메커니즘 AIP_dummy.dll
[seed 0] reward=  1727.66 ownHP=1.0000 tgtHP=0.3364 max time out
SUMMARY dealt=0.6636 taken=0.0000 mean_reward=1727.66
STAMP AIP_dummy.dll 2026_8_6_15_6_31
@@@ 메커니즘 STRAIGHT
[seed 0] reward=   454.75 ownHP=0.8911 tgtHP=-0.0073 target destroyed
SUMMARY dealt=1.0073 taken=0.1089 mean_reward=454.75
STAMP STRAIGHT 2026_8_6_15_6_53

########## v37 vs ACE ##########


     JSBSim Flight Dynamics Model v1.0.0 May 27 2026 16:13:38
            [JSBSim-ML v2.0]

JSBSim startup beginning ...

total: 2
Behavior Tree Initialized Successfully
init ID:1 Lat37.92355643001773 Lon128.18188127777776 Alt(meter)7000.0785355893395 Speed(m/sec)300.0
init ID:1 Lat37.96855377446113 Lon128.18188127777776 Alt(meter)7002.8272734023885 Speed(m/sec)300.0
runner:local/env:0	num_steps=[11999] | total rewards=[259.9279] | termination= [max time out]
[seed 0] reward=   259.93 ownHP=1.0000 tgtHP=0.9909 max time out
total: 2
runner:local/env:0	num_steps=[11999] | total rewards=[292.9903] | termination= [max time out]
[seed 1] reward=   292.99 ownHP=1.0000 tgtHP=0.9509 max time out
total: 2
runner:local/env:0	num_steps=[11999] | total rewards=[352.4134] | termination= [max time out]
[seed 2] reward=   352.41 ownHP=1.0000 tgtHP=0.8828 max time out
total: 2
runner:local/env:0	num_steps=[11999] | total rewards=[305.9191] | termination= [max time out]
[seed 3] reward=   305.92 ownHP=1.0000 tgtHP=0.9698 max time out
total: 2
runner:local/env:0	num_steps=[11999] | total rewards=[-7.5796] | termination= [max time out]
[seed 4] reward=    -7.58 ownHP=0.9846 tgtHP=0.9978 max time out
total: 2
runner:local/env:0	num_steps=[11999] | total rewards=[123.8807] | termination= [max time out]
[seed 5] reward=   123.88 ownHP=1.0000 tgtHP=0.9736 max time out
total: 2
runner:local/env:0	num_steps=[11999] | total rewards=[467.5955] | termination= [max time out]
[seed 6] reward=   467.60 ownHP=1.0000 tgtHP=0.9402 max time out
total: 2
runner:local/env:0	num_steps=[11999] | total rewards=[372.3609] | termination= [max time out]
[seed 7] reward=   372.36 ownHP=1.0000 tgtHP=0.9176 max time out
total: 2
runner:local/env:0	num_steps=[11999] | total rewards=[384.6843] | termination= [max time out]
[seed 8] reward=   384.68 ownHP=1.0000 tgtHP=0.9611 max time out
total: 2
runner:local/env:0	num_steps=[11999] | total rewards=[409.5138] | termination= [max time out]
[seed 9] reward=   409.51 ownHP=1.0000 tgtHP=0.8441 max time out
total: 2
runner:local/env:0	num_steps=[11999] | total rewards=[569.8303] | termination= [max time out]
[seed 10] reward=   569.83 ownHP=1.0000 tgtHP=0.7975 max time out
total: 2
runner:local/env:0	num_steps=[11999] | total rewards=[299.3893] | termination= [max time out]
[seed 11] reward=   299.39 ownHP=0.9989 tgtHP=0.9748 max time out
total: 2
runner:local/env:0	num_steps=[11999] | total rewards=[379.7481] | termination= [max time out]
[seed 12] reward=   379.75 ownHP=1.0000 tgtHP=0.9401 max time out
total: 2
runner:local/env:0	num_steps=[11999] | total rewards=[441.0330] | termination= [max time out]
[seed 13] reward=   441.03 ownHP=1.0000 tgtHP=0.9614 max time out
total: 2
runner:local/env:0	num_steps=[11999] | total rewards=[300.8321] | termination= [max time out]
[seed 14] reward=   300.83 ownHP=1.0000 tgtHP=0.9683 max time out
Remove Space Complete.

[rehearsal own_rep=6 tgt_rep=6 seeds=15]
SUMMARY dealt=0.9292 taken=0.0165 mean_reward=330.17
tacview log saved (last episode)

########## v37 vs AIP_onecircle.dll ##########


     JSBSim Flight Dynamics Model v1.0.0 May 27 2026 16:13:38
            [JSBSim-ML v2.0]

JSBSim startup beginning ...

total: 2
Behavior Tree Initialized Successfully
Behavior Tree Initialized Successfully
init ID:1 Lat37.92355643001773 Lon128.18188127777776 Alt(meter)7000.0785355893395 Speed(m/sec)300.0
init ID:1 Lat37.96855377446113 Lon128.18188127777776 Alt(meter)7002.8272734023885 Speed(m/sec)300.0
runner:local/env:0	num_steps=[11999] | total rewards=[38.3837] | termination= [max time out]
[seed 0] reward=    38.38 ownHP=1.0000 tgtHP=1.0000 max time out
total: 2
runner:local/env:0	num_steps=[11999] | total rewards=[-45.4425] | termination= [max time out]
[seed 1] reward=   -45.44 ownHP=0.9862 tgtHP=1.0000 max time out
total: 2
runner:local/env:0	num_steps=[11999] | total rewards=[-75.9261] | termination= [max time out]
[seed 2] reward=   -75.93 ownHP=1.0000 tgtHP=1.0000 max time out
total: 2
runner:local/env:0	num_steps=[11999] | total rewards=[66.3732] | termination= [max time out]
[seed 3] reward=    66.37 ownHP=1.0000 tgtHP=1.0000 max time out
total: 2
runner:local/env:0	num_steps=[11999] | total rewards=[-55.9769] | termination= [max time out]
[seed 4] reward=   -55.98 ownHP=1.0000 tgtHP=1.0000 max time out
total: 2
runner:local/env:0	num_steps=[11999] | total rewards=[51.2563] | termination= [max time out]
[seed 5] reward=    51.26 ownHP=0.9922 tgtHP=1.0000 max time out
total: 2
runner:local/env:0	num_steps=[11999] | total rewards=[91.0362] | termination= [max time out]
[seed 6] reward=    91.04 ownHP=1.0000 tgtHP=0.9207 max time out
total: 2
runner:local/env:0	num_steps=[11999] | total rewards=[-53.5787] | termination= [max time out]
[seed 7] reward=   -53.58 ownHP=1.0000 tgtHP=1.0000 max time out
total: 2
runner:local/env:0	num_steps=[11999] | total rewards=[366.6739] | termination= [max time out]
[seed 8] reward=   366.67 ownHP=1.0000 tgtHP=0.8058 max time out
total: 2
runner:local/env:0	num_steps=[11999] | total rewards=[-84.3643] | termination= [max time out]
[seed 9] reward=   -84.36 ownHP=1.0000 tgtHP=1.0000 max time out
total: 2
runner:local/env:0	num_steps=[11999] | total rewards=[-34.5851] | termination= [max time out]
[seed 10] reward=   -34.59 ownHP=1.0000 tgtHP=1.0000 max time out
total: 2
runner:local/env:0	num_steps=[11999] | total rewards=[245.7001] | termination= [max time out]
[seed 11] reward=   245.70 ownHP=1.0000 tgtHP=1.0000 max time out
total: 2
runner:local/env:0	num_steps=[11999] | total rewards=[-119.9900] | termination= [max time out]
[seed 12] reward=  -119.99 ownHP=1.0000 tgtHP=1.0000 max time out
total: 2
runner:local/env:0	num_steps=[11999] | total rewards=[48.9229] | termination= [max time out]
[seed 13] reward=    48.92 ownHP=1.0000 tgtHP=1.0000 max time out
total: 2
runner:local/env:0	num_steps=[11999] | total rewards=[-36.8118] | termination= [max time out]
[seed 14] reward=   -36.81 ownHP=1.0000 tgtHP=1.0000 max time out
Remove Space Complete.

[rehearsal own_rep=6 tgt_rep=6 seeds=15]
SUMMARY dealt=0.2735 taken=0.0216 mean_reward=26.78
tacview log saved (last episode)

########## v37 vs AIP_kwon.dll ##########


     JSBSim Flight Dynamics Model v1.0.0 May 27 2026 16:13:38
            [JSBSim-ML v2.0]

JSBSim startup beginning ...

total: 2
Behavior Tree Initialized Successfully
Behavior Tree Initialized Successfully
init ID:1 Lat37.92355643001773 Lon128.18188127777776 Alt(meter)7000.0785355893395 Speed(m/sec)300.0
init ID:1 Lat37.96855377446113 Lon128.18188127777776 Alt(meter)7002.8272734023885 Speed(m/sec)300.0
runner:local/env:0	num_steps=[11999] | total rewards=[859.5012] | termination= [max time out]
[seed 0] reward=   859.50 ownHP=1.0000 tgtHP=0.0203 max time out
total: 2
runner:local/env:0	num_steps=[11011] | total rewards=[1079.3438] | termination= [target destroyed]
[seed 1] reward=  1079.34 ownHP=1.0000 tgtHP=-0.0010 target destroyed
total: 2
runner:local/env:0	num_steps=[11302] | total rewards=[951.9992] | termination= [target destroyed]
[seed 2] reward=   952.00 ownHP=1.0000 tgtHP=-0.0021 target destroyed
total: 2
runner:local/env:0	num_steps=[11999] | total rewards=[48.4014] | termination= [max time out]
[seed 3] reward=    48.40 ownHP=1.0000 tgtHP=1.0000 max time out
total: 2
runner:local/env:0	num_steps=[8731] | total rewards=[919.7554] | termination= [target destroyed]
[seed 4] reward=   919.76 ownHP=1.0000 tgtHP=-0.0011 target destroyed
total: 2
runner:local/env:0	num_steps=[9711] | total rewards=[676.6460] | termination= [target destroyed]
[seed 5] reward=   676.65 ownHP=1.0000 tgtHP=-0.0028 target destroyed
total: 2
runner:local/env:0	num_steps=[8972] | total rewards=[1176.5798] | termination= [target destroyed]
[seed 6] reward=  1176.58 ownHP=1.0000 tgtHP=-0.0008 target destroyed
total: 2
runner:local/env:0	num_steps=[10091] | total rewards=[979.0812] | termination= [target destroyed]
[seed 7] reward=   979.08 ownHP=1.0000 tgtHP=-0.0003 target destroyed
total: 2
runner:local/env:0	num_steps=[11999] | total rewards=[-91.5032] | termination= [max time out]
[seed 8] reward=   -91.50 ownHP=1.0000 tgtHP=1.0000 max time out
total: 2
runner:local/env:0	num_steps=[7976] | total rewards=[1056.0295] | termination= [target destroyed]
[seed 9] reward=  1056.03 ownHP=1.0000 tgtHP=-0.0007 target destroyed
total: 2
runner:local/env:0	num_steps=[11999] | total rewards=[0.5263] | termination= [max time out]
[seed 10] reward=     0.53 ownHP=1.0000 tgtHP=1.0000 max time out
total: 2
runner:local/env:0	num_steps=[11266] | total rewards=[671.7871] | termination= [target destroyed]
[seed 11] reward=   671.79 ownHP=1.0000 tgtHP=-0.0019 target destroyed
total: 2
runner:local/env:0	num_steps=[11999] | total rewards=[104.7651] | termination= [max time out]
[seed 12] reward=   104.77 ownHP=1.0000 tgtHP=1.0000 max time out
total: 2
runner:local/env:0	num_steps=[7088] | total rewards=[872.8806] | termination= [target destroyed]
[seed 13] reward=   872.88 ownHP=1.0000 tgtHP=-0.0003 target destroyed
total: 2
runner:local/env:0	num_steps=[6338] | total rewards=[556.3363] | termination= [target destroyed]
[seed 14] reward=   556.34 ownHP=1.0000 tgtHP=-0.0036 target destroyed
Remove Space Complete.

[rehearsal own_rep=6 tgt_rep=6 seeds=15]
SUMMARY dealt=10.9942 taken=0.0000 mean_reward=657.48
tacview log saved (last episode)

########## v37 vs AIP_v7.dll ##########
