########## Rule_m500.xml / ÎùºÏö¥Îìú2 / OBFM_RED / jh2 ##########


     JSBSim Flight Dynamics Model v1.0.0 May 27 2026 16:13:38
init ID:1 Lat37.92355643001773 Lon128.18188127777776 Alt(meter)7000.0785355893395 Speed(m/sec)300.0
init ID:1 Lat37.96855377446113 Lon128.18188127777776 Alt(meter)7002.8272734023885 Speed(m/sec)300.0
[match] seed 1 OBFM_RED round2 sep=762m alt=1546m spd=217m/s aoff=30deg
            [JSBSim-ML v2.0]

JSBSim startup beginning ...

total: 2
Behavior Tree Initialized Successfully
Behavior Tree Initialized Successfully
[ACTIVE] [RED] LeadPredict dist=652.632 dV=2.82942 thr=0.966047 om=1.28998 lt=2.74357
[ACTIVE] [RED] LeadPredict dist=187.197 dV=-10.8032 thr=1 om=1.33862 lt=0.832498
[ACTIVE] [RED] LeadPredict dist=190.277 dV=8.69403 thr=0.862375 om=2.16802 lt=0.830239
[ACTIVE] [RED] LeadPredict dist=273.032 dV=-0.0514526 thr=0.880617 om=0.824249 lt=1.29227
[ACTIVE] [RED] LeadPredict dist=274.899 dV=-3.29242 thr=0.919509 om=0.94569 lt=1.22561
[ACTIVE] [RED] LeadPredict dist=154.948 dV=-6.17329 thr=0.95408 om=1.67161 lt=0.695122
[ACTIVE] [RED] LeadPredict dist=131.183 dV=-4.99007 thr=0.759881 om=1.61046 lt=0.54969
[ACTIVE] [RED] LeadPredict dist=115.613 dV=-0.720215 thr=0.708643 om=1.92268 lt=0.447858
[ACTIVE] [RED] LeadPredict dist=81.8518 dV=-1.38898 thr=0.716668 om=1.38322 lt=0.299301
[ACTIVE] [RED] LeadPredict dist=126.632 dV=2.82941 thr=0.666047 om=1.64332 lt=0.389917
[DUTY] team=1 ticks=600 v27¡æ∏ª¡∂¡ÿ=0% v21π≈©øπ√¯=91.3333% v17±Àµµ¡∂∞«=97.3333% v17ΩΩ∑‘¿˚øÎ=0% ªÛΩ¬≈¨∑•«¡=0% ∞≠«œ≈¨∑•«¡=2% v23b¡∂∞«=2.5% v23bΩ«¡¶¿˚øÎ=0%
[ACTIVE] [RED] LeadPredict dist=574.669 dV=-2.16064 thr=0.77197 om=1.88112 lt=1.83217
[ACTIVE] [RED] LeadPredict dist=621.229 dV=-13.9928 thr=1 om=0.451733 lt=2.25422
[ACTIVE] [RED] LeadPredict dist=679.357 dV=0.308685 thr=0.996296 om=1.00237 lt=2.46468
[ACTIVE] [RED] LeadPredict dist=651.791 dV=-11.1119 thr=1 om=1.09333 lt=0
[ACTIVE] [RED] LeadPredict dist=893.393 dV=-5.19583 thr=1 om=0.360096 lt=3
[ACTIVE] [RED] ClimbOut Z=1671.5
[ACTIVE] [RED] ClimbOut Z=935.313
[ACTIVE] [RED] LeadPredict dist=2133.53 dV=25.9278 thr=0.738311 om=7.53493 lt=3
[ACTIVE] [RED] LeadPredict dist=4136.19 dV=62.1444 thr=1 om=2.01307 lt=3
[ACTIVE] [RED] LeadPredict dist=2355.46 dV=59.1606 thr=0.84 om=1.78665 lt=3
[ACTIVE] [RED] LeadPredict dist=902.029 dV=29.0144 thr=0.651827 om=0.133104 lt=2.99167
[ACTIVE] [RED] LeadPredict dist=1128.62 dV=17.2852 thr=1 om=2.17786 lt=3
[DUTY] team=1 ticks=1200 v27¡æ∏ª¡∂¡ÿ=3.5% v21π≈©øπ√¯=91.75% v17±Àµµ¡∂∞«=89% v17ΩΩ∑‘¿˚øÎ=36.0833% ªÛΩ¬≈¨∑•«¡=0% ∞≠«œ≈¨∑•«¡=5.83333% v23b¡∂∞«=15.5833% v23bΩ«¡¶¿˚øÎ=12%
[ACTIVE] [RED] LeadPredict dist=751.961 dV=-6.63628 thr=1 om=0.0323138 lt=3
[ACTIVE] [RED] LeadPredict dist=846.446 dV=3.54962 thr=0.959949 om=0.030373 lt=0.431459
[ACTIVE] [RED] LeadPredict dist=806.621 dV=12.7581 thr=0.846903 om=1.69995 lt=0
[ACTIVE] [RED] LeadPredict dist=663.987 dV=9.10559 thr=0.890733 om=1.13807 lt=1.85126
[ACTIVE] [RED] LeadPredict dist=601.7 dV=15.4846 thr=0.814185 om=0.498608 lt=0.325085
runner:local/env:0	num_steps=[9584] | total rewards=[508.1505] | termination= [target destroyed]
[seed 1] reward=   508.15 ownHP=0.9350 tgtHP=-0.0015 target destroyed
Remove Space Complete.

[rehearsal own_rep=6 tgt_rep=6 seeds=1]
SUMMARY dealt=1.0015 taken=0.0650 mean_reward=508.15
tacview log saved (last episode)
STAMP Rule_m500.xml ÎùºÏö¥Îìú2 seed1 2026_8_12_18_12_59


     JSBSim Flight Dynamics Model v1.0.0 May 27 2026 16:13:38
init ID:1 Lat37.92355643001773 Lon128.18188127777776 Alt(meter)7000.0785355893395 Speed(m/sec)300.0
init ID:1 Lat37.96855377446113 Lon128.18188127777776 Alt(meter)7002.8272734023885 Speed(m/sec)300.0
[match] seed 4 OBFM_RED round2 sep=762m alt=6887m spd=297m/s aoff=30deg
            [JSBSim-ML v2.0]

JSBSim startup beginning ...

total: 2
Behavior Tree Initialized Successfully
Behavior Tree Initialized Successfully
[ACTIVE] [RED] LeadPredict dist=710.425 dV=-4.47565 thr=1 om=0.85667 lt=2.31008
[ACTIVE] [RED] LeadPredict dist=474.823 dV=0.565887 thr=0.993209 om=1.0494 lt=1.3367
[ACTIVE] [RED] LeadPredict dist=413.396 dV=-5.19583 thr=1 om=1.39395 lt=1.08241
[ACTIVE] [RED] LeadPredict dist=334.072 dV=-6.73917 thr=0.96087 om=1.06105 lt=0.974766
runner:local/env:0	num_steps=[1720] | total rewards=[-137.4099] | termination= [ownship destroyed]
[seed 4] reward=  -137.41 ownHP=-0.0105 tgtHP=1.0000 ownship destroyed
Remove Space Complete.

[rehearsal own_rep=6 tgt_rep=6 seeds=1]
SUMMARY dealt=0.0000 taken=1.0105 mean_reward=-137.41
tacview log saved (last episode)
STAMP Rule_m500.xml ÎùºÏö¥Îìú2 seed4 2026_8_12_18_13_7


     JSBSim Flight Dynamics Model v1.0.0 May 27 2026 16:13:38
init ID:1 Lat37.92355643001773 Lon128.18188127777776 Alt(meter)7000.0785355893395 Speed(m/sec)300.0
init ID:1 Lat37.96855377446113 Lon128.18188127777776 Alt(meter)7002.8272734023885 Speed(m/sec)300.0
[match] seed 7 OBFM_RED round2 sep=762m alt=9121m spd=249m/s aoff=30deg
            [JSBSim-ML v2.0]

JSBSim startup beginning ...

total: 2
Behavior Tree Initialized Successfully
Behavior Tree Initialized Successfully
[ACTIVE] [RED] LeadPredict dist=732.186 dV=-10.8032 thr=1 om=0.490667 lt=2.80834
[ACTIVE] [RED] LeadPredict dist=526.743 dV=-1.08032 thr=1 om=0.864284 lt=1.71769
[ACTIVE] [RED] LeadPredict dist=377.904 dV=-5.14441 thr=0.941733 om=0.95106 lt=1.0768
[ACTIVE] [RED] LeadPredict dist=315.597 dV=-4.62994 thr=0.935559 om=1.38849 lt=0.816119
[ACTIVE] [RED] ClimbOut Z=1444.9
[ACTIVE] [RED] LeadPredict dist=390.382 dV=4.57852 thr=0.703823 om=1.60357 lt=1.00099
[ACTIVE] [RED] LeadPredict dist=62.3229 dV=-24.3845 thr=0.804422 om=0.747272 lt=0.195967
[ACTIVE] [RED] LeadPredict dist=116.212 dV=3.80685 thr=0.920946 om=1.07584 lt=0.422559
[ACTIVE] [RED] LeadPredict dist=341.509 dV=-10.8032 thr=1 om=0.37597 lt=1.41425
[ACTIVE] [RED] LeadPredict dist=1042.45 dV=-8.79692 thr=1 om=1.34664 lt=3
[ACTIVE] [RED] LeadPredict dist=195.039 dV=20.9377 thr=0.802444 om=1.16675 lt=0.939135
[DUTY] team=1 ticks=600 v27¡æ∏ª¡∂¡ÿ=1.16667% v21π≈©øπ√¯=82.8333% v17±Àµµ¡∂∞«=97.6667% v17ΩΩ∑‘¿˚øÎ=21.8333% ªÛΩ¬≈¨∑•«¡=0% ∞≠«œ≈¨∑•«¡=7.33333% v23b¡∂∞«=14.6667% v23bΩ«¡¶¿˚øÎ=14.6667%
[ACTIVE] [RED] LeadPredict dist=1191.61 dV=26.2365 thr=1 om=1.0604 lt=3
[ACTIVE] [RED] LeadPredict dist=221.44 dV=-2.9323 thr=0.915188 om=0.85721 lt=1.13306
[ACTIVE] [RED] LeadPredict dist=1226.57 dV=2.67509 thr=1 om=1.21324 lt=3
[ACTIVE] [RED] LeadPredict dist=423.056 dV=-0.154327 thr=1 om=0.322489 lt=2.18133
[ACTIVE] [RED] LeadPredict dist=1200.15 dV=16.102 thr=1 om=1.06897 lt=3
[ACTIVE] [RED] LeadPredict dist=480.847 dV=-10.6489 thr=1 om=1.79067 lt=2.20812
[ACTIVE] [RED] LeadPredict dist=1241.62 dV=-23.9729 thr=1 om=1.3584 lt=3
[ACTIVE] [RED] LeadPredict dist=714.319 dV=25.3619 thr=0.848 om=0.184422 lt=2.59734
[ACTIVE] [RED] LeadPredict dist=895.654 dV=16.6678 thr=0.984 om=0.697639 lt=3
[ACTIVE] [RED] LeadPredict dist=866.868 dV=-12.7581 thr=1 om=0.0401726 lt=3
[DUTY] team=1 ticks=1200 v27¡æ∏ª¡∂¡ÿ=3.25% v21π≈©øπ√¯=87.3333% v17±Àµµ¡∂∞«=98.4167% v17ΩΩ∑‘¿˚øÎ=51.25% ªÛΩ¬≈¨∑•«¡=0% ∞≠«œ≈¨∑•«¡=4.91667% v23b¡∂∞«=7.33333% v23bΩ«¡¶¿˚øÎ=7.33333%
[ACTIVE] [RED] LeadPredict dist=862.488 dV=13.8384 thr=0.797988 om=1.18866 lt=2.80454
[ACTIVE] [RED] LeadPredict dist=936.525 dV=30.8149 thr=0.849849 om=0.545179 lt=3
[ACTIVE] [RED] LeadPredict dist=1021.93 dV=1.7491 thr=1 om=0.0151821 lt=3
[ACTIVE] [RED] LeadPredict dist=914.489 dV=24.4874 thr=1 om=1.09736 lt=3
[ACTIVE] [RED] LeadPredict dist=777.006 dV=-3.0352 thr=1 om=1.09357 lt=3
[ACTIVE] [RED] LeadPredict dist=948.537 dV=-17.491 thr=1 om=0.0647688 lt=3
[ACTIVE] [RED] LeadPredict dist=961.614 dV=26.4422 thr=1 om=1.04198 lt=3
[ACTIVE] [RED] LeadPredict dist=707.207 dV=63.0189 thr=0.615999 om=0.908971 lt=2.67038
[ACTIVE] [RED] LeadPredict dist=636.94 dV=29.426 thr=0.646888 om=0.0255708 lt=3
[ACTIVE] [RED] LeadPredict dist=537.913 dV=16.2049 thr=0.805542 om=0.828396 lt=3
[DUTY] team=1 ticks=1800 v27¡æ∏ª¡∂¡ÿ=8.83333% v21π≈©øπ√¯=85.5% v17±Àµµ¡∂∞«=93.9444% v17ΩΩ∑‘¿˚øÎ=62.5% ªÛΩ¬≈¨∑•«¡=0% ∞≠«œ≈¨∑•«¡=5.5% v23b¡∂∞«=8% v23bΩ«¡¶¿˚øÎ=5.83333%
[ACTIVE] [RED] LeadPredict dist=537.311 dV=7.51083 thr=0.90987 om=0.581316 lt=3
[ACTIVE] [RED] LeadPredict dist=530.077 dV=6.37905 thr=0.923451 om=0.0452705 lt=1.18096
runner:local/env:0	num_steps=[11999] | total rewards=[629.6256] | termination= [max time out]
[seed 7] reward=   629.63 ownHP=0.6980 tgtHP=0.2759 max time out
Remove Space Complete.

[rehearsal own_rep=6 tgt_rep=6 seeds=1]
SUMMARY dealt=0.7241 taken=0.3020 mean_reward=629.63
tacview log saved (last episode)
STAMP Rule_m500.xml ÎùºÏö¥Îìú2 seed7 2026_8_12_18_13_44


     JSBSim Flight Dynamics Model v1.0.0 May 27 2026 16:13:38
init ID:1 Lat37.92355643001773 Lon128.18188127777776 Alt(meter)7000.0785355893395 Speed(m/sec)300.0
init ID:1 Lat37.96855377446113 Lon128.18188127777776 Alt(meter)7002.8272734023885 Speed(m/sec)300.0
[match] seed 10 OBFM_RED round2 sep=762m alt=3219m spd=234m/s aoff=30deg
            [JSBSim-ML v2.0]

JSBSim startup beginning ...

total: 2
Behavior Tree Initialized Successfully
Behavior Tree Initialized Successfully
[ACTIVE] [RED] LeadPredict dist=611.33 dV=-7.92238 thr=1 om=1.55192 lt=2.45932
[ACTIVE] [RED] ClimbOut Z=1060.17
[ACTIVE] [RED] LeadPredict dist=341.06 dV=-1.54333 thr=0.747046 om=8.6639 lt=1.06742
[ACTIVE] [RED] LeadPredict dist=479.709 dV=5.60739 thr=0.932711 om=1.55123 lt=1.68502
[ACTIVE] [RED] LeadPredict dist=800.046 dV=-7.81949 thr=1 om=1.69318 lt=3
[ACTIVE] [RED] LeadPredict dist=294.535 dV=15.0217 thr=0.824 om=1.41894 lt=1.45424
[ACTIVE] [RED] LeadPredict dist=1087.87 dV=27.1624 thr=1 om=0.973244 lt=3
[ACTIVE] [RED] LeadPredict dist=188.991 dV=-0.308655 thr=0.896 om=1.21514 lt=1.22499
[ACTIVE] [RED] LeadPredict dist=1318.83 dV=0.360107 thr=1 om=0.848313 lt=3
[ACTIVE] [RED] LeadPredict dist=1441.73 dV=4.93863 thr=1 om=0.396076 lt=3
[ACTIVE] [RED] LeadPredict dist=720.236 dV=23.9729 thr=0.88 om=0.440465 lt=3
[DUTY] team=1 ticks=600 v27¡æ∏ª¡∂¡ÿ=3% v21π≈©øπ√¯=84.6667% v17±Àµµ¡∂∞«=97.8333% v17ΩΩ∑‘¿˚øÎ=44.8333% ªÛΩ¬≈¨∑•«¡=0% ∞≠«œ≈¨∑•«¡=4% v23b¡∂∞«=10.1667% v23bΩ«¡¶¿˚øÎ=8.66667%
[ACTIVE] [RED] LeadPredict dist=686.093 dV=40.5893 thr=0.55 om=0.864012 lt=3
[ACTIVE] [RED] LeadPredict dist=1169.97 dV=44.4991 thr=1 om=0.597912 lt=3
[ACTIVE] [RED] LeadPredict dist=1249.51 dV=31.6381 thr=1 om=0.290793 lt=3
[ACTIVE] [RED] LeadPredict dist=926.744 dV=-2.00632 thr=1 om=0.292451 lt=3
[ACTIVE] [RED] LeadPredict dist=309.409 dV=-9.0027 thr=0.988032 om=0.331972 lt=3
[ACTIVE] [RED] LeadPredict dist=599.676 dV=5.96751 thr=0.92839 om=0.531149 lt=3
[ACTIVE] [RED] LeadPredict dist=1327.31 dV=25.3104 thr=1 om=0.997927 lt=3
[ACTIVE] [RED] LeadPredict dist=779.621 dV=5.91606 thr=0.936 om=0.487203 lt=3
[ACTIVE] [RED] LeadPredict dist=870.929 dV=-34.1588 thr=1 om=1.36536 lt=3
[ACTIVE] [RED] LeadPredict dist=556.725 dV=7.56226 thr=0.941531 om=0.479453 lt=2.29717
[DUTY] team=1 ticks=1200 v27¡æ∏ª¡∂¡ÿ=1.66667% v21π≈©øπ√¯=82.5% v17±Àµµ¡∂∞«=98.5833% v17ΩΩ∑‘¿˚øÎ=63.5% ªÛΩ¬≈¨∑•«¡=0% ∞≠«œ≈¨∑•«¡=10.75% v23b¡∂∞«=5.08333% v23bΩ«¡¶¿˚øÎ=4.33333%
[ACTIVE] [RED] LeadPredict dist=878.968 dV=13.8384 thr=0.968 om=0.302573 lt=3
[ACTIVE] [RED] LeadPredict dist=833.104 dV=-16.7708 thr=1 om=0.709434 lt=3
[ACTIVE] [RED] LeadPredict dist=959.408 dV=6.12186 thr=1 om=1.36833 lt=3
[ACTIVE] [RED] LeadPredict dist=730.48 dV=22.944 thr=0.699601 om=0.0986269 lt=2.20901
[ACTIVE] [RED] LeadPredict dist=697.323 dV=3.65253 thr=0.95617 om=0.0104258 lt=0
[ACTIVE] [RED] LeadPredict dist=612.042 dV=9.41425 thr=0.887029 om=1.39788 lt=1.97497
[ACTIVE] [RED] LeadPredict dist=731.105 dV=-7.87094 thr=0.749232 om=0.180813 lt=2.29183
[ACTIVE] [RED] LeadPredict dist=864.702 dV=-6.53339 thr=0.616738 om=0.256441 lt=2.46931
[ACTIVE] [RED] ClimbOut Z=1930.16
runner:local/env:0	num_steps=[10620] | total rewards=[465.0268] | termination= [target destroyed]
[seed 10] reward=   465.03 ownHP=1.0000 tgtHP=-0.0003 target destroyed
Remove Space Complete.

[rehearsal own_rep=6 tgt_rep=6 seeds=1]
SUMMARY dealt=1.0003 taken=0.0000 mean_reward=465.03
tacview log saved (last episode)
STAMP Rule_m500.xml ÎùºÏö¥Îìú2 seed10 2026_8_12_18_14_14


     JSBSim Flight Dynamics Model v1.0.0 May 27 2026 16:13:38
init ID:1 Lat37.92355643001773 Lon128.18188127777776 Alt(meter)7000.0785355893395 Speed(m/sec)300.0
init ID:1 Lat37.96855377446113 Lon128.18188127777776 Alt(meter)7002.8272734023885 Speed(m/sec)300.0
[match] seed 13 OBFM_RED round2 sep=762m alt=5807m spd=237m/s aoff=30deg
            [JSBSim-ML v2.0]

JSBSim startup beginning ...

total: 2
Behavior Tree Initialized Successfully
Behavior Tree Initialized Successfully
[ACTIVE] [RED] LeadPredict dist=633.859 dV=-15.5361 thr=1 om=0.919676 lt=2.58417
[ACTIVE] [RED] LeadPredict dist=270.006 dV=-7.92236 thr=0.975068 om=1.56819 lt=0.942288
[ACTIVE] [RED] LeadPredict dist=170.323 dV=-5.81317 thr=0.949758 om=1.46035 lt=0.512197
[ACTIVE] [RED] ClimbOut Z=1172.88
[ACTIVE] [RED] ClimbOut Z=553.724
[ACTIVE] [RED] LeadPredict dist=315.553 dV=9.56857 thr=0.790639 om=1.4897 lt=0.908459
[ACTIVE] [RED] LeadPredict dist=237.523 dV=-5.91605 thr=0.950993 om=1.45345 lt=0.812588
[ACTIVE] [RED] LeadPredict dist=155.376 dV=7.81949 thr=0.845216 om=1.70064 lt=0.61251
[ACTIVE] [RED] LeadPredict dist=124.414 dV=-2.46931 thr=0.729632 om=1.04872 lt=0.580379
[ACTIVE] [RED] LeadPredict dist=114.953 dV=-7.09927 thr=0.785191 om=1.54547 lt=0.610526
[ACTIVE] [RED] LeadPredict dist=125.402 dV=5.5045 thr=0.635307 om=1.29491 lt=0.709854
[ACTIVE] [RED] LeadPredict dist=143.598 dV=-3.9612 thr=0.747534 om=0.774367 lt=0.894374
[DUTY] team=1 ticks=600 v27¡æ∏ª¡∂¡ÿ=0% v21π≈©øπ√¯=83.6667% v17±Àµµ¡∂∞«=96% v17ΩΩ∑‘¿˚øÎ=0% ªÛΩ¬≈¨∑•«¡=0% ∞≠«œ≈¨∑•«¡=0.666667% v23b¡∂∞«=7% v23bΩ«¡¶¿˚øÎ=7%
[ACTIVE] [RED] LeadPredict dist=125.93 dV=6.17328 thr=0.626664 om=1.59436 lt=0.784079
[ACTIVE] [RED] LeadPredict dist=146.216 dV=-9.31137 thr=0.91665 om=1.37823 lt=0.858684
[ACTIVE] [RED] LeadPredict dist=124.516 dV=-0.0514374 thr=0.755112 om=1.93644 lt=0.649777
[ACTIVE] [RED] LeadPredict dist=148.795 dV=-3.7554 thr=0.864303 om=1.37965 lt=0.66783
[ACTIVE] [RED] LeadPredict dist=120.682 dV=2.46931 thr=0.670368 om=1.88041 lt=0.483589
[ACTIVE] [RED] LeadPredict dist=123.612 dV=-0.308685 thr=0.703704 om=0.580414 lt=0.430234
[ACTIVE] [RED] LeadPredict dist=151.829 dV=5.04153 thr=0.639502 om=1.11497 lt=0.457574
[ACTIVE] [RED] ClimbOut Z=1347.02
[ACTIVE] [RED] LeadPredict dist=245.794 dV=4.21838 thr=0.626935 om=5.01316 lt=0.642191
[ACTIVE] [RED] LeadPredict dist=521.288 dV=-9.77438 thr=0.694573 om=1.72003 lt=1.57078
[ACTIVE] [RED] LeadPredict dist=897.077 dV=-24.5902 thr=1 om=1.48607 lt=3
[DUTY] team=1 ticks=1200 v27¡æ∏ª¡∂¡ÿ=0% v21π≈©øπ√¯=85.6667% v17±Àµµ¡∂∞«=97.75% v17ΩΩ∑‘¿˚øÎ=3.08333% ªÛΩ¬≈¨∑•«¡=0% ∞≠«œ≈¨∑•«¡=3.66667% v23b¡∂∞«=16.4167% v23bΩ«¡¶¿˚øÎ=14%
[ACTIVE] [RED] LeadPredict dist=959.463 dV=33.1814 thr=0.862147 om=1.85885 lt=3
[ACTIVE] [RED] LeadPredict dist=406.501 dV=-8.59113 thr=1 om=0.156151 lt=1.53344
[ACTIVE] [RED] LeadPredict dist=842.208 dV=-12.4494 thr=1 om=0.773 lt=0.960588
[ACTIVE] [RED] LeadPredict dist=837.87 dV=20.3204 thr=0.756155 om=1.08631 lt=3
[ACTIVE] [RED] LeadPredict dist=613.539 dV=4.62996 thr=0.94444 om=0.656272 lt=2.59607
[ACTIVE] [RED] LeadPredict dist=617.208 dV=10.4431 thr=0.880982 om=0.0335437 lt=0.146591
[ACTIVE] [RED] LeadPredict dist=613.594 dV=-1.02887 thr=1 om=0.0971665 lt=0.555306
[ACTIVE] [RED] LeadPredict dist=584.859 dV=0.720215 thr=0.991357 om=0.54184 lt=1.33451
[ACTIVE] [RED] LeadPredict dist=611.096 dV=2.10922 thr=0.974689 om=1.35781 lt=1.19186
[ACTIVE] [RED] LeadPredict dist=635.228 dV=-0.61731 thr=1 om=0.0901558 lt=0.141933
[DUTY] team=1 ticks=1800 v27¡æ∏ª¡∂¡ÿ=13.5556% v21π≈©øπ√¯=86.8889% v17±Àµµ¡∂∞«=95.8889% v17ΩΩ∑‘¿˚øÎ=30.6667% ªÛΩ¬≈¨∑•«¡=0% ∞≠«œ≈¨∑•«¡=8.33333% v23b¡∂∞«=13.3333% v23bΩ«¡¶¿˚øÎ=11.7222%
runner:local/env:0	num_steps=[11535] | total rewards=[413.5999] | termination= [target destroyed]
[seed 13] reward=   413.60 ownHP=0.8022 tgtHP=-0.0017 target destroyed
Remove Space Complete.

[rehearsal own_rep=6 tgt_rep=6 seeds=1]
SUMMARY dealt=1.0017 taken=0.1978 mean_reward=413.60
tacview log saved (last episode)
STAMP Rule_m500.xml ÎùºÏö¥Îìú2 seed13 2026_8_12_18_14_41


     JSBSim Flight Dynamics Model v1.0.0 May 27 2026 16:13:38
init ID:1 Lat37.92355643001773 Lon128.18188127777776 Alt(meter)7000.0785355893395 Speed(m/sec)300.0
init ID:1 Lat37.96855377446113 Lon128.18188127777776 Alt(meter)7002.8272734023885 Speed(m/sec)300.0
[match] seed 16 OBFM_RED round2 sep=762m alt=2265m spd=227m/s aoff=30deg
            [JSBSim-ML v2.0]

JSBSim startup beginning ...

total: 2
Behavior Tree Initialized Successfully
Behavior Tree Initialized Successfully
[ACTIVE] [RED] LeadPredict dist=626.672 dV=-3.18953 thr=1 om=1.59242 lt=2.5538
[ACTIVE] [RED] ClimbOut Z=961.249
[ACTIVE] [RED] LeadPredict dist=527.584 dV=13.6327 thr=0.822913 om=1.67434 lt=1.74889
[ACTIVE] [RED] LeadPredict dist=379.241 dV=5.55595 thr=0.893253 om=0.658671 lt=1.48328
[ACTIVE] [RED] LeadPredict dist=810.503 dV=-11.2662 thr=1 om=0.685879 lt=3
[ACTIVE] [RED] LeadPredict dist=763.699 dV=19.2915 thr=0.768502 om=1.88182 lt=3
[ACTIVE] [RED] LeadPredict dist=500.123 dV=-3.70396 thr=1 om=0.70979 lt=2.61055
[ACTIVE] [RED] LeadPredict dist=959.906 dV=-18.2112 thr=1 om=0.24582 lt=3
[ACTIVE] [RED] LeadPredict dist=729.353 dV=34.1074 thr=0.655999 om=1.20535 lt=3
[ACTIVE] [RED] LeadPredict dist=669.136 dV=0.668777 thr=0.991975 om=0.059632 lt=0.471936
[ACTIVE] [RED] LeadPredict dist=654.381 dV=5.65884 thr=0.932094 om=0.266271 lt=0.0171506
[DUTY] team=1 ticks=600 v27¡æ∏ª¡∂¡ÿ=19% v21π≈©øπ√¯=74.1667% v17±Àµµ¡∂∞«=87.6667% v17ΩΩ∑‘¿˚øÎ=65% ªÛΩ¬≈¨∑•«¡=0% ∞≠«œ≈¨∑•«¡=1.16667% v23b¡∂∞«=7.16667% v23bΩ«¡¶¿˚øÎ=3.66667%
[ACTIVE] [RED] LeadPredict dist=565.443 dV=8.95126 thr=0.892585 om=0.241123 lt=2.97468
[ACTIVE] [RED] LeadPredict dist=533.23 dV=15.2274 thr=0.817271 om=1.67642 lt=1.17881
[ACTIVE] [RED] LeadPredict dist=519.778 dV=1.08032 thr=0.990766 om=1.30816 lt=2.01511
[ACTIVE] [RED] LeadPredict dist=522.281 dV=8.69403 thr=0.895672 om=0.148643 lt=1.73217
[ACTIVE] [RED] LeadPredict dist=522.545 dV=-2.82941 thr=1 om=1.17862 lt=0.742071
[ACTIVE] [RED] LeadPredict dist=492.159 dV=10.2374 thr=0.877152 om=0.377211 lt=0.191522
runner:local/env:0	num_steps=[6042] | total rewards=[673.5680] | termination= [target destroyed]
[seed 16] reward=   673.57 ownHP=1.0000 tgtHP=-0.0005 target destroyed
Remove Space Complete.

[rehearsal own_rep=6 tgt_rep=6 seeds=1]
SUMMARY dealt=1.0005 taken=0.0000 mean_reward=673.57
tacview log saved (last episode)
STAMP Rule_m500.xml ÎùºÏö¥Îìú2 seed16 2026_8_12_18_14_56


     JSBSim Flight Dynamics Model v1.0.0 May 27 2026 16:13:38
init ID:1 Lat37.92355643001773 Lon128.18188127777776 Alt(meter)7000.0785355893395 Speed(m/sec)300.0
init ID:1 Lat37.96855377446113 Lon128.18188127777776 Alt(meter)7002.8272734023885 Speed(m/sec)300.0
[match] seed 19 OBFM_RED round2 sep=762m alt=3204m spd=230m/s aoff=30deg
            [JSBSim-ML v2.0]

JSBSim startup beginning ...

total: 2
Behavior Tree Initialized Successfully
Behavior Tree Initialized Successfully
[ACTIVE] [RED] LeadPredict dist=622.342 dV=-7.51082 thr=1 om=1.47119 lt=2.54791
[ACTIVE] [RED] ClimbOut Z=1110.67
[ACTIVE] [RED] LeadPredict dist=378.429 dV=-6.17328 thr=0.77309 om=7.60285 lt=1.20493
[ACTIVE] [RED] LeadPredict dist=457.658 dV=3.08664 thr=0.860518 om=1.73701 lt=1.56294
[ACTIVE] [RED] LeadPredict dist=366.206 dV=-2.5722 thr=0.910866 om=1.8511 lt=1.51781
[ACTIVE] [RED] LeadPredict dist=338.88 dV=18.2626 thr=0.762797 om=1.47522 lt=1.50741
[ACTIVE] [RED] LeadPredict dist=202.827 dV=3.90974 thr=0.833083 om=1.50064 lt=1.02996
[ACTIVE] [RED] LeadPredict dist=102.097 dV=-2.36642 thr=0.880718 om=1.3315 lt=0.556539
[ACTIVE] [RED] LeadPredict dist=324.896 dV=-0.874557 thr=0.890495 om=0.516819 lt=1.6273
[ACTIVE] [RED] LeadPredict dist=268.01 dV=4.32129 thr=0.828145 om=1.09549 lt=1.2645
[ACTIVE] [RED] LeadPredict dist=252.93 dV=8.79692 thr=0.774437 om=1.20738 lt=1.0782
[DUTY] team=1 ticks=600 v27¡æ∏ª¡∂¡ÿ=0% v21π≈©øπ√¯=88.5% v17±Àµµ¡∂∞«=98% v17ΩΩ∑‘¿˚øÎ=4.83333% ªÛΩ¬≈¨∑•«¡=0% ∞≠«œ≈¨∑•«¡=7.16667% v23b¡∂∞«=7.66667% v23bΩ«¡¶¿˚øÎ=7.66667%
[ACTIVE] [RED] LeadPredict dist=299.951 dV=-3.90974 thr=0.926917 om=0.775678 lt=1.22595
[ACTIVE] [RED] LeadPredict dist=253.57 dV=2.62366 thr=0.848516 om=1.14443 lt=0.940479
[ACTIVE] [RED] LeadPredict dist=143.521 dV=6.89349 thr=0.749253 om=1.26171 lt=0.49308
[ACTIVE] [RED] LeadPredict dist=186.933 dV=-4.42419 thr=0.784214 om=1.35249 lt=0.601509
[ACTIVE] [RED] ClimbOut Z=1611.73
[ACTIVE] [RED] ClimbOut Z=924.965
[ACTIVE] [RED] LeadPredict dist=133.825 dV=1.85199 thr=0.646254 om=1.44736 lt=0.389894
[ACTIVE] [RED] LeadPredict dist=493.253 dV=-8.95126 thr=0.824443 om=1.90294 lt=1.63704
[ACTIVE] [RED] LeadPredict dist=528.101 dV=-7.56229 thr=1 om=0.515597 lt=2.06094
[ACTIVE] [RED] LeadPredict dist=539.391 dV=-8.64259 thr=1 om=0.224385 lt=2.29331
[ACTIVE] [RED] LeadPredict dist=486.288 dV=23.5614 thr=0.743999 om=0.23944 lt=2.1631
[ACTIVE] [RED] LeadPredict dist=454.455 dV=-0.720215 thr=1 om=1.16809 lt=2.51896
[DUTY] team=1 ticks=1200 v27¡æ∏ª¡∂¡ÿ=6.16667% v21π≈©øπ√¯=86.3333% v17±Àµµ¡∂∞«=98.6667% v17ΩΩ∑‘¿˚øÎ=22.6667% ªÛΩ¬≈¨∑•«¡=0% ∞≠«œ≈¨∑•«¡=13.1667% v23b¡∂∞«=17.0833% v23bΩ«¡¶¿˚øÎ=13.8333%
[ACTIVE] [RED] LeadPredict dist=400.762 dV=18.2112 thr=0.781466 om=0.10393 lt=1.52641
[ACTIVE] [RED] LeadPredict dist=294.892 dV=14.6615 thr=0.704061 om=0.415471 lt=1.96751
[ACTIVE] [RED] LeadPredict dist=249.574 dV=10.2374 thr=0.757152 om=1.36785 lt=0
[ACTIVE] [RED] LeadPredict dist=255.564 dV=7.97382 thr=0.784314 om=0.442139 lt=1.95045
[ACTIVE] [RED] LeadPredict dist=153.163 dV=11.4206 thr=0.742953 om=0.587253 lt=0.995742
[ACTIVE] [RED] LeadPredict dist=239.589 dV=2.82942 thr=0.846047 om=0.639811 lt=1.26798
[ACTIVE] [RED] LeadPredict dist=391.521 dV=16.7708 thr=0.787664 om=1.57408 lt=1.66243
[ACTIVE] [RED] LeadPredict dist=806.139 dV=-10.2888 thr=1 om=1.30847 lt=3
[ACTIVE] [RED] LeadPredict dist=608.324 dV=4.01263 thr=0.844776 om=1.75695 lt=2.05152
[ACTIVE] [RED] LeadPredict dist=222.756 dV=-13.2211 thr=0.72387 om=0.318999 lt=0.685461
[DUTY] team=1 ticks=1800 v27¡æ∏ª¡∂¡ÿ=15% v21π≈©øπ√¯=88.7778% v17±Àµµ¡∂∞«=98.9444% v17ΩΩ∑‘¿˚øÎ=42.5556% ªÛΩ¬≈¨∑•«¡=0% ∞≠«œ≈¨∑•«¡=20.3333% v23b¡∂∞«=15.1111% v23bΩ«¡¶¿˚øÎ=12.9444%
[ACTIVE] [RED] LeadPredict dist=671.171 dV=-15.639 thr=0.648003 om=0.878479 lt=1.95778
[ACTIVE] [RED] ClimbOut Z=1266.67
runner:local/env:0	num_steps=[11999] | total rewards=[366.3650] | termination= [max time out]
[seed 19] reward=   366.37 ownHP=1.0000 tgtHP=0.4703 max time out
Remove Space Complete.

[rehearsal own_rep=6 tgt_rep=6 seeds=1]
SUMMARY dealt=0.5297 taken=0.0000 mean_reward=366.37
tacview log saved (last episode)
STAMP Rule_m500.xml ÎùºÏö¥Îìú2 seed19 2026_8_12_18_15_23


     JSBSim Flight Dynamics Model v1.0.0 May 27 2026 16:13:38
init ID:1 Lat37.92355643001773 Lon128.18188127777776 Alt(meter)7000.0785355893395 Speed(m/sec)300.0
init ID:1 Lat37.96855377446113 Lon128.18188127777776 Alt(meter)7002.8272734023885 Speed(m/sec)300.0
[match] seed 22 OBFM_RED round2 sep=762m alt=7582m spd=260m/s aoff=30deg
            [JSBSim-ML v2.0]

JSBSim startup beginning ...

total: 2
Behavior Tree Initialized Successfully
Behavior Tree Initialized Successfully
[ACTIVE] [RED] LeadPredict dist=688.665 dV=-9.82581 thr=1 om=0.994381 lt=2.532
[ACTIVE] [RED] LeadPredict dist=476.401 dV=-0.514465 thr=1 om=0.805403 lt=1.47933
[ACTIVE] [RED] LeadPredict dist=416.974 dV=-5.9675 thr=1 om=1.19293 lt=1.13442
[ACTIVE] [RED] LeadPredict dist=345.069 dV=-5.65884 thr=0.947906 om=0.691626 lt=0.960707
runner:local/env:0	num_steps=[1703] | total rewards=[-137.3236] | termination= [ownship destroyed]
[seed 22] reward=  -137.32 ownHP=-0.0019 tgtHP=1.0000 ownship destroyed
Remove Space Complete.

[rehearsal own_rep=6 tgt_rep=6 seeds=1]
SUMMARY dealt=0.0000 taken=1.0019 mean_reward=-137.32
tacview log saved (last episode)
STAMP Rule_m500.xml ÎùºÏö¥Îìú2 seed22 2026_8_12_18_15_30


     JSBSim Flight Dynamics Model v1.0.0 May 27 2026 16:13:38
init ID:1 Lat37.92355643001773 Lon128.18188127777776 Alt(meter)7000.0785355893395 Speed(m/sec)300.0
init ID:1 Lat37.96855377446113 Lon128.18188127777776 Alt(meter)7002.8272734023885 Speed(m/sec)300.0
[match] seed 25 OBFM_RED round2 sep=762m alt=5320m spd=222m/s aoff=30deg
            [JSBSim-ML v2.0]

JSBSim startup beginning ...

total: 2
Behavior Tree Initialized Successfully
Behavior Tree Initialized Successfully
[ACTIVE] [RED] LeadPredict dist=672.969 dV=-8.64259 thr=1 om=1.40535 lt=2.87887
[ACTIVE] [RED] LeadPredict dist=255.731 dV=-7.35651 thr=0.968921 om=1.23681 lt=0.951399
[ACTIVE] [RED] LeadPredict dist=155.453 dV=-7.56226 thr=0.970747 om=1.41366 lt=0.484493
[ACTIVE] [RED] ClimbOut Z=1218.08
[ACTIVE] [RED] LeadPredict dist=295.035 dV=8.5397 thr=0.684078 om=1.50488 lt=0.882453
[ACTIVE] [RED] LeadPredict dist=141.196 dV=-17.6967 thr=0.992 om=1.57071 lt=0.498392
[ACTIVE] [RED] LeadPredict dist=341.567 dV=11.472 thr=0.774375 om=1.97818 lt=1.35391
[ACTIVE] [RED] LeadPredict dist=144.836 dV=-16.3592 thr=0.89631 om=1.88333 lt=0.713305
[ACTIVE] [RED] LeadPredict dist=114.238 dV=-0.154327 thr=0.861556 om=1.25497 lt=0.661491
[ACTIVE] [RED] LeadPredict dist=499.118 dV=11.6778 thr=0.859866 om=1.01426 lt=3
[ACTIVE] [RED] LeadPredict dist=167.876 dV=-1.7491 thr=0.863982 om=1.04757 lt=1.06469
[DUTY] team=1 ticks=600 v27¡æ∏ª¡∂¡ÿ=0% v21π≈©øπ√¯=88.3333% v17±Àµµ¡∂∞«=98% v17ΩΩ∑‘¿˚øÎ=10.5% ªÛΩ¬≈¨∑•«¡=0% ∞≠«œ≈¨∑•«¡=2.83333% v23b¡∂∞«=9% v23bΩ«¡¶¿˚øÎ=9%
[ACTIVE] [RED] LeadPredict dist=273.944 dV=1.69766 thr=0.859628 om=0.61756 lt=1.62005
[ACTIVE] [RED] LeadPredict dist=515.649 dV=10.6489 thr=0.872213 om=1.01014 lt=2.5065
[ACTIVE] [RED] LeadPredict dist=299.875 dV=-11.3177 thr=1 om=1.57419 lt=1.28141
[ACTIVE] [RED] LeadPredict dist=158.173 dV=3.18954 thr=0.841725 om=0.55125 lt=0.601578
[ACTIVE] [RED] LeadPredict dist=429.605 dV=-1.85199 thr=0.807171 om=0.46235 lt=1.40683
[ACTIVE] [RED] LeadPredict dist=662.425 dV=-14.4043 thr=0.7031 om=1.30791 lt=2.00821
[ACTIVE] [RED] ClimbOut Z=2126
[ACTIVE] [RED] ClimbOut Z=1227.66
[ACTIVE] [RED] LeadPredict dist=1421.59 dV=-2.05777 thr=0.63401 om=2.31536 lt=3
[ACTIVE] [RED] LeadPredict dist=1073.57 dV=11.4206 thr=0.766723 om=1.6251 lt=3
[ACTIVE] [RED] LeadPredict dist=820.438 dV=-13.9413 thr=1 om=1.76258 lt=3
[ACTIVE] [RED] LeadPredict dist=1101.87 dV=-21.2464 thr=1 om=0.343479 lt=3
[DUTY] team=1 ticks=1200 v27¡æ∏ª¡∂¡ÿ=0.166667% v21π≈©øπ√¯=87.8333% v17±Àµµ¡∂∞«=98.25% v17ΩΩ∑‘¿˚øÎ=33.3333% ªÛΩ¬≈¨∑•«¡=0% ∞≠«œ≈¨∑•«¡=14.4167% v23b¡∂∞«=24.5833% v23bΩ«¡¶¿˚øÎ=22.75%
[ACTIVE] [RED] ClimbOut Z=1387.94
[ACTIVE] [RED] LeadPredict dist=807.831 dV=40.3321 thr=0.55 om=2.17822 lt=2.47566
[ACTIVE] [RED] LeadPredict dist=608.247 dV=16.565 thr=0.80122 om=1.51191 lt=1.89815
[ACTIVE] [RED] LeadPredict dist=553.222 dV=11.4206 thr=0.862953 om=0.135231 lt=0
[ACTIVE] [RED] LeadPredict dist=575.61 dV=3.08664 thr=0.967332 om=1.26277 lt=0
runner:local/env:0	num_steps=[9462] | total rewards=[330.4849] | termination= [target destroyed]
[seed 25] reward=   330.48 ownHP=0.9720 tgtHP=-0.0041 target destroyed
Remove Space Complete.

[rehearsal own_rep=6 tgt_rep=6 seeds=1]
SUMMARY dealt=1.0041 taken=0.0280 mean_reward=330.48
tacview log saved (last episode)
STAMP Rule_m500.xml ÎùºÏö¥Îìú2 seed25 2026_8_12_18_15_52


     JSBSim Flight Dynamics Model v1.0.0 May 27 2026 16:13:38
init ID:1 Lat37.92355643001773 Lon128.18188127777776 Alt(meter)7000.0785355893395 Speed(m/sec)300.0
init ID:1 Lat37.96855377446113 Lon128.18188127777776 Alt(meter)7002.8272734023885 Speed(m/sec)300.0
[match] seed 28 OBFM_RED round2 sep=762m alt=8944m spd=211m/s aoff=30deg
            [JSBSim-ML v2.0]

JSBSim startup beginning ...

total: 2
Behavior Tree Initialized Successfully
Behavior Tree Initialized Successfully
[ACTIVE] [RED] LeadPredict dist=763.069 dV=-18.3655 thr=1 om=0.262354 lt=3
[ACTIVE] [RED] LeadPredict dist=447.928 dV=-14.1985 thr=1 om=0.940656 lt=1.81929
[ACTIVE] [RED] LeadPredict dist=216.145 dV=-11.7807 thr=1 om=1.23694 lt=0.743902
[ACTIVE] [RED] LeadPredict dist=105.621 dV=-3.60107 thr=0.75939 om=1.69738 lt=0.309859
[ACTIVE] [RED] LeadPredict dist=84.645 dV=-0.925964 thr=0.711112 om=1.61124 lt=0.219706
[ACTIVE] [RED] ClimbOut Z=1460.33
[ACTIVE] [RED] LeadPredict dist=368.927 dV=2.10922 thr=0.538029 om=1.54916 lt=1.00062
[ACTIVE] [RED] LeadPredict dist=705.732 dV=-14.9702 thr=0.791648 om=1.44513 lt=2.28374
[ACTIVE] [RED] LeadPredict dist=383.549 dV=9.31137 thr=0.768264 om=1.22954 lt=1.30162
[ACTIVE] [RED] LeadPredict dist=276.224 dV=-9.98013 thr=0.999762 om=0.0629416 lt=0.923895
[ACTIVE] [RED] LeadPredict dist=888.22 dV=-16.8222 thr=1 om=1.12382 lt=3
[DUTY] team=1 ticks=600 v27¡æ∏ª¡∂¡ÿ=1% v21π≈©øπ√¯=83.8333% v17±Àµµ¡∂∞«=97.6667% v17ΩΩ∑‘¿˚øÎ=24.6667% ªÛΩ¬≈¨∑•«¡=0% ∞≠«œ≈¨∑•«¡=20.5% v23b¡∂∞«=26.8333% v23bΩ«¡¶¿˚øÎ=19.1667%
[ACTIVE] [RED] LeadPredict dist=891.773 dV=22.3781 thr=0.731462 om=1.88938 lt=3
[ACTIVE] [RED] LeadPredict dist=628.802 dV=-32.2039 thr=1 om=0.315621 lt=2.82418
[ACTIVE] [RED] LeadPredict dist=913.814 dV=6.84204 thr=0.992 om=1.89354 lt=3
[ACTIVE] [RED] LeadPredict dist=681.183 dV=27.2139 thr=0.673434 om=0.23318 lt=2.87978
[ACTIVE] [RED] LeadPredict dist=679.805 dV=6.48195 thr=0.922217 om=0.0160767 lt=0
runner:local/env:0	num_steps=[5845] | total rewards=[292.5270] | termination= [target destroyed]
[seed 28] reward=   292.53 ownHP=1.0000 tgtHP=-0.0010 target destroyed
Remove Space Complete.

[rehearsal own_rep=6 tgt_rep=6 seeds=1]
SUMMARY dealt=1.0010 taken=0.0000 mean_reward=292.53
tacview log saved (last episode)
STAMP Rule_m500.xml ÎùºÏö¥Îìú2 seed28 2026_8_12_18_16_7


     JSBSim Flight Dynamics Model v1.0.0 May 27 2026 16:13:38
init ID:1 Lat37.92355643001773 Lon128.18188127777776 Alt(meter)7000.0785355893395 Speed(m/sec)300.0
init ID:1 Lat37.96855377446113 Lon128.18188127777776 Alt(meter)7002.8272734023885 Speed(m/sec)300.0
[match] seed 31 OBFM_RED round2 sep=762m alt=8199m spd=261m/s aoff=30deg
            [JSBSim-ML v2.0]

JSBSim startup beginning ...

total: 2
Behavior Tree Initialized Successfully
Behavior Tree Initialized Successfully
[ACTIVE] [RED] LeadPredict dist=712.505 dV=-8.95126 thr=1 om=0.971704 lt=2.61027
[ACTIVE] [RED] LeadPredict dist=512.739 dV=0.20578 thr=0.997531 om=0.741541 lt=1.59242
[ACTIVE] [RED] LeadPredict dist=449.697 dV=-3.4982 thr=1 om=1.037 lt=1.20439
[ACTIVE] [RED] LeadPredict dist=343.181 dV=-7.04782 thr=0.964574 om=1.4353 lt=0.88686
[ACTIVE] [RED] ClimbOut Z=1381.47
runner:local/env:0	num_steps=[1733] | total rewards=[-137.7101] | termination= [ownship destroyed]
[seed 31] reward=  -137.71 ownHP=-0.0060 tgtHP=1.0000 ownship destroyed
Remove Space Complete.

[rehearsal own_rep=6 tgt_rep=6 seeds=1]
SUMMARY dealt=0.0000 taken=1.0060 mean_reward=-137.71
tacview log saved (last episode)
STAMP Rule_m500.xml ÎùºÏö¥Îìú2 seed31 2026_8_12_18_16_14


     JSBSim Flight Dynamics Model v1.0.0 May 27 2026 16:13:38
init ID:1 Lat37.92355643001773 Lon128.18188127777776 Alt(meter)7000.0785355893395 Speed(m/sec)300.0
init ID:1 Lat37.96855377446113 Lon128.18188127777776 Alt(meter)7002.8272734023885 Speed(m/sec)300.0
[match] seed 34 OBFM_RED round2 sep=762m alt=8102m spd=299m/s aoff=30deg
            [JSBSim-ML v2.0]

JSBSim startup beginning ...

total: 2
Behavior Tree Initialized Successfully
Behavior Tree Initialized Successfully
[ACTIVE] [RED] LeadPredict dist=745.943 dV=-4.37274 thr=1 om=0.750029 lt=2.41387
[ACTIVE] [RED] LeadPredict dist=500.824 dV=-0.874542 thr=1 om=0.856226 lt=1.42475
[ACTIVE] [RED] LeadPredict dist=485.859 dV=1.80054 thr=0.978394 om=1.14034 lt=1.19899
[ACTIVE] [RED] ClimbOut Z=1470.83
[ACTIVE] [RED] LeadPredict dist=522.392 dV=11.935 thr=0.85678 om=2.10614 lt=1.27426
[ACTIVE] [RED] LeadPredict dist=246.052 dV=-19.4973 thr=0.874619 om=0.887666 lt=0.747095
[ACTIVE] [RED] LeadPredict dist=165.712 dV=-3.80685 thr=0.834357 om=1.23431 lt=0.577691
[ACTIVE] [RED] LeadPredict dist=236.554 dV=2.00632 thr=0.855924 om=1.48629 lt=0.978568
[ACTIVE] [RED] LeadPredict dist=228.524 dV=13.8384 thr=0.713939 om=1.29333 lt=1.06095
[ACTIVE] [RED] LeadPredict dist=297.296 dV=-3.44675 thr=0.921361 om=0.886231 lt=1.55392
[ACTIVE] [RED] LeadPredict dist=286.845 dV=19.9603 thr=0.67409 om=1.15996 lt=1.42205
[DUTY] team=1 ticks=600 v27¡æ∏ª¡∂¡ÿ=0% v21π≈©øπ√¯=80.6667% v17±Àµµ¡∂∞«=98% v17ΩΩ∑‘¿˚øÎ=0% ªÛΩ¬≈¨∑•«¡=0% ∞≠«œ≈¨∑•«¡=0% v23b¡∂∞«=13.3333% v23bΩ«¡¶¿˚øÎ=13.3333%
[ACTIVE] [RED] LeadPredict dist=153.745 dV=-14.4558 thr=1 om=0.148513 lt=0.807944
[ACTIVE] [RED] LeadPredict dist=215.238 dV=-2.16064 thr=0.905928 om=0.878841 lt=1.04416
[ACTIVE] [RED] LeadPredict dist=255.541 dV=2.98375 thr=0.844195 om=0.273695 lt=1.06825
[ACTIVE] [RED] LeadPredict dist=90.7722 dV=3.96118 thr=0.79622 om=1.14102 lt=0.352474
[ACTIVE] [RED] LeadPredict dist=196.611 dV=-4.01263 thr=0.928152 om=1.00071 lt=0.680045
[ACTIVE] [RED] LeadPredict dist=217.414 dV=9.7229 thr=0.763325 om=1.06197 lt=0.660968
[ACTIVE] [RED] LeadPredict dist=238.583 dV=13.787 thr=0.567949 om=1.58412 lt=0.651823
[ACTIVE] [RED] ClimbOut Z=1849.62
[ACTIVE] [RED] LeadPredict dist=453.951 dV=4.06409 thr=0.623297 om=1.48305 lt=1.30208
[ACTIVE] [RED] LeadPredict dist=511.939 dV=-9.87726 thr=0.842153 om=1.18915 lt=1.72289
[ACTIVE] [RED] LeadPredict dist=429.021 dV=2.21207 thr=0.973455 om=0.989302 lt=0.846183
[DUTY] team=1 ticks=1200 v27¡æ∏ª¡∂¡ÿ=0.416667% v21π≈©øπ√¯=80.75% v17±Àµµ¡∂∞«=98.8333% v17ΩΩ∑‘¿˚øÎ=6.41667% ªÛΩ¬≈¨∑•«¡=0% ∞≠«œ≈¨∑•«¡=16.8333% v23b¡∂∞«=20.25% v23bΩ«¡¶¿˚øÎ=19.5833%
[ACTIVE] [RED] LeadPredict dist=1165.02 dV=34.1588 thr=1 om=1.74847 lt=3
[ACTIVE] [RED] LeadPredict dist=683.978 dV=-19.2915 thr=1 om=1.84785 lt=3
[ACTIVE] [RED] LeadPredict dist=743.968 dV=3.24097 thr=0.971061 om=1.8985 lt=1.18156
[ACTIVE] [RED] LeadPredict dist=884.405 dV=4.68141 thr=0.943823 om=1.86596 lt=3
[ACTIVE] [RED] LeadPredict dist=728.672 dV=-8.28249 thr=1 om=1.2043 lt=3
[ACTIVE] [RED] LeadPredict dist=1141.02 dV=-24.333 thr=1 om=0.234302 lt=3
[ACTIVE] [RED] LeadPredict dist=1204.78 dV=-0.617325 thr=1 om=1.41685 lt=3
[ACTIVE] [RED] LeadPredict dist=852.091 dV=1.13177 thr=0.986419 om=0.023548 lt=3
[ACTIVE] [RED] LeadPredict dist=1014.44 dV=-10.083 thr=1 om=0.00777976 lt=3
[ACTIVE] [RED] LeadPredict dist=956.328 dV=9.00272 thr=1 om=1.41192 lt=2.7524
[DUTY] team=1 ticks=1800 v27¡æ∏ª¡∂¡ÿ=1.77778% v21π≈©øπ√¯=80.2222% v17±Àµµ¡∂∞«=95.7222% v17ΩΩ∑‘¿˚øÎ=31.6667% ªÛΩ¬≈¨∑•«¡=0% ∞≠«œ≈¨∑•«¡=18.4444% v23b¡∂∞«=13.5% v23bΩ«¡¶¿˚øÎ=13.0556%
[ACTIVE] [RED] LeadPredict dist=801.512 dV=5.40161 thr=0.935181 om=0.215066 lt=1.30894
runner:local/env:0	num_steps=[11999] | total rewards=[252.2268] | termination= [max time out]
[seed 34] reward=   252.23 ownHP=0.6476 tgtHP=0.4688 max time out
Remove Space Complete.

[rehearsal own_rep=6 tgt_rep=6 seeds=1]
SUMMARY dealt=0.5312 taken=0.3524 mean_reward=252.23
tacview log saved (last episode)
STAMP Rule_m500.xml ÎùºÏö¥Îìú2 seed34 2026_8_12_18_16_41


     JSBSim Flight Dynamics Model v1.0.0 May 27 2026 16:13:38
init ID:1 Lat37.92355643001773 Lon128.18188127777776 Alt(meter)7000.0785355893395 Speed(m/sec)300.0
init ID:1 Lat37.96855377446113 Lon128.18188127777776 Alt(meter)7002.8272734023885 Speed(m/sec)300.0
[match] seed 37 OBFM_RED round2 sep=762m alt=7453m spd=295m/s aoff=30deg
            [JSBSim-ML v2.0]

JSBSim startup beginning ...

total: 2
Behavior Tree Initialized Successfully
Behavior Tree Initialized Successfully
[ACTIVE] [RED] LeadPredict dist=723.103 dV=-4.52707 thr=1 om=0.865337 lt=2.36317
[ACTIVE] [RED] LeadPredict dist=483.803 dV=-0.20575 thr=1 om=0.991866 lt=1.37512
[ACTIVE] [RED] LeadPredict dist=464.3 dV=-0.874542 thr=1 om=0.716612 lt=1.14593
[ACTIVE] [RED] ClimbOut Z=1427.39
runner:local/env:0	num_steps=[1471] | total rewards=[-134.9136] | termination= [ownship destroyed]
[seed 37] reward=  -134.91 ownHP=-0.0102 tgtHP=1.0000 ownship destroyed
Remove Space Complete.

[rehearsal own_rep=6 tgt_rep=6 seeds=1]
SUMMARY dealt=0.0000 taken=1.0102 mean_reward=-134.91
tacview log saved (last episode)
STAMP Rule_m500.xml ÎùºÏö¥Îìú2 seed37 2026_8_12_18_16_47


     JSBSim Flight Dynamics Model v1.0.0 May 27 2026 16:13:38
init ID:1 Lat37.92355643001773 Lon128.18188127777776 Alt(meter)7000.0785355893395 Speed(m/sec)300.0
init ID:1 Lat37.96855377446113 Lon128.18188127777776 Alt(meter)7002.8272734023885 Speed(m/sec)300.0
[match] seed 40 OBFM_RED round2 sep=762m alt=6516m spd=218m/s aoff=30deg
            [JSBSim-ML v2.0]

JSBSim startup beginning ...

total: 2
Behavior Tree Initialized Successfully
Behavior Tree Initialized Successfully
[ACTIVE] [RED] LeadPredict dist=699.782 dV=-11.009 thr=1 om=1.2655 lt=3
[ACTIVE] [RED] LeadPredict dist=265.835 dV=-10.6489 thr=1 om=1.54361 lt=1.02468
[ACTIVE] [RED] LeadPredict dist=154.565 dV=-6.89349 thr=0.962722 om=1.27033 lt=0.500837
[ACTIVE] [RED] LeadPredict dist=106.326 dV=-4.32129 thr=0.751855 om=1.11454 lt=0.298892
[ACTIVE] [RED] ClimbOut Z=1179.48
[ACTIVE] [RED] LeadPredict dist=457.951 dV=2.4693 thr=0.708347 om=1.45121 lt=1.39354
[ACTIVE] [RED] LeadPredict dist=355.068 dV=-10.1859 thr=1 om=1.56076 lt=1.26643
[ACTIVE] [RED] LeadPredict dist=197.957 dV=-5.45306 thr=0.945437 om=0.640698 lt=0.811987
[ACTIVE] [RED] LeadPredict dist=71.8204 dV=-2.26353 thr=0.775899 om=0.333103 lt=0.337301
[ACTIVE] [RED] LeadPredict dist=331.07 dV=-5.71028 thr=0.948523 om=0.664597 lt=1.62637
[ACTIVE] [RED] LeadPredict dist=384.623 dV=3.54964 thr=0.837404 om=1.07782 lt=1.96286
[DUTY] team=1 ticks=600 v27¡æ∏ª¡∂¡ÿ=0% v21π≈©øπ√¯=86.6667% v17±Àµµ¡∂∞«=95.6667% v17ΩΩ∑‘¿˚øÎ=0% ªÛΩ¬≈¨∑•«¡=0% ∞≠«œ≈¨∑•«¡=1.33333% v23b¡∂∞«=12.5% v23bΩ«¡¶¿˚øÎ=12.5%
[ACTIVE] [RED] LeadPredict dist=467.522 dV=12.9124 thr=0.845051 om=1.31087 lt=2.39536
[ACTIVE] [RED] LeadPredict dist=249.976 dV=-17.0794 thr=1 om=0.282124 lt=1.31223
[ACTIVE] [RED] LeadPredict dist=909.511 dV=-5.91606 thr=1 om=1.26384 lt=3
[ACTIVE] [RED] LeadPredict dist=210.243 dV=-4.57851 thr=0.934942 om=0.239545 lt=0.9263
[ACTIVE] [RED] LeadPredict dist=946.704 dV=-1.90343 thr=1 om=0.760593 lt=3
[ACTIVE] [RED] LeadPredict dist=1090.28 dV=-11.3691 thr=1 om=1.43452 lt=3
[ACTIVE] [RED] LeadPredict dist=603.8 dV=-5.86462 thr=0.8603 om=1.50175 lt=2.06166
[ACTIVE] [RED] LeadPredict dist=905.479 dV=-7.56229 thr=0.761694 om=0.109273 lt=2.86479
[ACTIVE] [RED] LeadPredict dist=944.861 dV=-2.05774 thr=0.711845 om=0.396013 lt=2.88242
[ACTIVE] [RED] LeadPredict dist=884.994 dV=-1.74908 thr=0.728024 om=1.3848 lt=2.73151
[DUTY] team=1 ticks=1200 v27¡æ∏ª¡∂¡ÿ=2% v21π≈©øπ√¯=92.0833% v17±Àµµ¡∂∞«=97.8333% v17ΩΩ∑‘¿˚øÎ=34% ªÛΩ¬≈¨∑•«¡=0% ∞≠«œ≈¨∑•«¡=7.41667% v23b¡∂∞«=18.5833% v23bΩ«¡¶¿˚øÎ=18.5833%
[ACTIVE] [RED] LeadPredict dist=1022.82 dV=-11.7292 thr=0.889346 om=0.100878 lt=3
[ACTIVE] [RED] LeadPredict dist=1056.36 dV=-6.07037 thr=1 om=0.162351 lt=3
[ACTIVE] [RED] LeadPredict dist=938.052 dV=9.20847 thr=1 om=1.49269 lt=2.74656
[ACTIVE] [RED] LeadPredict dist=814.887 dV=-0.308655 thr=1 om=1.25038 lt=0
[ACTIVE] [RED] LeadPredict dist=709.474 dV=10.2374 thr=0.877152 om=0.829437 lt=1.40922
[ACTIVE] [RED] LeadPredict dist=661.647 dV=14.5587 thr=0.641444 om=1.59942 lt=1.92135
[ACTIVE] [RED] LeadPredict dist=850.473 dV=-6.53339 thr=0.777873 om=0.637873 lt=2.72356
[ACTIVE] [RED] LeadPredict dist=906.678 dV=3.65253 thr=0.971679 om=0.0981676 lt=0
[ACTIVE] [RED] LeadPredict dist=785.826 dV=12.5523 thr=0.849372 om=1.47061 lt=1.6363
[ACTIVE] [RED] LeadPredict dist=685.171 dV=3.13809 thr=0.962343 om=0.865086 lt=1.67955
[DUTY] team=1 ticks=1800 v27¡æ∏ª¡∂¡ÿ=15.8889% v21π≈©øπ√¯=89.1667% v17±Àµµ¡∂∞«=95.9444% v17ΩΩ∑‘¿˚øÎ=53.3889% ªÛΩ¬≈¨∑•«¡=0% ∞≠«œ≈¨∑•«¡=4.94444% v23b¡∂∞«=20.5% v23bΩ«¡¶¿˚øÎ=20.5%
[ACTIVE] [RED] LeadPredict dist=667.985 dV=3.60107 thr=0.956787 om=0.145623 lt=0
[ACTIVE] [RED] LeadPredict dist=602.699 dV=12.398 thr=0.629856 om=1.43284 lt=1.73642
runner:local/env:0	num_steps=[11999] | total rewards=[648.4195] | termination= [max time out]
[seed 40] reward=   648.42 ownHP=1.0000 tgtHP=0.5033 max time out
Remove Space Complete.

[rehearsal own_rep=6 tgt_rep=6 seeds=1]
SUMMARY dealt=0.4967 taken=0.0000 mean_reward=648.42
tacview log saved (last episode)
STAMP Rule_m500.xml ÎùºÏö¥Îìú2 seed40 2026_8_12_18_17_13


     JSBSim Flight Dynamics Model v1.0.0 May 27 2026 16:13:38
init ID:1 Lat37.92355643001773 Lon128.18188127777776 Alt(meter)7000.0785355893395 Speed(m/sec)300.0
init ID:1 Lat37.96855377446113 Lon128.18188127777776 Alt(meter)7002.8272734023885 Speed(m/sec)300.0
[match] seed 43 OBFM_RED round2 sep=762m alt=8245m spd=239m/s aoff=30deg
            [JSBSim-ML v2.0]

JSBSim startup beginning ...

total: 2
Behavior Tree Initialized Successfully
Behavior Tree Initialized Successfully
[ACTIVE] [RED] LeadPredict dist=684.508 dV=-19.2915 thr=1 om=0.789844 lt=2.81844
[ACTIVE] [RED] LeadPredict dist=376.328 dV=-11.9865 thr=1 om=0.863581 lt=1.33613
[ACTIVE] [RED] LeadPredict dist=211.092 dV=-10.3402 thr=1 om=0.832 lt=0.628478
[ACTIVE] [RED] LeadPredict dist=151.443 dV=-7.04785 thr=0.951635 om=1.44864 lt=0.397386
[ACTIVE] [RED] ClimbOut Z=1392.93
[ACTIVE] [RED] LeadPredict dist=506.695 dV=4.93863 thr=0.572355 om=1.53709 lt=1.40506
[ACTIVE] [RED] LeadPredict dist=343.755 dV=-18.6227 thr=0.843027 om=0.22522 lt=1.15768
[ACTIVE] [RED] LeadPredict dist=514.484 dV=-3.08664 thr=1 om=0.459515 lt=1.39528
[ACTIVE] [RED] LeadPredict dist=999.588 dV=32.2554 thr=1 om=1.59802 lt=3
[ACTIVE] [RED] LeadPredict dist=725.123 dV=-26.1336 thr=1 om=2.04886 lt=3
[ACTIVE] [RED] LeadPredict dist=1453.36 dV=-33.5415 thr=1 om=0.993343 lt=3
[DUTY] team=1 ticks=600 v27¡æ∏ª¡∂¡ÿ=1.66667% v21π≈©øπ√¯=85% v17±Àµµ¡∂∞«=98% v17ΩΩ∑‘¿˚øÎ=29.6667% ªÛΩ¬≈¨∑•«¡=0% ∞≠«œ≈¨∑•«¡=20.3333% v23b¡∂∞«=16.5% v23bΩ«¡¶¿˚øÎ=16.5%
[ACTIVE] [RED] LeadPredict dist=670.422 dV=39.7148 thr=0.792 om=1.25413 lt=3
[ACTIVE] [RED] LeadPredict dist=880.864 dV=6.48195 thr=0.922217 om=0.379741 lt=3
[ACTIVE] [RED] LeadPredict dist=797.306 dV=-9.51714 thr=1 om=1.29431 lt=3
[ACTIVE] [RED] LeadPredict dist=836.89 dV=-10.8547 thr=1 om=0.081597 lt=3
[ACTIVE] [RED] LeadPredict dist=1075.79 dV=-14.8673 thr=1 om=0.0760834 lt=3
[ACTIVE] [RED] LeadPredict dist=999.529 dV=12.2951 thr=1 om=1.35592 lt=2.91122
[ACTIVE] [RED] LeadPredict dist=721.802 dV=16.565 thr=0.672756 om=0.0338086 lt=2.10326
[ACTIVE] [RED] LeadPredict dist=673.935 dV=10.546 thr=0.873448 om=0.0261026 lt=0
[ACTIVE] [RED] LeadPredict dist=573.294 dV=13.2726 thr=0.840729 om=1.81984 lt=0.133795
[ACTIVE] [RED] LeadPredict dist=498.135 dV=13.9413 thr=0.832704 om=0.0538261 lt=1.62768
[DUTY] team=1 ticks=1200 v27¡æ∏ª¡∂¡ÿ=17% v21π≈©øπ√¯=77.0833% v17±Àµµ¡∂∞«=89.25% v17ΩΩ∑‘¿˚øÎ=55.0833% ªÛΩ¬≈¨∑•«¡=0% ∞≠«œ≈¨∑•«¡=25.8333% v23b¡∂∞«=11.75% v23bΩ«¡¶¿˚øÎ=11.75%
[ACTIVE] [RED] LeadPredict dist=473.539 dV=-1.44043 thr=1 om=0.542303 lt=1.49796
runner:local/env:0	num_steps=[8199] | total rewards=[646.0996] | termination= [target destroyed]
[seed 43] reward=   646.10 ownHP=1.0000 tgtHP=-0.0027 target destroyed
Remove Space Complete.

[rehearsal own_rep=6 tgt_rep=6 seeds=1]
SUMMARY dealt=1.0027 taken=0.0000 mean_reward=646.10
tacview log saved (last episode)
STAMP Rule_m500.xml ÎùºÏö¥Îìú2 seed43 2026_8_12_18_17_33

########## Rule_m500.xml / ÎùºÏö¥Îìú3 / OBFM_RED / jh2 ##########


     JSBSim Flight Dynamics Model v1.0.0 May 27 2026 16:13:38
init ID:1 Lat37.92355643001773 Lon128.18188127777776 Alt(meter)7000.0785355893395 Speed(m/sec)300.0
init ID:1 Lat37.96855377446113 Lon128.18188127777776 Alt(meter)7002.8272734023885 Speed(m/sec)300.0
[match] seed 2 OBFM_RED round3 sep=914m alt=7868m spd=241m/s aoff=30deg
            [JSBSim-ML v2.0]

JSBSim startup beginning ...

total: 2
Behavior Tree Initialized Successfully
Behavior Tree Initialized Successfully
[ACTIVE] [RED] LeadPredict dist=817.378 dV=-21.1949 thr=1 om=0.594938 lt=3
[ACTIVE] [RED] LeadPredict dist=369.305 dV=-10.7003 thr=1 om=0.969278 lt=1.29161
[ACTIVE] [RED] LeadPredict dist=249.832 dV=-8.23105 thr=0.978773 om=0.892808 lt=0.742454
[ACTIVE] [RED] LeadPredict dist=187.4 dV=3.85831 thr=0.869733 om=1.52191 lt=0.482427
[ACTIVE] [RED] ClimbOut Z=1328.05
[ACTIVE] [RED] LeadPredict dist=373.853 dV=12.2951 thr=0.732372 om=1.64421 lt=1.02053
[ACTIVE] [RED] LeadPredict dist=605.507 dV=-1.95486 thr=0.787931 om=0.367759 lt=1.95389
[ACTIVE] [RED] LeadPredict dist=245.275 dV=-5.29871 thr=0.943585 om=0.976206 lt=0.957392
[ACTIVE] [RED] LeadPredict dist=164.192 dV=-0.20578 thr=0.882469 om=0.369531 lt=0.736424
[ACTIVE] [RED] LeadPredict dist=205.215 dV=-1.2861 thr=0.895433 om=0.730364 lt=1.02971
[ACTIVE] [RED] LeadPredict dist=341.106 dV=5.19585 thr=0.81765 om=0.455839 lt=1.67145
[DUTY] team=1 ticks=600 v27¡æ∏ª¡∂¡ÿ=0% v21π≈©øπ√¯=84% v17±Àµµ¡∂∞«=96% v17ΩΩ∑‘¿˚øÎ=4% ªÛΩ¬≈¨∑•«¡=0% ∞≠«œ≈¨∑•«¡=7.16667% v23b¡∂∞«=18% v23bΩ«¡¶¿˚øÎ=18%
[ACTIVE] [RED] LeadPredict dist=301.774 dV=5.40161 thr=0.815181 om=0.974155 lt=1.4538
[ACTIVE] [RED] LeadPredict dist=288.244 dV=8.64259 thr=0.776289 om=1.29271 lt=1.29431
[ACTIVE] [RED] LeadPredict dist=381.159 dV=-8.28249 thr=0.98191 om=1.60246 lt=1.64539
[ACTIVE] [RED] LeadPredict dist=332.399 dV=4.32129 thr=0.879559 om=1.7519 lt=1.25439
[ACTIVE] [RED] LeadPredict dist=317.522 dV=-4.62994 thr=0.855708 om=1.3965 lt=1.08019
[ACTIVE] [RED] LeadPredict dist=308.306 dV=6.58481 thr=0.718623 om=1.77402 lt=0.945125
[ACTIVE] [RED] LeadPredict dist=391.84 dV=-10.6489 thr=0.68386 om=1.4189 lt=1.17182
[ACTIVE] [RED] ClimbOut Z=1633.11
[ACTIVE] [RED] LeadPredict dist=101.111 dV=-11.5749 thr=0.750325 om=1.44216 lt=0.317213
[ACTIVE] [RED] LeadPredict dist=588.885 dV=32.0496 thr=0.615405 om=2.10563 lt=1.87535
[ACTIVE] [RED] LeadPredict dist=41.4312 dV=-14.25 thr=0.964058 om=0.827375 lt=0.151984
[DUTY] team=1 ticks=1200 v27¡æ∏ª¡∂¡ÿ=0.0833333% v21π≈©øπ√¯=88.25% v17±Àµµ¡∂∞«=98% v17ΩΩ∑‘¿˚øÎ=9.75% ªÛΩ¬≈¨∑•«¡=0% ∞≠«œ≈¨∑•«¡=17.5% v23b¡∂∞«=32.5% v23bΩ«¡¶¿˚øÎ=26.5833%
[ACTIVE] [RED] LeadPredict dist=307.219 dV=0.565872 thr=0.965531 om=0.348842 lt=1.23693
[ACTIVE] [RED] LeadPredict dist=1032.14 dV=40.5893 thr=1 om=1.68233 lt=3
[ACTIVE] [RED] LeadPredict dist=325.172 dV=-6.99638 thr=0.963957 om=0.2169 lt=1.6435
[ACTIVE] [RED] LeadPredict dist=1367.74 dV=-19.6002 thr=1 om=1.10772 lt=3
[ACTIVE] [RED] LeadPredict dist=571.697 dV=18.6742 thr=0.886148 om=1.20985 lt=3
[ACTIVE] [RED] LeadPredict dist=1187.13 dV=32.6155 thr=1 om=1.0189 lt=3
[ACTIVE] [RED] LeadPredict dist=1108.05 dV=11.1634 thr=1 om=0.406099 lt=3
[ACTIVE] [RED] LeadPredict dist=410.034 dV=0.51445 thr=0.98 om=0.423414 lt=2.42117
[ACTIVE] [RED] LeadPredict dist=1407.36 dV=-22.5325 thr=1 om=0.947385 lt=3
[ACTIVE] [RED] LeadPredict dist=1021.79 dV=-10.4946 thr=1 om=1.38652 lt=3
[DUTY] team=1 ticks=1800 v27¡æ∏ª¡∂¡ÿ=1.38889% v21π≈©øπ√¯=90.8333% v17±Àµµ¡∂∞«=98.6111% v17ΩΩ∑‘¿˚øÎ=32.1667% ªÛΩ¬≈¨∑•«¡=0% ∞≠«œ≈¨∑•«¡=14.1667% v23b¡∂∞«=21.6667% v23bΩ«¡¶¿˚øÎ=17.7222%
[ACTIVE] [RED] LeadPredict dist=997.464 dV=-14.8159 thr=1 om=0.115087 lt=3
runner:local/env:0	num_steps=[11999] | total rewards=[2.9808] | termination= [max time out]
[seed 2] reward=     2.98 ownHP=0.9840 tgtHP=0.9638 max time out
Remove Space Complete.

[rehearsal own_rep=6 tgt_rep=6 seeds=1]
SUMMARY dealt=0.0362 taken=0.0160 mean_reward=2.98
tacview log saved (last episode)
STAMP Rule_m500.xml ÎùºÏö¥Îìú3 seed2 2026_8_12_18_17_59


     JSBSim Flight Dynamics Model v1.0.0 May 27 2026 16:13:38
init ID:1 Lat37.92355643001773 Lon128.18188127777776 Alt(meter)7000.0785355893395 Speed(m/sec)300.0
init ID:1 Lat37.96855377446113 Lon128.18188127777776 Alt(meter)7002.8272734023885 Speed(m/sec)300.0
[match] seed 5 OBFM_RED round3 sep=914m alt=7099m spd=277m/s aoff=30deg
            [JSBSim-ML v2.0]

JSBSim startup beginning ...

total: 2
Behavior Tree Initialized Successfully
Behavior Tree Initialized Successfully
[ACTIVE] [RED] LeadPredict dist=843.472 dV=-4.52707 thr=1 om=0.884087 lt=2.89425
[ACTIVE] [RED] LeadPredict dist=506.421 dV=-0.565887 thr=1 om=1.01875 lt=1.5004
[ACTIVE] [RED] LeadPredict dist=428.251 dV=-3.49817 thr=1 om=1.29734 lt=1.15523
[ACTIVE] [RED] LeadPredict dist=352.318 dV=-5.71027 thr=0.948523 om=1.2017 lt=1.0325
[ACTIVE] [RED] LeadPredict dist=300.414 dV=6.79062 thr=0.80039 om=0.844952 lt=0.882386
[ACTIVE] [RED] ClimbOut Z=1296.77
[ACTIVE] [RED] LeadPredict dist=370.15 dV=4.16696 thr=0.829996 om=2.95009 lt=0.952503
[ACTIVE] [RED] LeadPredict dist=302.773 dV=-1.90344 thr=0.881729 om=0.877478 lt=0.906714
[ACTIVE] [RED] LeadPredict dist=188.683 dV=-1.44043 thr=0.897285 om=1.66231 lt=0.645502
[ACTIVE] [RED] LeadPredict dist=213.922 dV=0.720215 thr=0.871357 om=0.378332 lt=0.79086
[ACTIVE] [RED] LeadPredict dist=184.254 dV=-7.2536 thr=0.967043 om=1.86869 lt=0.696141
[DUTY] team=1 ticks=600 v27¡æ∏ª¡∂¡ÿ=0% v21π≈©øπ√¯=74.3333% v17±Àµµ¡∂∞«=98% v17ΩΩ∑‘¿˚øÎ=0% ªÛΩ¬≈¨∑•«¡=0% ∞≠«œ≈¨∑•«¡=0% v23b¡∂∞«=0.666667% v23bΩ«¡¶¿˚øÎ=0.666667%
[ACTIVE] [RED] LeadPredict dist=120.011 dV=-5.71027 thr=0.768523 om=1.77371 lt=0.43711
[ACTIVE] [RED] LeadPredict dist=94.1295 dV=6.84204 thr=0.712083 om=1.60813 lt=0.314281
[ACTIVE] [RED] LeadPredict dist=313.124 dV=0.977448 thr=0.709003 om=1.40431 lt=0.953281
[ACTIVE] [RED] ClimbOut Z=1280.42
[ACTIVE] [RED] LeadPredict dist=270.876 dV=9.72293 thr=0.638175 om=1.54618 lt=0.753716
[ACTIVE] [RED] LeadPredict dist=307.268 dV=13.0668 thr=0.664838 om=1.47015 lt=0.906767
[ACTIVE] [RED] LeadPredict dist=356.477 dV=-3.80685 thr=0.866421 om=1.75625 lt=1.2232
[ACTIVE] [RED] LeadPredict dist=197.489 dV=15.4846 thr=0.887949 om=0.181502 lt=0.746146
[ACTIVE] [RED] LeadPredict dist=711.012 dV=14.0956 thr=0.830852 om=0.583789 lt=2.81145
[ACTIVE] [RED] LeadPredict dist=813.635 dV=-11.3691 thr=1 om=1.36498 lt=3
[ACTIVE] [RED] LeadPredict dist=321.811 dV=28.6029 thr=0.761184 om=0.692603 lt=1.54154
[DUTY] team=1 ticks=1200 v27¡æ∏ª¡∂¡ÿ=1.25% v21π≈©øπ√¯=72.5% v17±Àµµ¡∂∞«=98.4167% v17ΩΩ∑‘¿˚øÎ=16.25% ªÛΩ¬≈¨∑•«¡=0% ∞≠«œ≈¨∑•«¡=12.5% v23b¡∂∞«=18% v23bΩ«¡¶¿˚øÎ=15%
[ACTIVE] [RED] LeadPredict dist=899.661 dV=32.8213 thr=0.984 om=0.500259 lt=3
[ACTIVE] [RED] LeadPredict dist=318.702 dV=-17.4395 thr=1 om=1.26243 lt=2.01271
[ACTIVE] [RED] LeadPredict dist=1518.6 dV=-35.3935 thr=1 om=0.910199 lt=3
[ACTIVE] [RED] LeadPredict dist=1254.26 dV=-5.5045 thr=1 om=0.382005 lt=3
[ACTIVE] [RED] LeadPredict dist=608.885 dV=26.2364 thr=0.703999 om=0.410518 lt=3
[ACTIVE] [RED] LeadPredict dist=908.431 dV=-11.935 thr=1 om=0.419785 lt=3
[ACTIVE] [RED] LeadPredict dist=880.591 dV=-5.04152 thr=1 om=0.941124 lt=3
[ACTIVE] [RED] LeadPredict dist=854.761 dV=13.1697 thr=0.841964 om=0.281987 lt=3
[ACTIVE] [RED] LeadPredict dist=944.266 dV=-1.44044 thr=1 om=0.102817 lt=3
[ACTIVE] [RED] LeadPredict dist=885.18 dV=13.5298 thr=0.936 om=1.41934 lt=0.926386
[DUTY] team=1 ticks=1800 v27¡æ∏ª¡∂¡ÿ=1.83333% v21π≈©øπ√¯=76.9444% v17±Àµµ¡∂∞«=96.5556% v17ΩΩ∑‘¿˚øÎ=36.3333% ªÛΩ¬≈¨∑•«¡=0% ∞≠«œ≈¨∑•«¡=12.6111% v23b¡∂∞«=12% v23bΩ«¡¶¿˚øÎ=10%
[ACTIVE] [RED] LeadPredict dist=806.468 dV=-6.94495 thr=1 om=0.115679 lt=3
[ACTIVE] [RED] LeadPredict dist=927.222 dV=-6.73917 thr=0.815479 om=0.0364827 lt=3
runner:local/env:0	num_steps=[11999] | total rewards=[216.0876] | termination= [max time out]
[seed 5] reward=   216.09 ownHP=0.0940 tgtHP=0.8659 max time out
Remove Space Complete.

[rehearsal own_rep=6 tgt_rep=6 seeds=1]
SUMMARY dealt=0.1341 taken=0.9060 mean_reward=216.09
tacview log saved (last episode)
STAMP Rule_m500.xml ÎùºÏö¥Îìú3 seed5 2026_8_12_18_18_26


     JSBSim Flight Dynamics Model v1.0.0 May 27 2026 16:13:38
init ID:1 Lat37.92355643001773 Lon128.18188127777776 Alt(meter)7000.0785355893395 Speed(m/sec)300.0
init ID:1 Lat37.96855377446113 Lon128.18188127777776 Alt(meter)7002.8272734023885 Speed(m/sec)300.0
[match] seed 8 OBFM_RED round3 sep=914m alt=1075m spd=265m/s aoff=30deg
            [JSBSim-ML v2.0]

JSBSim startup beginning ...

total: 2
Behavior Tree Initialized Successfully
Behavior Tree Initialized Successfully
[ACTIVE] [RED] LeadPredict dist=896.228 dV=8.02525 thr=0.984 om=1.70852 lt=3
[ACTIVE] [RED] LeadPredict dist=598.358 dV=-4.16696 thr=1 om=1.43487 lt=2.90927
[ACTIVE] [RED] LeadPredict dist=709.637 dV=-6.37906 thr=1 om=0.259976 lt=3
[ACTIVE] [RED] LeadPredict dist=908.124 dV=5.81317 thr=0.930242 om=1.5833 lt=3
[ACTIVE] [RED] LeadPredict dist=1678.26 dV=2.41786 thr=1 om=0.945824 lt=3
[ACTIVE] [RED] LeadPredict dist=1114.56 dV=8.33393 thr=1 om=1.49461 lt=3
[ACTIVE] [RED] LeadPredict dist=664.841 dV=43.5216 thr=0.631999 om=0.362147 lt=3
[ACTIVE] [RED] LeadPredict dist=1201.86 dV=26.9566 thr=1 om=0.350273 lt=3
[ACTIVE] [RED] LeadPredict dist=1513.16 dV=19.0343 thr=1 om=0.443641 lt=3
[ACTIVE] [RED] LeadPredict dist=1320.91 dV=7.56227 thr=1 om=0.765303 lt=3
[DUTY] team=1 ticks=600 v27¡æ∏ª¡∂¡ÿ=1.5% v21π≈©øπ√¯=91% v17±Àµµ¡∂∞«=97.8333% v17ΩΩ∑‘¿˚øÎ=74.1667% ªÛΩ¬≈¨∑•«¡=0% ∞≠«œ≈¨∑•«¡=0.833333% v23b¡∂∞«=0% v23bΩ«¡¶¿˚øÎ=0%
[ACTIVE] [RED] LeadPredict dist=835.985 dV=9.67147 thr=0.928 om=1.68763 lt=3
[ACTIVE] [RED] LeadPredict dist=659.032 dV=-19.8059 thr=1 om=2.15598 lt=3
[ACTIVE] [RED] LeadPredict dist=1273.9 dV=-67.5974 thr=1 om=1.00019 lt=3
[ACTIVE] [RED] LeadPredict dist=1275.93 dV=-53.8619 thr=1 om=0.393895 lt=3
[ACTIVE] [RED] LeadPredict dist=1293.36 dV=4.37274 thr=1 om=1.05087 lt=3
[ACTIVE] [RED] LeadPredict dist=1220.43 dV=20.5262 thr=1 om=0.256333 lt=3
[ACTIVE] [RED] LeadPredict dist=1136.12 dV=1.23465 thr=1 om=0.0140113 lt=3
[ACTIVE] [RED] LeadPredict dist=1110.17 dV=1.23465 thr=1 om=1.49147 lt=3
[ACTIVE] [RED] LeadPredict dist=854.132 dV=4.52707 thr=0.945675 om=0.144662 lt=3
[ACTIVE] [RED] LeadPredict dist=962.457 dV=-5.86462 thr=1 om=0.0776081 lt=3
[DUTY] team=1 ticks=1200 v27¡æ∏ª¡∂¡ÿ=1.5% v21π≈©øπ√¯=82.8333% v17±Àµµ¡∂∞«=91.0833% v17ΩΩ∑‘¿˚øÎ=79.25% ªÛΩ¬≈¨∑•«¡=0% ∞≠«œ≈¨∑•«¡=12.3333% v23b¡∂∞«=0% v23bΩ«¡¶¿˚øÎ=0%
[ACTIVE] [RED] LeadPredict dist=926.875 dV=11.4206 thr=1 om=1.19965 lt=2.67555
[ACTIVE] [RED] LeadPredict dist=778.829 dV=14.7644 thr=0.822827 om=1.22931 lt=1.66695
[ACTIVE] [RED] LeadPredict dist=753.962 dV=5.45306 thr=0.934563 om=0.0318558 lt=0
[ACTIVE] [RED] LeadPredict dist=668.071 dV=15.8448 thr=0.809863 om=1.40689 lt=1.86051
[ACTIVE] [RED] LeadPredict dist=832.289 dV=-2.2121 thr=0.654781 om=1.39413 lt=2.4391
[ACTIVE] [RED] LeadPredict dist=1028.75 dV=-11.8836 thr=0.76 om=0.0399116 lt=2.91
[ACTIVE] [RED] LeadPredict dist=941.218 dV=25.1047 thr=1 om=1.57626 lt=2.48182
[ACTIVE] [RED] LeadPredict dist=720.467 dV=4.88718 thr=0.941354 om=0.155128 lt=0.258677
runner:local/env:0	num_steps=[10099] | total rewards=[797.3246] | termination= [target destroyed]
[seed 8] reward=   797.32 ownHP=1.0000 tgtHP=-0.0019 target destroyed
Remove Space Complete.

[rehearsal own_rep=6 tgt_rep=6 seeds=1]
SUMMARY dealt=1.0019 taken=0.0000 mean_reward=797.32
tacview log saved (last episode)
STAMP Rule_m500.xml ÎùºÏö¥Îìú3 seed8 2026_8_12_18_18_49


     JSBSim Flight Dynamics Model v1.0.0 May 27 2026 16:13:38
init ID:1 Lat37.92355643001773 Lon128.18188127777776 Alt(meter)7000.0785355893395 Speed(m/sec)300.0
init ID:1 Lat37.96855377446113 Lon128.18188127777776 Alt(meter)7002.8272734023885 Speed(m/sec)300.0
[match] seed 11 OBFM_RED round3 sep=914m alt=4420m spd=280m/s aoff=30deg
            [JSBSim-ML v2.0]

JSBSim startup beginning ...

total: 2
Behavior Tree Initialized Successfully
Behavior Tree Initialized Successfully
[ACTIVE] [RED] LeadPredict dist=763.092 dV=-3.03519 thr=1 om=1.09592 lt=2.59553
[ACTIVE] [RED] LeadPredict dist=363.675 dV=-1.5433 thr=0.904 om=1.40613 lt=1.07388
[ACTIVE] [RED] LeadPredict dist=290.463 dV=-3.70398 thr=0.924448 om=1.4371 lt=0.854967
[ACTIVE] [RED] LeadPredict dist=194.472 dV=-5.81317 thr=0.949758 om=1.11572 lt=0.651544
[ACTIVE] [RED] LeadPredict dist=193.853 dV=0.20578 thr=0.877531 om=0.894463 lt=0.659127
[ACTIVE] [RED] LeadPredict dist=173.655 dV=-7.51083 thr=0.97013 om=1.20595 lt=0.550312
[ACTIVE] [RED] ClimbOut Z=1447.55
[ACTIVE] [RED] LeadPredict dist=195.147 dV=6.73914 thr=0.602745 om=1.43508 lt=0.552087
[ACTIVE] [RED] LeadPredict dist=62.1104 dV=-12.5523 thr=0.828597 om=0.891092 lt=0.206807
[ACTIVE] [RED] LeadPredict dist=205.897 dV=7.61371 thr=0.928 om=0.180645 lt=0.749365
[ACTIVE] [RED] LeadPredict dist=546.949 dV=8.69403 thr=0.895672 om=0.699073 lt=2.0521
[DUTY] team=1 ticks=600 v27¡æ∏ª¡∂¡ÿ=0.666667% v21π≈©øπ√¯=76% v17±Àµµ¡∂∞«=97.6667% v17ΩΩ∑‘¿˚øÎ=12.5% ªÛΩ¬≈¨∑•«¡=0% ∞≠«œ≈¨∑•«¡=5.83333% v23b¡∂∞«=15.1667% v23bΩ«¡¶¿˚øÎ=15.1667%
[ACTIVE] [RED] LeadPredict dist=908.938 dV=-17.4395 thr=1 om=1.57793 lt=3
[ACTIVE] [RED] LeadPredict dist=519.642 dV=32.9242 thr=0.743999 om=1.96413 lt=2.10396
[ACTIVE] [RED] LeadPredict dist=179.123 dV=-7.97382 thr=0.975686 om=1.95633 lt=0.78492
[ACTIVE] [RED] LeadPredict dist=770.56 dV=-8.12816 thr=1 om=0.658946 lt=3
[ACTIVE] [RED] LeadPredict dist=820.889 dV=21.6579 thr=0.740105 om=1.89701 lt=2.91611
[ACTIVE] [RED] LeadPredict dist=644.501 dV=-7.20215 thr=0.867952 om=1.50546 lt=2.21424
[ACTIVE] [RED] LeadPredict dist=371.109 dV=6.43048 thr=0.689107 om=0.127176 lt=1.11393
[ACTIVE] [RED] ClimbOut Z=949.476
[ACTIVE] [RED] LeadPredict dist=458.727 dV=23.7157 thr=0.710533 om=1.54328 lt=1.39809
[ACTIVE] [RED] LeadPredict dist=451.772 dV=0.20575 thr=0.997531 om=1.62314 lt=1.65072
[ACTIVE] [RED] LeadPredict dist=503.166 dV=27.4197 thr=0.688982 om=0.123436 lt=1.99609
[DUTY] team=1 ticks=1200 v27¡æ∏ª¡∂¡ÿ=2.08333% v21π≈©øπ√¯=82.3333% v17±Àµµ¡∂∞«=97.9167% v17ΩΩ∑‘¿˚øÎ=49.0833% ªÛΩ¬≈¨∑•«¡=0% ∞≠«œ≈¨∑•«¡=21.6667% v23b¡∂∞«=20.8333% v23bΩ«¡¶¿˚øÎ=16.4167%
[ACTIVE] [RED] LeadPredict dist=508.265 dV=6.99638 thr=0.916043 om=0.536148 lt=2.29234
[ACTIVE] [RED] LeadPredict dist=507.755 dV=15.176 thr=0.817888 om=2.07864 lt=2.59738
[ACTIVE] [RED] LeadPredict dist=502.9 dV=0.154327 thr=0.998148 om=0.0905584 lt=0.390453
[ACTIVE] [RED] LeadPredict dist=409.074 dV=20.2689 thr=0.756773 om=0.47456 lt=1.05273
[ACTIVE] [RED] LeadPredict dist=349.043 dV=10.2374 thr=0.757152 om=1.44529 lt=1.20414
[ACTIVE] [RED] LeadPredict dist=250.448 dV=22.3267 thr=0.61208 om=0.353389 lt=1.18193
runner:local/env:0	num_steps=[10093] | total rewards=[530.4742] | termination= [target destroyed]
[seed 11] reward=   530.47 ownHP=0.5601 tgtHP=-0.0156 target destroyed
Remove Space Complete.

[rehearsal own_rep=6 tgt_rep=6 seeds=1]
SUMMARY dealt=1.0156 taken=0.4399 mean_reward=530.47
tacview log saved (last episode)
STAMP Rule_m500.xml ÎùºÏö¥Îìú3 seed11 2026_8_12_18_19_12


     JSBSim Flight Dynamics Model v1.0.0 May 27 2026 16:13:38
init ID:1 Lat37.92355643001773 Lon128.18188127777776 Alt(meter)7000.0785355893395 Speed(m/sec)300.0
init ID:1 Lat37.96855377446113 Lon128.18188127777776 Alt(meter)7002.8272734023885 Speed(m/sec)300.0
[match] seed 14 OBFM_RED round3 sep=914m alt=2843m spd=280m/s aoff=30deg
            [JSBSim-ML v2.0]

JSBSim startup beginning ...

total: 2
Behavior Tree Initialized Successfully
Behavior Tree Initialized Successfully
[ACTIVE] [RED] LeadPredict dist=717.23 dV=-4.7843 thr=1 om=1.22116 lt=2.44983
[ACTIVE] [RED] ClimbOut Z=1152.96
[ACTIVE] [RED] LeadPredict dist=329.509 dV=0.102905 thr=0.722558 om=1.45027 lt=1.013
[ACTIVE] [RED] LeadPredict dist=98.5034 dV=-7.35651 thr=0.936303 om=0.26241 lt=0.365205
[ACTIVE] [RED] LeadPredict dist=685.518 dV=0.360107 thr=0.995679 om=0.23471 lt=2.96848
[ACTIVE] [RED] LeadPredict dist=955.642 dV=23.5099 thr=0.889238 om=1.50097 lt=3
[ACTIVE] [RED] LeadPredict dist=225.135 dV=-23.9214 thr=1 om=1.0125 lt=1.19702
[ACTIVE] [RED] LeadPredict dist=1154.99 dV=-14.4043 thr=1 om=1.07183 lt=3
[ACTIVE] [RED] LeadPredict dist=470.189 dV=33.0785 thr=0.751999 om=0.732704 lt=2.4823
[ACTIVE] [RED] LeadPredict dist=1085.93 dV=45.3736 thr=1 om=1.07277 lt=3
[ACTIVE] [RED] LeadPredict dist=544.343 dV=-3.18953 thr=1 om=0.896054 lt=3
[DUTY] team=1 ticks=600 v27¡æ∏ª¡∂¡ÿ=3.16667% v21π≈©øπ√¯=85.8333% v17±Àµµ¡∂∞«=97.6667% v17ΩΩ∑‘¿˚øÎ=58.8333% ªÛΩ¬≈¨∑•«¡=0% ∞≠«œ≈¨∑•«¡=6.5% v23b¡∂∞«=12.6667% v23bΩ«¡¶¿˚øÎ=12.6667%
[ACTIVE] [RED] LeadPredict dist=742.67 dV=-22.9955 thr=1 om=0.464252 lt=3
[ACTIVE] [RED] LeadPredict dist=1312.91 dV=-32.5641 thr=1 om=0.465692 lt=3
[ACTIVE] [RED] LeadPredict dist=1226.51 dV=7.97382 thr=1 om=0.957367 lt=3
[ACTIVE] [RED] LeadPredict dist=960.638 dV=57.4629 thr=1 om=0.613621 lt=3
[ACTIVE] [RED] LeadPredict dist=707.979 dV=48.1001 thr=0.599999 om=0.404061 lt=3
[ACTIVE] [RED] LeadPredict dist=758.301 dV=0.87455 thr=0.989505 om=0.953359 lt=3
[ACTIVE] [RED] LeadPredict dist=1025.47 dV=-28.7572 thr=1 om=0.287608 lt=3
[ACTIVE] [RED] LeadPredict dist=1113.94 dV=-10.3917 thr=1 om=0.65507 lt=3
[ACTIVE] [RED] LeadPredict dist=981.559 dV=19.4973 thr=1 om=0.794894 lt=3
[ACTIVE] [RED] LeadPredict dist=934.059 dV=13.1697 thr=1 om=0.0612878 lt=3
[DUTY] team=1 ticks=1200 v27¡æ∏ª¡∂¡ÿ=2.33333% v21π≈©øπ√¯=86.6667% v17±Àµµ¡∂∞«=98.4167% v17ΩΩ∑‘¿˚øÎ=75.5833% ªÛΩ¬≈¨∑•«¡=0% ∞≠«œ≈¨∑•«¡=3.25% v23b¡∂∞«=6.33333% v23bΩ«¡¶¿˚øÎ=6.33333%
[ACTIVE] [RED] LeadPredict dist=824.25 dV=14.3014 thr=0.828383 om=1.24464 lt=1.19759
[ACTIVE] [RED] LeadPredict dist=774.832 dV=-2.36642 thr=1 om=0.023432 lt=2.96198
[ACTIVE] [RED] LeadPredict dist=879.51 dV=-6.73917 thr=0.833189 om=0.0737654 lt=2.93905
[ACTIVE] [RED] LeadPredict dist=858.52 dV=9.00272 thr=0.891967 om=1.06192 lt=1.35648
[ACTIVE] [RED] LeadPredict dist=821.911 dV=2.2121 thr=0.973455 om=0.109366 lt=0
[ACTIVE] [RED] LeadPredict dist=792.176 dV=7.04785 thr=0.915426 om=0.0332134 lt=0
runner:local/env:0	num_steps=[9760] | total rewards=[681.1166] | termination= [target destroyed]
[seed 14] reward=   681.12 ownHP=1.0000 tgtHP=-0.0025 target destroyed
Remove Space Complete.

[rehearsal own_rep=6 tgt_rep=6 seeds=1]
SUMMARY dealt=1.0025 taken=0.0000 mean_reward=681.12
tacview log saved (last episode)
STAMP Rule_m500.xml ÎùºÏö¥Îìú3 seed14 2026_8_12_18_19_37


     JSBSim Flight Dynamics Model v1.0.0 May 27 2026 16:13:38
init ID:1 Lat37.92355643001773 Lon128.18188127777776 Alt(meter)7000.0785355893395 Speed(m/sec)300.0
init ID:1 Lat37.96855377446113 Lon128.18188127777776 Alt(meter)7002.8272734023885 Speed(m/sec)300.0
[match] seed 17 OBFM_RED round3 sep=914m alt=3486m spd=239m/s aoff=30deg
            [JSBSim-ML v2.0]

JSBSim startup beginning ...

total: 2
Behavior Tree Initialized Successfully
Behavior Tree Initialized Successfully
[ACTIVE] [RED] LeadPredict dist=735.467 dV=-10.6489 thr=1 om=1.37028 lt=2.9272
[ACTIVE] [RED] ClimbOut Z=1130.46
[ACTIVE] [RED] LeadPredict dist=400.38 dV=-6.79059 thr=0.894325 om=6.83604 lt=1.2174
[ACTIVE] [RED] LeadPredict dist=377.24 dV=1.38898 thr=0.804329 om=1.65808 lt=1.23265
[ACTIVE] [RED] LeadPredict dist=233.055 dV=-8.4368 thr=0.981292 om=2.01307 lt=0.885336
[ACTIVE] [RED] LeadPredict dist=303.631 dV=9.36281 thr=0.767646 om=1.57604 lt=1.31804
[ACTIVE] [RED] LeadPredict dist=510.82 dV=-8.59116 thr=1 om=1.20978 lt=2.79944
[ACTIVE] [RED] LeadPredict dist=101.851 dV=4.62996 thr=0.848 om=0.332969 lt=0.639276
[ACTIVE] [RED] LeadPredict dist=1090.76 dV=45.2707 thr=0.94 om=1.04188 lt=3
[ACTIVE] [RED] LeadPredict dist=1077.07 dV=16.8222 thr=1 om=0.318985 lt=3
[ACTIVE] [RED] LeadPredict dist=247.039 dV=-20.8348 thr=1 om=0.575872 lt=1.96969
[DUTY] team=1 ticks=600 v27¡æ∏ª¡∂¡ÿ=0% v21π≈©øπ√¯=84.5% v17±Àµµ¡∂∞«=97.3333% v17ΩΩ∑‘¿˚øÎ=21.3333% ªÛΩ¬≈¨∑•«¡=0% ∞≠«œ≈¨∑•«¡=12.3333% v23b¡∂∞«=9.33333% v23bΩ«¡¶¿˚øÎ=9.33333%
[ACTIVE] [RED] LeadPredict dist=743.166 dV=-8.59115 thr=1 om=0.519678 lt=3
[ACTIVE] [RED] LeadPredict dist=1149.17 dV=-7.09927 thr=1 om=0.614561 lt=3
[ACTIVE] [RED] LeadPredict dist=754.64 dV=-1.08032 thr=1 om=0.47359 lt=3
[ACTIVE] [RED] LeadPredict dist=586.951 dV=0.874557 thr=0.989505 om=0.402526 lt=3
[ACTIVE] [RED] LeadPredict dist=1320.72 dV=-9.72292 thr=1 om=0.93414 lt=3
[ACTIVE] [RED] LeadPredict dist=721.091 dV=-9.62003 thr=1 om=0.985253 lt=0
[ACTIVE] [RED] LeadPredict dist=1175.9 dV=7.2536 thr=1 om=1.44503 lt=3
[ACTIVE] [RED] LeadPredict dist=684.801 dV=-10.3403 thr=1 om=1.96898 lt=2.69574
[ACTIVE] [RED] LeadPredict dist=1169.71 dV=-21.7094 thr=0.837999 om=0.493575 lt=3
[ACTIVE] [RED] LeadPredict dist=1032.14 dV=-2.41788 thr=0.647566 om=0.485154 lt=3
[DUTY] team=1 ticks=1200 v27¡æ∏ª¡∂¡ÿ=2.25% v21π≈©øπ√¯=90.5833% v17±Àµµ¡∂∞«=98.4167% v17ΩΩ∑‘¿˚øÎ=51.0833% ªÛΩ¬≈¨∑•«¡=0% ∞≠«œ≈¨∑•«¡=16.3333% v23b¡∂∞«=9.91667% v23bΩ«¡¶¿˚øÎ=9.91667%
[ACTIVE] [RED] LeadPredict dist=1255.86 dV=-7.56226 thr=1 om=0.20502 lt=3
[ACTIVE] [RED] LeadPredict dist=1276.65 dV=-1.08032 thr=1 om=0.00628317 lt=3
[ACTIVE] [RED] LeadPredict dist=1082.93 dV=20.1146 thr=1 om=1.55238 lt=2.80116
[ACTIVE] [RED] LeadPredict dist=822.715 dV=3.70398 thr=0.955552 om=0.245939 lt=1.14541
[ACTIVE] [RED] LeadPredict dist=819.595 dV=1.59476 thr=0.980863 om=0.26913 lt=0.953261
[ACTIVE] [RED] LeadPredict dist=661.709 dV=23.6128 thr=0.716646 om=1.53692 lt=0.936038
[ACTIVE] [RED] LeadPredict dist=605.022 dV=1.08032 thr=0.987036 om=0.612275 lt=0.8988
[ACTIVE] [RED] LeadPredict dist=605.981 dV=7.97382 thr=0.908094 om=1.27968 lt=0.250684
[ACTIVE] [RED] LeadPredict dist=541.431 dV=-0.41156 thr=1 om=0.240164 lt=0
[ACTIVE] [RED] LeadPredict dist=541.847 dV=5.65884 thr=0.932094 om=0.836323 lt=1.31062
[DUTY] team=1 ticks=1800 v27¡æ∏ª¡∂¡ÿ=22.5556% v21π≈©øπ√¯=88.1667% v17±Àµµ¡∂∞«=94.8333% v17ΩΩ∑‘¿˚øÎ=63.2778% ªÛΩ¬≈¨∑•«¡=0% ∞≠«œ≈¨∑•«¡=11.1667% v23b¡∂∞«=8.83333% v23bΩ«¡¶¿˚øÎ=8.83333%
[ACTIVE] [RED] LeadPredict dist=451.437 dV=12.9639 thr=0.844434 om=0.328596 lt=0.663179
[ACTIVE] [RED] LeadPredict dist=416.192 dV=12.6552 thr=0.848137 om=0.108124 lt=0.762055
runner:local/env:0	num_steps=[11915] | total rewards=[852.6842] | termination= [target destroyed]
[seed 17] reward=   852.68 ownHP=1.0000 tgtHP=-0.0008 target destroyed
Remove Space Complete.

[rehearsal own_rep=6 tgt_rep=6 seeds=1]
SUMMARY dealt=1.0008 taken=0.0000 mean_reward=852.68
tacview log saved (last episode)
STAMP Rule_m500.xml ÎùºÏö¥Îìú3 seed17 2026_8_12_18_20_7


     JSBSim Flight Dynamics Model v1.0.0 May 27 2026 16:13:38
init ID:1 Lat37.92355643001773 Lon128.18188127777776 Alt(meter)7000.0785355893395 Speed(m/sec)300.0
init ID:1 Lat37.96855377446113 Lon128.18188127777776 Alt(meter)7002.8272734023885 Speed(m/sec)300.0
[match] seed 20 OBFM_RED round3 sep=914m alt=2493m spd=271m/s aoff=30deg
            [JSBSim-ML v2.0]

JSBSim startup beginning ...

total: 2
Behavior Tree Initialized Successfully
Behavior Tree Initialized Successfully
[ACTIVE] [RED] LeadPredict dist=692.159 dV=-4.93863 thr=1 om=1.50734 lt=2.43478
[ACTIVE] [RED] ClimbOut Z=1135.03
[ACTIVE] [RED] LeadPredict dist=363.952 dV=0.20578 thr=0.786182 om=1.51725 lt=1.17287
[ACTIVE] [RED] LeadPredict dist=339.671 dV=0.102875 thr=0.878766 om=2.10243 lt=1.27245
[ACTIVE] [RED] LeadPredict dist=532.882 dV=4.88718 thr=0.946935 om=1.27387 lt=2.26267
[ACTIVE] [RED] LeadPredict dist=547.67 dV=-3.34387 thr=1 om=0.462339 lt=2.67017
[ACTIVE] [RED] LeadPredict dist=965.335 dV=-2.26353 thr=1 om=1.08108 lt=3
[ACTIVE] [RED] LeadPredict dist=649.497 dV=0.72023 thr=0.991357 om=0.798887 lt=1.27269
[ACTIVE] [RED] LeadPredict dist=1010.6 dV=18.9828 thr=0.948502 om=1.32872 lt=3
[ACTIVE] [RED] LeadPredict dist=696.818 dV=-4.47562 thr=1 om=0.223459 lt=3
[ACTIVE] [RED] LeadPredict dist=905.971 dV=-3.70396 thr=1 om=1.28478 lt=3
[DUTY] team=1 ticks=600 v27¡æ∏ª¡∂¡ÿ=3.16667% v21π≈©øπ√¯=85.5% v17±Àµµ¡∂∞«=97.3333% v17ΩΩ∑‘¿˚øÎ=55.1667% ªÛΩ¬≈¨∑•«¡=0% ∞≠«œ≈¨∑•«¡=8.33333% v23b¡∂∞«=7% v23bΩ«¡¶¿˚øÎ=7%
[ACTIVE] [RED] LeadPredict dist=540.287 dV=2.98375 thr=0.964195 om=0.602811 lt=2.29963
[ACTIVE] [RED] LeadPredict dist=775.386 dV=-9.87724 thr=1 om=0.154891 lt=0.355007
[ACTIVE] [RED] LeadPredict dist=1109.71 dV=-28.8086 thr=1 om=0.398711 lt=3
[ACTIVE] [RED] LeadPredict dist=1046.67 dV=-0.668762 thr=0.854834 om=0.165144 lt=3
[ACTIVE] [RED] LeadPredict dist=1162.79 dV=-6.79062 thr=1 om=1.50538 lt=3
[ACTIVE] [RED] LeadPredict dist=1366.71 dV=16.4621 thr=0.646691 om=1.50213 lt=3
[ACTIVE] [RED] ClimbOut Z=832.367
[ACTIVE] [RED] LeadPredict dist=1157.81 dV=9.87726 thr=0.75273 om=0.122081 lt=3
[ACTIVE] [RED] LeadPredict dist=1046.14 dV=-15.3817 thr=1 om=1.71725 lt=3
[ACTIVE] [RED] ClimbOut Z=1049.13
[ACTIVE] [RED] LeadPredict dist=805.898 dV=21.2464 thr=0.88 om=6.37479 lt=2.27962
[ACTIVE] [RED] LeadPredict dist=684.114 dV=29.9919 thr=0.640098 om=2.23272 lt=2.0785
[DUTY] team=1 ticks=1200 v27¡æ∏ª¡∂¡ÿ=3.33333% v21π≈©øπ√¯=85.25% v17±Àµµ¡∂∞«=97% v17ΩΩ∑‘¿˚øÎ=75.9167% ªÛΩ¬≈¨∑•«¡=0% ∞≠«œ≈¨∑•«¡=15.75% v23b¡∂∞«=23.1667% v23bΩ«¡¶¿˚øÎ=20.5833%
[ACTIVE] [RED] LeadPredict dist=688.092 dV=2.26355 thr=0.972837 om=1.79545 lt=2.43857
[ACTIVE] [RED] LeadPredict dist=701.214 dV=11.8321 thr=0.858015 om=2.13992 lt=2.73433
[ACTIVE] [RED] LeadPredict dist=569.635 dV=-10.9576 thr=1 om=0.0807104 lt=2.76271
[ACTIVE] [RED] LeadPredict dist=853.513 dV=1.59477 thr=0.988913 om=1.29018 lt=1.32975
[ACTIVE] [RED] LeadPredict dist=673.651 dV=16.3078 thr=0.804307 om=0.503268 lt=2.87268
[ACTIVE] [RED] LeadPredict dist=685.126 dV=2.52077 thr=0.969751 om=0.045769 lt=0
[ACTIVE] [RED] LeadPredict dist=646.08 dV=7.45938 thr=0.910487 om=1.48961 lt=0
[ACTIVE] [RED] LeadPredict dist=610.032 dV=5.5045 thr=0.933946 om=0.945364 lt=2.81066
[ACTIVE] [RED] LeadPredict dist=552.846 dV=29.0144 thr=0.651827 om=1.47047 lt=1.80359
runner:local/env:0	num_steps=[11327] | total rewards=[712.5140] | termination= [target destroyed]
[seed 20] reward=   712.51 ownHP=1.0000 tgtHP=-0.0009 target destroyed
Remove Space Complete.

[rehearsal own_rep=6 tgt_rep=6 seeds=1]
SUMMARY dealt=1.0009 taken=0.0000 mean_reward=712.51
tacview log saved (last episode)
STAMP Rule_m500.xml ÎùºÏö¥Îìú3 seed20 2026_8_12_18_20_39


     JSBSim Flight Dynamics Model v1.0.0 May 27 2026 16:13:38
init ID:1 Lat37.92355643001773 Lon128.18188127777776 Alt(meter)7000.0785355893395 Speed(m/sec)300.0
init ID:1 Lat37.96855377446113 Lon128.18188127777776 Alt(meter)7002.8272734023885 Speed(m/sec)300.0
[match] seed 23 OBFM_RED round3 sep=914m alt=4100m spd=238m/s aoff=30deg
            [JSBSim-ML v2.0]

JSBSim startup beginning ...

total: 2
Behavior Tree Initialized Successfully
Behavior Tree Initialized Successfully
[ACTIVE] [RED] LeadPredict dist=749.785 dV=-11.8836 thr=1 om=1.2998 lt=3
[ACTIVE] [RED] LeadPredict dist=226.437 dV=-6.63629 thr=0.959635 om=1.74782 lt=0.772892
[ACTIVE] [RED] ClimbOut Z=1093.67
[ACTIVE] [RED] LeadPredict dist=366.646 dV=10.3402 thr=0.663745 om=1.59637 lt=1.08117
[ACTIVE] [RED] LeadPredict dist=495.392 dV=-11.935 thr=1 om=1.14869 lt=1.73509
[ACTIVE] [RED] LeadPredict dist=1141.91 dV=-26.7509 thr=1 om=1.76878 lt=3
[ACTIVE] [RED] LeadPredict dist=645.588 dV=9.62003 thr=0.88456 om=1.15369 lt=2.96464
[ACTIVE] [RED] LeadPredict dist=1441.88 dV=11.4206 thr=1 om=1.24411 lt=3
[ACTIVE] [RED] LeadPredict dist=530.957 dV=1.64621 thr=0.980245 om=1.05379 lt=3
[ACTIVE] [RED] LeadPredict dist=1305.22 dV=-44.0875 thr=1 om=1.17992 lt=3
[ACTIVE] [RED] LeadPredict dist=1489.38 dV=-58.4918 thr=1 om=0.305499 lt=3
[DUTY] team=1 ticks=600 v27¡æ∏ª¡∂¡ÿ=2.16667% v21π≈©øπ√¯=86% v17±Àµµ¡∂∞«=97.6667% v17ΩΩ∑‘¿˚øÎ=51% ªÛΩ¬≈¨∑•«¡=0% ∞≠«œ≈¨∑•«¡=16.6667% v23b¡∂∞«=12.5% v23bΩ«¡¶¿˚øÎ=12.5%
[ACTIVE] [RED] LeadPredict dist=1166.96 dV=5.29872 thr=1 om=1.17292 lt=3
[ACTIVE] [RED] LeadPredict dist=1100.66 dV=-3.7554 thr=1 om=0.0492812 lt=3
[ACTIVE] [RED] LeadPredict dist=1181.2 dV=-5.45306 thr=1 om=0.848948 lt=3
[ACTIVE] [RED] LeadPredict dist=993.672 dV=13.1696 thr=1 om=1.34984 lt=3
[ACTIVE] [RED] LeadPredict dist=994.707 dV=-9.25992 thr=1 om=0.0204769 lt=3
[ACTIVE] [RED] LeadPredict dist=1020.31 dV=-1.85196 thr=1 om=0.77042 lt=2.87775
[ACTIVE] [RED] LeadPredict dist=815.034 dV=17.1309 thr=0.808 om=1.49839 lt=1.60828
[ACTIVE] [RED] LeadPredict dist=766.352 dV=1.08032 thr=0.987036 om=0.0386722 lt=0
[ACTIVE] [RED] LeadPredict dist=707.746 dV=19.6516 thr=0.764181 om=0.445245 lt=0
[ACTIVE] [RED] LeadPredict dist=589.046 dV=13.787 thr=0.84078 om=0.157878 lt=1.18942
[DUTY] team=1 ticks=1200 v27¡æ∏ª¡∂¡ÿ=16.9167% v21π≈©øπ√¯=76.1667% v17±Àµµ¡∂∞«=84.25% v17ΩΩ∑‘¿˚øÎ=60.9167% ªÛΩ¬≈¨∑•«¡=0% ∞≠«œ≈¨∑•«¡=16.5833% v23b¡∂∞«=9.25% v23bΩ«¡¶¿˚øÎ=9.25%
[ACTIVE] [RED] LeadPredict dist=574.641 dV=2.31497 thr=0.977827 om=0.844895 lt=0.648508
runner:local/env:0	num_steps=[7880] | total rewards=[727.6300] | termination= [target destroyed]
[seed 23] reward=   727.63 ownHP=1.0000 tgtHP=-0.0049 target destroyed
Remove Space Complete.

[rehearsal own_rep=6 tgt_rep=6 seeds=1]
SUMMARY dealt=1.0049 taken=0.0000 mean_reward=727.63
tacview log saved (last episode)
STAMP Rule_m500.xml ÎùºÏö¥Îìú3 seed23 2026_8_12_18_21_2


     JSBSim Flight Dynamics Model v1.0.0 May 27 2026 16:13:38
init ID:1 Lat37.92355643001773 Lon128.18188127777776 Alt(meter)7000.0785355893395 Speed(m/sec)300.0
init ID:1 Lat37.96855377446113 Lon128.18188127777776 Alt(meter)7002.8272734023885 Speed(m/sec)300.0
[match] seed 26 OBFM_RED round3 sep=914m alt=8517m spd=292m/s aoff=30deg
            [JSBSim-ML v2.0]

JSBSim startup beginning ...

total: 2
Behavior Tree Initialized Successfully
Behavior Tree Initialized Successfully
[ACTIVE] [RED] LeadPredict dist=910.037 dV=-5.35016 thr=1 om=0.647973 lt=2.98866
[ACTIVE] [RED] LeadPredict dist=583.756 dV=-2.46933 thr=1 om=0.878384 lt=1.6871
[ACTIVE] [RED] LeadPredict dist=497.075 dV=-1.95486 thr=1 om=1.23422 lt=1.2749
[ACTIVE] [RED] LeadPredict dist=402.118 dV=-10.4946 thr=1 om=1.2752 lt=1.08988
[ACTIVE] [RED] LeadPredict dist=339.676 dV=0.0514526 thr=0.879383 om=0.797956 lt=1.01038
[ACTIVE] [RED] LeadPredict dist=349.821 dV=1.13177 thr=0.866419 om=1.04655 lt=1.00369
runner:local/env:0	num_steps=[2303] | total rewards=[-143.4144] | termination= [ownship destroyed]
[seed 26] reward=  -143.41 ownHP=-0.0069 tgtHP=1.0000 ownship destroyed
Remove Space Complete.

[rehearsal own_rep=6 tgt_rep=6 seeds=1]
SUMMARY dealt=0.0000 taken=1.0069 mean_reward=-143.41
tacview log saved (last episode)
STAMP Rule_m500.xml ÎùºÏö¥Îìú3 seed26 2026_8_12_18_21_13


     JSBSim Flight Dynamics Model v1.0.0 May 27 2026 16:13:38
init ID:1 Lat37.92355643001773 Lon128.18188127777776 Alt(meter)7000.0785355893395 Speed(m/sec)300.0
init ID:1 Lat37.96855377446113 Lon128.18188127777776 Alt(meter)7002.8272734023885 Speed(m/sec)300.0
[match] seed 29 OBFM_RED round3 sep=914m alt=4196m spd=210m/s aoff=30deg
            [JSBSim-ML v2.0]

JSBSim startup beginning ...

total: 2
Behavior Tree Initialized Successfully
Behavior Tree Initialized Successfully
[ACTIVE] [RED] LeadPredict dist=844.706 dV=-7.40793 thr=1 om=0.833101 lt=3
[ACTIVE] [RED] LeadPredict dist=189.885 dV=-10.1345 thr=1 om=1.61047 lt=0.74059
[ACTIVE] [RED] ClimbOut Z=1094.89
[ACTIVE] [RED] LeadPredict dist=156.181 dV=3.24097 thr=0.760104 om=5.76212 lt=0.466136
[ACTIVE] [RED] LeadPredict dist=267.975 dV=-2.2121 thr=0.831658 om=0.957804 lt=0.894414
[ACTIVE] [RED] LeadPredict dist=268.354 dV=0.925995 thr=0.868888 om=1.40675 lt=1.10988
[ACTIVE] [RED] LeadPredict dist=417.077 dV=8.28249 thr=0.90061 om=0.922072 lt=1.92529
[ACTIVE] [RED] LeadPredict dist=439.426 dV=4.52707 thr=0.945675 om=1.21864 lt=2.25616
[ACTIVE] [RED] LeadPredict dist=202.003 dV=20.0117 thr=0.644899 om=0.962571 lt=1.10985
[ACTIVE] [RED] LeadPredict dist=293.513 dV=-2.98375 thr=0.915805 om=0.857263 lt=1.7752
[ACTIVE] [RED] LeadPredict dist=312.048 dV=4.57852 thr=0.825058 om=0.918117 lt=1.87158
[DUTY] team=1 ticks=600 v27¡æ∏ª¡∂¡ÿ=0% v21π≈©øπ√¯=88.3333% v17±Àµµ¡∂∞«=98% v17ΩΩ∑‘¿˚øÎ=5.66667% ªÛΩ¬≈¨∑•«¡=0% ∞≠«œ≈¨∑•«¡=5% v23b¡∂∞«=6.16667% v23bΩ«¡¶¿˚øÎ=6.16667%
[ACTIVE] [RED] LeadPredict dist=168.469 dV=11.6263 thr=0.741126 om=1.0592 lt=0.926657
[ACTIVE] [RED] LeadPredict dist=147.705 dV=-4.93863 thr=0.862451 om=1.75894 lt=0.720318
[ACTIVE] [RED] LeadPredict dist=204.225 dV=6.4305 thr=0.802834 om=1.73073 lt=0.84232
[ACTIVE] [RED] LeadPredict dist=122.986 dV=-4.42419 thr=0.831357 om=0.536393 lt=0.460101
[ACTIVE] [RED] LeadPredict dist=282.935 dV=-7.51083 thr=0.818977 om=1.65092 lt=0.935032
[ACTIVE] [RED] LeadPredict dist=323.132 dV=-9.87726 thr=0.717748 om=1.31656 lt=0.989951
[ACTIVE] [RED] LeadPredict dist=79.0551 dV=-9.62003 thr=0.649315 om=0.927517 lt=0.230808
[ACTIVE] [RED] ClimbOut Z=1041.15
[ACTIVE] [RED] LeadPredict dist=443.041 dV=7.04785 thr=0.689325 om=1.52499 lt=1.33006
[ACTIVE] [RED] LeadPredict dist=154.724 dV=-19.7545 thr=0.965819 om=0.973986 lt=0.5425
[ACTIVE] [RED] LeadPredict dist=383.466 dV=3.44675 thr=0.848693 om=2.13388 lt=1.5259
[DUTY] team=1 ticks=1200 v27¡æ∏ª¡∂¡ÿ=0.0833333% v21π≈©øπ√¯=88.3333% v17±Àµµ¡∂∞«=98.8333% v17ΩΩ∑‘¿˚øÎ=6.25% ªÛΩ¬≈¨∑•«¡=0% ∞≠«œ≈¨∑•«¡=10.5% v23b¡∂∞«=21.3333% v23bΩ«¡¶¿˚øÎ=20.9167%
[ACTIVE] [RED] LeadPredict dist=419.677 dV=-13.1697 thr=1 om=0.0708931 lt=1.88841
[ACTIVE] [RED] LeadPredict dist=1181.73 dV=5.2473 thr=1 om=1.38324 lt=3
[ACTIVE] [RED] LeadPredict dist=422.198 dV=5.76173 thr=0.930859 om=0.282477 lt=1.31479
[ACTIVE] [RED] LeadPredict dist=1042.63 dV=23.1498 thr=1 om=1.21873 lt=3
[ACTIVE] [RED] LeadPredict dist=229.445 dV=-13.8384 thr=1 om=1.91674 lt=1.04894
[ACTIVE] [RED] LeadPredict dist=1017.39 dV=-18.1083 thr=1 om=1.49067 lt=3
[ACTIVE] [RED] LeadPredict dist=727.255 dV=20.7319 thr=0.751217 om=1.87843 lt=2.54901
[ACTIVE] [RED] LeadPredict dist=585.866 dV=-19.8059 thr=0.805859 om=0.948894 lt=1.9166
[ACTIVE] [RED] ClimbOut Z=1296.12
[ACTIVE] [RED] LeadPredict dist=728.218 dV=1.02887 thr=0.611272 om=3.10792 lt=2.07195
[ACTIVE] [RED] LeadPredict dist=927.114 dV=31.9467 thr=0.695405 om=2.16839 lt=2.80016
[DUTY] team=1 ticks=1800 v27¡æ∏ª¡∂¡ÿ=1.05556% v21π≈©øπ√¯=90.1667% v17±Àµµ¡∂∞«=98.3889% v17ΩΩ∑‘¿˚øÎ=28.7778% ªÛΩ¬≈¨∑•«¡=0% ∞≠«œ≈¨∑•«¡=17.6667% v23b¡∂∞«=23.1111% v23bΩ«¡¶¿˚øÎ=21.0556%
[ACTIVE] [RED] LeadPredict dist=660.732 dV=-16.7193 thr=1 om=1.27409 lt=2.39845
runner:local/env:0	num_steps=[11999] | total rewards=[-55.9686] | termination= [max time out]
[seed 29] reward=   -55.97 ownHP=1.0000 tgtHP=0.9788 max time out
Remove Space Complete.

[rehearsal own_rep=6 tgt_rep=6 seeds=1]
SUMMARY dealt=0.0212 taken=0.0000 mean_reward=-55.97
tacview log saved (last episode)
STAMP Rule_m500.xml ÎùºÏö¥Îìú3 seed29 2026_8_12_18_21_46


     JSBSim Flight Dynamics Model v1.0.0 May 27 2026 16:13:38
init ID:1 Lat37.92355643001773 Lon128.18188127777776 Alt(meter)7000.0785355893395 Speed(m/sec)300.0
init ID:1 Lat37.96855377446113 Lon128.18188127777776 Alt(meter)7002.8272734023885 Speed(m/sec)300.0
[match] seed 32 OBFM_RED round3 sep=914m alt=4878m spd=267m/s aoff=30deg
            [JSBSim-ML v2.0]

JSBSim startup beginning ...

total: 2
Behavior Tree Initialized Successfully
Behavior Tree Initialized Successfully
[ACTIVE] [RED] LeadPredict dist=762.75 dV=-5.81317 thr=1 om=1.06651 lt=2.7071
[ACTIVE] [RED] LeadPredict dist=354.413 dV=-1.69766 thr=0.900372 om=1.27832 lt=1.07427
[ACTIVE] [RED] LeadPredict dist=269.358 dV=-0.720215 thr=0.888643 om=1.47952 lt=0.762037
[ACTIVE] [RED] LeadPredict dist=186.864 dV=-12.1922 thr=0.836249 om=0.781948 lt=0.62595
[ACTIVE] [RED] LeadPredict dist=267.744 dV=10.6489 thr=0.752213 om=1.88332 lt=0.985902
[ACTIVE] [RED] LeadPredict dist=106.397 dV=3.34386 thr=0.805455 om=0.366972 lt=0.446312
[ACTIVE] [RED] LeadPredict dist=114.253 dV=-11.7807 thr=0.968 om=1.84178 lt=0.516855
[ACTIVE] [RED] LeadPredict dist=95.0082 dV=-3.29242 thr=0.791383 om=1.03266 lt=0.433935
[ACTIVE] [RED] LeadPredict dist=78.5065 dV=-12.5523 thr=0.928 om=1.89773 lt=0.354567
[ACTIVE] [RED] LeadPredict dist=202.991 dV=7.66516 thr=0.788018 om=2.28736 lt=0.839369
[DUTY] team=1 ticks=600 v27¡æ∏ª¡∂¡ÿ=0% v21π≈©øπ√¯=86.1667% v17±Àµµ¡∂∞«=97.8333% v17ΩΩ∑‘¿˚øÎ=0% ªÛΩ¬≈¨∑•«¡=0% ∞≠«œ≈¨∑•«¡=0.833333% v23b¡∂∞«=6.5% v23bΩ«¡¶¿˚øÎ=6.5%
[ACTIVE] [RED] LeadPredict dist=223.787 dV=-0.720215 thr=0.888643 om=1.50434 lt=0.897486
[ACTIVE] [RED] LeadPredict dist=509.608 dV=15.9991 thr=0.808011 om=1.69126 lt=1.87544
[ACTIVE] [RED] LeadPredict dist=318.557 dV=-4.11551 thr=0.929386 om=1.27662 lt=1.11272
[ACTIVE] [RED] LeadPredict dist=109.211 dV=-3.03519 thr=0.737347 om=0.174227 lt=0.347221
[ACTIVE] [RED] LeadPredict dist=216.484 dV=6.99637 thr=0.648003 om=1.72178 lt=0.631476
[ACTIVE] [RED] ClimbOut Z=1327.08
[ACTIVE] [RED] LeadPredict dist=329.526 dV=6.68771 thr=0.656311 om=1.4573 lt=0.966726
[ACTIVE] [RED] LeadPredict dist=257.377 dV=-18.0054 thr=1 om=0.0568906 lt=0.901127
[ACTIVE] [RED] LeadPredict dist=676.976 dV=-5.09297 thr=1 om=0.112011 lt=2.65956
[ACTIVE] [RED] LeadPredict dist=1232.68 dV=32.9756 thr=1 om=1.63174 lt=3
[ACTIVE] [RED] LeadPredict dist=393.158 dV=-9.05414 thr=0.98865 om=0.0999256 lt=1.87086
[DUTY] team=1 ticks=1200 v27¡æ∏ª¡∂¡ÿ=1% v21π≈©øπ√¯=86.6667% v17±Àµµ¡∂∞«=98.25% v17ΩΩ∑‘¿˚øÎ=12.9167% ªÛΩ¬≈¨∑•«¡=0% ∞≠«œ≈¨∑•«¡=12.9167% v23b¡∂∞«=19.5% v23bΩ«¡¶¿˚øÎ=15.9167%
[ACTIVE] [RED] LeadPredict dist=1364.14 dV=-21.2464 thr=1 om=1.13868 lt=3
[ACTIVE] [RED] LeadPredict dist=750.754 dV=26.4937 thr=0.848 om=0.918855 lt=3
[ACTIVE] [RED] LeadPredict dist=1104.44 dV=26.4422 thr=1 om=1.03021 lt=3
[ACTIVE] [RED] LeadPredict dist=949.8 dV=-2.10919 thr=1 om=0.286789 lt=3
[ACTIVE] [RED] LeadPredict dist=613.612 dV=-5.2473 thr=1 om=0.521914 lt=3
[ACTIVE] [RED] LeadPredict dist=1190.2 dV=-31.9982 thr=1 om=0.266285 lt=3
[ACTIVE] [RED] LeadPredict dist=1125.14 dV=-0.154327 thr=1 om=0.907364 lt=3
[ACTIVE] [RED] LeadPredict dist=1031.4 dV=27.3168 thr=1 om=0.801694 lt=3
[ACTIVE] [RED] LeadPredict dist=1234.4 dV=-3.85829 thr=1 om=0.307581 lt=3
[ACTIVE] [RED] LeadPredict dist=1185.34 dV=24.1272 thr=1 om=1.2006 lt=3
[DUTY] team=1 ticks=1800 v27¡æ∏ª¡∂¡ÿ=1.27778% v21π≈©øπ√¯=86.5% v17±Àµµ¡∂∞«=98.7222% v17ΩΩ∑‘¿˚øÎ=40.3333% ªÛΩ¬≈¨∑•«¡=0% ∞≠«œ≈¨∑•«¡=8.66667% v23b¡∂∞«=13% v23bΩ«¡¶¿˚øÎ=10.6111%
[ACTIVE] [RED] LeadPredict dist=822.715 dV=36.9368 thr=0.864 om=0.702401 lt=2.70788
[ACTIVE] [RED] LeadPredict dist=822.401 dV=-2.31499 thr=1 om=0.0204993 lt=0
runner:local/env:0	num_steps=[11999] | total rewards=[234.9870] | termination= [max time out]
[seed 32] reward=   234.99 ownHP=1.0000 tgtHP=0.7921 max time out
Remove Space Complete.

[rehearsal own_rep=6 tgt_rep=6 seeds=1]
SUMMARY dealt=0.2079 taken=0.0000 mean_reward=234.99
tacview log saved (last episode)
STAMP Rule_m500.xml ÎùºÏö¥Îìú3 seed32 2026_8_12_18_22_17


     JSBSim Flight Dynamics Model v1.0.0 May 27 2026 16:13:38
init ID:1 Lat37.92355643001773 Lon128.18188127777776 Alt(meter)7000.0785355893395 Speed(m/sec)300.0
init ID:1 Lat37.96855377446113 Lon128.18188127777776 Alt(meter)7002.8272734023885 Speed(m/sec)300.0
[match] seed 35 OBFM_RED round3 sep=914m alt=5611m spd=238m/s aoff=30deg
            [JSBSim-ML v2.0]

JSBSim startup beginning ...

total: 2
Behavior Tree Initialized Successfully
Behavior Tree Initialized Successfully
[ACTIVE] [RED] LeadPredict dist=776.902 dV=-16.8222 thr=1 om=1.00997 lt=3
[ACTIVE] [RED] LeadPredict dist=266.508 dV=-9.77435 thr=0.997292 om=1.44264 lt=0.922463
[ACTIVE] [RED] LeadPredict dist=155.79 dV=-8.89981 thr=0.986798 om=1.55246 lt=0.451452
[ACTIVE] [RED] ClimbOut Z=1262.21
[ACTIVE] [RED] LeadPredict dist=660.068 dV=7.56226 thr=0.70616 om=0.202813 lt=2.00544
[ACTIVE] [RED] LeadPredict dist=805.059 dV=-3.03519 thr=1 om=1.77403 lt=2.90446
[ACTIVE] [RED] LeadPredict dist=262.908 dV=2.10919 thr=0.931653 om=1.33334 lt=1.11658
[ACTIVE] [RED] LeadPredict dist=1152.54 dV=25.7734 thr=1 om=1.4481 lt=3
[ACTIVE] [RED] LeadPredict dist=415.541 dV=-25.0532 thr=1 om=1.60939 lt=2.30655
[ACTIVE] [RED] LeadPredict dist=1623.09 dV=-34.2617 thr=1 om=0.991918 lt=3
[ACTIVE] [RED] LeadPredict dist=1281.54 dV=-7.97382 thr=1 om=1.74175 lt=3
[DUTY] team=1 ticks=600 v27¡æ∏ª¡∂¡ÿ=2% v21π≈©øπ√¯=75.8333% v17±Àµµ¡∂∞«=97.8333% v17ΩΩ∑‘¿˚øÎ=40% ªÛΩ¬≈¨∑•«¡=0% ∞≠«œ≈¨∑•«¡=6.33333% v23b¡∂∞«=12.1667% v23bΩ«¡¶¿˚øÎ=12.1667%
[ACTIVE] [RED] LeadPredict dist=802.929 dV=43.4187 thr=0.784 om=0.507804 lt=3
[ACTIVE] [RED] LeadPredict dist=1237.79 dV=23.407 thr=1 om=0.520586 lt=3
[ACTIVE] [RED] LeadPredict dist=1425.19 dV=3.70397 thr=1 om=0.508995 lt=3
[ACTIVE] [RED] LeadPredict dist=1185.73 dV=-5.45306 thr=1 om=1.14322 lt=3
[ACTIVE] [RED] LeadPredict dist=943.245 dV=-0.205765 thr=1 om=0.548727 lt=3
[ACTIVE] [RED] LeadPredict dist=1302.63 dV=-20.9892 thr=1 om=0.872715 lt=3
[ACTIVE] [RED] LeadPredict dist=1413.24 dV=-19.5487 thr=1 om=1.19807 lt=3
[ACTIVE] [RED] LeadPredict dist=985.089 dV=32.2554 thr=1 om=0.971609 lt=3
[ACTIVE] [RED] LeadPredict dist=1016.42 dV=32.4097 thr=1 om=0.0602401 lt=3
[ACTIVE] [RED] LeadPredict dist=996.968 dV=11.8836 thr=1 om=0.909218 lt=3
[DUTY] team=1 ticks=1200 v27¡æ∏ª¡∂¡ÿ=1% v21π≈©øπ√¯=85.9167% v17±Àµµ¡∂∞«=98.6667% v17ΩΩ∑‘¿˚øÎ=69.75% ªÛΩ¬≈¨∑•«¡=0% ∞≠«œ≈¨∑•«¡=3.16667% v23b¡∂∞«=6.08333% v23bΩ«¡¶¿˚øÎ=6.08333%
[ACTIVE] [RED] LeadPredict dist=839.228 dV=25.9278 thr=0.719999 om=0.808751 lt=3
[ACTIVE] [RED] LeadPredict dist=866.773 dV=6.68773 thr=0.919747 om=0.543206 lt=3
[ACTIVE] [RED] LeadPredict dist=988.399 dV=-8.23103 thr=1 om=1.8623 lt=3
[ACTIVE] [RED] LeadPredict dist=928.808 dV=-1.38899 thr=1 om=1.03906 lt=3
[ACTIVE] [RED] LeadPredict dist=891.502 dV=-2.93231 thr=1 om=0.110472 lt=3
[ACTIVE] [RED] LeadPredict dist=1016.3 dV=-5.45306 thr=1 om=1.10411 lt=3
[ACTIVE] [RED] LeadPredict dist=1237.32 dV=-13.6327 thr=0.719497 om=0.168242 lt=3
[ACTIVE] [RED] LeadPredict dist=1254.47 dV=-4.21841 thr=0.8 om=1.38762 lt=3
[ACTIVE] [RED] LeadPredict dist=1211.74 dV=-18.6227 thr=0.92 om=0.0171904 lt=3
[ACTIVE] [RED] LeadPredict dist=1116.1 dV=12.1922 thr=0.84 om=0.247742 lt=2.95739
[DUTY] team=1 ticks=1800 v27¡æ∏ª¡∂¡ÿ=3.27778% v21π≈©øπ√¯=84.8333% v17±Àµµ¡∂∞«=95.3889% v17ΩΩ∑‘¿˚øÎ=76.1111% ªÛΩ¬≈¨∑•«¡=0% ∞≠«œ≈¨∑•«¡=17.3889% v23b¡∂∞«=12.1111% v23bΩ«¡¶¿˚øÎ=12.1111%
[ACTIVE] [RED] LeadPredict dist=904.628 dV=24.6417 thr=0.984 om=1.49119 lt=1.2086
[ACTIVE] [RED] LeadPredict dist=781.294 dV=4.99005 thr=0.940119 om=0.0797424 lt=0
runner:local/env:0	num_steps=[11999] | total rewards=[674.3152] | termination= [max time out]
[seed 35] reward=   674.32 ownHP=1.0000 tgtHP=0.3601 max time out
Remove Space Complete.

[rehearsal own_rep=6 tgt_rep=6 seeds=1]
SUMMARY dealt=0.6399 taken=0.0000 mean_reward=674.32
tacview log saved (last episode)
STAMP Rule_m500.xml ÎùºÏö¥Îìú3 seed35 2026_8_12_18_23_10


     JSBSim Flight Dynamics Model v1.0.0 May 27 2026 16:13:38
init ID:1 Lat37.92355643001773 Lon128.18188127777776 Alt(meter)7000.0785355893395 Speed(m/sec)300.0
init ID:1 Lat37.96855377446113 Lon128.18188127777776 Alt(meter)7002.8272734023885 Speed(m/sec)300.0
[match] seed 38 OBFM_RED round3 sep=914m alt=5404m spd=289m/s aoff=30deg
            [JSBSim-ML v2.0]

JSBSim startup beginning ...

total: 2
Behavior Tree Initialized Successfully
Behavior Tree Initialized Successfully
[ACTIVE] [RED] LeadPredict dist=802.545 dV=-3.7554 thr=1 om=0.91405 lt=2.66399
[ACTIVE] [RED] LeadPredict dist=437.409 dV=-0.771637 thr=1 om=1.27406 lt=1.255
[ACTIVE] [RED] LeadPredict dist=358.556 dV=-0.82309 thr=0.889877 om=1.50613 lt=0.958844
[ACTIVE] [RED] LeadPredict dist=156.993 dV=-9.62003 thr=0.99544 om=0.499196 lt=0.496619
[ACTIVE] [RED] LeadPredict dist=192.798 dV=8.74548 thr=0.775054 om=1.59592 lt=0.66343
[ACTIVE] [RED] LeadPredict dist=127.24 dV=6.89351 thr=0.796422 om=2.26067 lt=0.494181
[ACTIVE] [RED] LeadPredict dist=185.26 dV=-3.54964 thr=0.924524 om=1.29413 lt=0.826534
[ACTIVE] [RED] LeadPredict dist=292.787 dV=-0.257217 thr=0.883087 om=0.482354 lt=1.34963
[ACTIVE] [RED] LeadPredict dist=219.934 dV=2.77797 thr=0.846664 om=0.633006 lt=1.11479
[ACTIVE] [RED] LeadPredict dist=361.467 dV=10.9061 thr=0.749126 om=1.20253 lt=1.81843
[DUTY] team=1 ticks=600 v27¡æ∏ª¡∂¡ÿ=0% v21π≈©øπ√¯=81.1667% v17±Àµµ¡∂∞«=98% v17ΩΩ∑‘¿˚øÎ=0% ªÛΩ¬≈¨∑•«¡=0% ∞≠«œ≈¨∑•«¡=0% v23b¡∂∞«=10.8333% v23bΩ«¡¶¿˚øÎ=8.66667%
[ACTIVE] [RED] LeadPredict dist=253.406 dV=-13.0153 thr=1 om=0.939021 lt=1.35586
[ACTIVE] [RED] LeadPredict dist=215.188 dV=18.6742 thr=0.678097 om=0.202891 lt=1.09933
[ACTIVE] [RED] LeadPredict dist=640.316 dV=9.87724 thr=0.881473 om=0.453704 lt=3
[ACTIVE] [RED] LeadPredict dist=241.695 dV=-24.0758 thr=1 om=0.900187 lt=1.34082
[ACTIVE] [RED] LeadPredict dist=61.0487 dV=8.38538 thr=0.754418 om=0.879523 lt=0.320124
[ACTIVE] [RED] LeadPredict dist=438.909 dV=4.16696 thr=0.949996 om=0.621285 lt=2.06032
[ACTIVE] [RED] LeadPredict dist=377.931 dV=-4.32129 thr=0.931855 om=1.08951 lt=1.68073
[ACTIVE] [RED] LeadPredict dist=338.341 dV=22.944 thr=0.604672 om=1.55887 lt=1.30287
[ACTIVE] [RED] LeadPredict dist=247.234 dV=-3.18951 thr=0.918274 om=1.12907 lt=0.937367
[ACTIVE] [RED] LeadPredict dist=142.287 dV=4.62994 thr=0.805946 om=0.298394 lt=0.485664
[DUTY] team=1 ticks=1200 v27¡æ∏ª¡∂¡ÿ=0% v21π≈©øπ√¯=89.75% v17±Àµµ¡∂∞«=98.9167% v17ΩΩ∑‘¿˚øÎ=2.58333% ªÛΩ¬≈¨∑•«¡=0% ∞≠«œ≈¨∑•«¡=11.75% v23b¡∂∞«=6.41667% v23bΩ«¡¶¿˚øÎ=4.33333%
[ACTIVE] [RED] LeadPredict dist=84.0451 dV=-0.82312 thr=0.709877 om=1.31078 lt=0.26127
[ACTIVE] [RED] LeadPredict dist=220.854 dV=-4.21841 thr=0.637509 om=1.35936 lt=0.639614
[ACTIVE] [RED] LeadPredict dist=163.71 dV=-6.68771 thr=0.556176 om=1.42059 lt=0.449224
[ACTIVE] [RED] ClimbOut Z=1707.13
[ACTIVE] [RED] LeadPredict dist=331.688 dV=-2.36642 thr=0.698508 om=1.64854 lt=1.00226
[ACTIVE] [RED] LeadPredict dist=573.787 dV=-10.7003 thr=1 om=1.53302 lt=2.01547
[ACTIVE] [RED] LeadPredict dist=639.896 dV=17.7996 thr=0.786405 om=1.69077 lt=2.31762
[ACTIVE] [RED] LeadPredict dist=857.29 dV=-8.48827 thr=1 om=1.58558 lt=3
[ACTIVE] [RED] LeadPredict dist=612.836 dV=54.0677 thr=0.679999 om=1.66575 lt=2.33582
[ACTIVE] [RED] LeadPredict dist=444.516 dV=1.90343 thr=0.977159 om=0.323139 lt=1.91974
[ACTIVE] [RED] LeadPredict dist=1016.7 dV=-16.7193 thr=1 om=1.31364 lt=3
[DUTY] team=1 ticks=1800 v27¡æ∏ª¡∂¡ÿ=0.722222% v21π≈©øπ√¯=83.7222% v17±Àµµ¡∂∞«=99.0556% v17ΩΩ∑‘¿˚øÎ=13.8333% ªÛΩ¬≈¨∑•«¡=0% ∞≠«œ≈¨∑•«¡=18.9444% v23b¡∂∞«=18.5% v23bΩ«¡¶¿˚øÎ=15.8889%
[ACTIVE] [RED] LeadPredict dist=390.398 dV=25.6191 thr=0.822513 om=1.34586 lt=1.77143
[ACTIVE] [RED] LeadPredict dist=811.581 dV=23.1498 thr=0.874511 om=0.722411 lt=3
runner:local/env:0	num_steps=[11999] | total rewards=[-74.7717] | termination= [max time out]
[seed 38] reward=   -74.77 ownHP=0.5053 tgtHP=0.9898 max time out
Remove Space Complete.

[rehearsal own_rep=6 tgt_rep=6 seeds=1]
SUMMARY dealt=0.0102 taken=0.4947 mean_reward=-74.77
tacview log saved (last episode)
STAMP Rule_m500.xml ÎùºÏö¥Îìú3 seed38 2026_8_12_18_24_16


     JSBSim Flight Dynamics Model v1.0.0 May 27 2026 16:13:38
init ID:1 Lat37.92355643001773 Lon128.18188127777776 Alt(meter)7000.0785355893395 Speed(m/sec)300.0
init ID:1 Lat37.96855377446113 Lon128.18188127777776 Alt(meter)7002.8272734023885 Speed(m/sec)300.0
[match] seed 41 OBFM_RED round3 sep=914m alt=5825m spd=239m/s aoff=30deg
            [JSBSim-ML v2.0]

JSBSim startup beginning ...

total: 2
Behavior Tree Initialized Successfully
Behavior Tree Initialized Successfully
[ACTIVE] [RED] LeadPredict dist=776.639 dV=-17.2852 thr=1 om=0.92444 lt=3
[ACTIVE] [RED] LeadPredict dist=285.595 dV=-9.05414 thr=0.98865 om=1.29369 lt=0.983275
[ACTIVE] [RED] LeadPredict dist=182.321 dV=-9.51715 thr=0.994206 om=1.39969 lt=0.528414
[ACTIVE] [RED] ClimbOut Z=1285.94
[ACTIVE] [RED] LeadPredict dist=678.966 dV=1.02887 thr=0.68386 om=0.142039 lt=2.03049
[ACTIVE] [RED] LeadPredict dist=878.595 dV=-9.41425 thr=1 om=1.63756 lt=3
[ACTIVE] [RED] LeadPredict dist=347.846 dV=3.54962 thr=0.968 om=1.044 lt=1.39043
[ACTIVE] [RED] LeadPredict dist=874.713 dV=30.352 thr=0.976 om=0.638965 lt=3
[ACTIVE] [RED] LeadPredict dist=838.719 dV=-15.2274 thr=1 om=1.29112 lt=3
[ACTIVE] [RED] LeadPredict dist=604.676 dV=11.2148 thr=0.904 om=1.90067 lt=2.73589
[ACTIVE] [RED] LeadPredict dist=906.291 dV=37.9142 thr=0.55 om=1.18377 lt=3
[DUTY] team=1 ticks=600 v27¡æ∏ª¡∂¡ÿ=3.16667% v21π≈©øπ√¯=77% v17±Àµµ¡∂∞«=97.6667% v17ΩΩ∑‘¿˚øÎ=45.1667% ªÛΩ¬≈¨∑•«¡=0% ∞≠«œ≈¨∑•«¡=15.8333% v23b¡∂∞«=13.8333% v23bΩ«¡¶¿˚øÎ=13.8333%
[ACTIVE] [RED] LeadPredict dist=355.49 dV=-9.82581 thr=0.99791 om=0.175823 lt=2.23559
[ACTIVE] [RED] LeadPredict dist=986.097 dV=-14.8673 thr=1 om=0.965861 lt=3
[ACTIVE] [RED] LeadPredict dist=749.951 dV=1.95486 thr=0.976542 om=0.389935 lt=2.84283
[ACTIVE] [RED] LeadPredict dist=765.583 dV=13.7355 thr=0.835174 om=1.11445 lt=3
[ACTIVE] [RED] LeadPredict dist=797.103 dV=-7.51082 thr=1 om=0.292916 lt=2.83789
[ACTIVE] [RED] LeadPredict dist=718.366 dV=-14.0442 thr=1 om=0.386749 lt=3
[ACTIVE] [RED] LeadPredict dist=1237.37 dV=-31.1751 thr=1 om=0.260513 lt=3
[ACTIVE] [RED] LeadPredict dist=948.271 dV=30.2491 thr=1 om=1.17647 lt=3
[ACTIVE] [RED] LeadPredict dist=879.968 dV=21.8637 thr=0.737636 om=0.015718 lt=3
[ACTIVE] [RED] LeadPredict dist=954.275 dV=-4.52708 thr=1 om=0.242063 lt=3
[DUTY] team=1 ticks=1200 v27¡æ∏ª¡∂¡ÿ=3.66667% v21π≈©øπ√¯=81.5833% v17±Àµµ¡∂∞«=96.0833% v17ΩΩ∑‘¿˚øÎ=67.9167% ªÛΩ¬≈¨∑•«¡=0% ∞≠«œ≈¨∑•«¡=8% v23b¡∂∞«=6.91667% v23bΩ«¡¶¿˚øÎ=6.91667%
[ACTIVE] [RED] LeadPredict dist=849.702 dV=6.4305 thr=0.922834 om=1.15046 lt=2.67375
[ACTIVE] [RED] LeadPredict dist=898.416 dV=-13.9413 thr=1 om=0.0519324 lt=2.80491
[ACTIVE] [RED] LeadPredict dist=1004.72 dV=-6.89349 thr=1 om=0.264651 lt=3
[ACTIVE] [RED] LeadPredict dist=993.441 dV=3.03519 thr=1 om=1.07156 lt=3
[ACTIVE] [RED] LeadPredict dist=1023.83 dV=1.95486 thr=0.702881 om=0.197217 lt=3
[ACTIVE] [RED] LeadPredict dist=1095.04 dV=-4.21838 thr=1 om=0.322224 lt=3
[ACTIVE] [RED] LeadPredict dist=918.765 dV=6.43048 thr=1 om=1.43881 lt=2.52004
[ACTIVE] [RED] LeadPredict dist=904.807 dV=-10.0316 thr=1 om=0.028439 lt=0
[ACTIVE] [RED] LeadPredict dist=866.556 dV=28.1913 thr=0.896 om=1.54997 lt=0.184853
[ACTIVE] [RED] LeadPredict dist=600.893 dV=16.4106 thr=0.803073 om=1.30039 lt=0.890024
[DUTY] team=1 ticks=1800 v27¡æ∏ª¡∂¡ÿ=11.1667% v21π≈©øπ√¯=81.5556% v17±Àµµ¡∂∞«=91.8889% v17ΩΩ∑‘¿˚øÎ=73.1111% ªÛΩ¬≈¨∑•«¡=0% ∞≠«œ≈¨∑•«¡=11.6111% v23b¡∂∞«=9.16667% v23bΩ«¡¶¿˚øÎ=9.16667%
[ACTIVE] [RED] LeadPredict dist=562.385 dV=-4.47565 thr=0.950111 om=0.312194 lt=0
[ACTIVE] [RED] LeadPredict dist=548.412 dV=17.7482 thr=0.797642 om=0.132694 lt=0.998194
runner:local/env:0	num_steps=[11999] | total rewards=[819.9690] | termination= [max time out]
[seed 41] reward=   819.97 ownHP=1.0000 tgtHP=0.3541 max time out
Remove Space Complete.

[rehearsal own_rep=6 tgt_rep=6 seeds=1]
SUMMARY dealt=0.6459 taken=0.0000 mean_reward=819.97
tacview log saved (last episode)
STAMP Rule_m500.xml ÎùºÏö¥Îìú3 seed41 2026_8_12_18_25_8


     JSBSim Flight Dynamics Model v1.0.0 May 27 2026 16:13:38
init ID:1 Lat37.92355643001773 Lon128.18188127777776 Alt(meter)7000.0785355893395 Speed(m/sec)300.0
init ID:1 Lat37.96855377446113 Lon128.18188127777776 Alt(meter)7002.8272734023885 Speed(m/sec)300.0
[match] seed 44 OBFM_RED round3 sep=914m alt=1894m spd=200m/s aoff=30deg
            [JSBSim-ML v2.0]

JSBSim startup beginning ...

total: 2
Behavior Tree Initialized Successfully
Behavior Tree Initialized Successfully
[ACTIVE] [RED] LeadPredict dist=841.868 dV=2.93231 thr=0.964812 om=1.66894 lt=3
[ACTIVE] [RED] LeadPredict dist=451.811 dV=6.94495 thr=0.916661 om=1.77099 lt=1.71367
[ACTIVE] [RED] LeadPredict dist=353.434 dV=-3.4982 thr=0.976 om=1.92506 lt=1.49451
[ACTIVE] [RED] LeadPredict dist=871.3 dV=-18.0054 thr=1 om=1.1662 lt=3
[ACTIVE] [RED] LeadPredict dist=825.061 dV=6.94493 thr=0.916661 om=2.10145 lt=3
[ACTIVE] [RED] LeadPredict dist=585.523 dV=0.977432 thr=0.988271 om=1.81801 lt=2.41395
[ACTIVE] [RED] ClimbOut Z=1249.62
[ACTIVE] [RED] LeadPredict dist=494.657 dV=29.8375 thr=0.896 om=5.04897 lt=0
[ACTIVE] [RED] LeadPredict dist=446.766 dV=7.81949 thr=0.906166 om=0.188988 lt=0.0870102
[ACTIVE] [RED] LeadPredict dist=493.197 dV=12.6038 thr=0.944 om=1.75424 lt=1.93365
[ACTIVE] [RED] LeadPredict dist=392.016 dV=26.0307 thr=0.645755 om=1.58555 lt=0.635396
[DUTY] team=1 ticks=600 v27¡æ∏ª¡∂¡ÿ=17% v21π≈©øπ√¯=91% v17±Àµµ¡∂∞«=97.3333% v17ΩΩ∑‘¿˚øÎ=75.3333% ªÛΩ¬≈¨∑•«¡=0% ∞≠«œ≈¨∑•«¡=16.8333% v23b¡∂∞«=5.5% v23bΩ«¡¶¿˚øÎ=0%
[ACTIVE] [RED] LeadPredict dist=311.715 dV=8.43683 thr=0.778784 om=0.0309567 lt=0.152638
[ACTIVE] [RED] LeadPredict dist=224.446 dV=17.3366 thr=0.671961 om=2.06 lt=0
[ACTIVE] [RED] LeadPredict dist=212.536 dV=13.9413 thr=0.63248 om=0.626135 lt=0.613422
[ACTIVE] [RED] LeadPredict dist=93.9337 dV=9.25992 thr=0.588881 om=0.0188953 lt=0.279623
[ACTIVE] [RED] LeadPredict dist=73.6362 dV=12.861 thr=0.55 om=1.81275 lt=0.223096
[ACTIVE] [RED] LeadPredict dist=142.153 dV=9.31137 thr=0.588264 om=1.97774 lt=0.471869
[ACTIVE] [RED] LeadPredict dist=320.422 dV=20.4233 thr=0.634921 om=1.12718 lt=1.10162
[ACTIVE] [RED] LeadPredict dist=235.377 dV=-6.58484 thr=0.959018 om=1.63766 lt=0.863282
[ACTIVE] [RED] LeadPredict dist=452.598 dV=15.9476 thr=0.808628 om=2.14388 lt=1.66092
[ACTIVE] [RED] LeadPredict dist=311.087 dV=-3.13809 thr=0.917657 om=1.62542 lt=1.26218
[DUTY] team=1 ticks=1200 v27¡æ∏ª¡∂¡ÿ=15.8333% v21π≈©øπ√¯=88.6667% v17±Àµµ¡∂∞«=97.4167% v17ΩΩ∑‘¿˚øÎ=47.5833% ªÛΩ¬≈¨∑•«¡=0% ∞≠«œ≈¨∑•«¡=18.9167% v23b¡∂∞«=26.6667% v23bΩ«¡¶¿˚øÎ=5.25%
[ACTIVE] [RED] LeadPredict dist=495.909 dV=18.3655 thr=0.779614 om=1.57032 lt=2.08023
[ACTIVE] [RED] LeadPredict dist=381.872 dV=-14.4558 thr=1 om=1.41043 lt=1.8893
[ACTIVE] [RED] LeadPredict dist=622.239 dV=32.5641 thr=0.609231 om=1.80133 lt=2.8992
[ACTIVE] [RED] LeadPredict dist=385.456 dV=-16.8222 thr=1 om=0.390956 lt=1.99806
[ACTIVE] [RED] LeadPredict dist=1032.32 dV=-13.0668 thr=1 om=1.20689 lt=3
[ACTIVE] [RED] LeadPredict dist=566.509 dV=4.16698 thr=0.949996 om=0.243114 lt=2.79213
[ACTIVE] [RED] LeadPredict dist=1091.2 dV=35.342 thr=0.891674 om=1.19251 lt=3
[ACTIVE] [RED] LeadPredict dist=399.112 dV=-6.58482 thr=0.992 om=0.404008 lt=0.43455
[ACTIVE] [RED] LeadPredict dist=1199.75 dV=-13.3754 thr=1 om=1.48312 lt=3
[ACTIVE] [RED] LeadPredict dist=680.973 dV=7.76807 thr=0.906783 om=1.43915 lt=2.48027
[DUTY] team=1 ticks=1800 v27¡æ∏ª¡∂¡ÿ=11.6667% v21π≈©øπ√¯=90.9444% v17±Àµµ¡∂∞«=97.9444% v17ΩΩ∑‘¿˚øÎ=49% ªÛΩ¬≈¨∑•«¡=0% ∞≠«œ≈¨∑•«¡=25.1667% v23b¡∂∞«=17.7778% v23bΩ«¡¶¿˚øÎ=3.5%
[ACTIVE] [RED] LeadPredict dist=512.531 dV=-6.68774 thr=1 om=1.0747 lt=0.863398
[ACTIVE] [RED] LeadPredict dist=1093.98 dV=-18.9314 thr=0.741142 om=0.967838 lt=3
runner:local/env:0	num_steps=[11999] | total rewards=[427.4937] | termination= [max time out]
[seed 44] reward=   427.49 ownHP=1.0000 tgtHP=0.7061 max time out
Remove Space Complete.

[rehearsal own_rep=6 tgt_rep=6 seeds=1]
SUMMARY dealt=0.2939 taken=0.0000 mean_reward=427.49
tacview log saved (last episode)
STAMP Rule_m500.xml ÎùºÏö¥Îìú3 seed44 2026_8_12_18_25_46

=== Rule_m500.xml ÏôÑÎ£å ===
