########## 실험경로(v40+env) vs AIP_jh2.dll ##########


     JSBSim Flight Dynamics Model v1.0.0 May 27 2026 16:13:38
            [JSBSim-ML v2.0]

JSBSim startup beginning ...

total: 2
Behavior Tree Initialized Successfully
Behavior Tree Initialized Successfully
init ID:1 Lat37.92355643001773 Lon128.18188127777776 Alt(meter)7000.0785355893395 Speed(m/sec)300.0
init ID:1 Lat37.96855377446113 Lon128.18188127777776 Alt(meter)7002.8272734023885 Speed(m/sec)300.0
runner:local/env:0	num_steps=[6798] | total rewards=[632.3302] | termination= [target destroyed]
[seed 0] reward=   632.33 ownHP=1.0000 tgtHP=-0.0036 target destroyed
total: 2
runner:local/env:0	num_steps=[11999] | total rewards=[282.9097] | termination= [max time out]
[seed 1] reward=   282.91 ownHP=1.0000 tgtHP=0.9615 max time out
total: 2
runner:local/env:0	num_steps=[11999] | total rewards=[1410.8975] | termination= [max time out]
[seed 2] reward=  1410.90 ownHP=1.0000 tgtHP=0.0613 max time out
total: 2
runner:local/env:0	num_steps=[11615] | total rewards=[1117.3660] | termination= [target altitude below min]
[seed 3] reward=  1117.37 ownHP=1.0000 tgtHP=0.2202 target altitude below min
total: 2
runner:local/env:0	num_steps=[5464] | total rewards=[599.1010] | termination= [target destroyed]
[seed 4] reward=   599.10 ownHP=1.0000 tgtHP=-0.0037 target destroyed
total: 2
runner:local/env:0	num_steps=[11999] | total rewards=[-127.6402] | termination= [max time out]
[seed 5] reward=  -127.64 ownHP=0.5457 tgtHP=1.0000 max time out
total: 2
runner:local/env:0	num_steps=[11999] | total rewards=[807.3357] | termination= [max time out]
[seed 6] reward=   807.34 ownHP=1.0000 tgtHP=0.1190 max time out
total: 2
runner:local/env:0	num_steps=[8335] | total rewards=[793.0101] | termination= [target altitude below min]
[seed 7] reward=   793.01 ownHP=1.0000 tgtHP=0.3555 target altitude below min
total: 2
runner:local/env:0	num_steps=[11999] | total rewards=[390.8460] | termination= [max time out]
[seed 8] reward=   390.85 ownHP=1.0000 tgtHP=0.3467 max time out
total: 2
runner:local/env:0	num_steps=[9910] | total rewards=[1223.4946] | termination= [target destroyed]
[seed 9] reward=  1223.49 ownHP=1.0000 tgtHP=-0.0016 target destroyed
total: 2
runner:local/env:0	num_steps=[11999] | total rewards=[819.3704] | termination= [max time out]
[seed 10] reward=   819.37 ownHP=1.0000 tgtHP=0.7865 max time out
total: 2
runner:local/env:0	num_steps=[9298] | total rewards=[601.5616] | termination= [target destroyed]
[seed 11] reward=   601.56 ownHP=1.0000 tgtHP=-0.0015 target destroyed
total: 2
runner:local/env:0	num_steps=[8874] | total rewards=[793.1535] | termination= [target destroyed]
[seed 12] reward=   793.15 ownHP=1.0000 tgtHP=-0.0014 target destroyed
total: 2
runner:local/env:0	num_steps=[11982] | total rewards=[1114.1359] | termination= [target destroyed]
[seed 13] reward=  1114.14 ownHP=1.0000 tgtHP=-0.0008 target destroyed
total: 2
runner:local/env:0	num_steps=[11999] | total rewards=[1075.2947] | termination= [max time out]
[seed 14] reward=  1075.29 ownHP=1.0000 tgtHP=0.4554 max time out
Remove Space Complete.

[rehearsal own_rep=6 tgt_rep=6 seeds=15]
SUMMARY dealt=10.7064 taken=0.4543 mean_reward=768.88
tacview log saved (last episode)

########## 제출경로(final, env없음) vs AIP_jh2.dll ##########


     JSBSim Flight Dynamics Model v1.0.0 May 27 2026 16:13:38
            [JSBSim-ML v2.0]

JSBSim startup beginning ...

total: 2
Behavior Tree Initialized Successfully
Behavior Tree Initialized Successfully
init ID:1 Lat37.92355643001773 Lon128.18188127777776 Alt(meter)7000.0785355893395 Speed(m/sec)300.0
init ID:1 Lat37.96855377446113 Lon128.18188127777776 Alt(meter)7002.8272734023885 Speed(m/sec)300.0
runner:local/env:0	num_steps=[6798] | total rewards=[632.3302] | termination= [target destroyed]
[seed 0] reward=   632.33 ownHP=1.0000 tgtHP=-0.0036 target destroyed
total: 2
runner:local/env:0	num_steps=[11999] | total rewards=[282.9097] | termination= [max time out]
[seed 1] reward=   282.91 ownHP=1.0000 tgtHP=0.9615 max time out
total: 2
runner:local/env:0	num_steps=[11999] | total rewards=[1410.8975] | termination= [max time out]
[seed 2] reward=  1410.90 ownHP=1.0000 tgtHP=0.0613 max time out
total: 2
runner:local/env:0	num_steps=[11615] | total rewards=[1117.3660] | termination= [target altitude below min]
[seed 3] reward=  1117.37 ownHP=1.0000 tgtHP=0.2202 target altitude below min
total: 2
runner:local/env:0	num_steps=[5464] | total rewards=[599.1010] | termination= [target destroyed]
[seed 4] reward=   599.10 ownHP=1.0000 tgtHP=-0.0037 target destroyed
total: 2
runner:local/env:0	num_steps=[11999] | total rewards=[-127.6402] | termination= [max time out]
[seed 5] reward=  -127.64 ownHP=0.5457 tgtHP=1.0000 max time out
total: 2
runner:local/env:0	num_steps=[11999] | total rewards=[807.3357] | termination= [max time out]
[seed 6] reward=   807.34 ownHP=1.0000 tgtHP=0.1190 max time out
total: 2
runner:local/env:0	num_steps=[8335] | total rewards=[793.0101] | termination= [target altitude below min]
[seed 7] reward=   793.01 ownHP=1.0000 tgtHP=0.3555 target altitude below min
total: 2
runner:local/env:0	num_steps=[11999] | total rewards=[390.8460] | termination= [max time out]
[seed 8] reward=   390.85 ownHP=1.0000 tgtHP=0.3467 max time out
total: 2
runner:local/env:0	num_steps=[9910] | total rewards=[1223.4946] | termination= [target destroyed]
[seed 9] reward=  1223.49 ownHP=1.0000 tgtHP=-0.0016 target destroyed
total: 2
runner:local/env:0	num_steps=[11999] | total rewards=[819.3704] | termination= [max time out]
[seed 10] reward=   819.37 ownHP=1.0000 tgtHP=0.7865 max time out
total: 2
runner:local/env:0	num_steps=[9298] | total rewards=[601.5616] | termination= [target destroyed]
[seed 11] reward=   601.56 ownHP=1.0000 tgtHP=-0.0015 target destroyed
total: 2
runner:local/env:0	num_steps=[8874] | total rewards=[793.1535] | termination= [target destroyed]
[seed 12] reward=   793.15 ownHP=1.0000 tgtHP=-0.0014 target destroyed
total: 2
runner:local/env:0	num_steps=[11982] | total rewards=[1114.1359] | termination= [target destroyed]
[seed 13] reward=  1114.14 ownHP=1.0000 tgtHP=-0.0008 target destroyed
total: 2
runner:local/env:0	num_steps=[11999] | total rewards=[1075.2947] | termination= [max time out]
[seed 14] reward=  1075.29 ownHP=1.0000 tgtHP=0.4554 max time out
Remove Space Complete.

[rehearsal own_rep=6 tgt_rep=6 seeds=15]
SUMMARY dealt=10.7064 taken=0.4543 mean_reward=768.88
tacview log saved (last episode)

########## 실험경로(v40+env) vs ACE ##########


     JSBSim Flight Dynamics Model v1.0.0 May 27 2026 16:13:38
            [JSBSim-ML v2.0]

JSBSim startup beginning ...

total: 2
Behavior Tree Initialized Successfully
init ID:1 Lat37.92355643001773 Lon128.18188127777776 Alt(meter)7000.0785355893395 Speed(m/sec)300.0
init ID:1 Lat37.96855377446113 Lon128.18188127777776 Alt(meter)7002.8272734023885 Speed(m/sec)300.0
runner:local/env:0	num_steps=[11999] | total rewards=[541.2734] | termination= [max time out]
[seed 0] reward=   541.27 ownHP=1.0000 tgtHP=0.9443 max time out
total: 2
runner:local/env:0	num_steps=[11999] | total rewards=[402.7100] | termination= [max time out]
[seed 1] reward=   402.71 ownHP=1.0000 tgtHP=0.9496 max time out
total: 2
runner:local/env:0	num_steps=[11999] | total rewards=[393.5113] | termination= [max time out]
[seed 2] reward=   393.51 ownHP=1.0000 tgtHP=0.9450 max time out
total: 2
runner:local/env:0	num_steps=[11999] | total rewards=[358.5909] | termination= [max time out]
[seed 3] reward=   358.59 ownHP=1.0000 tgtHP=0.8922 max time out
total: 2
runner:local/env:0	num_steps=[11999] | total rewards=[383.7458] | termination= [max time out]
[seed 4] reward=   383.75 ownHP=0.9791 tgtHP=0.9302 max time out
total: 2
runner:local/env:0	num_steps=[11999] | total rewards=[379.8308] | termination= [max time out]
[seed 5] reward=   379.83 ownHP=0.9912 tgtHP=0.9270 max time out
total: 2
runner:local/env:0	num_steps=[11999] | total rewards=[401.7069] | termination= [max time out]
[seed 6] reward=   401.71 ownHP=1.0000 tgtHP=0.9436 max time out
total: 2
runner:local/env:0	num_steps=[11999] | total rewards=[574.6987] | termination= [max time out]
[seed 7] reward=   574.70 ownHP=1.0000 tgtHP=0.9100 max time out
total: 2
runner:local/env:0	num_steps=[11999] | total rewards=[689.9129] | termination= [max time out]
[seed 8] reward=   689.91 ownHP=1.0000 tgtHP=0.8007 max time out
total: 2
runner:local/env:0	num_steps=[11999] | total rewards=[438.1305] | termination= [max time out]
[seed 9] reward=   438.13 ownHP=1.0000 tgtHP=0.9383 max time out
total: 2
runner:local/env:0	num_steps=[11999] | total rewards=[557.6501] | termination= [max time out]
[seed 10] reward=   557.65 ownHP=1.0000 tgtHP=0.8981 max time out
total: 2
runner:local/env:0	num_steps=[11999] | total rewards=[607.2897] | termination= [max time out]
[seed 11] reward=   607.29 ownHP=0.9874 tgtHP=0.9244 max time out
total: 2
runner:local/env:0	num_steps=[11999] | total rewards=[380.2571] | termination= [max time out]
[seed 12] reward=   380.26 ownHP=1.0000 tgtHP=0.9378 max time out
total: 2
runner:local/env:0	num_steps=[11999] | total rewards=[558.1540] | termination= [max time out]
[seed 13] reward=   558.15 ownHP=1.0000 tgtHP=0.7879 max time out
total: 2
runner:local/env:0	num_steps=[11999] | total rewards=[479.6921] | termination= [max time out]
[seed 14] reward=   479.69 ownHP=1.0000 tgtHP=0.8988 max time out
Remove Space Complete.

[rehearsal own_rep=6 tgt_rep=6 seeds=15]
SUMMARY dealt=1.3720 taken=0.0423 mean_reward=476.48
tacview log saved (last episode)

########## 제출경로(final, env없음) vs ACE ##########


     JSBSim Flight Dynamics Model v1.0.0 May 27 2026 16:13:38
            [JSBSim-ML v2.0]

JSBSim startup beginning ...

total: 2
Behavior Tree Initialized Successfully
init ID:1 Lat37.92355643001773 Lon128.18188127777776 Alt(meter)7000.0785355893395 Speed(m/sec)300.0
init ID:1 Lat37.96855377446113 Lon128.18188127777776 Alt(meter)7002.8272734023885 Speed(m/sec)300.0
runner:local/env:0	num_steps=[11999] | total rewards=[541.2734] | termination= [max time out]
[seed 0] reward=   541.27 ownHP=1.0000 tgtHP=0.9443 max time out
total: 2
runner:local/env:0	num_steps=[11999] | total rewards=[402.7100] | termination= [max time out]
[seed 1] reward=   402.71 ownHP=1.0000 tgtHP=0.9496 max time out
total: 2
runner:local/env:0	num_steps=[11999] | total rewards=[393.5113] | termination= [max time out]
[seed 2] reward=   393.51 ownHP=1.0000 tgtHP=0.9450 max time out
total: 2
runner:local/env:0	num_steps=[11999] | total rewards=[358.5909] | termination= [max time out]
[seed 3] reward=   358.59 ownHP=1.0000 tgtHP=0.8922 max time out
total: 2
runner:local/env:0	num_steps=[11999] | total rewards=[383.7458] | termination= [max time out]
[seed 4] reward=   383.75 ownHP=0.9791 tgtHP=0.9302 max time out
total: 2
runner:local/env:0	num_steps=[11999] | total rewards=[379.8308] | termination= [max time out]
[seed 5] reward=   379.83 ownHP=0.9912 tgtHP=0.9270 max time out
total: 2
runner:local/env:0	num_steps=[11999] | total rewards=[401.7069] | termination= [max time out]
[seed 6] reward=   401.71 ownHP=1.0000 tgtHP=0.9436 max time out
total: 2
runner:local/env:0	num_steps=[11999] | total rewards=[574.6987] | termination= [max time out]
[seed 7] reward=   574.70 ownHP=1.0000 tgtHP=0.9100 max time out
total: 2
runner:local/env:0	num_steps=[11999] | total rewards=[689.9129] | termination= [max time out]
[seed 8] reward=   689.91 ownHP=1.0000 tgtHP=0.8007 max time out
total: 2
runner:local/env:0	num_steps=[11999] | total rewards=[438.1305] | termination= [max time out]
[seed 9] reward=   438.13 ownHP=1.0000 tgtHP=0.9383 max time out
total: 2
runner:local/env:0	num_steps=[11999] | total rewards=[557.6501] | termination= [max time out]
[seed 10] reward=   557.65 ownHP=1.0000 tgtHP=0.8981 max time out
total: 2
runner:local/env:0	num_steps=[11999] | total rewards=[607.2897] | termination= [max time out]
[seed 11] reward=   607.29 ownHP=0.9874 tgtHP=0.9244 max time out
total: 2
runner:local/env:0	num_steps=[11999] | total rewards=[380.2571] | termination= [max time out]
[seed 12] reward=   380.26 ownHP=1.0000 tgtHP=0.9378 max time out
total: 2
runner:local/env:0	num_steps=[11999] | total rewards=[558.1540] | termination= [max time out]
[seed 13] reward=   558.15 ownHP=1.0000 tgtHP=0.7879 max time out
total: 2
runner:local/env:0	num_steps=[11999] | total rewards=[479.6921] | termination= [max time out]
[seed 14] reward=   479.69 ownHP=1.0000 tgtHP=0.8988 max time out
Remove Space Complete.

[rehearsal own_rep=6 tgt_rep=6 seeds=15]
SUMMARY dealt=1.3720 taken=0.0423 mean_reward=476.48
tacview log saved (last episode)

########## 실험경로(v40+env) vs AIP_kwon.dll ##########


     JSBSim Flight Dynamics Model v1.0.0 May 27 2026 16:13:38
            [JSBSim-ML v2.0]

JSBSim startup beginning ...

total: 2
Behavior Tree Initialized Successfully
Behavior Tree Initialized Successfully
init ID:1 Lat37.92355643001773 Lon128.18188127777776 Alt(meter)7000.0785355893395 Speed(m/sec)300.0
init ID:1 Lat37.96855377446113 Lon128.18188127777776 Alt(meter)7002.8272734023885 Speed(m/sec)300.0
runner:local/env:0	num_steps=[11703] | total rewards=[1220.4677] | termination= [target destroyed]
[seed 0] reward=  1220.47 ownHP=1.0000 tgtHP=-0.0008 target destroyed
total: 2
runner:local/env:0	num_steps=[11999] | total rewards=[683.4633] | termination= [max time out]
[seed 1] reward=   683.46 ownHP=1.0000 tgtHP=1.0000 max time out
total: 2
runner:local/env:0	num_steps=[11999] | total rewards=[-28.3940] | termination= [max time out]
[seed 2] reward=   -28.39 ownHP=1.0000 tgtHP=1.0000 max time out
total: 2
runner:local/env:0	num_steps=[11999] | total rewards=[29.6497] | termination= [max time out]
[seed 3] reward=    29.65 ownHP=1.0000 tgtHP=1.0000 max time out
total: 2
runner:local/env:0	num_steps=[11999] | total rewards=[1058.4154] | termination= [max time out]
[seed 4] reward=  1058.42 ownHP=1.0000 tgtHP=0.2617 max time out
total: 2
runner:local/env:0	num_steps=[9918] | total rewards=[1071.2834] | termination= [target destroyed]
[seed 5] reward=  1071.28 ownHP=1.0000 tgtHP=-0.0067 target destroyed
total: 2
runner:local/env:0	num_steps=[5334] | total rewards=[731.5825] | termination= [target destroyed]
[seed 6] reward=   731.58 ownHP=1.0000 tgtHP=-0.0006 target destroyed
total: 2
runner:local/env:0	num_steps=[11999] | total rewards=[1402.3861] | termination= [max time out]
[seed 7] reward=  1402.39 ownHP=1.0000 tgtHP=1.0000 max time out
total: 2
runner:local/env:0	num_steps=[7460] | total rewards=[694.1363] | termination= [target destroyed]
[seed 8] reward=   694.14 ownHP=1.0000 tgtHP=-0.0025 target destroyed
total: 2
runner:local/env:0	num_steps=[11999] | total rewards=[129.4212] | termination= [max time out]
[seed 9] reward=   129.42 ownHP=1.0000 tgtHP=1.0000 max time out
total: 2
runner:local/env:0	num_steps=[11999] | total rewards=[-98.9058] | termination= [max time out]
[seed 10] reward=   -98.91 ownHP=1.0000 tgtHP=1.0000 max time out
total: 2
runner:local/env:0	num_steps=[5886] | total rewards=[322.6806] | termination= [target destroyed]
[seed 11] reward=   322.68 ownHP=1.0000 tgtHP=-0.0032 target destroyed
total: 2
runner:local/env:0	num_steps=[11999] | total rewards=[1146.3481] | termination= [max time out]
[seed 12] reward=  1146.35 ownHP=1.0000 tgtHP=0.5607 max time out
total: 2
runner:local/env:0	num_steps=[11999] | total rewards=[928.1215] | termination= [max time out]
[seed 13] reward=   928.12 ownHP=1.0000 tgtHP=0.8291 max time out
total: 2
runner:local/env:0	num_steps=[3533] | total rewards=[343.2981] | termination= [target destroyed]
[seed 14] reward=   343.30 ownHP=1.0000 tgtHP=-0.0062 target destroyed
Remove Space Complete.

[rehearsal own_rep=6 tgt_rep=6 seeds=15]
SUMMARY dealt=7.3686 taken=0.0000 mean_reward=642.26
tacview log saved (last episode)

########## 제출경로(final, env없음) vs AIP_kwon.dll ##########


     JSBSim Flight Dynamics Model v1.0.0 May 27 2026 16:13:38
            [JSBSim-ML v2.0]

JSBSim startup beginning ...

total: 2
Behavior Tree Initialized Successfully
Behavior Tree Initialized Successfully
init ID:1 Lat37.92355643001773 Lon128.18188127777776 Alt(meter)7000.0785355893395 Speed(m/sec)300.0
init ID:1 Lat37.96855377446113 Lon128.18188127777776 Alt(meter)7002.8272734023885 Speed(m/sec)300.0
runner:local/env:0	num_steps=[11703] | total rewards=[1220.4677] | termination= [target destroyed]
[seed 0] reward=  1220.47 ownHP=1.0000 tgtHP=-0.0008 target destroyed
total: 2
runner:local/env:0	num_steps=[11999] | total rewards=[683.4633] | termination= [max time out]
[seed 1] reward=   683.46 ownHP=1.0000 tgtHP=1.0000 max time out
total: 2
runner:local/env:0	num_steps=[11999] | total rewards=[-28.3940] | termination= [max time out]
[seed 2] reward=   -28.39 ownHP=1.0000 tgtHP=1.0000 max time out
total: 2
runner:local/env:0	num_steps=[11999] | total rewards=[29.6497] | termination= [max time out]
[seed 3] reward=    29.65 ownHP=1.0000 tgtHP=1.0000 max time out
total: 2
runner:local/env:0	num_steps=[11999] | total rewards=[1058.4154] | termination= [max time out]
[seed 4] reward=  1058.42 ownHP=1.0000 tgtHP=0.2617 max time out
total: 2
runner:local/env:0	num_steps=[9918] | total rewards=[1071.2834] | termination= [target destroyed]
[seed 5] reward=  1071.28 ownHP=1.0000 tgtHP=-0.0067 target destroyed
total: 2
runner:local/env:0	num_steps=[5334] | total rewards=[731.5825] | termination= [target destroyed]
[seed 6] reward=   731.58 ownHP=1.0000 tgtHP=-0.0006 target destroyed
total: 2
runner:local/env:0	num_steps=[11999] | total rewards=[1402.3861] | termination= [max time out]
[seed 7] reward=  1402.39 ownHP=1.0000 tgtHP=1.0000 max time out
total: 2
runner:local/env:0	num_steps=[7460] | total rewards=[694.1363] | termination= [target destroyed]
[seed 8] reward=   694.14 ownHP=1.0000 tgtHP=-0.0025 target destroyed
total: 2
runner:local/env:0	num_steps=[11999] | total rewards=[129.4212] | termination= [max time out]
[seed 9] reward=   129.42 ownHP=1.0000 tgtHP=1.0000 max time out
total: 2
runner:local/env:0	num_steps=[11999] | total rewards=[-98.9058] | termination= [max time out]
[seed 10] reward=   -98.91 ownHP=1.0000 tgtHP=1.0000 max time out
total: 2
runner:local/env:0	num_steps=[5886] | total rewards=[322.6806] | termination= [target destroyed]
[seed 11] reward=   322.68 ownHP=1.0000 tgtHP=-0.0032 target destroyed
total: 2
runner:local/env:0	num_steps=[11999] | total rewards=[1146.3481] | termination= [max time out]
[seed 12] reward=  1146.35 ownHP=1.0000 tgtHP=0.5607 max time out
total: 2
runner:local/env:0	num_steps=[11999] | total rewards=[928.1215] | termination= [max time out]
[seed 13] reward=   928.12 ownHP=1.0000 tgtHP=0.8291 max time out
total: 2
runner:local/env:0	num_steps=[3533] | total rewards=[343.2981] | termination= [target destroyed]
[seed 14] reward=   343.30 ownHP=1.0000 tgtHP=-0.0062 target destroyed
Remove Space Complete.

[rehearsal own_rep=6 tgt_rep=6 seeds=15]
SUMMARY dealt=7.3686 taken=0.0000 mean_reward=642.26
tacview log saved (last episode)

=== v41 제출 검증 완료 ===
